chosen idx = 3
encapHwt = 26
t for new bts is -1
new bts ? 1
new ks ? 1
thick bts ?0
s2cFirst ? 0
toy ? 0
repeat times = 3
### partition is 0 7 15 
*** GTestFatboot: p=65537, r=1, bits=980, t=0, c=3, m=32768 mvec=[32768], gens=[-1 5], ords=[2 8192]
Computing key-independent tables...using HELIB_EXPLICIT_AUX=256

t = -1
bound on I = 12.275681
log2(aux) = 8.000000
log2(beta) = 29.663934
log2(qks) >= 39.664779, final log2(qks) = 39.664779
log2(R) >= 19.989458, final log2(R) = 20.129284
INFO: total bits = 1313.73, security level = 48.9695
deg of poly for non-power-of-p aux is 727
security=48.9695
# small primes = 6
# ctxt primes = 17
# bits in ctxt primes = 984
# special primes = 6
# bits in special primes = 329
scale=10
 done in 127.152 seconds
  e=0, e'=0, t=26
  m = 32768, p = 65537, phi(m) = 16384
  ord(p) = 1
  normBnd = 1
  polyNormBnd = 1
  factors = [2]
  generator -1 has order (== Z_m^*) of 2
  generator 5 has order (== Z_m^*) of 8192
r = 1
nslots = 16384
hwt = 120
ctxtPrimes = [6,7,8,9,10,11,12,13,14,15,16,17,18,19,20,21,22]
specialPrimes = [27,28,29,30,31,32]
number of bits = 1314

security level = 48.9695
Generating keys, Dim 0 has size 2, using KSS_FULL
Dim 1 has size 8192, using KSS_BSGS
computing key-dependent tables...Sparse boot key hwt = 26
 done in 11.6934 seconds
baby step indices = 0 1 2 3 4 5 6 7 8 9 10 11 12 13 14 15 16 17 18 19 20 21 22 23 24 25 26 27 28 29 30 31 32 33 34 35 36 37 38 39 40 41 42 43 44 45 46 47 48 49 50 51 52 53 54 55 56 57 58 59 60 61 62 63 64 65 66 67 68 69 70 71 72 73 74 75 76 77 78 79 80 81 82 83 84 85 86 87 88 89 90 91 92 93 94 95 96 97 98 99 100 101 102 103 104 105 106 107 108 109 110 111 112 113 114 115 116 117 118 119 120 121 122 123 124 125 126 127 
giant step indices = 0 63 
In MatMul1D, D = 8192, g = 128, native = 1, iterative = 0
MatMul1D, time: 3.633381, cap: 29.427458

baby step indices = 0 
giant step indices = 0 1 2 3 4 5 6 7 8 9 10 11 12 13 14 15 16 17 18 19 20 21 22 23 24 25 26 27 28 29 30 31 32 33 34 35 36 37 38 39 40 41 42 43 44 45 46 47 48 49 50 51 52 53 54 55 56 57 58 59 60 61 62 63 
In MatMul1D, D = 8192, g = 128, native = 1, iterative = 0
MatMul1D, time: 1.685808, cap: 28.849378

baby step indices = 0 
giant step indices = 0 1 2 3 4 5 6 7 8 9 10 11 12 13 14 15 16 17 18 19 20 21 22 23 24 25 26 27 28 29 30 31 32 33 34 35 36 37 38 39 40 41 42 43 44 45 46 47 48 49 50 51 52 53 54 55 56 57 58 59 60 61 62 63 
In MatMul1D, D = 8192, g = 128, native = 1, iterative = 0
MatMul1D, time: 4.288792, cap: 54.336047

baby step indices = 0 1 2 3 4 5 6 7 8 9 10 11 12 13 14 15 16 17 18 19 20 21 22 23 24 25 26 27 28 29 30 31 32 33 34 35 36 37 38 39 40 41 42 43 44 45 46 47 48 49 50 51 52 53 54 55 56 57 58 59 60 61 62 63 64 65 66 67 68 69 70 71 72 73 74 75 76 77 78 79 80 81 82 83 84 85 86 87 88 89 90 91 92 93 94 95 96 97 98 99 100 101 102 103 104 105 106 107 108 109 110 111 112 113 114 115 116 117 118 119 120 121 122 123 124 125 126 127 
giant step indices = 0 63 
In MatMul1D, D = 8192, g = 128, native = 1, iterative = 0
MatMul1D, time: 9.854751, cap: 28.417888

baby step indices = 0 
giant step indices = 0 1 2 3 4 5 6 7 8 9 10 11 12 13 14 15 16 17 18 19 20 21 22 23 24 25 26 27 28 29 30 31 32 33 34 35 36 37 38 39 40 41 42 43 44 45 46 47 48 49 50 51 52 53 54 55 56 57 58 59 60 61 62 63 
In MatMul1D, D = 8192, g = 128, native = 1, iterative = 0
MatMul1D, time: 4.160693, cap: 39.667409

baby step indices = 0 1 2 3 4 5 6 7 8 9 10 11 12 13 14 15 16 17 18 19 20 21 22 23 24 25 26 27 28 29 30 31 32 33 34 35 36 37 38 39 40 41 42 43 44 45 46 47 48 49 50 51 52 53 54 55 56 57 58 59 60 61 62 63 64 65 66 67 68 69 70 71 72 73 74 75 76 77 78 79 80 81 82 83 84 85 86 87 88 89 90 91 92 93 94 95 96 97 98 99 100 101 102 103 104 105 106 107 108 109 110 111 112 113 114 115 116 117 118 119 120 121 122 123 124 125 126 127 
giant step indices = 0 63 
In MatMul1D, D = 8192, g = 128, native = 1, iterative = 0
MatMul1D, time: 9.648760, cap: 28.417888

HELIB_AUX_ORDER4_EVAL enabled: deg(P)=727, terms(P)=183, deg(Q)=181, terms(Q)=182
time for linear1 = 5.319440, linear2 = 27.954177, extract = 6.327121, total = 39.811563
bits for linear1 = 58.276837, linear2 = 68.085297, extract = 333.132242, min cap = 10.000846, after cap = 541.872941, after prod = 943.090479
cap / time = 11.895922
baby step indices = 0 1 2 3 4 5 6 7 8 9 10 11 12 13 14 15 16 17 18 19 20 21 22 23 24 25 26 27 28 29 30 31 32 33 34 35 36 37 38 39 40 41 42 43 44 45 46 47 48 49 50 51 52 53 54 55 56 57 58 59 60 61 62 63 64 65 66 67 68 69 70 71 72 73 74 75 76 77 78 79 80 81 82 83 84 85 86 87 88 89 90 91 92 93 94 95 96 97 98 99 100 101 102 103 104 105 106 107 108 109 110 111 112 113 114 115 116 117 118 119 120 121 122 123 124 125 126 127 
giant step indices = 0 63 
In MatMul1D, D = 8192, g = 128, native = 1, iterative = 0
MatMul1D, time: 3.570421, cap: 29.412106

baby step indices = 0 
giant step indices = 0 1 2 3 4 5 6 7 8 9 10 11 12 13 14 15 16 17 18 19 20 21 22 23 24 25 26 27 28 29 30 31 32 33 34 35 36 37 38 39 40 41 42 43 44 45 46 47 48 49 50 51 52 53 54 55 56 57 58 59 60 61 62 63 
In MatMul1D, D = 8192, g = 128, native = 1, iterative = 0
MatMul1D, time: 1.671912, cap: 28.849378

WARNING: KS-noise-ratio = 1.01235 > 1
baby step indices = 0 
giant step indices = 0 1 2 3 4 5 6 7 8 9 10 11 12 13 14 15 16 17 18 19 20 21 22 23 24 25 26 27 28 29 30 31 32 33 34 35 36 37 38 39 40 41 42 43 44 45 46 47 48 49 50 51 52 53 54 55 56 57 58 59 60 61 62 63 
In MatMul1D, D = 8192, g = 128, native = 1, iterative = 0
MatMul1D, time: 4.201752, cap: 54.237361

baby step indices = 0 1 2 3 4 5 6 7 8 9 10 11 12 13 14 15 16 17 18 19 20 21 22 23 24 25 26 27 28 29 30 31 32 33 34 35 36 37 38 39 40 41 42 43 44 45 46 47 48 49 50 51 52 53 54 55 56 57 58 59 60 61 62 63 64 65 66 67 68 69 70 71 72 73 74 75 76 77 78 79 80 81 82 83 84 85 86 87 88 89 90 91 92 93 94 95 96 97 98 99 100 101 102 103 104 105 106 107 108 109 110 111 112 113 114 115 116 117 118 119 120 121 122 123 124 125 126 127 
giant step indices = 0 63 
In MatMul1D, D = 8192, g = 128, native = 1, iterative = 0
MatMul1D, time: 9.681116, cap: 28.417888

baby step indices = 0 
giant step indices = 0 1 2 3 4 5 6 7 8 9 10 11 12 13 14 15 16 17 18 19 20 21 22 23 24 25 26 27 28 29 30 31 32 33 34 35 36 37 38 39 40 41 42 43 44 45 46 47 48 49 50 51 52 53 54 55 56 57 58 59 60 61 62 63 
In MatMul1D, D = 8192, g = 128, native = 1, iterative = 0
MatMul1D, time: 4.206236, cap: 39.692793

baby step indices = 0 1 2 3 4 5 6 7 8 9 10 11 12 13 14 15 16 17 18 19 20 21 22 23 24 25 26 27 28 29 30 31 32 33 34 35 36 37 38 39 40 41 42 43 44 45 46 47 48 49 50 51 52 53 54 55 56 57 58 59 60 61 62 63 64 65 66 67 68 69 70 71 72 73 74 75 76 77 78 79 80 81 82 83 84 85 86 87 88 89 90 91 92 93 94 95 96 97 98 99 100 101 102 103 104 105 106 107 108 109 110 111 112 113 114 115 116 117 118 119 120 121 122 123 124 125 126 127 
giant step indices = 0 63 
In MatMul1D, D = 8192, g = 128, native = 1, iterative = 0
MatMul1D, time: 9.716906, cap: 28.417888

time for linear1 = 5.242564, linear2 = 27.807531, extract = 6.323702, total = 39.611681
bits for linear1 = 58.261484, linear2 = 68.110681, extract = 332.061655, min cap = 10.000846, after cap = 542.744153, after prod = 942.916489
cap / time = 11.978331
baby step indices = 0 1 2 3 4 5 6 7 8 9 10 11 12 13 14 15 16 17 18 19 20 21 22 23 24 25 26 27 28 29 30 31 32 33 34 35 36 37 38 39 40 41 42 43 44 45 46 47 48 49 50 51 52 53 54 55 56 57 58 59 60 61 62 63 64 65 66 67 68 69 70 71 72 73 74 75 76 77 78 79 80 81 82 83 84 85 86 87 88 89 90 91 92 93 94 95 96 97 98 99 100 101 102 103 104 105 106 107 108 109 110 111 112 113 114 115 116 117 118 119 120 121 122 123 124 125 126 127 
giant step indices = 0 63 
In MatMul1D, D = 8192, g = 128, native = 1, iterative = 0
MatMul1D, time: 3.564989, cap: 29.452851

baby step indices = 0 
giant step indices = 0 1 2 3 4 5 6 7 8 9 10 11 12 13 14 15 16 17 18 19 20 21 22 23 24 25 26 27 28 29 30 31 32 33 34 35 36 37 38 39 40 41 42 43 44 45 46 47 48 49 50 51 52 53 54 55 56 57 58 59 60 61 62 63 
In MatMul1D, D = 8192, g = 128, native = 1, iterative = 0
MatMul1D, time: 1.693957, cap: 28.849378

baby step indices = 0 
giant step indices = 0 1 2 3 4 5 6 7 8 9 10 11 12 13 14 15 16 17 18 19 20 21 22 23 24 25 26 27 28 29 30 31 32 33 34 35 36 37 38 39 40 41 42 43 44 45 46 47 48 49 50 51 52 53 54 55 56 57 58 59 60 61 62 63 
In MatMul1D, D = 8192, g = 128, native = 1, iterative = 0
MatMul1D, time: 4.221207, cap: 54.272018

baby step indices = 0 1 2 3 4 5 6 7 8 9 10 11 12 13 14 15 16 17 18 19 20 21 22 23 24 25 26 27 28 29 30 31 32 33 34 35 36 37 38 39 40 41 42 43 44 45 46 47 48 49 50 51 52 53 54 55 56 57 58 59 60 61 62 63 64 65 66 67 68 69 70 71 72 73 74 75 76 77 78 79 80 81 82 83 84 85 86 87 88 89 90 91 92 93 94 95 96 97 98 99 100 101 102 103 104 105 106 107 108 109 110 111 112 113 114 115 116 117 118 119 120 121 122 123 124 125 126 127 
giant step indices = 0 63 
In MatMul1D, D = 8192, g = 128, native = 1, iterative = 0
MatMul1D, time: 9.695837, cap: 28.417888

baby step indices = 0 
giant step indices = 0 1 2 3 4 5 6 7 8 9 10 11 12 13 14 15 16 17 18 19 20 21 22 23 24 25 26 27 28 29 30 31 32 33 34 35 36 37 38 39 40 41 42 43 44 45 46 47 48 49 50 51 52 53 54 55 56 57 58 59 60 61 62 63 
In MatMul1D, D = 8192, g = 128, native = 1, iterative = 0
MatMul1D, time: 4.142015, cap: 39.767022

baby step indices = 0 1 2 3 4 5 6 7 8 9 10 11 12 13 14 15 16 17 18 19 20 21 22 23 24 25 26 27 28 29 30 31 32 33 34 35 36 37 38 39 40 41 42 43 44 45 46 47 48 49 50 51 52 53 54 55 56 57 58 59 60 61 62 63 64 65 66 67 68 69 70 71 72 73 74 75 76 77 78 79 80 81 82 83 84 85 86 87 88 89 90 91 92 93 94 95 96 97 98 99 100 101 102 103 104 105 106 107 108 109 110 111 112 113 114 115 116 117 118 119 120 121 122 123 124 125 126 127 
giant step indices = 0 63 
In MatMul1D, D = 8192, g = 128, native = 1, iterative = 0
MatMul1D, time: 9.690467, cap: 28.417888

time for linear1 = 5.259174, linear2 = 27.751140, extract = 6.322812, total = 39.591247
bits for linear1 = 58.302229, linear2 = 68.184910, extract = 331.810323, min cap = 10.000846, after cap = 543.010343, after prod = 943.005577
cap / time = 11.990207

### summary over 3 test
time for linear1 = 5.273726, linear2 = 27.837616, extract = 6.324545, total = 39.671497
bits for linear1 = 58.280183, linear2 = 68.126963, extract = 332.334740, min cap = 10.000846, after cap = 542.542479, after prod = 943.004182
cap / time = 11.954715


### bts finished, everything ok ###

  AAA_bootKeySwitch: 42.4662 / 3 = 14.1554   [/home/user/experiments/worktrees/HElib_ntt/src/recryption.cpp:2536]
  AAA_coeffToSlot: 41.5671 / 3 = 13.8557   [/home/user/experiments/worktrees/HElib_ntt/src/recryption.cpp:2910]
  AAA_embeddingLargest: 0.059276 / 426 = 0.000139146   [/home/user/experiments/worktrees/HElib_ntt/src/norms.cpp:250]
  AAA_embeddingLargest_x2: 0.460404 / 1994 = 0.000230895   [/home/user/experiments/worktrees/HElib_ntt/src/norms.cpp:423]
  AAA_extractDigitsThin: 18.9734 / 3 = 6.32446   [/home/user/experiments/worktrees/HElib_ntt/src/recryption.cpp:2953]
  AAA_modDownEnbeddings: 0.46983 / 1994 = 0.000235622   [/home/user/experiments/worktrees/HElib_ntt/src/Ctxt.cpp:506]
  AAA_slotToCoeff: 15.821 / 3 = 5.27365   [/home/user/experiments/worktrees/HElib_ntt/src/recryption.cpp:2519]
  BasicAutomorphPrecon: 0.643573 / 18 = 0.0357541   [/home/user/experiments/worktrees/HElib_ntt/src/matmul.cpp:70]
  Decrypt: 0.069855 / 3 = 0.023285   [/home/user/experiments/worktrees/HElib_ntt/src/keys.cpp:1350]
  DoubleCRT: 25.9377 / 4072 = 0.00636976   [/home/user/experiments/worktrees/HElib_ntt/src/DoubleCRT.cpp:718]
  FFT: 12.1793 / 56015 = 0.000217429   [/home/user/experiments/worktrees/HElib_ntt/src/CModulus.cpp:479]
  FFT: 28.4028 / 4414 = 0.0064347   [/home/user/experiments/worktrees/HElib_ntt/src/DoubleCRT.cpp:70]
  FFT: 28.3885 / 56015 = 0.000506802   [/home/user/experiments/worktrees/HElib_ntt/src/CModulus.cpp:448]
  FFT_aux: 12.1598 / 56015 = 0.000217081   [/home/user/experiments/worktrees/HElib_ntt/src/CModulus.cpp:360]
  FFT_remainder: 16.1835 / 56015 = 0.000288913   [/home/user/experiments/worktrees/HElib_ntt/src/CModulus.cpp:455]
  KS_loop: 27.2832 / 4296 = 0.00635083   [/home/user/experiments/worktrees/HElib_ntt/src/Ctxt.cpp:219]
  KS_loop_1: 4.9345 / 4296 = 0.00114863   [/home/user/experiments/worktrees/HElib_ntt/src/Ctxt.cpp:227]
  KS_loop_2: 2.91793 / 4296 = 0.000679221   [/home/user/experiments/worktrees/HElib_ntt/src/Ctxt.cpp:231]
  KS_loop_3: 5.18979 / 4296 = 0.00120805   [/home/user/experiments/worktrees/HElib_ntt/src/Ctxt.cpp:236]
  KS_loop_4: 1.36691 / 4296 = 0.000318182   [/home/user/experiments/worktrees/HElib_ntt/src/Ctxt.cpp:240]
  NORM_VAL: 0.300181 / 339 = 0.00088549   [/home/user/experiments/worktrees/HElib_ntt/src/DoubleCRT.cpp:541]
  addConstant: 0.048447 / 48 = 0.00100931   [/home/user/experiments/worktrees/HElib_ntt/src/Ctxt.cpp:2197]
  addCtxt: 4.22735 / 5769 = 0.00073277   [/home/user/experiments/worktrees/HElib_ntt/src/Ctxt.cpp:1458]
  addPart: 5.5859 / 10548 = 0.00052957   [/home/user/experiments/worktrees/HElib_ntt/src/Ctxt.cpp:905]
  addPrimes: 4.36601 / 342 = 0.0127661   [/home/user/experiments/worktrees/HElib_ntt/src/DoubleCRT.cpp:625]
  addPrimes_5: 4.81702 / 339 = 0.0142095   [/home/user/experiments/worktrees/HElib_ntt/src/DoubleCRT.cpp:518]
  automorph: 0.025235 / 27 = 0.00093463   [/home/user/experiments/worktrees/HElib_ntt/src/Ctxt.cpp:2489]
  automorph: 33.682 / 1728 = 0.0194919   [/home/user/experiments/worktrees/HElib_ntt/src/matmul.cpp:118]
  breakIntoDigits: 4.87765 / 126 = 0.0387115   [/home/user/experiments/worktrees/HElib_ntt/src/DoubleCRT.cpp:481]
  decode: 12.4772 / 3 = 4.15908   [/home/user/experiments/worktrees/HElib_ntt/src/EncryptedArray.cpp:375]
  do_mul: 17.5398 / 19329 = 0.000907436   [/home/user/experiments/worktrees/HElib_ntt/src/DoubleCRT.cpp:280]
  extractDigitsThin: 18.9734 / 3 = 6.32445   [/home/user/experiments/worktrees/HElib_ntt/src/recryption.cpp:2162]
  iFFT: 7.0653 / 26907 = 0.000262582   [/home/user/experiments/worktrees/HElib_ntt/src/CModulus.cpp:488]
  keySwitchPart: 6.12951 / 111 = 0.0552208   [/home/user/experiments/worktrees/HElib_ntt/src/Ctxt.cpp:836]
  modDownToSet: 63.4397 / 2022 = 0.0313747   [/home/user/experiments/worktrees/HElib_ntt/src/Ctxt.cpp:409]
  mul_MatMul1DExec: 99.3325 / 18 = 5.51847   [/home/user/experiments/worktrees/HElib_ntt/src/matmul.cpp:1285]
  multByConstant: 7.13462 / 5169 = 0.00138027   [/home/user/experiments/worktrees/HElib_ntt/src/Ctxt.cpp:1884]
  multByConstant: 0.029415 / 3 = 0.009805   [/home/user/experiments/worktrees/HElib_ntt/src/Ctxt.cpp:1910]
  multLowLvl: 7.7493 / 99 = 0.0782758   [/home/user/experiments/worktrees/HElib_ntt/src/Ctxt.cpp:1733]
  multiplyBy: 8.9896 / 54 = 0.166474   [/home/user/experiments/worktrees/HElib_ntt/src/Ctxt.cpp:1809]
  privateAssign: 0.454257 / 864 = 0.00052576   [/home/user/experiments/worktrees/HElib_ntt/src/Ctxt.cpp:329]
  randomize: 11.44 / 4296 = 0.00266295   [/home/user/experiments/worktrees/HElib_ntt/src/DoubleCRT.cpp:1318]
  randomize_stream: 6.42026 / 6592809 = 9.73828e-07   [/home/user/experiments/worktrees/HElib_ntt/src/DoubleCRT.cpp:1348]
  reLinearize: 9.93136 / 1914 = 0.0051888   [/home/user/experiments/worktrees/HElib_ntt/src/Ctxt.cpp:736]
  smartAutomorph: 1.75226 / 27 = 0.0648986   [/home/user/experiments/worktrees/HElib_ntt/src/Ctxt.cpp:2514]
  thinReCrypt: 119.018 / 3 = 39.6726   [/home/user/experiments/worktrees/HElib_ntt/src/recryption.cpp:2437]
  toPoly: 22.6374 / 4411 = 0.00513204   [/home/user/experiments/worktrees/HElib_ntt/src/DoubleCRT.cpp:985]
  toPoly_CRT: 12.0878 / 4411 = 0.00274038   [/home/user/experiments/worktrees/HElib_ntt/src/DoubleCRT.cpp:1052]
  toPoly_FFT: 9.77766 / 4411 = 0.00221665   [/home/user/experiments/worktrees/HElib_ntt/src/DoubleCRT.cpp:1030]
  rusage.ru_maxrss=12113340
||||| stats |||||
KS-noise-ratio ave=0.0422942 max=1.01235
KS-noise-ratio-hoist ave=2.58455e+06 max=1.66928e+07
break-into-digits-ratio ave=0.302667 max=0.430067
excess-ctxtPrimes ave=4.49181 max=4.49181
excess-specialPrimes ave=1.24618 max=1.24618
mod-switch-added-noise ave=0.308537 max=0.398956
ptxt_rat_sk ave=0.00186916 max=0.00186916
ptxt_rat_sk ave=0.323415 max=0.323415
raw-mod-switch-noise ave=0.289882 max=0.297727
window1-nchoices ave=4.26667 max=8
window1-out ave=0 max=0
window2-nchoices ave=4.5119 max=8
window2-out ave=0 max=0
||||| stats |||||
KS-noise-ratio ave=0.0422942 max=1.01235
KS-noise-ratio-hoist ave=2.58455e+06 max=1.66928e+07
break-into-digits-ratio ave=0.302667 max=0.430067
excess-ctxtPrimes ave=4.49181 max=4.49181
excess-specialPrimes ave=1.24618 max=1.24618
mod-switch-added-noise ave=0.308537 max=0.398956
ptxt_rat_sk ave=0.00186916 max=0.00186916
ptxt_rat_sk ave=0.323415 max=0.323415
raw-mod-switch-noise ave=0.289882 max=0.297727
window1-nchoices ave=4.26667 max=8
window1-out ave=0 max=0
window2-nchoices ave=4.5119 max=8
window2-out ave=0 max=0
