chosen idx = 4
encapHwt = 26
t for new bts is -1
new bts ? 1
new ks ? 1
thick bts ?0
s2cFirst ? 0
toy ? 0
repeat times = 3
### partition is 0 7 14 
*** GTestFatboot: p=65537, r=1, bits=980, t=0, c=3, m=16384 mvec=[16384], gens=[-1 5], ords=[2 4096]
Computing key-independent tables...using HELIB_EXPLICIT_AUX=256

t = -1
bound on I = 12.275681
log2(aux) = 8.000000
log2(beta) = 29.112052
log2(qks) >= 39.113291, final log2(qks) = 39.113291
log2(R) >= 19.304053, final log2(R) = 19.491855
INFO: total bits = 1313.73, security level = 33.9848
deg of poly for non-power-of-p aux is 727
security=33.9848
# small primes = 6
# ctxt primes = 17
# bits in ctxt primes = 984
# special primes = 6
# bits in special primes = 329
scale=10
 done in 32.3247 seconds
  e=0, e'=0, t=26
  m = 16384, p = 65537, phi(m) = 8192
  ord(p) = 1
  normBnd = 1
  polyNormBnd = 1
  factors = [2]
  generator -1 has order (== Z_m^*) of 2
  generator 5 has order (== Z_m^*) of 4096
r = 1
nslots = 8192
hwt = 120
ctxtPrimes = [6,7,8,9,10,11,12,13,14,15,16,17,18,19,20,21,22]
specialPrimes = [27,28,29,30,31,32]
number of bits = 1314

security level = 33.9848
Generating keys, Dim 0 has size 2, using KSS_FULL
Dim 1 has size 4096, using KSS_BSGS
computing key-dependent tables...Sparse boot key hwt = 26
 done in 3.77948 seconds
baby step indices = 0 1 2 3 4 5 6 7 8 9 10 11 12 13 14 15 16 17 18 19 20 21 22 23 24 25 26 27 28 29 30 31 32 33 34 35 36 37 38 39 40 41 42 43 44 45 46 47 48 49 50 51 52 53 54 55 56 57 58 59 60 61 62 63 
giant step indices = 0 63 
In MatMul1D, D = 4096, g = 64, native = 1, iterative = 0
MatMul1D, time: 0.875987, cap: 27.825552

baby step indices = 0 
giant step indices = 0 1 2 3 4 5 6 7 8 9 10 11 12 13 14 15 16 17 18 19 20 21 22 23 24 25 26 27 28 29 30 31 32 33 34 35 36 37 38 39 40 41 42 43 44 45 46 47 48 49 50 51 52 53 54 55 56 57 58 59 60 61 62 63 
In MatMul1D, D = 4096, g = 64, native = 1, iterative = 0
MatMul1D, time: 0.796467, cap: 28.290319

baby step indices = 0 
giant step indices = 0 1 2 3 4 5 6 7 8 9 10 11 12 13 14 15 16 17 18 19 20 21 22 23 24 25 26 27 28 29 30 31 32 33 34 35 36 37 38 39 40 41 42 43 44 45 46 47 48 49 50 51 52 53 54 55 56 57 58 59 60 61 62 63 
In MatMul1D, D = 4096, g = 64, native = 1, iterative = 0
MatMul1D, time: 2.096242, cap: 53.098469

baby step indices = 0 1 2 3 4 5 6 7 8 9 10 11 12 13 14 15 16 17 18 19 20 21 22 23 24 25 26 27 28 29 30 31 32 33 34 35 36 37 38 39 40 41 42 43 44 45 46 47 48 49 50 51 52 53 54 55 56 57 58 59 60 61 62 63 
giant step indices = 0 63 
In MatMul1D, D = 4096, g = 64, native = 1, iterative = 0
MatMul1D, time: 2.481748, cap: 26.822457

baby step indices = 0 
giant step indices = 0 1 2 3 4 5 6 7 8 9 10 11 12 13 14 15 16 17 18 19 20 21 22 23 24 25 26 27 28 29 30 31 32 33 34 35 36 37 38 39 40 41 42 43 44 45 46 47 48 49 50 51 52 53 54 55 56 57 58 59 60 61 62 63 
In MatMul1D, D = 4096, g = 64, native = 1, iterative = 0
MatMul1D, time: 2.024319, cap: 39.221820

baby step indices = 0 1 2 3 4 5 6 7 8 9 10 11 12 13 14 15 16 17 18 19 20 21 22 23 24 25 26 27 28 29 30 31 32 33 34 35 36 37 38 39 40 41 42 43 44 45 46 47 48 49 50 51 52 53 54 55 56 57 58 59 60 61 62 63 
giant step indices = 0 63 
In MatMul1D, D = 4096, g = 64, native = 1, iterative = 0
MatMul1D, time: 2.435604, cap: 26.822457

WARNING: KS-noise-ratio = 10.8787 > 1
WARNING: KS-noise-ratio = 4.56435 > 1
WARNING: KS-noise-ratio = 1.0631 > 1
HELIB_AUX_ORDER4_EVAL enabled: deg(P)=727, terms(P)=183, deg(Q)=181, terms(Q)=182
time for linear1 = 1.672556, linear2 = 9.038344, extract = 2.996595, total = 13.809970
bits for linear1 = 56.115871, linear2 = 66.044277, extract = 327.276143, min cap = 10.001240, after cap = 550.897304, after prod = 944.217724
cap / time = 35.103639
baby step indices = 0 1 2 3 4 5 6 7 8 9 10 11 12 13 14 15 16 17 18 19 20 21 22 23 24 25 26 27 28 29 30 31 32 33 34 35 36 37 38 39 40 41 42 43 44 45 46 47 48 49 50 51 52 53 54 55 56 57 58 59 60 61 62 63 
giant step indices = 0 63 
In MatMul1D, D = 4096, g = 64, native = 1, iterative = 0
MatMul1D, time: 0.869599, cap: 27.724976

baby step indices = 0 
giant step indices = 0 1 2 3 4 5 6 7 8 9 10 11 12 13 14 15 16 17 18 19 20 21 22 23 24 25 26 27 28 29 30 31 32 33 34 35 36 37 38 39 40 41 42 43 44 45 46 47 48 49 50 51 52 53 54 55 56 57 58 59 60 61 62 63 
In MatMul1D, D = 4096, g = 64, native = 1, iterative = 0
MatMul1D, time: 0.808712, cap: 28.290319

baby step indices = 0 
giant step indices = 0 1 2 3 4 5 6 7 8 9 10 11 12 13 14 15 16 17 18 19 20 21 22 23 24 25 26 27 28 29 30 31 32 33 34 35 36 37 38 39 40 41 42 43 44 45 46 47 48 49 50 51 52 53 54 55 56 57 58 59 60 61 62 63 
In MatMul1D, D = 4096, g = 64, native = 1, iterative = 0
MatMul1D, time: 2.041471, cap: 53.166621

baby step indices = 0 1 2 3 4 5 6 7 8 9 10 11 12 13 14 15 16 17 18 19 20 21 22 23 24 25 26 27 28 29 30 31 32 33 34 35 36 37 38 39 40 41 42 43 44 45 46 47 48 49 50 51 52 53 54 55 56 57 58 59 60 61 62 63 
giant step indices = 0 63 
In MatMul1D, D = 4096, g = 64, native = 1, iterative = 0
MatMul1D, time: 2.438543, cap: 26.822457

baby step indices = 0 
giant step indices = 0 1 2 3 4 5 6 7 8 9 10 11 12 13 14 15 16 17 18 19 20 21 22 23 24 25 26 27 28 29 30 31 32 33 34 35 36 37 38 39 40 41 42 43 44 45 46 47 48 49 50 51 52 53 54 55 56 57 58 59 60 61 62 63 
In MatMul1D, D = 4096, g = 64, native = 1, iterative = 0
MatMul1D, time: 2.018643, cap: 39.103638

baby step indices = 0 1 2 3 4 5 6 7 8 9 10 11 12 13 14 15 16 17 18 19 20 21 22 23 24 25 26 27 28 29 30 31 32 33 34 35 36 37 38 39 40 41 42 43 44 45 46 47 48 49 50 51 52 53 54 55 56 57 58 59 60 61 62 63 
giant step indices = 0 63 
In MatMul1D, D = 4096, g = 64, native = 1, iterative = 0
MatMul1D, time: 2.434453, cap: 26.822457

WARNING: KS-noise-ratio = 9.40239 > 1
WARNING: KS-noise-ratio = 4.46188 > 1
WARNING: KS-noise-ratio = 1.13741 > 1
time for linear1 = 1.678404, linear2 = 8.933510, extract = 2.989801, total = 13.717218
bits for linear1 = 56.015296, linear2 = 65.926095, extract = 327.710300, min cap = 10.001240, after cap = 550.397319, after prod = 944.033714
cap / time = 35.311883
baby step indices = 0 1 2 3 4 5 6 7 8 9 10 11 12 13 14 15 16 17 18 19 20 21 22 23 24 25 26 27 28 29 30 31 32 33 34 35 36 37 38 39 40 41 42 43 44 45 46 47 48 49 50 51 52 53 54 55 56 57 58 59 60 61 62 63 
giant step indices = 0 63 
In MatMul1D, D = 4096, g = 64, native = 1, iterative = 0
MatMul1D, time: 0.875627, cap: 27.849388

baby step indices = 0 
giant step indices = 0 1 2 3 4 5 6 7 8 9 10 11 12 13 14 15 16 17 18 19 20 21 22 23 24 25 26 27 28 29 30 31 32 33 34 35 36 37 38 39 40 41 42 43 44 45 46 47 48 49 50 51 52 53 54 55 56 57 58 59 60 61 62 63 
In MatMul1D, D = 4096, g = 64, native = 1, iterative = 0
MatMul1D, time: 0.803169, cap: 28.290319

baby step indices = 0 
giant step indices = 0 1 2 3 4 5 6 7 8 9 10 11 12 13 14 15 16 17 18 19 20 21 22 23 24 25 26 27 28 29 30 31 32 33 34 35 36 37 38 39 40 41 42 43 44 45 46 47 48 49 50 51 52 53 54 55 56 57 58 59 60 61 62 63 
In MatMul1D, D = 4096, g = 64, native = 1, iterative = 0
MatMul1D, time: 2.036082, cap: 53.367284

baby step indices = 0 1 2 3 4 5 6 7 8 9 10 11 12 13 14 15 16 17 18 19 20 21 22 23 24 25 26 27 28 29 30 31 32 33 34 35 36 37 38 39 40 41 42 43 44 45 46 47 48 49 50 51 52 53 54 55 56 57 58 59 60 61 62 63 
giant step indices = 0 63 
In MatMul1D, D = 4096, g = 64, native = 1, iterative = 0
MatMul1D, time: 2.413835, cap: 26.822457

baby step indices = 0 
giant step indices = 0 1 2 3 4 5 6 7 8 9 10 11 12 13 14 15 16 17 18 19 20 21 22 23 24 25 26 27 28 29 30 31 32 33 34 35 36 37 38 39 40 41 42 43 44 45 46 47 48 49 50 51 52 53 54 55 56 57 58 59 60 61 62 63 
In MatMul1D, D = 4096, g = 64, native = 1, iterative = 0
MatMul1D, time: 2.022162, cap: 39.115665

baby step indices = 0 1 2 3 4 5 6 7 8 9 10 11 12 13 14 15 16 17 18 19 20 21 22 23 24 25 26 27 28 29 30 31 32 33 34 35 36 37 38 39 40 41 42 43 44 45 46 47 48 49 50 51 52 53 54 55 56 57 58 59 60 61 62 63 
giant step indices = 0 63 
In MatMul1D, D = 4096, g = 64, native = 1, iterative = 0
MatMul1D, time: 2.421176, cap: 26.822457

WARNING: KS-noise-ratio = 6.92312 > 1
WARNING: KS-noise-ratio = 3.72539 > 1
WARNING: KS-noise-ratio = 1.06189 > 1
time for linear1 = 1.678918, linear2 = 8.893861, extract = 3.015251, total = 13.703899
bits for linear1 = 56.139707, linear2 = 65.938122, extract = 327.341133, min cap = 10.001240, after cap = 550.852585, after prod = 944.131840
cap / time = 35.370344

### summary over 3 test
time for linear1 = 1.676626, linear2 = 8.955238, extract = 3.000549, total = 13.743696
bits for linear1 = 56.090291, linear2 = 65.969498, extract = 327.442525, min cap = 10.001240, after cap = 550.715736, after prod = 944.127759
cap / time = 35.261564


### bts finished, everything ok ###

  AAA_bootKeySwitch: 13.7524 / 3 = 4.58415   [/home/user/experiments/worktrees/HElib_ntt/src/recryption.cpp:2536]
  AAA_coeffToSlot: 13.3568 / 3 = 4.45227   [/home/user/experiments/worktrees/HElib_ntt/src/recryption.cpp:2910]
  AAA_embeddingLargest: 0.025845 / 417 = 6.19784e-05   [/home/user/experiments/worktrees/HElib_ntt/src/norms.cpp:250]
  AAA_embeddingLargest_x2: 0.162374 / 1409 = 0.000115241   [/home/user/experiments/worktrees/HElib_ntt/src/norms.cpp:423]
  AAA_extractDigitsThin: 9.00152 / 3 = 3.00051   [/home/user/experiments/worktrees/HElib_ntt/src/recryption.cpp:2953]
  AAA_modDownEnbeddings: 0.166577 / 1409 = 0.000118224   [/home/user/experiments/worktrees/HElib_ntt/src/Ctxt.cpp:506]
  AAA_slotToCoeff: 5.02981 / 3 = 1.6766   [/home/user/experiments/worktrees/HElib_ntt/src/recryption.cpp:2519]
  BasicAutomorphPrecon: 0.312816 / 18 = 0.0173787   [/home/user/experiments/worktrees/HElib_ntt/src/matmul.cpp:70]
  Decrypt: 0.033637 / 3 = 0.0112123   [/home/user/experiments/worktrees/HElib_ntt/src/keys.cpp:1350]
  DoubleCRT: 9.05529 / 2893 = 0.00313007   [/home/user/experiments/worktrees/HElib_ntt/src/DoubleCRT.cpp:718]
  FFT: 4.23865 / 41507 = 0.000102119   [/home/user/experiments/worktrees/HElib_ntt/src/CModulus.cpp:479]
  FFT: 10.2521 / 3235 = 0.00316911   [/home/user/experiments/worktrees/HElib_ntt/src/DoubleCRT.cpp:70]
  FFT: 10.2434 / 41507 = 0.000246787   [/home/user/experiments/worktrees/HElib_ntt/src/CModulus.cpp:448]
  FFT_aux: 4.22868 / 41507 = 0.000101879   [/home/user/experiments/worktrees/HElib_ntt/src/CModulus.cpp:360]
  FFT_remainder: 5.98981 / 41507 = 0.000144308   [/home/user/experiments/worktrees/HElib_ntt/src/CModulus.cpp:455]
  KS_loop: 9.20632 / 2952 = 0.00311867   [/home/user/experiments/worktrees/HElib_ntt/src/Ctxt.cpp:219]
  KS_loop_1: 1.69177 / 2952 = 0.000573094   [/home/user/experiments/worktrees/HElib_ntt/src/Ctxt.cpp:227]
  KS_loop_2: 0.943687 / 2952 = 0.000319677   [/home/user/experiments/worktrees/HElib_ntt/src/Ctxt.cpp:231]
  KS_loop_3: 1.77431 / 2952 = 0.000601053   [/home/user/experiments/worktrees/HElib_ntt/src/Ctxt.cpp:236]
  KS_loop_4: 0.395729 / 2952 = 0.000134055   [/home/user/experiments/worktrees/HElib_ntt/src/Ctxt.cpp:240]
  NORM_VAL: 0.147686 / 339 = 0.000435652   [/home/user/experiments/worktrees/HElib_ntt/src/DoubleCRT.cpp:541]
  addConstant: 0.025711 / 48 = 0.000535646   [/home/user/experiments/worktrees/HElib_ntt/src/Ctxt.cpp:2197]
  addCtxt: 1.68544 / 3465 = 0.00048642   [/home/user/experiments/worktrees/HElib_ntt/src/Ctxt.cpp:1458]
  addPart: 1.75326 / 7284 = 0.0002407   [/home/user/experiments/worktrees/HElib_ntt/src/Ctxt.cpp:905]
  addPrimes: 2.10045 / 342 = 0.00614167   [/home/user/experiments/worktrees/HElib_ntt/src/DoubleCRT.cpp:625]
  addPrimes_5: 2.32178 / 339 = 0.00684891   [/home/user/experiments/worktrees/HElib_ntt/src/DoubleCRT.cpp:518]
  automorph: 0.0121 / 27 = 0.000448148   [/home/user/experiments/worktrees/HElib_ntt/src/Ctxt.cpp:2489]
  automorph: 10.882 / 1152 = 0.00944622   [/home/user/experiments/worktrees/HElib_ntt/src/matmul.cpp:118]
  breakIntoDigits: 2.35037 / 126 = 0.0186537   [/home/user/experiments/worktrees/HElib_ntt/src/DoubleCRT.cpp:481]
  decode: 3.10434 / 3 = 1.03478   [/home/user/experiments/worktrees/HElib_ntt/src/EncryptedArray.cpp:375]
  do_mul: 5.61092 / 12033 = 0.000466294   [/home/user/experiments/worktrees/HElib_ntt/src/DoubleCRT.cpp:280]
  extractDigitsThin: 9.00151 / 3 = 3.0005   [/home/user/experiments/worktrees/HElib_ntt/src/recryption.cpp:2162]
  iFFT: 2.35053 / 19860 = 0.000118355   [/home/user/experiments/worktrees/HElib_ntt/src/CModulus.cpp:488]
  keySwitchPart: 2.97873 / 111 = 0.0268354   [/home/user/experiments/worktrees/HElib_ntt/src/Ctxt.cpp:836]
  modDownToSet: 21.9434 / 1446 = 0.0151753   [/home/user/experiments/worktrees/HElib_ntt/src/Ctxt.cpp:409]
  mul_MatMul1DExec: 31.8951 / 18 = 1.77195   [/home/user/experiments/worktrees/HElib_ntt/src/matmul.cpp:1285]
  multByConstant: 2.00092 / 2865 = 0.000698401   [/home/user/experiments/worktrees/HElib_ntt/src/Ctxt.cpp:1884]
  multByConstant: 0.014509 / 3 = 0.00483633   [/home/user/experiments/worktrees/HElib_ntt/src/Ctxt.cpp:1910]
  multLowLvl: 3.70804 / 99 = 0.037455   [/home/user/experiments/worktrees/HElib_ntt/src/Ctxt.cpp:1733]
  multiplyBy: 4.23636 / 54 = 0.0784511   [/home/user/experiments/worktrees/HElib_ntt/src/Ctxt.cpp:1809]
  privateAssign: 0.212577 / 864 = 0.000246038   [/home/user/experiments/worktrees/HElib_ntt/src/Ctxt.cpp:329]
  randomize: 3.96251 / 2952 = 0.00134231   [/home/user/experiments/worktrees/HElib_ntt/src/DoubleCRT.cpp:1318]
  randomize_stream: 2.24072 / 2281737 = 9.82024e-07   [/home/user/experiments/worktrees/HElib_ntt/src/DoubleCRT.cpp:1348]
  reLinearize: 4.67428 / 1338 = 0.00349348   [/home/user/experiments/worktrees/HElib_ntt/src/Ctxt.cpp:736]
  smartAutomorph: 0.856817 / 27 = 0.031734   [/home/user/experiments/worktrees/HElib_ntt/src/Ctxt.cpp:2514]
  thinReCrypt: 41.2326 / 3 = 13.7442   [/home/user/experiments/worktrees/HElib_ntt/src/recryption.cpp:2437]
  toPoly: 7.77939 / 3232 = 0.00240699   [/home/user/experiments/worktrees/HElib_ntt/src/DoubleCRT.cpp:985]
  toPoly_CRT: 4.41211 / 3232 = 0.00136513   [/home/user/experiments/worktrees/HElib_ntt/src/DoubleCRT.cpp:1052]
  toPoly_FFT: 3.1473 / 3232 = 0.000973794   [/home/user/experiments/worktrees/HElib_ntt/src/DoubleCRT.cpp:1030]
  rusage.ru_maxrss=3312352
||||| stats |||||
KS-noise-ratio ave=0.432667 max=10.8787
KS-noise-ratio-hoist ave=1.76995e+06 max=1.14954e+07
break-into-digits-ratio ave=0.289272 max=0.368308
excess-ctxtPrimes ave=4.49181 max=4.49181
excess-specialPrimes ave=1.19272 max=1.19272
mod-switch-added-noise ave=0.29799 max=0.387584
ptxt_rat_sk ave=0.00254608 max=0.00254608
ptxt_rat_sk ave=0.309952 max=0.309952
raw-mod-switch-noise ave=0.268987 max=0.273672
window1-nchoices ave=5 max=9
window1-out ave=0 max=0
window2-nchoices ave=4.78571 max=9
window2-out ave=0 max=0
||||| stats |||||
KS-noise-ratio ave=0.432667 max=10.8787
KS-noise-ratio-hoist ave=1.76995e+06 max=1.14954e+07
break-into-digits-ratio ave=0.289272 max=0.368308
excess-ctxtPrimes ave=4.49181 max=4.49181
excess-specialPrimes ave=1.19272 max=1.19272
mod-switch-added-noise ave=0.29799 max=0.387584
ptxt_rat_sk ave=0.00254608 max=0.00254608
ptxt_rat_sk ave=0.309952 max=0.309952
raw-mod-switch-noise ave=0.268987 max=0.273672
window1-nchoices ave=5 max=9
window1-out ave=0 max=0
window2-nchoices ave=4.78571 max=9
window2-out ave=0 max=0
