chosen idx = 5
encapHwt = 26
t for new bts is -1
new bts ? 1
new ks ? 1
thick bts ?0
s2cFirst ? 0
toy ? 0
repeat times = 3
### partition is 0 3 6 
*** GTestFatboot: p=1601, r=1, bits=980, t=0, c=3, m=65536 mvec=[65536], gens=[-1 5], ords=[2 16]
Computing key-independent tables...using HELIB_EXPLICIT_AUX=40

t = -1
bound on I = 12.275681
log2(aux) = 5.321928
log2(beta) = 24.857026
log2(qks) >= 32.179533, final log2(qks) = 32.179656
log2(R) >= 17.995828, final log2(R) = 19.584964
INFO: total bits = 1319.65, security level = 78.6697
deg of poly for non-power-of-p aux is 727
security=78.6697
# small primes = 6
# ctxt primes = 17
# bits in ctxt primes = 984
# special primes = 6
# bits in special primes = 335
scale=10
 done in 36.6626 seconds
  e=0, e'=0, t=26
  m = 65536, p = 1601, phi(m) = 32768
  ord(p) = 1024
  normBnd = 1
  polyNormBnd = 1
  factors = [2]
  generator -1 has order (== Z_m^*) of 2
  generator 5 has order (!= Z_m^*) of 16
  T = [ 1 5 25 125 625 3125 15625 12589 62945 52581 761 3805 19025 29589 16873 18829 65535 65531 65511 65411 64911 62411 49911 52947 2591 12955 64775 61731 46511 35947 48663 46707 ]
r = 1
nslots = 32
hwt = 120
ctxtPrimes = [6,7,8,9,10,11,12,13,14,15,16,17,18,19,20,21,22]
specialPrimes = [27,28,29,30,31,32]
number of bits = 1320

security level = 78.6697
Generating keys, Dim 0 has size 2, using KSS_FULL
Dim 1 has size 16, using KSS_FULL
computing key-dependent tables...Sparse boot key hwt = 26
 done in 129.448 seconds
baby step indices = 
giant step indices = 
In MatMul1D, D = 16, g = 0, native = 0, iterative = 0
MatMul1D, time: 0.363809, cap: 14.504096

baby step indices = 
giant step indices = 
In MatMul1D, D = 16, g = 0, native = 0, iterative = 0
MatMul1D, time: 0.187357, cap: 15.068290

WARNING: KS-noise-ratio = 309541 > 1
WARNING: KS-noise-ratio = 1.00763 > 1
baby step indices = 
giant step indices = 
In MatMul1D, D = 16, g = 0, native = 0, iterative = 0
MatMul1D, time: 0.726862, cap: 15.032719

baby step indices = 
giant step indices = 
In MatMul1D, D = 16, g = 0, native = 0, iterative = 0
MatMul1D, time: 1.481290, cap: 14.966704

WARNING: KS-noise-ratio = 128.601 > 1
baby step indices = 
giant step indices = 
In MatMul1D, D = 16, g = 0, native = 0, iterative = 0
MatMul1D, time: 0.683658, cap: 15.032583

baby step indices = 
giant step indices = 
In MatMul1D, D = 16, g = 0, native = 0, iterative = 0
MatMul1D, time: 1.475442, cap: 14.966704

WARNING: KS-noise-ratio = 56.3245 > 1
WARNING: KS-noise-ratio = 151.856 > 1
WARNING: KS-noise-ratio = 161.599 > 1
WARNING: KS-noise-ratio = 80.0889 > 1
WARNING: KS-noise-ratio = 74.0591 > 1
WARNING: KS-noise-ratio = 72.4769 > 1
WARNING: KS-noise-ratio = 65.4109 > 1
WARNING: KS-noise-ratio = 79.2553 > 1
WARNING: KS-noise-ratio = 73.6763 > 1
WARNING: KS-noise-ratio = 73.1664 > 1
WARNING: KS-noise-ratio = 76.7121 > 1
WARNING: KS-noise-ratio = 66.5037 > 1
time for linear1 = 0.551205, linear2 = 9.126593, extract = 24.556172, total = 34.685876
bits for linear1 = 29.572386, linear2 = 47.001327, extract = 273.625072, min cap = 7.322630, after cap = 628.687085, after prod = 949.313484
cap / time = 17.061471
baby step indices = 
giant step indices = 
In MatMul1D, D = 16, g = 0, native = 0, iterative = 0
MatMul1D, time: 0.348928, cap: 14.504115

baby step indices = 
giant step indices = 
In MatMul1D, D = 16, g = 0, native = 0, iterative = 0
MatMul1D, time: 0.188946, cap: 15.068300

WARNING: KS-noise-ratio = 357422 > 1
WARNING: KS-noise-ratio = 1.12896 > 1
baby step indices = 
giant step indices = 
In MatMul1D, D = 16, g = 0, native = 0, iterative = 0
MatMul1D, time: 0.663253, cap: 15.032700

baby step indices = 
giant step indices = 
In MatMul1D, D = 16, g = 0, native = 0, iterative = 0
MatMul1D, time: 1.438291, cap: 14.966704

WARNING: KS-noise-ratio = 122.467 > 1
baby step indices = 
giant step indices = 
In MatMul1D, D = 16, g = 0, native = 0, iterative = 0
MatMul1D, time: 0.683463, cap: 15.032670

baby step indices = 
giant step indices = 
In MatMul1D, D = 16, g = 0, native = 0, iterative = 0
MatMul1D, time: 1.477790, cap: 14.966704

WARNING: KS-noise-ratio = 54.3523 > 1
WARNING: KS-noise-ratio = 177.22 > 1
WARNING: KS-noise-ratio = 175.106 > 1
WARNING: KS-noise-ratio = 1.07455 > 1
WARNING: KS-noise-ratio = 60.6619 > 1
WARNING: KS-noise-ratio = 69.3798 > 1
WARNING: KS-noise-ratio = 69.5425 > 1
WARNING: KS-noise-ratio = 70.0819 > 1
WARNING: KS-noise-ratio = 71.494 > 1
WARNING: KS-noise-ratio = 79.0511 > 1
WARNING: KS-noise-ratio = 74.8186 > 1
WARNING: KS-noise-ratio = 72.089 > 1
WARNING: KS-noise-ratio = 58.0596 > 1
time for linear1 = 0.538073, linear2 = 8.920181, extract = 24.549475, total = 34.519613
bits for linear1 = 29.572415, linear2 = 46.918072, extract = 273.852344, min cap = 7.322630, after cap = 628.463516, after prod = 949.233932
cap / time = 17.137170
baby step indices = 
giant step indices = 
In MatMul1D, D = 16, g = 0, native = 0, iterative = 0
MatMul1D, time: 0.343540, cap: 14.504107

baby step indices = 
giant step indices = 
In MatMul1D, D = 16, g = 0, native = 0, iterative = 0
MatMul1D, time: 0.185089, cap: 15.068299

WARNING: KS-noise-ratio = 360984 > 1
WARNING: KS-noise-ratio = 1.0434 > 1
baby step indices = 
giant step indices = 
In MatMul1D, D = 16, g = 0, native = 0, iterative = 0
MatMul1D, time: 0.668083, cap: 15.032646

baby step indices = 
giant step indices = 
In MatMul1D, D = 16, g = 0, native = 0, iterative = 0
MatMul1D, time: 1.442339, cap: 14.966704

WARNING: KS-noise-ratio = 138.412 > 1
baby step indices = 
giant step indices = 
In MatMul1D, D = 16, g = 0, native = 0, iterative = 0
MatMul1D, time: 0.683878, cap: 15.032704

baby step indices = 
giant step indices = 
In MatMul1D, D = 16, g = 0, native = 0, iterative = 0
MatMul1D, time: 1.475150, cap: 14.966704

WARNING: KS-noise-ratio = 59.3196 > 1
WARNING: KS-noise-ratio = 161.84 > 1
WARNING: KS-noise-ratio = 159.284 > 1
WARNING: KS-noise-ratio = 1.05937 > 1
WARNING: KS-noise-ratio = 69.3503 > 1
WARNING: KS-noise-ratio = 72.9036 > 1
WARNING: KS-noise-ratio = 70.5363 > 1
WARNING: KS-noise-ratio = 72.7954 > 1
WARNING: KS-noise-ratio = 74.1466 > 1
WARNING: KS-noise-ratio = 72.2216 > 1
WARNING: KS-noise-ratio = 68.9939 > 1
WARNING: KS-noise-ratio = 74.9746 > 1
WARNING: KS-noise-ratio = 64.1026 > 1
time for linear1 = 0.528693, linear2 = 8.867630, extract = 24.379414, total = 34.287417
bits for linear1 = 29.572406, linear2 = 47.045187, extract = 273.683210, min cap = 7.322630, after cap = 628.569627, after prod = 949.298024
cap / time = 17.256318

### summary over 3 test
time for linear1 = 0.539324, linear2 = 8.971468, extract = 24.495020, total = 34.497635
bits for linear1 = 29.572403, linear2 = 46.988195, extract = 273.720209, min cap = 7.322630, after cap = 628.573409, after prod = 949.281814
cap / time = 17.151273


### bts finished, everything ok ###

  AAA_bootKeySwitch: 14.6972 / 3 = 4.89908   [/home/user/experiments/worktrees/HElib_ntt/src/recryption.cpp:2536]
  AAA_coeffToSlot: 13.3054 / 3 = 4.43515   [/home/user/experiments/worktrees/HElib_ntt/src/recryption.cpp:2910]
  AAA_embeddingLargest: 0.273609 / 843 = 0.000324566   [/home/user/experiments/worktrees/HElib_ntt/src/norms.cpp:250]
  AAA_embeddingLargest_x2: 0.304743 / 575 = 0.000529988   [/home/user/experiments/worktrees/HElib_ntt/src/norms.cpp:423]
  AAA_extractDigitsThin: 73.484 / 3 = 24.4947   [/home/user/experiments/worktrees/HElib_ntt/src/recryption.cpp:2953]
  AAA_modDownEnbeddings: 0.336399 / 575 = 0.000585042   [/home/user/experiments/worktrees/HElib_ntt/src/Ctxt.cpp:506]
  AAA_slotToCoeff: 1.61796 / 3 = 0.539318   [/home/user/experiments/worktrees/HElib_ntt/src/recryption.cpp:2519]
  BasicAutomorphPrecon: 1.36235 / 18 = 0.0756862   [/home/user/experiments/worktrees/HElib_ntt/src/matmul.cpp:70]
  Decrypt: 0.151674 / 3 = 0.050558   [/home/user/experiments/worktrees/HElib_ntt/src/keys.cpp:1350]
  DoubleCRT: 20.429 / 1291 = 0.0158242   [/home/user/experiments/worktrees/HElib_ntt/src/DoubleCRT.cpp:718]
  FFT: 32.3764 / 30236 = 0.00107079   [/home/user/experiments/worktrees/HElib_ntt/src/CModulus.cpp:448]
  FFT: 32.3877 / 1993 = 0.0162507   [/home/user/experiments/worktrees/HElib_ntt/src/DoubleCRT.cpp:70]
  FFT: 14.3865 / 30236 = 0.000475809   [/home/user/experiments/worktrees/HElib_ntt/src/CModulus.cpp:479]
  FFT_aux: 14.3699 / 30236 = 0.000475258   [/home/user/experiments/worktrees/HElib_ntt/src/CModulus.cpp:360]
  FFT_remainder: 17.971 / 30236 = 0.000594358   [/home/user/experiments/worktrees/HElib_ntt/src/CModulus.cpp:455]
  KS_loop: 11.544 / 855 = 0.0135018   [/home/user/experiments/worktrees/HElib_ntt/src/Ctxt.cpp:219]
  KS_loop_1: 1.93077 / 855 = 0.00225822   [/home/user/experiments/worktrees/HElib_ntt/src/Ctxt.cpp:227]
  KS_loop_2: 1.39593 / 855 = 0.00163267   [/home/user/experiments/worktrees/HElib_ntt/src/Ctxt.cpp:231]
  KS_loop_3: 2.02226 / 855 = 0.00236522   [/home/user/experiments/worktrees/HElib_ntt/src/Ctxt.cpp:236]
  KS_loop_4: 0.662846 / 855 = 0.000775258   [/home/user/experiments/worktrees/HElib_ntt/src/Ctxt.cpp:240]
  NORM_VAL: 1.34758 / 699 = 0.00192787   [/home/user/experiments/worktrees/HElib_ntt/src/DoubleCRT.cpp:541]
  addCtxt: 8.06578 / 2385 = 0.00338188   [/home/user/experiments/worktrees/HElib_ntt/src/Ctxt.cpp:1458]
  addPart: 3.07677 / 2160 = 0.00142443   [/home/user/experiments/worktrees/HElib_ntt/src/Ctxt.cpp:905]
  addPrimes: 20.701 / 702 = 0.0294886   [/home/user/experiments/worktrees/HElib_ntt/src/DoubleCRT.cpp:625]
  addPrimes_5: 22.7952 / 699 = 0.0326112   [/home/user/experiments/worktrees/HElib_ntt/src/DoubleCRT.cpp:518]
  automorph: 0.334291 / 96 = 0.0034822   [/home/user/experiments/worktrees/HElib_ntt/src/Ctxt.cpp:2489]
  automorph: 3.94337 / 99 = 0.0398321   [/home/user/experiments/worktrees/HElib_ntt/src/matmul.cpp:118]
  breakIntoDigits: 23.1157 / 246 = 0.0939664   [/home/user/experiments/worktrees/HElib_ntt/src/DoubleCRT.cpp:481]
  decode: 0.196333 / 3 = 0.0654443   [/home/user/experiments/worktrees/HElib_ntt/src/EncryptedArray.cpp:375]
  do_mul: 5.69432 / 2769 = 0.00205645   [/home/user/experiments/worktrees/HElib_ntt/src/DoubleCRT.cpp:280]
  extractDigitsThin: 73.484 / 3 = 24.4947   [/home/user/experiments/worktrees/HElib_ntt/src/recryption.cpp:2162]
  iFFT: 7.0904 / 12909 = 0.00054926   [/home/user/experiments/worktrees/HElib_ntt/src/CModulus.cpp:488]
  keySwitchPart: 31.0066 / 231 = 0.134228   [/home/user/experiments/worktrees/HElib_ntt/src/Ctxt.cpp:836]
  modDownToSet: 47.8067 / 582 = 0.0821421   [/home/user/experiments/worktrees/HElib_ntt/src/Ctxt.cpp:409]
  mul_MatMul1DExec: 14.5178 / 18 = 0.806545   [/home/user/experiments/worktrees/HElib_ntt/src/matmul.cpp:1285]
  multByConstant: 0.059978 / 3 = 0.0199927   [/home/user/experiments/worktrees/HElib_ntt/src/Ctxt.cpp:1910]
  multByConstant: 0.727959 / 192 = 0.00379145   [/home/user/experiments/worktrees/HElib_ntt/src/Ctxt.cpp:1884]
  multLowLvl: 30.977 / 168 = 0.184387   [/home/user/experiments/worktrees/HElib_ntt/src/Ctxt.cpp:1733]
  multiplyBy: 35.8028 / 87 = 0.411526   [/home/user/experiments/worktrees/HElib_ntt/src/Ctxt.cpp:1809]
  privateAssign: 2.64661 / 1269 = 0.00208559   [/home/user/experiments/worktrees/HElib_ntt/src/Ctxt.cpp:329]
  randomize: 4.50118 / 855 = 0.00526454   [/home/user/experiments/worktrees/HElib_ntt/src/DoubleCRT.cpp:1318]
  randomize_stream: 2.51556 / 2597733 = 9.68366e-07   [/home/user/experiments/worktrees/HElib_ntt/src/DoubleCRT.cpp:1348]
  reLinearize: 52.0576 / 312 = 0.166851   [/home/user/experiments/worktrees/HElib_ntt/src/Ctxt.cpp:736]
  smartAutomorph: 20.5948 / 96 = 0.21453   [/home/user/experiments/worktrees/HElib_ntt/src/Ctxt.cpp:2514]
  thinReCrypt: 103.5 / 3 = 34.4999   [/home/user/experiments/worktrees/HElib_ntt/src/recryption.cpp:2437]
  toPoly: 24.0023 / 1990 = 0.0120614   [/home/user/experiments/worktrees/HElib_ntt/src/DoubleCRT.cpp:985]
  toPoly_CRT: 12.3558 / 1990 = 0.00620894   [/home/user/experiments/worktrees/HElib_ntt/src/DoubleCRT.cpp:1052]
  toPoly_FFT: 10.7173 / 1990 = 0.00538558   [/home/user/experiments/worktrees/HElib_ntt/src/DoubleCRT.cpp:1030]
  rusage.ru_maxrss=19811344
||||| stats |||||
KS-noise-ratio ave=4465.11 max=360984
KS-noise-ratio-hoist ave=0.000317805 max=0.000995117
break-into-digits-ratio ave=0.317093 max=0.410645
excess-ctxtPrimes ave=4.49181 max=4.49181
excess-specialPrimes ave=1.86266 max=1.86266
mod-switch-added-noise ave=0.319157 max=0.377681
ptxt_rat_sk ave=0.0114172 max=0.0114172
ptxt_rat_sk ave=0.00589553 max=0.00589553
raw-mod-switch-noise ave=0.207451 max=0.218986
window1-nchoices ave=5.5 max=6
window1-out ave=0 max=0
window2-nchoices ave=4.65385 max=7
window2-out ave=0 max=0
||||| stats |||||
KS-noise-ratio ave=4465.11 max=360984
KS-noise-ratio-hoist ave=0.000317805 max=0.000995117
break-into-digits-ratio ave=0.317093 max=0.410645
excess-ctxtPrimes ave=4.49181 max=4.49181
excess-specialPrimes ave=1.86266 max=1.86266
mod-switch-added-noise ave=0.319157 max=0.377681
ptxt_rat_sk ave=0.0114172 max=0.0114172
ptxt_rat_sk ave=0.00589553 max=0.00589553
raw-mod-switch-noise ave=0.207451 max=0.218986
window1-nchoices ave=5.5 max=6
window1-out ave=0 max=0
window2-nchoices ave=4.65385 max=7
window2-out ave=0 max=0
