chosen idx = 3
encapHwt = 12
t for new bts is -1
new bts ? 1
new ks ? 1
thick bts ?0
repeat times = 1
force bsgs = 0
force hoist = 0
*** GTestFatboot: p=8191, r=1, bits=1320, t=0, c=3, m=45193 mvec=[43 1051], gens=[26276 32595], ords=[42 75]
Computing key-independent tables...
t = -1
bound on I = 16.305335
log2(aux) = 5.129283
log2(beta) = 27.446094
log2(qks) >= 35.272146, final log2(qks) = 35.272160
log2(R) >= 26.991034, final log2(R) = 26.991289
INFO: total bits = 1786.76, security level = 78.5494deg of poly for non-power-of-p aux is 1223
security=78.5494
# small primes = 6
# ctxt primes = 23
# bits in ctxt primes = 1332
# special primes = 8
# bits in special primes = 455
scale=10
 done in 161.863 seconds
  e=0, e'=0, t=12
  m = 45193, p = 8191, phi(m) = 44100
  ord(p) = 14
  normBnd = 1.62042
  polyNormBnd = 4.65228
  factors = [43 1051]
  generator 26276 has order (== Z_m^*) of 42
  generator 32595 has order (== Z_m^*) of 75
r = 1
nslots = 3150
hwt = 120
ctxtPrimes = [6,7,8,9,10,11,12,13,14,15,16,17,18,19,20,21,22,23,24,25,26,27,28]
specialPrimes = [33,34,35,36,37,38,39,40]
number of bits = 1787

security level = 78.5494
Generating keys, Keys generated. Now genRecryptData...
computing key-dependent tables...Sparse boot key hwt = 12
genRecryptData done. recryptKeyID=1
lcAksBsgs=0 lcAksDelayed=0
Post-key setup done.
 done in 35.5506 seconds
Encrypt succeeded.
WARNING: KS-noise-ratio = 53.4874 > 1
WARNING: KS-noise-ratio = 2.72938 > 1
WARNING: KS-noise-ratio = 2.11682 > 1
WARNING: KS-noise-ratio = 2.10473 > 1
WARNING: KS-noise-ratio = 2.42141 > 1
WARNING: KS-noise-ratio = 1.98428 > 1
WARNING: KS-noise-ratio = 97.3905 > 1
WARNING: KS-noise-ratio = 2.70882 > 1
WARNING: KS-noise-ratio = 2.83777 > 1
WARNING: KS-noise-ratio = 3.1959 > 1
WARNING: KS-noise-ratio = 1.99084 > 1
WARNING: KS-noise-ratio = 2.09568 > 1
WARNING: KS-noise-ratio = 2.17802 > 1
time for linear1 = 3.325921, linear2 = 34.299847, extract = 121.251602, total = 160.690016
bits for linear1 = 51.745145, linear2 = 58.492681, extract = 321.389906, min cap = 7.826066, after cap = 907.119779, after prod = 1287.002365
cap / time = 5.274432

### summary over 1 test
time for linear1 = 3.325921, linear2 = 34.299847, extract = 121.251602, total = 160.690016
bits for linear1 = 51.745145, linear2 = 58.492681, extract = 321.389906, min cap = 7.826066, after cap = 907.119779, after prod = 1287.002365
cap / time = 5.274432


### bts finished, everything ok ###

  AAA_bootKeySwitch: 19.4644 / 1 = 19.4644   [/home/user/order4-artifact/src/HElib_auxradix_opt/src/recryption.cpp:1968]
  AAA_coeffToSlot: 16.2988 / 1 = 16.2988   [/home/user/order4-artifact/src/HElib_auxradix_opt/src/recryption.cpp:2396]
  AAA_embeddingLargest: 0.708722 / 300 = 0.00236241   [/home/user/order4-artifact/src/HElib_auxradix_opt/src/norms.cpp:250]
  AAA_embeddingLargest_x2: 0.525925 / 233 = 0.00225719   [/home/user/order4-artifact/src/HElib_auxradix_opt/src/norms.cpp:423]
  AAA_extractDigitsThin: 121.249 / 1 = 121.249   [/home/user/order4-artifact/src/HElib_auxradix_opt/src/recryption.cpp:2447]
  AAA_modDownEnbeddings: 0.623616 / 233 = 0.00267646   [/home/user/order4-artifact/src/HElib_auxradix_opt/src/Ctxt.cpp:506]
  AAA_slotToCoeff: 3.32586 / 1 = 3.32586   [/home/user/order4-artifact/src/HElib_auxradix_opt/src/recryption.cpp:1954]
  BasicAutomorphPrecon: 3.56455 / 8 = 0.445569   [/home/user/order4-artifact/src/HElib_auxradix_opt/src/matmul.cpp:90]
  BluesteinFFT: 67.3051 / 22004 = 0.00305877   [/home/user/order4-artifact/src/HElib_auxradix_opt/src/bluestein.cpp:141]
  Decrypt: 0.475709 / 1 = 0.475709   [/home/user/order4-artifact/src/HElib_auxradix_opt/src/keys.cpp:1362]
  DoubleCRT: 41.4172 / 524 = 0.0790404   [/home/user/order4-artifact/src/HElib_auxradix_opt/src/DoubleCRT.cpp:718]
  FFT: 49.9524 / 15503 = 0.00322211   [/home/user/order4-artifact/src/HElib_auxradix_opt/src/CModulus.cpp:479]
  FFT: 62.265 / 765 = 0.0813921   [/home/user/order4-artifact/src/HElib_auxradix_opt/src/DoubleCRT.cpp:70]
  FFT: 62.2569 / 15503 = 0.00401579   [/home/user/order4-artifact/src/HElib_auxradix_opt/src/CModulus.cpp:448]
  FFT_aux: 49.9414 / 15503 = 0.0032214   [/home/user/order4-artifact/src/HElib_auxradix_opt/src/CModulus.cpp:360]
  FFT_remainder: 12.2966 / 15503 = 0.000793173   [/home/user/order4-artifact/src/HElib_auxradix_opt/src/CModulus.cpp:455]
  KS_loop: 15.1374 / 645 = 0.0234688   [/home/user/order4-artifact/src/HElib_auxradix_opt/src/Ctxt.cpp:219]
  KS_loop_1: 2.54197 / 645 = 0.00394104   [/home/user/order4-artifact/src/HElib_auxradix_opt/src/Ctxt.cpp:227]
  KS_loop_2: 1.81415 / 645 = 0.00281263   [/home/user/order4-artifact/src/HElib_auxradix_opt/src/Ctxt.cpp:231]
  KS_loop_3: 2.59737 / 645 = 0.00402693   [/home/user/order4-artifact/src/HElib_auxradix_opt/src/Ctxt.cpp:236]
  KS_loop_4: 0.913298 / 645 = 0.00141597   [/home/user/order4-artifact/src/HElib_auxradix_opt/src/Ctxt.cpp:240]
  NORM_VAL: 1.22911 / 241 = 0.00510004   [/home/user/order4-artifact/src/HElib_auxradix_opt/src/DoubleCRT.cpp:541]
  addCtxt: 15.5672 / 1628 = 0.00956216   [/home/user/order4-artifact/src/HElib_auxradix_opt/src/Ctxt.cpp:1529]
  addPart: 3.92114 / 1600 = 0.00245071   [/home/user/order4-artifact/src/HElib_auxradix_opt/src/Ctxt.cpp:976]
  addPrimes: 33.2006 / 242 = 0.137192   [/home/user/order4-artifact/src/HElib_auxradix_opt/src/DoubleCRT.cpp:625]
  addPrimes_5: 34.9216 / 241 = 0.144903   [/home/user/order4-artifact/src/HElib_auxradix_opt/src/DoubleCRT.cpp:518]
  automorph: 14.0531 / 179 = 0.0785092   [/home/user/order4-artifact/src/HElib_auxradix_opt/src/matmul.cpp:148]
  automorph: 0.077824 / 24 = 0.00324267   [/home/user/order4-artifact/src/HElib_auxradix_opt/src/Ctxt.cpp:2560]
  breakIntoDigits: 35.119 / 87 = 0.403666   [/home/user/order4-artifact/src/HElib_auxradix_opt/src/DoubleCRT.cpp:481]
  decode: 12.8609 / 1 = 12.8609   [/home/user/order4-artifact/src/HElib_auxradix_opt/src/EncryptedArray.cpp:375]
  do_mul: 7.78854 / 2295 = 0.0033937   [/home/user/order4-artifact/src/HElib_auxradix_opt/src/DoubleCRT.cpp:280]
  extractDigitsThin: 121.249 / 1 = 121.249   [/home/user/order4-artifact/src/HElib_auxradix_opt/src/recryption.cpp:1597]
  iFFT: 32.914 / 6501 = 0.00506292   [/home/user/order4-artifact/src/HElib_auxradix_opt/src/CModulus.cpp:488]
  iFFT_division: 11.9911 / 6501 = 0.0018445   [/home/user/order4-artifact/src/HElib_auxradix_opt/src/CModulus.cpp:570]
  keySwitchPart: 37.4665 / 80 = 0.468331   [/home/user/order4-artifact/src/HElib_auxradix_opt/src/Ctxt.cpp:907]
  modDownToSet: 79.4863 / 259 = 0.306897   [/home/user/order4-artifact/src/HElib_auxradix_opt/src/Ctxt.cpp:409]
  mul_MatMul1DExec: 33.4795 / 6 = 5.57991   [/home/user/order4-artifact/src/HElib_auxradix_opt/src/matmul.cpp:1155]
  multByConstant: 1.86586 / 352 = 0.00530072   [/home/user/order4-artifact/src/HElib_auxradix_opt/src/Ctxt.cpp:1955]
  multByConstant: 0.091774 / 1 = 0.091774   [/home/user/order4-artifact/src/HElib_auxradix_opt/src/Ctxt.cpp:1981]
  multLowLvl: 51.585 / 75 = 0.6878   [/home/user/order4-artifact/src/HElib_auxradix_opt/src/Ctxt.cpp:1804]
  multiplyBy: 48.1386 / 32 = 1.50433   [/home/user/order4-artifact/src/HElib_auxradix_opt/src/Ctxt.cpp:1880]
  privateAssign: 3.52325 / 889 = 0.00396317   [/home/user/order4-artifact/src/HElib_auxradix_opt/src/Ctxt.cpp:329]
  randomize: 6.08505 / 645 = 0.00943418   [/home/user/order4-artifact/src/HElib_auxradix_opt/src/DoubleCRT.cpp:1318]
  randomize_stream: 3.41444 / 3698934 = 9.23086e-07   [/home/user/order4-artifact/src/HElib_auxradix_opt/src/DoubleCRT.cpp:1348]
  reLinearize: 60.6014 / 144 = 0.420843   [/home/user/order4-artifact/src/HElib_auxradix_opt/src/Ctxt.cpp:736]
  smartAutomorph: 9.52296 / 24 = 0.39679   [/home/user/order4-artifact/src/HElib_auxradix_opt/src/Ctxt.cpp:2585]
  thinReCrypt: 160.691 / 1 = 160.691   [/home/user/order4-artifact/src/HElib_auxradix_opt/src/recryption.cpp:1872]
  toPoly: 43.7453 / 765 = 0.0571834   [/home/user/order4-artifact/src/HElib_auxradix_opt/src/DoubleCRT.cpp:985]
  toPoly_CRT: 7.57952 / 765 = 0.00990787   [/home/user/order4-artifact/src/HElib_auxradix_opt/src/DoubleCRT.cpp:1052]
  toPoly_FFT: 35.6927 / 765 = 0.0466571   [/home/user/order4-artifact/src/HElib_auxradix_opt/src/DoubleCRT.cpp:1030]
  rusage.ru_maxrss=8847952
||||| stats |||||
KS-noise-ratio ave=2.22738 max=97.3905
KS-noise-ratio-hoist ave=561031 max=4.48823e+06
break-into-digits-ratio ave=0.320316 max=0.415879
excess-ctxtPrimes ave=11.6528 max=11.6528
excess-specialPrimes ave=0.654405 max=0.654405
mod-switch-added-noise ave=0.324105 max=0.387803
ptxt_rat_sk ave=0.00810859 max=0.00810859
ptxt_rat_sk ave=0.329056 max=0.329056
raw-mod-switch-noise ave=0.324714 max=0.324714
window1-nchoices ave=2.4 max=3
window1-out ave=0 max=0
window2-nchoices ave=3.41429 max=6
window2-out ave=0 max=0
||||| stats |||||
KS-noise-ratio ave=2.22738 max=97.3905
KS-noise-ratio-hoist ave=561031 max=4.48823e+06
break-into-digits-ratio ave=0.320316 max=0.415879
excess-ctxtPrimes ave=11.6528 max=11.6528
excess-specialPrimes ave=0.654405 max=0.654405
mod-switch-added-noise ave=0.324105 max=0.387803
ptxt_rat_sk ave=0.00810859 max=0.00810859
ptxt_rat_sk ave=0.329056 max=0.329056
raw-mod-switch-noise ave=0.324714 max=0.324714
window1-nchoices ave=2.4 max=3
window1-out ave=0 max=0
window2-nchoices ave=3.41429 max=6
window2-out ave=0 max=0
