chosen idx = 13
encapHwt = 12
t for new bts is -1
new bts ? 1
new ks ? 1
thick bts ?0
repeat times = 3
force bsgs = 0
force hoist = 0
*** GTestFatboot: p=15377, r=1, bits=760, t=0, c=3, m=19679 mvec=[11 1789], gens=[14313 3587], ords=[10 447]
Computing key-independent tables...using HELIB_EXPLICIT_AUX=124

t = -1
bound on I = 15.751137
log2(aux) = 6.954196
log2(beta) = 27.641707
log2(qks) >= 37.283701, final log2(qks) = 37.283706
log2(R) >= 26.460321, final log2(R) = 26.460357
INFO: total bits = 1055.22, security level = 60.0088deg of poly for non-power-of-p aux is 1087
security=60.0088
# small primes = 6
# ctxt primes = 13
# bits in ctxt primes = 766
# special primes = 5
# bits in special primes = 289
scale=10
 done in 74.4454 seconds
  e=0, e'=0, t=12
  m = 19679, p = 15377, phi(m) = 17880
  ord(p) = 4
  normBnd = 1.6101
  polyNormBnd = 3.16163
  factors = [11 1789]
  generator 14313 has order (== Z_m^*) of 10
  generator 3587 has order (== Z_m^*) of 447
r = 1
nslots = 4470
hwt = 120
ctxtPrimes = [6,7,8,9,10,11,12,13,14,15,16,17,18]
specialPrimes = [23,24,25,26,27]
number of bits = 1056

security level = 60.0088
Generating keys, Keys generated. Now genRecryptData...
computing key-dependent tables...Sparse boot key hwt = 12
genRecryptData done. recryptKeyID=1
lcAksBsgs=0 lcAksDelayed=0
Post-key setup done.
 done in 7.63217 seconds
Encrypt succeeded.
WARNING: KS-noise-ratio = 7.18787 > 1
WARNING: KS-noise-ratio = 5.16636 > 1
WARNING: KS-noise-ratio = 4.11858 > 1
WARNING: KS-noise-ratio = 6.06102 > 1
WARNING: KS-noise-ratio = 6.37831 > 1
WARNING: KS-noise-ratio = 5.727 > 1
WARNING: KS-noise-ratio = 6.99023 > 1
WARNING: KS-noise-ratio = 7.36989 > 1
WARNING: KS-noise-ratio = 8.34124 > 1
WARNING: KS-noise-ratio = 8.40798 > 1
WARNING: KS-noise-ratio = 8.42499 > 1
WARNING: KS-noise-ratio = 6.04811 > 1
WARNING: KS-noise-ratio = 7.75695 > 1
HELIB_AUX_ORDER4_EVAL enabled: deg(P)=1087, terms(P)=272, deg(Q)=271, terms(Q)=271
time for linear1 = 2.096868, linear2 = 14.478377, extract = 15.183249, total = 32.313093
bits for linear1 = 54.886798, linear2 = 56.565196, extract = 354.042453, min cap = 9.641998, after cap = 309.851724, after prod = 720.459374
cap / time = 7.592060
WARNING: KS-noise-ratio = 6.47693 > 1
WARNING: KS-noise-ratio = 4.88755 > 1
WARNING: KS-noise-ratio = 4.65305 > 1
WARNING: KS-noise-ratio = 6.31606 > 1
WARNING: KS-noise-ratio = 4.72865 > 1
WARNING: KS-noise-ratio = 4.92317 > 1
WARNING: KS-noise-ratio = 6.65974 > 1
WARNING: KS-noise-ratio = 7.2955 > 1
WARNING: KS-noise-ratio = 8.44591 > 1
WARNING: KS-noise-ratio = 7.73717 > 1
WARNING: KS-noise-ratio = 8.01711 > 1
WARNING: KS-noise-ratio = 6.09046 > 1
WARNING: KS-noise-ratio = 9.34555 > 1
time for linear1 = 2.128672, linear2 = 14.346084, extract = 15.203737, total = 32.315281
bits for linear1 = 54.934989, linear2 = 56.598778, extract = 354.096831, min cap = 9.641998, after cap = 309.706124, after prod = 720.401733
cap / time = 7.585549
WARNING: KS-noise-ratio = 1.04445 > 1
WARNING: KS-noise-ratio = 9.04284 > 1
WARNING: KS-noise-ratio = 6.31111 > 1
WARNING: KS-noise-ratio = 5.22246 > 1
WARNING: KS-noise-ratio = 5.32083 > 1
WARNING: KS-noise-ratio = 5.20634 > 1
WARNING: KS-noise-ratio = 5.3423 > 1
WARNING: KS-noise-ratio = 8.08498 > 1
WARNING: KS-noise-ratio = 6.98338 > 1
WARNING: KS-noise-ratio = 7.85587 > 1
WARNING: KS-noise-ratio = 8.07248 > 1
WARNING: KS-noise-ratio = 8.2536 > 1
WARNING: KS-noise-ratio = 5.62295 > 1
WARNING: KS-noise-ratio = 8.69762 > 1
time for linear1 = 2.094668, linear2 = 14.313461, extract = 15.227822, total = 32.270194
bits for linear1 = 54.997548, linear2 = 56.588179, extract = 354.048626, min cap = 9.641998, after cap = 309.748133, after prod = 720.384938
cap / time = 7.595510

### summary over 3 test
time for linear1 = 2.106736, linear2 = 14.379307, extract = 15.204936, total = 32.299523
bits for linear1 = 54.939778, linear2 = 56.584051, extract = 354.062637, min cap = 9.641998, after cap = 309.768661, after prod = 720.415349
cap / time = 7.591037


### bts finished, everything ok ###

  AAA_bootKeySwitch: 23.0605 / 3 = 7.68682   [/home/luck/xzy/0424project/github_order4_cleaner/src/HElib_auxradix_opt/src/recryption.cpp:1968]
  AAA_coeffToSlot: 21.4526 / 3 = 7.15088   [/home/luck/xzy/0424project/github_order4_cleaner/src/HElib_auxradix_opt/src/recryption.cpp:2396]
  AAA_embeddingLargest: 0.805056 / 843 = 0.000954989   [/home/luck/xzy/0424project/github_order4_cleaner/src/HElib_auxradix_opt/src/norms.cpp:250]
  AAA_embeddingLargest_x2: 0.51676 / 536 = 0.000964104   [/home/luck/xzy/0424project/github_order4_cleaner/src/HElib_auxradix_opt/src/norms.cpp:423]
  AAA_extractDigitsThin: 45.6141 / 3 = 15.2047   [/home/luck/xzy/0424project/github_order4_cleaner/src/HElib_auxradix_opt/src/recryption.cpp:2447]
  AAA_modDownEnbeddings: 0.585776 / 536 = 0.00109287   [/home/luck/xzy/0424project/github_order4_cleaner/src/HElib_auxradix_opt/src/Ctxt.cpp:506]
  AAA_slotToCoeff: 6.32012 / 3 = 2.10671   [/home/luck/xzy/0424project/github_order4_cleaner/src/HElib_auxradix_opt/src/recryption.cpp:1954]
  BasicAutomorphPrecon: 2.89923 / 24 = 0.120801   [/home/luck/xzy/0424project/github_order4_cleaner/src/HElib_auxradix_opt/src/matmul.cpp:90]
  BluesteinFFT: 41.5018 / 29955 = 0.00138547   [/home/luck/xzy/0424project/github_order4_cleaner/src/HElib_auxradix_opt/src/bluestein.cpp:141]
  Decrypt: 0.461714 / 3 = 0.153905   [/home/luck/xzy/0424project/github_order4_cleaner/src/HElib_auxradix_opt/src/keys.cpp:1362]
  DoubleCRT: 19.7673 / 1177 = 0.0167946   [/home/luck/xzy/0424project/github_order4_cleaner/src/HElib_auxradix_opt/src/DoubleCRT.cpp:718]
  FFT: 29.0674 / 20182 = 0.00144026   [/home/luck/xzy/0424project/github_order4_cleaner/src/HElib_auxradix_opt/src/CModulus.cpp:479]
  FFT: 34.9335 / 1915 = 0.018242   [/home/luck/xzy/0424project/github_order4_cleaner/src/HElib_auxradix_opt/src/DoubleCRT.cpp:70]
  FFT: 34.9247 / 20182 = 0.00173049   [/home/luck/xzy/0424project/github_order4_cleaner/src/HElib_auxradix_opt/src/CModulus.cpp:448]
  FFT_aux: 29.0577 / 20182 = 0.00143978   [/home/luck/xzy/0424project/github_order4_cleaner/src/HElib_auxradix_opt/src/CModulus.cpp:360]
  FFT_remainder: 5.8477 / 20182 = 0.000289748   [/home/luck/xzy/0424project/github_order4_cleaner/src/HElib_auxradix_opt/src/CModulus.cpp:455]
  KS_loop: 7.4459 / 1368 = 0.00544291   [/home/luck/xzy/0424project/github_order4_cleaner/src/HElib_auxradix_opt/src/Ctxt.cpp:219]
  KS_loop_1: 1.37968 / 1368 = 0.00100854   [/home/luck/xzy/0424project/github_order4_cleaner/src/HElib_auxradix_opt/src/Ctxt.cpp:227]
  KS_loop_2: 0.704469 / 1368 = 0.000514963   [/home/luck/xzy/0424project/github_order4_cleaner/src/HElib_auxradix_opt/src/Ctxt.cpp:231]
  KS_loop_3: 1.42651 / 1368 = 0.00104277   [/home/luck/xzy/0424project/github_order4_cleaner/src/HElib_auxradix_opt/src/Ctxt.cpp:236]
  KS_loop_4: 0.360817 / 1368 = 0.000263755   [/home/luck/xzy/0424project/github_order4_cleaner/src/HElib_auxradix_opt/src/Ctxt.cpp:240]
  NORM_VAL: 1.33819 / 735 = 0.00182067   [/home/luck/xzy/0424project/github_order4_cleaner/src/HElib_auxradix_opt/src/DoubleCRT.cpp:541]
  addConstant: 0.067562 / 60 = 0.00112603   [/home/luck/xzy/0424project/github_order4_cleaner/src/HElib_auxradix_opt/src/Ctxt.cpp:2268]
  addCtxt: 4.97544 / 5139 = 0.000968173   [/home/luck/xzy/0424project/github_order4_cleaner/src/HElib_auxradix_opt/src/Ctxt.cpp:1529]
  addPart: 1.45158 / 3465 = 0.000418926   [/home/luck/xzy/0424project/github_order4_cleaner/src/HElib_auxradix_opt/src/Ctxt.cpp:976]
  addPrimes: 25.8358 / 738 = 0.0350078   [/home/luck/xzy/0424project/github_order4_cleaner/src/HElib_auxradix_opt/src/DoubleCRT.cpp:625]
  addPrimes_5: 27.549 / 735 = 0.0374816   [/home/luck/xzy/0424project/github_order4_cleaner/src/HElib_auxradix_opt/src/DoubleCRT.cpp:518]
  automorph: 4.98869 / 306 = 0.0163029   [/home/luck/xzy/0424project/github_order4_cleaner/src/HElib_auxradix_opt/src/matmul.cpp:148]
  automorph: 0.109281 / 180 = 0.000607117   [/home/luck/xzy/0424project/github_order4_cleaner/src/HElib_auxradix_opt/src/Ctxt.cpp:2560]
  breakIntoDigits: 27.6704 / 300 = 0.0922347   [/home/luck/xzy/0424project/github_order4_cleaner/src/HElib_auxradix_opt/src/DoubleCRT.cpp:481]
  decode: 7.10461 / 3 = 2.3682   [/home/luck/xzy/0424project/github_order4_cleaner/src/HElib_auxradix_opt/src/EncryptedArray.cpp:375]
  do_mul: 8.12874 / 11451 = 0.000709872   [/home/luck/xzy/0424project/github_order4_cleaner/src/HElib_auxradix_opt/src/DoubleCRT.cpp:280]
  extractDigitsThin: 45.6141 / 3 = 15.2047   [/home/luck/xzy/0424project/github_order4_cleaner/src/HElib_auxradix_opt/src/recryption.cpp:1597]
  iFFT: 23.9996 / 9773 = 0.00245571   [/home/luck/xzy/0424project/github_order4_cleaner/src/HElib_auxradix_opt/src/CModulus.cpp:488]
  iFFT_division: 9.87013 / 9773 = 0.00100994   [/home/luck/xzy/0424project/github_order4_cleaner/src/HElib_auxradix_opt/src/CModulus.cpp:570]
  keySwitchPart: 29.1248 / 279 = 0.10439   [/home/luck/xzy/0424project/github_order4_cleaner/src/HElib_auxradix_opt/src/Ctxt.cpp:907]
  modDownToSet: 46.2748 / 720 = 0.0642705   [/home/luck/xzy/0424project/github_order4_cleaner/src/HElib_auxradix_opt/src/Ctxt.cpp:409]
  mul_MatMul1DExec: 47.7667 / 18 = 2.6537   [/home/luck/xzy/0424project/github_order4_cleaner/src/HElib_auxradix_opt/src/matmul.cpp:1155]
  multByConstant: 5.04941 / 4116 = 0.00122678   [/home/luck/xzy/0424project/github_order4_cleaner/src/HElib_auxradix_opt/src/Ctxt.cpp:1955]
  multByConstant: 0.074001 / 3 = 0.024667   [/home/luck/xzy/0424project/github_order4_cleaner/src/HElib_auxradix_opt/src/Ctxt.cpp:1981]
  multLowLvl: 20.9962 / 120 = 0.174968   [/home/luck/xzy/0424project/github_order4_cleaner/src/HElib_auxradix_opt/src/Ctxt.cpp:1804]
  multiplyBy: 22.2007 / 63 = 0.352392   [/home/luck/xzy/0424project/github_order4_cleaner/src/HElib_auxradix_opt/src/Ctxt.cpp:1880]
  privateAssign: 0.923608 / 1455 = 0.000634782   [/home/luck/xzy/0424project/github_order4_cleaner/src/HElib_auxradix_opt/src/Ctxt.cpp:329]
  randomize: 3.1767 / 1368 = 0.00232215   [/home/luck/xzy/0424project/github_order4_cleaner/src/HElib_auxradix_opt/src/DoubleCRT.cpp:1318]
  randomize_stream: 1.78995 / 1844091 = 9.70642e-07   [/home/luck/xzy/0424project/github_order4_cleaner/src/HElib_auxradix_opt/src/DoubleCRT.cpp:1348]
  reLinearize: 39.2673 / 564 = 0.0696228   [/home/luck/xzy/0424project/github_order4_cleaner/src/HElib_auxradix_opt/src/Ctxt.cpp:736]
  smartAutomorph: 19.0423 / 180 = 0.105791   [/home/luck/xzy/0424project/github_order4_cleaner/src/HElib_auxradix_opt/src/Ctxt.cpp:2585]
  thinReCrypt: 96.9021 / 3 = 32.3007   [/home/luck/xzy/0424project/github_order4_cleaner/src/HElib_auxradix_opt/src/recryption.cpp:1872]
  toPoly: 31.6004 / 1912 = 0.0165274   [/home/luck/xzy/0424project/github_order4_cleaner/src/HElib_auxradix_opt/src/DoubleCRT.cpp:985]
  toPoly_CRT: 5.55392 / 1912 = 0.00290477   [/home/luck/xzy/0424project/github_order4_cleaner/src/HElib_auxradix_opt/src/DoubleCRT.cpp:1052]
  toPoly_FFT: 25.6367 / 1912 = 0.0134083   [/home/luck/xzy/0424project/github_order4_cleaner/src/HElib_auxradix_opt/src/DoubleCRT.cpp:1030]
  rusage.ru_maxrss=4524296
||||| stats |||||
KS-noise-ratio ave=0.955268 max=9.34555
KS-noise-ratio-hoist ave=17132.6 max=144061
break-into-digits-ratio ave=0.306964 max=0.391476
excess-ctxtPrimes ave=5.72682 max=5.72682
excess-specialPrimes ave=5.16282 max=5.16282
mod-switch-added-noise ave=0.309793 max=0.381988
ptxt_rat_sk ave=0.00180548 max=0.00180548
ptxt_rat_sk ave=0.316932 max=0.316932
raw-mod-switch-noise ave=0.308597 max=0.316354
window1-nchoices ave=5 max=6
window1-out ave=0 max=0
window2-nchoices ave=5.03922 max=8
window2-out ave=0 max=0
||||| stats |||||
KS-noise-ratio ave=0.955268 max=9.34555
KS-noise-ratio-hoist ave=17132.6 max=144061
break-into-digits-ratio ave=0.306964 max=0.391476
excess-ctxtPrimes ave=5.72682 max=5.72682
excess-specialPrimes ave=5.16282 max=5.16282
mod-switch-added-noise ave=0.309793 max=0.381988
ptxt_rat_sk ave=0.00180548 max=0.00180548
ptxt_rat_sk ave=0.316932 max=0.316932
raw-mod-switch-noise ave=0.308597 max=0.316354
window1-nchoices ave=5 max=6
window1-out ave=0 max=0
window2-nchoices ave=5.03922 max=8
window2-out ave=0 max=0
