chosen idx = 11
encapHwt = 12
t for new bts is -1
new bts ? 1
new ks ? 1
thick bts ?0
repeat times = 3
force bsgs = 0
force hoist = 0
*** GTestFatboot: p=2521, r=1, bits=760, t=0, c=3, m=50731 mvec=[97 523], gens=[48117 5239], ords=[96 29]
Computing key-independent tables...using HELIB_EXPLICIT_AUX=71

t = -1
bound on I = 16.402088
log2(aux) = 6.149747
log2(beta) = 25.846574
log2(qks) >= 34.693578, final log2(qks) = 34.693680
log2(R) >= 26.965210, final log2(R) = 26.969316
INFO: total bits = 1055.05, security level = 134.028deg of poly for non-power-of-p aux is 1223
security=134.028
# small primes = 6
# ctxt primes = 13
# bits in ctxt primes = 766
# special primes = 5
# bits in special primes = 289
scale=10
 done in 202.651 seconds
  e=0, e'=0, t=12
  m = 50731, p = 2521, phi(m) = 50112
  ord(p) = 18
  normBnd = 1.62099
  polyNormBnd = 5.6346
  factors = [97 523]
  generator 48117 has order (== Z_m^*) of 96
  generator 5239 has order (== Z_m^*) of 29
r = 1
nslots = 2784
hwt = 120
ctxtPrimes = [6,7,8,9,10,11,12,13,14,15,16,17,18]
specialPrimes = [23,24,25,26,27]
number of bits = 1056

security level = 134.028
Generating keys, Keys generated. Now genRecryptData...
computing key-dependent tables...Sparse boot key hwt = 12
genRecryptData done. recryptKeyID=1
lcAksBsgs=0 lcAksDelayed=0
Post-key setup done.
 done in 23.8664 seconds
Encrypt succeeded.
WARNING: KS-noise-ratio = 7.83633 > 1
time for linear1 = 3.311592, linear2 = 23.257338, extract = 80.840838, total = 108.900178
bits for linear1 = 47.510907, linear2 = 52.216640, extract = 293.814416, min cap = 8.847106, after cap = 375.502867, after prod = 721.533922
cap / time = 2.930618
WARNING: KS-noise-ratio = 1.0493 > 1
WARNING: KS-noise-ratio = 6.52822 > 1
time for linear1 = 3.095646, linear2 = 23.143814, extract = 80.449735, total = 108.372701
bits for linear1 = 47.510907, linear2 = 52.179169, extract = 293.929943, min cap = 8.847106, after cap = 375.319881, after prod = 721.428993
cap / time = 2.943194
WARNING: KS-noise-ratio = 9.02009 > 1
time for linear1 = 3.102917, linear2 = 23.180974, extract = 80.713576, total = 108.681962
bits for linear1 = 47.510907, linear2 = 52.187995, extract = 293.877112, min cap = 8.847106, after cap = 375.422550, after prod = 721.487656
cap / time = 2.935764

### summary over 3 test
time for linear1 = 3.170052, linear2 = 23.194042, extract = 80.668050, total = 108.651614
bits for linear1 = 47.510907, linear2 = 52.194601, extract = 293.873824, min cap = 8.847106, after cap = 375.415099, after prod = 721.483524
cap / time = 2.936515


### bts finished, everything ok ###

  AAA_bootKeySwitch: 38.7571 / 3 = 12.919   [/home/luck/xzy/0424project/github_order4_cleaner/src/HElib_auxradix_opt/src/recryption.cpp:1968]
  AAA_coeffToSlot: 34.5217 / 3 = 11.5072   [/home/luck/xzy/0424project/github_order4_cleaner/src/HElib_auxradix_opt/src/recryption.cpp:2396]
  AAA_embeddingLargest: 2.39033 / 867 = 0.00275701   [/home/luck/xzy/0424project/github_order4_cleaner/src/HElib_auxradix_opt/src/norms.cpp:250]
  AAA_embeddingLargest_x2: 1.92254 / 728 = 0.00264086   [/home/luck/xzy/0424project/github_order4_cleaner/src/HElib_auxradix_opt/src/norms.cpp:423]
  AAA_extractDigitsThin: 242.001 / 3 = 80.6669   [/home/luck/xzy/0424project/github_order4_cleaner/src/HElib_auxradix_opt/src/recryption.cpp:2447]
  AAA_modDownEnbeddings: 2.27012 / 728 = 0.00311829   [/home/luck/xzy/0424project/github_order4_cleaner/src/HElib_auxradix_opt/src/Ctxt.cpp:506]
  AAA_slotToCoeff: 9.51005 / 3 = 3.17002   [/home/luck/xzy/0424project/github_order4_cleaner/src/HElib_auxradix_opt/src/recryption.cpp:1954]
  BasicAutomorphPrecon: 7.76279 / 24 = 0.32345   [/home/luck/xzy/0424project/github_order4_cleaner/src/HElib_auxradix_opt/src/matmul.cpp:90]
  BluesteinFFT: 141.244 / 38230 = 0.0036946   [/home/luck/xzy/0424project/github_order4_cleaner/src/HElib_auxradix_opt/src/bluestein.cpp:141]
  Decrypt: 1.14918 / 3 = 0.383061   [/home/luck/xzy/0424project/github_order4_cleaner/src/HElib_auxradix_opt/src/keys.cpp:1362]
  DoubleCRT: 78.8907 / 1630 = 0.0483992   [/home/luck/xzy/0424project/github_order4_cleaner/src/HElib_auxradix_opt/src/DoubleCRT.cpp:718]
  FFT: 118.364 / 25217 = 0.0046938   [/home/luck/xzy/0424project/github_order4_cleaner/src/HElib_auxradix_opt/src/CModulus.cpp:448]
  FFT: 118.377 / 2323 = 0.0509588   [/home/luck/xzy/0424project/github_order4_cleaner/src/HElib_auxradix_opt/src/DoubleCRT.cpp:70]
  FFT: 97.4458 / 25217 = 0.00386429   [/home/luck/xzy/0424project/github_order4_cleaner/src/HElib_auxradix_opt/src/CModulus.cpp:479]
  FFT_aux: 97.4266 / 25217 = 0.00386353   [/home/luck/xzy/0424project/github_order4_cleaner/src/HElib_auxradix_opt/src/CModulus.cpp:360]
  FFT_remainder: 20.9025 / 25217 = 0.000828904   [/home/luck/xzy/0424project/github_order4_cleaner/src/HElib_auxradix_opt/src/CModulus.cpp:455]
  KS_loop: 27.9692 / 1764 = 0.0158555   [/home/luck/xzy/0424project/github_order4_cleaner/src/HElib_auxradix_opt/src/Ctxt.cpp:219]
  KS_loop_1: 5.16261 / 1764 = 0.00292665   [/home/luck/xzy/0424project/github_order4_cleaner/src/HElib_auxradix_opt/src/Ctxt.cpp:227]
  KS_loop_2: 2.54446 / 1764 = 0.00144244   [/home/luck/xzy/0424project/github_order4_cleaner/src/HElib_auxradix_opt/src/Ctxt.cpp:231]
  KS_loop_3: 5.34112 / 1764 = 0.00302785   [/home/luck/xzy/0424project/github_order4_cleaner/src/HElib_auxradix_opt/src/Ctxt.cpp:236]
  KS_loop_4: 1.62069 / 1764 = 0.00091876   [/home/luck/xzy/0424project/github_order4_cleaner/src/HElib_auxradix_opt/src/Ctxt.cpp:240]
  NORM_VAL: 3.66922 / 690 = 0.00531771   [/home/luck/xzy/0424project/github_order4_cleaner/src/HElib_auxradix_opt/src/DoubleCRT.cpp:541]
  addCtxt: 17.6269 / 4971 = 0.00354594   [/home/luck/xzy/0424project/github_order4_cleaner/src/HElib_auxradix_opt/src/Ctxt.cpp:1529]
  addPart: 5.93772 / 4383 = 0.00135472   [/home/luck/xzy/0424project/github_order4_cleaner/src/HElib_auxradix_opt/src/Ctxt.cpp:976]
  addPrimes: 64.9859 / 693 = 0.0937748   [/home/luck/xzy/0424project/github_order4_cleaner/src/HElib_auxradix_opt/src/DoubleCRT.cpp:625]
  addPrimes_5: 69.7538 / 690 = 0.101092   [/home/luck/xzy/0424project/github_order4_cleaner/src/HElib_auxradix_opt/src/DoubleCRT.cpp:518]
  automorph: 24.4632 / 471 = 0.0519387   [/home/luck/xzy/0424project/github_order4_cleaner/src/HElib_auxradix_opt/src/matmul.cpp:148]
  automorph: 0.142961 / 63 = 0.00226922   [/home/luck/xzy/0424project/github_order4_cleaner/src/HElib_auxradix_opt/src/Ctxt.cpp:2560]
  breakIntoDigits: 70.0752 / 252 = 0.278076   [/home/luck/xzy/0424project/github_order4_cleaner/src/HElib_auxradix_opt/src/DoubleCRT.cpp:481]
  decode: 49.6821 / 3 = 16.5607   [/home/luck/xzy/0424project/github_order4_cleaner/src/HElib_auxradix_opt/src/EncryptedArray.cpp:375]
  do_mul: 16.4449 / 6687 = 0.00245923   [/home/luck/xzy/0424project/github_order4_cleaner/src/HElib_auxradix_opt/src/DoubleCRT.cpp:280]
  extractDigitsThin: 242.001 / 3 = 80.6669   [/home/luck/xzy/0424project/github_order4_cleaner/src/HElib_auxradix_opt/src/recryption.cpp:1597]
  iFFT: 74.9451 / 13013 = 0.00575925   [/home/luck/xzy/0424project/github_order4_cleaner/src/HElib_auxradix_opt/src/CModulus.cpp:488]
  iFFT_division: 24.5486 / 13013 = 0.00188647   [/home/luck/xzy/0424project/github_order4_cleaner/src/HElib_auxradix_opt/src/CModulus.cpp:570]
  keySwitchPart: 74.0747 / 231 = 0.32067   [/home/luck/xzy/0424project/github_order4_cleaner/src/HElib_auxradix_opt/src/Ctxt.cpp:907]
  modDownToSet: 181.478 / 795 = 0.228274   [/home/luck/xzy/0424project/github_order4_cleaner/src/HElib_auxradix_opt/src/Ctxt.cpp:409]
  mul_MatMul1DExec: 68.6762 / 18 = 3.81534   [/home/luck/xzy/0424project/github_order4_cleaner/src/HElib_auxradix_opt/src/matmul.cpp:1155]
  multByConstant: 0.197704 / 3 = 0.0659013   [/home/luck/xzy/0424project/github_order4_cleaner/src/HElib_auxradix_opt/src/Ctxt.cpp:1981]
  multByConstant: 4.39476 / 1128 = 0.00389606   [/home/luck/xzy/0424project/github_order4_cleaner/src/HElib_auxradix_opt/src/Ctxt.cpp:1955]
  multLowLvl: 112.78 / 225 = 0.501244   [/home/luck/xzy/0424project/github_order4_cleaner/src/HElib_auxradix_opt/src/Ctxt.cpp:1804]
  multiplyBy: 100.87 / 96 = 1.05073   [/home/luck/xzy/0424project/github_order4_cleaner/src/HElib_auxradix_opt/src/Ctxt.cpp:1880]
  privateAssign: 3.83786 / 1734 = 0.0022133   [/home/luck/xzy/0424project/github_order4_cleaner/src/HElib_auxradix_opt/src/Ctxt.cpp:329]
  randomize: 11.4947 / 1764 = 0.00651629   [/home/luck/xzy/0424project/github_order4_cleaner/src/HElib_auxradix_opt/src/DoubleCRT.cpp:1318]
  randomize_stream: 6.449 / 6689880 = 9.63994e-07   [/home/luck/xzy/0424project/github_order4_cleaner/src/HElib_auxradix_opt/src/DoubleCRT.cpp:1348]
  reLinearize: 125.247 / 450 = 0.278328   [/home/luck/xzy/0424project/github_order4_cleaner/src/HElib_auxradix_opt/src/Ctxt.cpp:736]
  smartAutomorph: 18.086 / 63 = 0.28708   [/home/luck/xzy/0424project/github_order4_cleaner/src/HElib_auxradix_opt/src/Ctxt.cpp:2585]
  thinReCrypt: 325.964 / 3 = 108.655   [/home/luck/xzy/0424project/github_order4_cleaner/src/HElib_auxradix_opt/src/recryption.cpp:1872]
  toPoly: 105.907 / 2320 = 0.0456497   [/home/luck/xzy/0424project/github_order4_cleaner/src/HElib_auxradix_opt/src/DoubleCRT.cpp:985]
  toPoly_CRT: 20.8489 / 2320 = 0.00898662   [/home/luck/xzy/0424project/github_order4_cleaner/src/HElib_auxradix_opt/src/DoubleCRT.cpp:1052]
  toPoly_FFT: 83.3826 / 2320 = 0.0359408   [/home/luck/xzy/0424project/github_order4_cleaner/src/HElib_auxradix_opt/src/DoubleCRT.cpp:1030]
  rusage.ru_maxrss=6636368
||||| stats |||||
KS-noise-ratio ave=0.116296 max=9.02009
KS-noise-ratio-hoist ave=50027.5 max=404380
break-into-digits-ratio ave=0.321921 max=0.398407
excess-ctxtPrimes ave=5.62822 max=5.62822
excess-specialPrimes ave=1.84858 max=1.84858
mod-switch-added-noise ave=0.329261 max=0.396564
ptxt_rat_sk ave=0.000111496 max=0.000111496
ptxt_rat_sk ave=0.320042 max=0.320042
raw-mod-switch-noise ave=0.31807 max=0.325972
window1-nchoices ave=5.2 max=9
window1-out ave=0 max=0
window2-nchoices ave=4.61429 max=9
window2-out ave=0 max=0
||||| stats |||||
KS-noise-ratio ave=0.116296 max=9.02009
KS-noise-ratio-hoist ave=50027.5 max=404380
break-into-digits-ratio ave=0.321921 max=0.398407
excess-ctxtPrimes ave=5.62822 max=5.62822
excess-specialPrimes ave=1.84858 max=1.84858
mod-switch-added-noise ave=0.329261 max=0.396564
ptxt_rat_sk ave=0.000111496 max=0.000111496
ptxt_rat_sk ave=0.320042 max=0.320042
raw-mod-switch-noise ave=0.31807 max=0.325972
window1-nchoices ave=5.2 max=9
window1-out ave=0 max=0
window2-nchoices ave=4.61429 max=9
window2-out ave=0 max=0
