chosen idx = 9
encapHwt = 12
t for new bts is -1
new bts ? 1
new ks ? 1
thick bts ?0
repeat times = 3
force bsgs = 0
force hoist = 0
*** GTestFatboot: p=4513, r=1, bits=760, t=0, c=3, m=37637 mvec=[61 617], gens=[21596 32087], ords=[60 -154]
Computing key-independent tables...using HELIB_EXPLICIT_AUX=95

t = -1
bound on I = 16.355446
log2(aux) = 6.569856
log2(beta) = 26.447052
log2(qks) >= 35.714039, final log2(qks) = 35.714050
log2(R) >= 26.874053, final log2(R) = 26.881102
INFO: total bits = 1055.29, security level = 103.802deg of poly for non-power-of-p aux is 1223
security=103.802
# small primes = 6
# ctxt primes = 13
# bits in ctxt primes = 766
# special primes = 5
# bits in special primes = 289
scale=10
 done in 169.47 seconds
  e=0, e'=0, t=12
  m = 37637, p = 4513, phi(m) = 36960
  ord(p) = 4
  normBnd = 1.62078
  polyNormBnd = 4.94505
  factors = [61 617]
  generator 21596 has order (== Z_m^*) of 60
  generator 32087 has order (!!= Z_m^*) of 154
r = 1
nslots = 9240
hwt = 120
ctxtPrimes = [6,7,8,9,10,11,12,13,14,15,16,17,18]
specialPrimes = [23,24,25,26,27]
number of bits = 1056

security level = 103.802
Generating keys, Keys generated. Now genRecryptData...
computing key-dependent tables...Sparse boot key hwt = 12
genRecryptData done. recryptKeyID=1
lcAksBsgs=0 lcAksDelayed=0
Post-key setup done.
 done in 12.4115 seconds
Encrypt succeeded.
time for linear1 = 4.575966, linear2 = 29.194954, extract = 61.301601, total = 96.191531
bits for linear1 = 50.649786, linear2 = 52.606034, extract = 297.079240, min cap = 9.266998, after cap = 371.514403, after prod = 721.199678
cap / time = 3.239346
WARNING: KS-noise-ratio = 1.04249 > 1
time for linear1 = 4.540185, linear2 = 29.098283, extract = 61.065305, total = 95.996010
bits for linear1 = 50.669453, linear2 = 52.575078, extract = 297.271148, min cap = 9.266998, after cap = 371.227642, after prod = 721.073868
cap / time = 3.242751
time for linear1 = 4.593851, linear2 = 29.194026, extract = 61.506974, total = 96.579253
bits for linear1 = 50.744534, linear2 = 52.539575, extract = 298.051591, min cap = 9.266998, after cap = 370.451746, after prod = 721.042913
cap / time = 3.214357

### summary over 3 test
time for linear1 = 4.570001, linear2 = 29.162421, extract = 61.291293, total = 96.255598
bits for linear1 = 50.687924, linear2 = 52.573563, extract = 297.467326, min cap = 9.266998, after cap = 371.064597, after prod = 721.105486
cap / time = 3.232120


### bts finished, everything ok ###

  AAA_bootKeySwitch: 46.7408 / 3 = 15.5803   [/home/luck/xzy/0424project/github_order4_cleaner/src/HElib_auxradix_opt/src/recryption.cpp:1968]
  AAA_coeffToSlot: 43.5364 / 3 = 14.5121   [/home/luck/xzy/0424project/github_order4_cleaner/src/HElib_auxradix_opt/src/recryption.cpp:2396]
  AAA_embeddingLargest: 2.4774 / 1137 = 0.00217889   [/home/luck/xzy/0424project/github_order4_cleaner/src/HElib_auxradix_opt/src/norms.cpp:250]
  AAA_embeddingLargest_x2: 1.68848 / 797 = 0.00211854   [/home/luck/xzy/0424project/github_order4_cleaner/src/HElib_auxradix_opt/src/norms.cpp:423]
  AAA_extractDigitsThin: 183.872 / 3 = 61.2905   [/home/luck/xzy/0424project/github_order4_cleaner/src/HElib_auxradix_opt/src/recryption.cpp:2447]
  AAA_modDownEnbeddings: 1.95005 / 797 = 0.00244674   [/home/luck/xzy/0424project/github_order4_cleaner/src/HElib_auxradix_opt/src/Ctxt.cpp:506]
  AAA_slotToCoeff: 13.7098 / 3 = 4.56994   [/home/luck/xzy/0424project/github_order4_cleaner/src/HElib_auxradix_opt/src/recryption.cpp:1954]
  BasicAutomorphPrecon: 8.93894 / 33 = 0.270877   [/home/luck/xzy/0424project/github_order4_cleaner/src/HElib_auxradix_opt/src/matmul.cpp:90]
  BluesteinFFT: 124.865 / 44885 = 0.00278189   [/home/luck/xzy/0424project/github_order4_cleaner/src/HElib_auxradix_opt/src/bluestein.cpp:141]
  Decrypt: 0.897539 / 3 = 0.29918   [/home/luck/xzy/0424project/github_order4_cleaner/src/HElib_auxradix_opt/src/keys.cpp:1362]
  DoubleCRT: 63.5716 / 1765 = 0.0360179   [/home/luck/xzy/0424project/github_order4_cleaner/src/HElib_auxradix_opt/src/DoubleCRT.cpp:718]
  FFT: 86.795 / 29887 = 0.0029041   [/home/luck/xzy/0424project/github_order4_cleaner/src/HElib_auxradix_opt/src/CModulus.cpp:479]
  FFT: 104.935 / 2731 = 0.0384236   [/home/luck/xzy/0424project/github_order4_cleaner/src/HElib_auxradix_opt/src/DoubleCRT.cpp:70]
  FFT: 104.918 / 29887 = 0.00351049   [/home/luck/xzy/0424project/github_order4_cleaner/src/HElib_auxradix_opt/src/CModulus.cpp:448]
  FFT_aux: 86.7736 / 29887 = 0.00290339   [/home/luck/xzy/0424project/github_order4_cleaner/src/HElib_auxradix_opt/src/CModulus.cpp:360]
  FFT_remainder: 18.1054 / 29887 = 0.000605797   [/home/luck/xzy/0424project/github_order4_cleaner/src/HElib_auxradix_opt/src/CModulus.cpp:455]
  KS_loop: 18.4993 / 1596 = 0.0115911   [/home/luck/xzy/0424project/github_order4_cleaner/src/HElib_auxradix_opt/src/Ctxt.cpp:219]
  KS_loop_1: 3.34801 / 1596 = 0.00209775   [/home/luck/xzy/0424project/github_order4_cleaner/src/HElib_auxradix_opt/src/Ctxt.cpp:227]
  KS_loop_2: 1.89446 / 1596 = 0.00118701   [/home/luck/xzy/0424project/github_order4_cleaner/src/HElib_auxradix_opt/src/Ctxt.cpp:231]
  KS_loop_3: 3.47693 / 1596 = 0.00217853   [/home/luck/xzy/0424project/github_order4_cleaner/src/HElib_auxradix_opt/src/Ctxt.cpp:236]
  KS_loop_4: 1.02306 / 1596 = 0.000641016   [/home/luck/xzy/0424project/github_order4_cleaner/src/HElib_auxradix_opt/src/Ctxt.cpp:240]
  NORM_VAL: 3.89961 / 963 = 0.00404944   [/home/luck/xzy/0424project/github_order4_cleaner/src/HElib_auxradix_opt/src/DoubleCRT.cpp:541]
  addCtxt: 14.6664 / 7173 = 0.00204467   [/home/luck/xzy/0424project/github_order4_cleaner/src/HElib_auxradix_opt/src/Ctxt.cpp:1529]
  addPart: 4.07269 / 3999 = 0.00101843   [/home/luck/xzy/0424project/github_order4_cleaner/src/HElib_auxradix_opt/src/Ctxt.cpp:976]
  addPrimes: 69.5047 / 966 = 0.071951   [/home/luck/xzy/0424project/github_order4_cleaner/src/HElib_auxradix_opt/src/DoubleCRT.cpp:625]
  addPrimes_5: 74.5076 / 963 = 0.0773703   [/home/luck/xzy/0424project/github_order4_cleaner/src/HElib_auxradix_opt/src/DoubleCRT.cpp:518]
  automorph: 0.314584 / 171 = 0.00183967   [/home/luck/xzy/0424project/github_order4_cleaner/src/HElib_auxradix_opt/src/Ctxt.cpp:2560]
  automorph: 11.031 / 324 = 0.0340462   [/home/luck/xzy/0424project/github_order4_cleaner/src/HElib_auxradix_opt/src/matmul.cpp:148]
  breakIntoDigits: 74.8292 / 369 = 0.202789   [/home/luck/xzy/0424project/github_order4_cleaner/src/HElib_auxradix_opt/src/DoubleCRT.cpp:481]
  decode: 30.6741 / 3 = 10.2247   [/home/luck/xzy/0424project/github_order4_cleaner/src/HElib_auxradix_opt/src/EncryptedArray.cpp:375]
  do_mul: 19.5225 / 10707 = 0.00182334   [/home/luck/xzy/0424project/github_order4_cleaner/src/HElib_auxradix_opt/src/DoubleCRT.cpp:280]
  extractDigitsThin: 183.871 / 3 = 61.2905   [/home/luck/xzy/0424project/github_order4_cleaner/src/HElib_auxradix_opt/src/recryption.cpp:1597]
  iFFT: 71.4237 / 14998 = 0.00476222   [/home/luck/xzy/0424project/github_order4_cleaner/src/HElib_auxradix_opt/src/CModulus.cpp:488]
  iFFT_division: 27.5121 / 14998 = 0.00183439   [/home/luck/xzy/0424project/github_order4_cleaner/src/HElib_auxradix_opt/src/CModulus.cpp:570]
  keySwitchPart: 78.8828 / 339 = 0.232693   [/home/luck/xzy/0424project/github_order4_cleaner/src/HElib_auxradix_opt/src/Ctxt.cpp:907]
  modDownToSet: 150.809 / 876 = 0.172157   [/home/luck/xzy/0424project/github_order4_cleaner/src/HElib_auxradix_opt/src/Ctxt.cpp:409]
  mul_MatMul1DExec: 97.6969 / 18 = 5.4276   [/home/luck/xzy/0424project/github_order4_cleaner/src/HElib_auxradix_opt/src/matmul.cpp:1155]
  multByConstant: 11.5836 / 3306 = 0.00350381   [/home/luck/xzy/0424project/github_order4_cleaner/src/HElib_auxradix_opt/src/Ctxt.cpp:1955]
  multByConstant: 0.148466 / 3 = 0.0494887   [/home/luck/xzy/0424project/github_order4_cleaner/src/HElib_auxradix_opt/src/Ctxt.cpp:1981]
  multLowLvl: 87.2644 / 225 = 0.387842   [/home/luck/xzy/0424project/github_order4_cleaner/src/HElib_auxradix_opt/src/Ctxt.cpp:1804]
  multiplyBy: 74.9269 / 96 = 0.780488   [/home/luck/xzy/0424project/github_order4_cleaner/src/HElib_auxradix_opt/src/Ctxt.cpp:1880]
  privateAssign: 3.06935 / 1950 = 0.00157402   [/home/luck/xzy/0424project/github_order4_cleaner/src/HElib_auxradix_opt/src/Ctxt.cpp:329]
  randomize: 7.60223 / 1596 = 0.0047633   [/home/luck/xzy/0424project/github_order4_cleaner/src/HElib_auxradix_opt/src/DoubleCRT.cpp:1318]
  randomize_stream: 4.27161 / 4425672 = 9.65188e-07   [/home/luck/xzy/0424project/github_order4_cleaner/src/HElib_auxradix_opt/src/DoubleCRT.cpp:1348]
  reLinearize: 132.811 / 531 = 0.250115   [/home/luck/xzy/0424project/github_order4_cleaner/src/HElib_auxradix_opt/src/Ctxt.cpp:736]
  smartAutomorph: 52.1473 / 171 = 0.304955   [/home/luck/xzy/0424project/github_order4_cleaner/src/HElib_auxradix_opt/src/Ctxt.cpp:2585]
  thinReCrypt: 288.773 / 3 = 96.2578   [/home/luck/xzy/0424project/github_order4_cleaner/src/HElib_auxradix_opt/src/recryption.cpp:1872]
  toPoly: 97.1703 / 2728 = 0.0356196   [/home/luck/xzy/0424project/github_order4_cleaner/src/HElib_auxradix_opt/src/DoubleCRT.cpp:985]
  toPoly_CRT: 17.7454 / 2728 = 0.0065049   [/home/luck/xzy/0424project/github_order4_cleaner/src/HElib_auxradix_opt/src/DoubleCRT.cpp:1052]
  toPoly_FFT: 77.9628 / 2728 = 0.0285787   [/home/luck/xzy/0424project/github_order4_cleaner/src/HElib_auxradix_opt/src/DoubleCRT.cpp:1030]
  rusage.ru_maxrss=10952512
||||| stats |||||
KS-noise-ratio ave=0.00979525 max=1.04249
KS-noise-ratio-hoist ave=29695.7 max=334249
break-into-digits-ratio ave=0.319143 max=0.420837
excess-ctxtPrimes ave=5.85314 max=5.85314
excess-specialPrimes ave=2.75938 max=2.75938
mod-switch-added-noise ave=0.321929 max=0.400235
ptxt_rat_sk ave=0.000158795 max=0.000158795
ptxt_rat_sk ave=0.33728 max=0.33728
raw-mod-switch-noise ave=0.322856 max=0.333424
window1-nchoices ave=4.53333 max=8
window1-out ave=0 max=0
window2-nchoices ave=4.51905 max=9
window2-out ave=0 max=0
||||| stats |||||
KS-noise-ratio ave=0.00979525 max=1.04249
KS-noise-ratio-hoist ave=29695.7 max=334249
break-into-digits-ratio ave=0.319143 max=0.420837
excess-ctxtPrimes ave=5.85314 max=5.85314
excess-specialPrimes ave=2.75938 max=2.75938
mod-switch-added-noise ave=0.321929 max=0.400235
ptxt_rat_sk ave=0.000158795 max=0.000158795
ptxt_rat_sk ave=0.33728 max=0.33728
raw-mod-switch-noise ave=0.322856 max=0.333424
window1-nchoices ave=4.53333 max=8
window1-out ave=0 max=0
window2-nchoices ave=4.51905 max=9
window2-out ave=0 max=0
