chosen idx = 9
encapHwt = 12
t for new bts is -1
new bts ? 1
new ks ? 1
thick bts ?0
repeat times = 3
force bsgs = 0
force hoist = 0
*** GTestFatboot: p=4513, r=1, bits=760, t=0, c=3, m=37637 mvec=[61 617], gens=[21596 32087], ords=[60 -154]
Computing key-independent tables...using HELIB_EXPLICIT_AUX=95

t = -1
bound on I = 16.355446
log2(aux) = 6.569856
log2(beta) = 26.447052
log2(qks) >= 35.714039, final log2(qks) = 35.714050
log2(R) >= 26.874053, final log2(R) = 26.881102
INFO: total bits = 1055.29, security level = 103.802deg of poly for non-power-of-p aux is 1223
security=103.802
# small primes = 6
# ctxt primes = 13
# bits in ctxt primes = 766
# special primes = 5
# bits in special primes = 289
scale=10
 done in 170.357 seconds
  e=0, e'=0, t=12
  m = 37637, p = 4513, phi(m) = 36960
  ord(p) = 4
  normBnd = 1.62078
  polyNormBnd = 4.94505
  factors = [61 617]
  generator 21596 has order (== Z_m^*) of 60
  generator 32087 has order (!!= Z_m^*) of 154
r = 1
nslots = 9240
hwt = 120
ctxtPrimes = [6,7,8,9,10,11,12,13,14,15,16,17,18]
specialPrimes = [23,24,25,26,27]
number of bits = 1056

security level = 103.802
Generating keys, Keys generated. Now genRecryptData...
computing key-dependent tables...Sparse boot key hwt = 12
genRecryptData done. recryptKeyID=1
lcAksBsgs=0 lcAksDelayed=0
Post-key setup done.
 done in 12.2563 seconds
Encrypt succeeded.
HELIB_AUX_ORDER4_EVAL enabled: deg(P)=1223, terms(P)=307, deg(Q)=305, terms(Q)=306
time for linear1 = 4.572762, linear2 = 29.240918, extract = 34.188243, total = 69.117601
bits for linear1 = 50.695470, linear2 = 52.572502, extract = 324.725456, min cap = 9.266998, after cap = 343.813949, after prod = 721.111906
cap / time = 4.106790
time for linear1 = 4.533403, linear2 = 29.080835, extract = 34.122310, total = 69.017201
bits for linear1 = 50.654320, linear2 = 52.553582, extract = 324.612388, min cap = 9.266998, after cap = 343.835040, after prod = 721.001010
cap / time = 4.113666
time for linear1 = 4.562480, linear2 = 29.198495, extract = 34.230851, total = 69.282639
bits for linear1 = 50.672779, linear2 = 52.605370, extract = 324.814241, min cap = 9.266998, after cap = 343.640930, after prod = 721.060540
cap / time = 4.094838

### summary over 3 test
time for linear1 = 4.556215, linear2 = 29.173416, extract = 34.180468, total = 69.139147
bits for linear1 = 50.674190, linear2 = 52.577151, extract = 324.717362, min cap = 9.266998, after cap = 343.763306, after prod = 721.057819
cap / time = 4.105086


### bts finished, everything ok ###

  AAA_bootKeySwitch: 46.8407 / 3 = 15.6136   [/home/luck/xzy/0424project/github_order4_cleaner/src/HElib_auxradix_opt/src/recryption.cpp:1968]
  AAA_coeffToSlot: 43.4589 / 3 = 14.4863   [/home/luck/xzy/0424project/github_order4_cleaner/src/HElib_auxradix_opt/src/recryption.cpp:2396]
  AAA_embeddingLargest: 1.86262 / 870 = 0.00214094   [/home/luck/xzy/0424project/github_order4_cleaner/src/HElib_auxradix_opt/src/norms.cpp:250]
  AAA_embeddingLargest_x2: 1.11376 / 530 = 0.00210144   [/home/luck/xzy/0424project/github_order4_cleaner/src/HElib_auxradix_opt/src/norms.cpp:423]
  AAA_extractDigitsThin: 102.54 / 3 = 34.18   [/home/luck/xzy/0424project/github_order4_cleaner/src/HElib_auxradix_opt/src/recryption.cpp:2447]
  AAA_modDownEnbeddings: 1.26677 / 530 = 0.00239013   [/home/luck/xzy/0424project/github_order4_cleaner/src/HElib_auxradix_opt/src/Ctxt.cpp:506]
  AAA_slotToCoeff: 13.6685 / 3 = 4.55616   [/home/luck/xzy/0424project/github_order4_cleaner/src/HElib_auxradix_opt/src/recryption.cpp:1954]
  BasicAutomorphPrecon: 8.8977 / 33 = 0.269627   [/home/luck/xzy/0424project/github_order4_cleaner/src/HElib_auxradix_opt/src/matmul.cpp:90]
  BluesteinFFT: 85.3286 / 30789 = 0.0027714   [/home/luck/xzy/0424project/github_order4_cleaner/src/HElib_auxradix_opt/src/bluestein.cpp:141]
  Decrypt: 0.885198 / 3 = 0.295066   [/home/luck/xzy/0424project/github_order4_cleaner/src/HElib_auxradix_opt/src/keys.cpp:1362]
  DoubleCRT: 40.411 / 1165 = 0.0346876   [/home/luck/xzy/0424project/github_order4_cleaner/src/HElib_auxradix_opt/src/DoubleCRT.cpp:718]
  FFT: 60.2297 / 20848 = 0.00288899   [/home/luck/xzy/0424project/github_order4_cleaner/src/HElib_auxradix_opt/src/CModulus.cpp:479]
  FFT: 72.7209 / 1930 = 0.0376792   [/home/luck/xzy/0424project/github_order4_cleaner/src/HElib_auxradix_opt/src/DoubleCRT.cpp:70]
  FFT: 72.7087 / 20848 = 0.00348756   [/home/luck/xzy/0424project/github_order4_cleaner/src/HElib_auxradix_opt/src/CModulus.cpp:448]
  FFT_aux: 60.2148 / 20848 = 0.00288828   [/home/luck/xzy/0424project/github_order4_cleaner/src/HElib_auxradix_opt/src/CModulus.cpp:360]
  FFT_remainder: 12.4677 / 20848 = 0.000598028   [/home/luck/xzy/0424project/github_order4_cleaner/src/HElib_auxradix_opt/src/CModulus.cpp:455]
  KS_loop: 16.4185 / 1395 = 0.0117695   [/home/luck/xzy/0424project/github_order4_cleaner/src/HElib_auxradix_opt/src/Ctxt.cpp:219]
  KS_loop_1: 2.90623 / 1395 = 0.00208332   [/home/luck/xzy/0424project/github_order4_cleaner/src/HElib_auxradix_opt/src/Ctxt.cpp:227]
  KS_loop_2: 1.97978 / 1395 = 0.0014192   [/home/luck/xzy/0424project/github_order4_cleaner/src/HElib_auxradix_opt/src/Ctxt.cpp:231]
  KS_loop_3: 3.02503 / 1395 = 0.00216848   [/home/luck/xzy/0424project/github_order4_cleaner/src/HElib_auxradix_opt/src/Ctxt.cpp:236]
  KS_loop_4: 0.872511 / 1395 = 0.000625456   [/home/luck/xzy/0424project/github_order4_cleaner/src/HElib_auxradix_opt/src/Ctxt.cpp:240]
  NORM_VAL: 3.02432 / 762 = 0.00396893   [/home/luck/xzy/0424project/github_order4_cleaner/src/HElib_auxradix_opt/src/DoubleCRT.cpp:541]
  addConstant: 0.175375 / 66 = 0.0026572   [/home/luck/xzy/0424project/github_order4_cleaner/src/HElib_auxradix_opt/src/Ctxt.cpp:2268]
  addCtxt: 13.17 / 4422 = 0.00297829   [/home/luck/xzy/0424project/github_order4_cleaner/src/HElib_auxradix_opt/src/Ctxt.cpp:1529]
  addPart: 3.80333 / 3531 = 0.00107713   [/home/luck/xzy/0424project/github_order4_cleaner/src/HElib_auxradix_opt/src/Ctxt.cpp:976]
  addPrimes: 54.6399 / 765 = 0.0714247   [/home/luck/xzy/0424project/github_order4_cleaner/src/HElib_auxradix_opt/src/DoubleCRT.cpp:625]
  addPrimes_5: 58.5446 / 762 = 0.0768301   [/home/luck/xzy/0424project/github_order4_cleaner/src/HElib_auxradix_opt/src/DoubleCRT.cpp:518]
  automorph: 0.314221 / 171 = 0.00183755   [/home/luck/xzy/0424project/github_order4_cleaner/src/HElib_auxradix_opt/src/Ctxt.cpp:2560]
  automorph: 11.2038 / 324 = 0.0345795   [/home/luck/xzy/0424project/github_order4_cleaner/src/HElib_auxradix_opt/src/matmul.cpp:148]
  breakIntoDigits: 58.7962 / 303 = 0.194047   [/home/luck/xzy/0424project/github_order4_cleaner/src/HElib_auxradix_opt/src/DoubleCRT.cpp:481]
  decode: 30.6281 / 3 = 10.2094   [/home/luck/xzy/0424project/github_order4_cleaner/src/HElib_auxradix_opt/src/EncryptedArray.cpp:375]
  do_mul: 18.1476 / 9909 = 0.00183143   [/home/luck/xzy/0424project/github_order4_cleaner/src/HElib_auxradix_opt/src/DoubleCRT.cpp:280]
  extractDigitsThin: 102.54 / 3 = 34.18   [/home/luck/xzy/0424project/github_order4_cleaner/src/HElib_auxradix_opt/src/recryption.cpp:1597]
  iFFT: 47.2973 / 9941 = 0.0047578   [/home/luck/xzy/0424project/github_order4_cleaner/src/HElib_auxradix_opt/src/CModulus.cpp:488]
  iFFT_division: 18.2992 / 9941 = 0.00184078   [/home/luck/xzy/0424project/github_order4_cleaner/src/HElib_auxradix_opt/src/CModulus.cpp:570]
  keySwitchPart: 60.5151 / 273 = 0.221667   [/home/luck/xzy/0424project/github_order4_cleaner/src/HElib_auxradix_opt/src/Ctxt.cpp:907]
  modDownToSet: 94.46 / 609 = 0.155107   [/home/luck/xzy/0424project/github_order4_cleaner/src/HElib_auxradix_opt/src/Ctxt.cpp:409]
  mul_MatMul1DExec: 97.6947 / 18 = 5.42748   [/home/luck/xzy/0424project/github_order4_cleaner/src/HElib_auxradix_opt/src/matmul.cpp:1155]
  multByConstant: 11.6155 / 3306 = 0.00351345   [/home/luck/xzy/0424project/github_order4_cleaner/src/HElib_auxradix_opt/src/Ctxt.cpp:1955]
  multByConstant: 0.144672 / 3 = 0.048224   [/home/luck/xzy/0424project/github_order4_cleaner/src/HElib_auxradix_opt/src/Ctxt.cpp:1981]
  multLowLvl: 45.8659 / 126 = 0.364015   [/home/luck/xzy/0424project/github_order4_cleaner/src/HElib_auxradix_opt/src/Ctxt.cpp:1804]
  multiplyBy: 46.7529 / 63 = 0.742109   [/home/luck/xzy/0424project/github_order4_cleaner/src/HElib_auxradix_opt/src/Ctxt.cpp:1880]
  privateAssign: 2.49273 / 1611 = 0.00154732   [/home/luck/xzy/0424project/github_order4_cleaner/src/HElib_auxradix_opt/src/Ctxt.cpp:329]
  randomize: 6.6682 / 1395 = 0.00478007   [/home/luck/xzy/0424project/github_order4_cleaner/src/HElib_auxradix_opt/src/DoubleCRT.cpp:1318]
  randomize_stream: 3.73701 / 3865404 = 9.66784e-07   [/home/luck/xzy/0424project/github_order4_cleaner/src/HElib_auxradix_opt/src/DoubleCRT.cpp:1348]
  reLinearize: 96.8823 / 444 = 0.218203   [/home/luck/xzy/0424project/github_order4_cleaner/src/HElib_auxradix_opt/src/Ctxt.cpp:736]
  smartAutomorph: 51.99 / 171 = 0.304035   [/home/luck/xzy/0424project/github_order4_cleaner/src/HElib_auxradix_opt/src/Ctxt.cpp:2585]
  thinReCrypt: 207.425 / 3 = 69.1418   [/home/luck/xzy/0424project/github_order4_cleaner/src/HElib_auxradix_opt/src/recryption.cpp:1872]
  toPoly: 64.6759 / 1927 = 0.033563   [/home/luck/xzy/0424project/github_order4_cleaner/src/HElib_auxradix_opt/src/DoubleCRT.cpp:985]
  toPoly_CRT: 11.9998 / 1927 = 0.0062272   [/home/luck/xzy/0424project/github_order4_cleaner/src/HElib_auxradix_opt/src/DoubleCRT.cpp:1052]
  toPoly_FFT: 51.6693 / 1927 = 0.0268133   [/home/luck/xzy/0424project/github_order4_cleaner/src/HElib_auxradix_opt/src/DoubleCRT.cpp:1030]
  rusage.ru_maxrss=10859424
||||| stats |||||
KS-noise-ratio ave=0.0116333 max=0.997961
KS-noise-ratio-hoist ave=28171.1 max=313313
break-into-digits-ratio ave=0.31824 max=0.413408
excess-ctxtPrimes ave=5.85314 max=5.85314
excess-specialPrimes ave=2.75938 max=2.75938
mod-switch-added-noise ave=0.321957 max=0.414609
ptxt_rat_sk ave=0.000158988 max=0.000158988
ptxt_rat_sk ave=0.337135 max=0.337135
raw-mod-switch-noise ave=0.325968 max=0.335244
window1-nchoices ave=3.77778 max=6
window1-out ave=0 max=0
window2-nchoices ave=4.51852 max=9
window2-out ave=0 max=0
||||| stats |||||
KS-noise-ratio ave=0.0116333 max=0.997961
KS-noise-ratio-hoist ave=28171.1 max=313313
break-into-digits-ratio ave=0.31824 max=0.413408
excess-ctxtPrimes ave=5.85314 max=5.85314
excess-specialPrimes ave=2.75938 max=2.75938
mod-switch-added-noise ave=0.321957 max=0.414609
ptxt_rat_sk ave=0.000158988 max=0.000158988
ptxt_rat_sk ave=0.337135 max=0.337135
raw-mod-switch-noise ave=0.325968 max=0.335244
window1-nchoices ave=3.77778 max=6
window1-out ave=0 max=0
window2-nchoices ave=4.51852 max=9
window2-out ave=0 max=0
