chosen idx = 5
encapHwt = 12
t for new bts is -1
new bts ? 1
new ks ? 1
thick bts ?0
repeat times = 3
force bsgs = 0
force hoist = 0
*** GTestFatboot: p=1601, r=1, bits=760, t=0, c=3, m=24901 mvec=[37 673], gens=[10769 2702], ords=[36 224]
Computing key-independent tables...using HELIB_EXPLICIT_AUX=40

t = -1
bound on I = 16.270573
log2(aux) = 5.321928
log2(beta) = 24.617382
log2(qks) >= 32.636008, final log2(qks) = 32.636145
log2(R) >= 25.251307, final log2(R) = 25.258552
INFO: total bits = 1054.78, security level = 74.518deg of poly for non-power-of-p aux is 1223
security=74.518
# small primes = 6
# ctxt primes = 13
# bits in ctxt primes = 765
# special primes = 5
# bits in special primes = 289
scale=10
 done in 99.9275 seconds
  e=0, e'=0, t=12
  m = 24901, p = 1601, phi(m) = 24192
  ord(p) = 3
  normBnd = 1.62016
  polyNormBnd = 4.37233
  factors = [37 673]
  generator 10769 has order (== Z_m^*) of 36
  generator 2702 has order (== Z_m^*) of 224
r = 1
nslots = 8064
hwt = 120
ctxtPrimes = [6,7,8,9,10,11,12,13,14,15,16,17,18]
specialPrimes = [23,24,25,26,27]
number of bits = 1055

security level = 74.518
Generating keys, Keys generated. Now genRecryptData...
computing key-dependent tables...Sparse boot key hwt = 12
genRecryptData done. recryptKeyID=1
lcAksBsgs=0 lcAksDelayed=0
Post-key setup done.
 done in 13.975 seconds
Encrypt succeeded.
WARNING: KS-noise-ratio = 1.0448 > 1
WARNING: KS-noise-ratio = 5.65888 > 1
WARNING: KS-noise-ratio = 6.7843 > 1
WARNING: KS-noise-ratio = 6.39817 > 1
WARNING: KS-noise-ratio = 6.16289 > 1
WARNING: KS-noise-ratio = 6.94963 > 1
WARNING: KS-noise-ratio = 6.89848 > 1
WARNING: KS-noise-ratio = 6.1627 > 1
WARNING: KS-noise-ratio = 7.27638 > 1
WARNING: KS-noise-ratio = 7.59072 > 1
WARNING: KS-noise-ratio = 4.81783 > 1
WARNING: KS-noise-ratio = 5.16739 > 1
WARNING: KS-noise-ratio = 5.26126 > 1
time for linear1 = 2.484605, linear2 = 18.168798, extract = 45.595128, total = 67.099226
bits for linear1 = 48.103504, linear2 = 49.577028, extract = 276.115420, min cap = 8.018763, after cap = 398.873644, after prod = 724.566091
cap / time = 5.108127
WARNING: KS-noise-ratio = 1.02207 > 1
WARNING: KS-noise-ratio = 5.1286 > 1
WARNING: KS-noise-ratio = 6.01642 > 1
WARNING: KS-noise-ratio = 7.79644 > 1
WARNING: KS-noise-ratio = 7.10065 > 1
WARNING: KS-noise-ratio = 7.08534 > 1
WARNING: KS-noise-ratio = 6.59885 > 1
WARNING: KS-noise-ratio = 8.03543 > 1
WARNING: KS-noise-ratio = 7.19914 > 1
WARNING: KS-noise-ratio = 6.91934 > 1
WARNING: KS-noise-ratio = 4.40546 > 1
WARNING: KS-noise-ratio = 5.86201 > 1
WARNING: KS-noise-ratio = 4.68922 > 1
time for linear1 = 2.345993, linear2 = 16.806868, extract = 42.757758, total = 62.826993
bits for linear1 = 48.053357, linear2 = 49.485959, extract = 276.242306, min cap = 8.018763, after cap = 398.708938, after prod = 724.437203
cap / time = 5.453656
WARNING: KS-noise-ratio = 5.08433 > 1
WARNING: KS-noise-ratio = 7.74343 > 1
WARNING: KS-noise-ratio = 7.94568 > 1
WARNING: KS-noise-ratio = 7.4066 > 1
WARNING: KS-noise-ratio = 8.41046 > 1
WARNING: KS-noise-ratio = 7.80575 > 1
WARNING: KS-noise-ratio = 6.44606 > 1
WARNING: KS-noise-ratio = 7.43855 > 1
WARNING: KS-noise-ratio = 8.83122 > 1
WARNING: KS-noise-ratio = 5.98643 > 1
WARNING: KS-noise-ratio = 5.20953 > 1
WARNING: KS-noise-ratio = 5.35248 > 1
time for linear1 = 2.277302, linear2 = 16.248809, extract = 42.279769, total = 61.704951
bits for linear1 = 48.091670, linear2 = 49.551479, extract = 276.230794, min cap = 8.018763, after cap = 398.737650, after prod = 724.519922
cap / time = 5.552670

### summary over 3 test
time for linear1 = 2.369300, linear2 = 17.074825, extract = 43.544218, total = 63.877057
bits for linear1 = 48.082844, linear2 = 49.538155, extract = 276.196173, min cap = 8.018763, after cap = 398.773411, after prod = 724.507739
cap / time = 5.364552


### bts finished, everything ok ###

  AAA_bootKeySwitch: 28.1019 / 3 = 9.36729   [/home/luck/xzy/0424project/github_order4_cleaner/src/HElib_auxradix_opt/src/recryption.cpp:1968]
  AAA_coeffToSlot: 25.1558 / 3 = 8.38527   [/home/luck/xzy/0424project/github_order4_cleaner/src/HElib_auxradix_opt/src/recryption.cpp:2396]
  AAA_embeddingLargest: 1.32003 / 1002 = 0.0013174   [/home/luck/xzy/0424project/github_order4_cleaner/src/HElib_auxradix_opt/src/norms.cpp:250]
  AAA_embeddingLargest_x2: 0.948373 / 740 = 0.00128159   [/home/luck/xzy/0424project/github_order4_cleaner/src/HElib_auxradix_opt/src/norms.cpp:423]
  AAA_extractDigitsThin: 130.631 / 3 = 43.5436   [/home/luck/xzy/0424project/github_order4_cleaner/src/HElib_auxradix_opt/src/recryption.cpp:2447]
  AAA_modDownEnbeddings: 1.09801 / 740 = 0.0014838   [/home/luck/xzy/0424project/github_order4_cleaner/src/HElib_auxradix_opt/src/Ctxt.cpp:506]
  AAA_slotToCoeff: 7.10782 / 3 = 2.36927   [/home/luck/xzy/0424project/github_order4_cleaner/src/HElib_auxradix_opt/src/recryption.cpp:1954]
  BasicAutomorphPrecon: 4.26116 / 24 = 0.177548   [/home/luck/xzy/0424project/github_order4_cleaner/src/HElib_auxradix_opt/src/matmul.cpp:90]
  BluesteinFFT: 79.952 / 41514 = 0.00192591   [/home/luck/xzy/0424project/github_order4_cleaner/src/HElib_auxradix_opt/src/bluestein.cpp:141]
  Decrypt: 0.634677 / 3 = 0.211559   [/home/luck/xzy/0424project/github_order4_cleaner/src/HElib_auxradix_opt/src/keys.cpp:1362]
  DoubleCRT: 43.7844 / 1639 = 0.0267141   [/home/luck/xzy/0424project/github_order4_cleaner/src/HElib_auxradix_opt/src/DoubleCRT.cpp:718]
  FFT: 55.9063 / 27439 = 0.00203747   [/home/luck/xzy/0424project/github_order4_cleaner/src/HElib_auxradix_opt/src/CModulus.cpp:479]
  FFT: 69.9259 / 2482 = 0.0281732   [/home/luck/xzy/0424project/github_order4_cleaner/src/HElib_auxradix_opt/src/DoubleCRT.cpp:70]
  FFT: 69.9077 / 27439 = 0.00254775   [/home/luck/xzy/0424project/github_order4_cleaner/src/HElib_auxradix_opt/src/CModulus.cpp:448]
  FFT_aux: 55.8849 / 27439 = 0.0020367   [/home/luck/xzy/0424project/github_order4_cleaner/src/HElib_auxradix_opt/src/CModulus.cpp:360]
  FFT_remainder: 13.9799 / 27439 = 0.00050949   [/home/luck/xzy/0424project/github_order4_cleaner/src/HElib_auxradix_opt/src/CModulus.cpp:455]
  KS_loop: 15.9469 / 1854 = 0.00860135   [/home/luck/xzy/0424project/github_order4_cleaner/src/HElib_auxradix_opt/src/Ctxt.cpp:219]
  KS_loop_1: 2.79396 / 1854 = 0.00150699   [/home/luck/xzy/0424project/github_order4_cleaner/src/HElib_auxradix_opt/src/Ctxt.cpp:227]
  KS_loop_2: 1.52716 / 1854 = 0.000823708   [/home/luck/xzy/0424project/github_order4_cleaner/src/HElib_auxradix_opt/src/Ctxt.cpp:231]
  KS_loop_3: 2.85822 / 1854 = 0.00154165   [/home/luck/xzy/0424project/github_order4_cleaner/src/HElib_auxradix_opt/src/Ctxt.cpp:236]
  KS_loop_4: 0.860478 / 1854 = 0.00046412   [/home/luck/xzy/0424project/github_order4_cleaner/src/HElib_auxradix_opt/src/Ctxt.cpp:240]
  NORM_VAL: 2.24922 / 840 = 0.00267764   [/home/luck/xzy/0424project/github_order4_cleaner/src/HElib_auxradix_opt/src/DoubleCRT.cpp:541]
  addCtxt: 9.63525 / 6159 = 0.00156442   [/home/luck/xzy/0424project/github_order4_cleaner/src/HElib_auxradix_opt/src/Ctxt.cpp:1529]
  addPart: 3.35518 / 4626 = 0.000725287   [/home/luck/xzy/0424project/github_order4_cleaner/src/HElib_auxradix_opt/src/Ctxt.cpp:976]
  addPrimes: 43.2181 / 843 = 0.051267   [/home/luck/xzy/0424project/github_order4_cleaner/src/HElib_auxradix_opt/src/DoubleCRT.cpp:625]
  addPrimes_5: 46.1862 / 840 = 0.0549836   [/home/luck/xzy/0424project/github_order4_cleaner/src/HElib_auxradix_opt/src/DoubleCRT.cpp:518]
  automorph: 12.5934 / 471 = 0.0267377   [/home/luck/xzy/0424project/github_order4_cleaner/src/HElib_auxradix_opt/src/matmul.cpp:148]
  automorph: 0.145377 / 126 = 0.00115379   [/home/luck/xzy/0424project/github_order4_cleaner/src/HElib_auxradix_opt/src/Ctxt.cpp:2560]
  breakIntoDigits: 46.3828 / 315 = 0.147247   [/home/luck/xzy/0424project/github_order4_cleaner/src/HElib_auxradix_opt/src/DoubleCRT.cpp:481]
  decode: 15.6263 / 3 = 5.20878   [/home/luck/xzy/0424project/github_order4_cleaner/src/HElib_auxradix_opt/src/EncryptedArray.cpp:375]
  do_mul: 10.9199 / 9297 = 0.00117456   [/home/luck/xzy/0424project/github_order4_cleaner/src/HElib_auxradix_opt/src/DoubleCRT.cpp:280]
  extractDigitsThin: 130.631 / 3 = 43.5436   [/home/luck/xzy/0424project/github_order4_cleaner/src/HElib_auxradix_opt/src/recryption.cpp:1597]
  iFFT: 43.8955 / 14075 = 0.00311869   [/home/luck/xzy/0424project/github_order4_cleaner/src/HElib_auxradix_opt/src/CModulus.cpp:488]
  iFFT_division: 15.2134 / 14075 = 0.00108088   [/home/luck/xzy/0424project/github_order4_cleaner/src/HElib_auxradix_opt/src/CModulus.cpp:570]
  keySwitchPart: 49.7794 / 294 = 0.169318   [/home/luck/xzy/0424project/github_order4_cleaner/src/HElib_auxradix_opt/src/Ctxt.cpp:907]
  modDownToSet: 101.759 / 885 = 0.114982   [/home/luck/xzy/0424project/github_order4_cleaner/src/HElib_auxradix_opt/src/Ctxt.cpp:409]
  mul_MatMul1DExec: 56.0049 / 18 = 3.11138   [/home/luck/xzy/0424project/github_order4_cleaner/src/HElib_auxradix_opt/src/matmul.cpp:1155]
  multByConstant: 4.46739 / 2343 = 0.0019067   [/home/luck/xzy/0424project/github_order4_cleaner/src/HElib_auxradix_opt/src/Ctxt.cpp:1955]
  multByConstant: 0.107743 / 3 = 0.0359143   [/home/luck/xzy/0424project/github_order4_cleaner/src/HElib_auxradix_opt/src/Ctxt.cpp:1981]
  multLowLvl: 62.3242 / 225 = 0.276996   [/home/luck/xzy/0424project/github_order4_cleaner/src/HElib_auxradix_opt/src/Ctxt.cpp:1804]
  multiplyBy: 53.8078 / 96 = 0.560497   [/home/luck/xzy/0424project/github_order4_cleaner/src/HElib_auxradix_opt/src/Ctxt.cpp:1880]
  privateAssign: 2.20379 / 1857 = 0.00118675   [/home/luck/xzy/0424project/github_order4_cleaner/src/HElib_auxradix_opt/src/Ctxt.cpp:329]
  randomize: 6.80411 / 1854 = 0.00366996   [/home/luck/xzy/0424project/github_order4_cleaner/src/HElib_auxradix_opt/src/DoubleCRT.cpp:1318]
  randomize_stream: 3.81973 / 3439428 = 1.11057e-06   [/home/luck/xzy/0424project/github_order4_cleaner/src/HElib_auxradix_opt/src/DoubleCRT.cpp:1348]
  reLinearize: 76.3219 / 540 = 0.141337   [/home/luck/xzy/0424project/github_order4_cleaner/src/HElib_auxradix_opt/src/Ctxt.cpp:736]
  smartAutomorph: 19.6071 / 126 = 0.155612   [/home/luck/xzy/0424project/github_order4_cleaner/src/HElib_auxradix_opt/src/Ctxt.cpp:2585]
  thinReCrypt: 191.636 / 3 = 63.8786   [/home/luck/xzy/0424project/github_order4_cleaner/src/HElib_auxradix_opt/src/recryption.cpp:1872]
  toPoly: 62.3609 / 2479 = 0.0251557   [/home/luck/xzy/0424project/github_order4_cleaner/src/HElib_auxradix_opt/src/DoubleCRT.cpp:985]
  toPoly_CRT: 12.2285 / 2479 = 0.00493282   [/home/luck/xzy/0424project/github_order4_cleaner/src/HElib_auxradix_opt/src/DoubleCRT.cpp:1052]
  toPoly_FFT: 49.2243 / 2479 = 0.0198565   [/home/luck/xzy/0424project/github_order4_cleaner/src/HElib_auxradix_opt/src/DoubleCRT.cpp:1030]
  rusage.ru_maxrss=6212456
||||| stats |||||
KS-noise-ratio ave=0.812249 max=8.83122
KS-noise-ratio-hoist ave=20829.2 max=193889
break-into-digits-ratio ave=0.313027 max=0.394055
excess-ctxtPrimes ave=5.49328 max=5.49328
excess-specialPrimes ave=1.89702 max=1.89702
mod-switch-added-noise ave=0.314747 max=0.403449
ptxt_rat_sk ave=0.00166813 max=0.00166813
ptxt_rat_sk ave=0.342964 max=0.342964
raw-mod-switch-noise ave=0.315825 max=0.337399
window1-nchoices ave=5.8 max=8
window1-out ave=0 max=0
window2-nchoices ave=4.7619 max=8
window2-out ave=0 max=0
||||| stats |||||
KS-noise-ratio ave=0.812249 max=8.83122
KS-noise-ratio-hoist ave=20829.2 max=193889
break-into-digits-ratio ave=0.313027 max=0.394055
excess-ctxtPrimes ave=5.49328 max=5.49328
excess-specialPrimes ave=1.89702 max=1.89702
mod-switch-added-noise ave=0.314747 max=0.403449
ptxt_rat_sk ave=0.00166813 max=0.00166813
ptxt_rat_sk ave=0.342964 max=0.342964
raw-mod-switch-noise ave=0.315825 max=0.337399
window1-nchoices ave=5.8 max=8
window1-out ave=0 max=0
window2-nchoices ave=4.7619 max=8
window2-out ave=0 max=0
