chosen idx = 7
encapHwt = 12
t for new bts is -1
new bts ? 1
new ks ? 1
thick bts ?0
repeat times = 3
force bsgs = 0
force hoist = 0
*** GTestFatboot: p=2917, r=1, bits=760, t=0, c=3, m=17587 mvec=[43 409], gens=[1637 9418], ords=[42 -68]
Computing key-independent tables...using HELIB_EXPLICIT_AUX=54

t = -1
bound on I = 16.293516
log2(aux) = 5.754888
log2(beta) = 25.209785
log2(qks) >= 33.661708, final log2(qks) = 33.661767
log2(R) >= 25.090771, final log2(R) = 25.092326
INFO: total bits = 1055.05, security level = 58.3056deg of poly for non-power-of-p aux is 1223
security=58.3056
# small primes = 6
# ctxt primes = 13
# bits in ctxt primes = 766
# special primes = 5
# bits in special primes = 289
scale=10
 done in 39.0233 seconds
  e=0, e'=0, t=12
  m = 17587, p = 2917, phi(m) = 17136
  ord(p) = 6
  normBnd = 1.62041
  polyNormBnd = 4.11355
  factors = [43 409]
  generator 1637 has order (== Z_m^*) of 42
  generator 9418 has order (!= Z_m^*) of 68
r = 1
nslots = 2856
hwt = 120
ctxtPrimes = [6,7,8,9,10,11,12,13,14,15,16,17,18]
specialPrimes = [23,24,25,26,27]
number of bits = 1056

security level = 58.3056
Generating keys, Keys generated. Now genRecryptData...
computing key-dependent tables...Sparse boot key hwt = 12
genRecryptData done. recryptKeyID=1
lcAksBsgs=0 lcAksDelayed=0
Post-key setup done.
 done in 8.00395 seconds
Encrypt succeeded.
WARNING: KS-noise-ratio = 1.06679 > 1
WARNING: KS-noise-ratio = 11.1891 > 1
WARNING: KS-noise-ratio = 142.03 > 1
time for linear1 = 1.172692, linear2 = 9.155082, extract = 28.358625, total = 39.197896
bits for linear1 = 48.024751, linear2 = 50.799249, extract = 293.847213, min cap = 8.451982, after cap = 379.454950, after prod = 724.101413
cap / time = 8.239682
WARNING: KS-noise-ratio = 1.00471 > 1
WARNING: KS-noise-ratio = 16.7088 > 1
WARNING: KS-noise-ratio = 168.819 > 1
time for linear1 = 1.152853, linear2 = 8.468604, extract = 28.215342, total = 38.426298
bits for linear1 = 47.945612, linear2 = 50.686643, extract = 294.045165, min cap = 8.451982, after cap = 379.384742, after prod = 724.116549
cap / time = 8.405367
WARNING: KS-noise-ratio = 1.1171 > 1
WARNING: KS-noise-ratio = 12.4143 > 1
WARNING: KS-noise-ratio = 176.676 > 1
time for linear1 = 1.154609, linear2 = 8.478302, extract = 28.191065, total = 38.410543
bits for linear1 = 47.994228, linear2 = 50.826761, extract = 293.907399, min cap = 8.451982, after cap = 379.352781, after prod = 724.086942
cap / time = 8.406717

### summary over 3 test
time for linear1 = 1.160052, linear2 = 8.700663, extract = 28.255011, total = 38.678246
bits for linear1 = 47.988197, linear2 = 50.770884, extract = 293.933259, min cap = 8.451982, after cap = 379.397491, after prod = 724.101635
cap / time = 8.349844


### bts finished, everything ok ###

  AAA_bootKeySwitch: 14.3952 / 3 = 4.79841   [/home/luck/xzy/0424project/github_order4_cleaner/src/HElib_auxradix_opt/src/recryption.cpp:1968]
  AAA_coeffToSlot: 12.9809 / 3 = 4.32697   [/home/luck/xzy/0424project/github_order4_cleaner/src/HElib_auxradix_opt/src/recryption.cpp:2396]
  AAA_embeddingLargest: 0.871659 / 909 = 0.000958921   [/home/luck/xzy/0424project/github_order4_cleaner/src/HElib_auxradix_opt/src/norms.cpp:250]
  AAA_embeddingLargest_x2: 0.628906 / 701 = 0.000897155   [/home/luck/xzy/0424project/github_order4_cleaner/src/HElib_auxradix_opt/src/norms.cpp:423]
  AAA_extractDigitsThin: 84.7638 / 3 = 28.2546   [/home/luck/xzy/0424project/github_order4_cleaner/src/HElib_auxradix_opt/src/recryption.cpp:2447]
  AAA_modDownEnbeddings: 0.739797 / 701 = 0.00105535   [/home/luck/xzy/0424project/github_order4_cleaner/src/HElib_auxradix_opt/src/Ctxt.cpp:506]
  AAA_slotToCoeff: 3.48011 / 3 = 1.16004   [/home/luck/xzy/0424project/github_order4_cleaner/src/HElib_auxradix_opt/src/recryption.cpp:1954]
  BasicAutomorphPrecon: 4.07668 / 33 = 0.123536   [/home/luck/xzy/0424project/github_order4_cleaner/src/HElib_auxradix_opt/src/matmul.cpp:90]
  BluesteinFFT: 48.2181 / 38975 = 0.00123715   [/home/luck/xzy/0424project/github_order4_cleaner/src/HElib_auxradix_opt/src/bluestein.cpp:141]
  Decrypt: 0.406751 / 3 = 0.135584   [/home/luck/xzy/0424project/github_order4_cleaner/src/HElib_auxradix_opt/src/keys.cpp:1362]
  DoubleCRT: 26.73 / 1576 = 0.0169606   [/home/luck/xzy/0424project/github_order4_cleaner/src/HElib_auxradix_opt/src/DoubleCRT.cpp:718]
  FFT: 33.4758 / 25489 = 0.00131334   [/home/luck/xzy/0424project/github_order4_cleaner/src/HElib_auxradix_opt/src/CModulus.cpp:479]
  FFT: 41.0471 / 2311 = 0.0177616   [/home/luck/xzy/0424project/github_order4_cleaner/src/HElib_auxradix_opt/src/DoubleCRT.cpp:70]
  FFT: 41.0362 / 25489 = 0.00160996   [/home/luck/xzy/0424project/github_order4_cleaner/src/HElib_auxradix_opt/src/CModulus.cpp:448]
  FFT_aux: 33.4631 / 25489 = 0.00131284   [/home/luck/xzy/0424project/github_order4_cleaner/src/HElib_auxradix_opt/src/CModulus.cpp:360]
  FFT_remainder: 7.54852 / 25489 = 0.000296148   [/home/luck/xzy/0424project/github_order4_cleaner/src/HElib_auxradix_opt/src/CModulus.cpp:455]
  KS_loop: 10.1921 / 1947 = 0.00523478   [/home/luck/xzy/0424project/github_order4_cleaner/src/HElib_auxradix_opt/src/Ctxt.cpp:219]
  KS_loop_1: 1.77108 / 1947 = 0.000909648   [/home/luck/xzy/0424project/github_order4_cleaner/src/HElib_auxradix_opt/src/Ctxt.cpp:227]
  KS_loop_2: 1.0982 / 1947 = 0.000564049   [/home/luck/xzy/0424project/github_order4_cleaner/src/HElib_auxradix_opt/src/Ctxt.cpp:231]
  KS_loop_3: 1.8678 / 1947 = 0.000959319   [/home/luck/xzy/0424project/github_order4_cleaner/src/HElib_auxradix_opt/src/Ctxt.cpp:236]
  KS_loop_4: 0.472663 / 1947 = 0.000242765   [/home/luck/xzy/0424project/github_order4_cleaner/src/HElib_auxradix_opt/src/Ctxt.cpp:240]
  NORM_VAL: 1.34819 / 732 = 0.00184179   [/home/luck/xzy/0424project/github_order4_cleaner/src/HElib_auxradix_opt/src/DoubleCRT.cpp:541]
  addCtxt: 5.36918 / 5367 = 0.00100041   [/home/luck/xzy/0424project/github_order4_cleaner/src/HElib_auxradix_opt/src/Ctxt.cpp:1529]
  addPart: 2.22168 / 4848 = 0.000458267   [/home/luck/xzy/0424project/github_order4_cleaner/src/HElib_auxradix_opt/src/Ctxt.cpp:976]
  addPrimes: 23.8387 / 735 = 0.0324336   [/home/luck/xzy/0424project/github_order4_cleaner/src/HElib_auxradix_opt/src/DoubleCRT.cpp:625]
  addPrimes_5: 25.5662 / 732 = 0.0349265   [/home/luck/xzy/0424project/github_order4_cleaner/src/HElib_auxradix_opt/src/DoubleCRT.cpp:518]
  automorph: 0.070236 / 72 = 0.0009755   [/home/luck/xzy/0424project/github_order4_cleaner/src/HElib_auxradix_opt/src/Ctxt.cpp:2560]
  automorph: 9.21787 / 570 = 0.0161717   [/home/luck/xzy/0424project/github_order4_cleaner/src/HElib_auxradix_opt/src/matmul.cpp:148]
  breakIntoDigits: 25.669 / 270 = 0.0950704   [/home/luck/xzy/0424project/github_order4_cleaner/src/HElib_auxradix_opt/src/DoubleCRT.cpp:481]
  decode: 6.46135 / 3 = 2.15378   [/home/luck/xzy/0424project/github_order4_cleaner/src/HElib_auxradix_opt/src/EncryptedArray.cpp:375]
  do_mul: 6.71687 / 7989 = 0.000840765   [/home/luck/xzy/0424project/github_order4_cleaner/src/HElib_auxradix_opt/src/DoubleCRT.cpp:280]
  extractDigitsThin: 84.7638 / 3 = 28.2546   [/home/luck/xzy/0424project/github_order4_cleaner/src/HElib_auxradix_opt/src/recryption.cpp:1597]
  iFFT: 29.4317 / 13486 = 0.00218239   [/home/luck/xzy/0424project/github_order4_cleaner/src/HElib_auxradix_opt/src/CModulus.cpp:488]
  iFFT_division: 11.9849 / 13486 = 0.00088869   [/home/luck/xzy/0424project/github_order4_cleaner/src/HElib_auxradix_opt/src/CModulus.cpp:570]
  keySwitchPart: 26.2578 / 240 = 0.109407   [/home/luck/xzy/0424project/github_order4_cleaner/src/HElib_auxradix_opt/src/Ctxt.cpp:907]
  modDownToSet: 63.8047 / 714 = 0.0893624   [/home/luck/xzy/0424project/github_order4_cleaner/src/HElib_auxradix_opt/src/Ctxt.cpp:409]
  mul_MatMul1DExec: 27.6546 / 18 = 1.53637   [/home/luck/xzy/0424project/github_order4_cleaner/src/HElib_auxradix_opt/src/matmul.cpp:1155]
  multByConstant: 2.57571 / 1596 = 0.00161385   [/home/luck/xzy/0424project/github_order4_cleaner/src/HElib_auxradix_opt/src/Ctxt.cpp:1955]
  multByConstant: 0.069983 / 3 = 0.0233277   [/home/luck/xzy/0424project/github_order4_cleaner/src/HElib_auxradix_opt/src/Ctxt.cpp:1981]
  multLowLvl: 40.7477 / 225 = 0.181101   [/home/luck/xzy/0424project/github_order4_cleaner/src/HElib_auxradix_opt/src/Ctxt.cpp:1804]
  multiplyBy: 35.9179 / 96 = 0.374145   [/home/luck/xzy/0424project/github_order4_cleaner/src/HElib_auxradix_opt/src/Ctxt.cpp:1880]
  privateAssign: 1.12596 / 1743 = 0.000645989   [/home/luck/xzy/0424project/github_order4_cleaner/src/HElib_auxradix_opt/src/Ctxt.cpp:329]
  randomize: 4.35399 / 1947 = 0.00223625   [/home/luck/xzy/0424project/github_order4_cleaner/src/HElib_auxradix_opt/src/DoubleCRT.cpp:1318]
  randomize_stream: 2.45102 / 2535726 = 9.66594e-07   [/home/luck/xzy/0424project/github_order4_cleaner/src/HElib_auxradix_opt/src/DoubleCRT.cpp:1348]
  reLinearize: 49.0317 / 360 = 0.136199   [/home/luck/xzy/0424project/github_order4_cleaner/src/HElib_auxradix_opt/src/Ctxt.cpp:736]
  smartAutomorph: 11.48 / 72 = 0.159444   [/home/luck/xzy/0424project/github_order4_cleaner/src/HElib_auxradix_opt/src/Ctxt.cpp:2585]
  thinReCrypt: 116.038 / 3 = 38.6792   [/home/luck/xzy/0424project/github_order4_cleaner/src/HElib_auxradix_opt/src/recryption.cpp:1872]
  toPoly: 39.1564 / 2308 = 0.0169655   [/home/luck/xzy/0424project/github_order4_cleaner/src/HElib_auxradix_opt/src/DoubleCRT.cpp:985]
  toPoly_CRT: 6.96553 / 2308 = 0.003018   [/home/luck/xzy/0424project/github_order4_cleaner/src/HElib_auxradix_opt/src/DoubleCRT.cpp:1052]
  toPoly_FFT: 31.669 / 2308 = 0.0137214   [/home/luck/xzy/0424project/github_order4_cleaner/src/HElib_auxradix_opt/src/DoubleCRT.cpp:1030]
  rusage.ru_maxrss=2584676
||||| stats |||||
KS-noise-ratio ave=2.22322 max=176.676
KS-noise-ratio-hoist ave=12308.2 max=161468
break-into-digits-ratio ave=0.305175 max=0.400611
excess-ctxtPrimes ave=5.57035 max=5.57035
excess-specialPrimes ave=2.80661 max=2.80661
mod-switch-added-noise ave=0.309474 max=0.406244
ptxt_rat_sk ave=0.000229675 max=0.000229675
ptxt_rat_sk ave=0.307109 max=0.307109
raw-mod-switch-noise ave=0.299822 max=0.308207
window1-nchoices ave=4.73333 max=6
window1-out ave=0 max=0
window2-nchoices ave=4.38571 max=9
window2-out ave=0 max=0
||||| stats |||||
KS-noise-ratio ave=2.22322 max=176.676
KS-noise-ratio-hoist ave=12308.2 max=161468
break-into-digits-ratio ave=0.305175 max=0.400611
excess-ctxtPrimes ave=5.57035 max=5.57035
excess-specialPrimes ave=2.80661 max=2.80661
mod-switch-added-noise ave=0.309474 max=0.406244
ptxt_rat_sk ave=0.000229675 max=0.000229675
ptxt_rat_sk ave=0.307109 max=0.307109
raw-mod-switch-noise ave=0.299822 max=0.308207
window1-nchoices ave=4.73333 max=6
window1-out ave=0 max=0
window2-nchoices ave=4.38571 max=9
window2-out ave=0 max=0
