chosen idx = 11
encapHwt = 26
t for new bts is -1
new bts ? 1
new ks ? 1
thick bts ?0
s2cFirst ? 0
toy ? 0
repeat times = 3
### partition is 0 2 4 
*** GTestFatboot: p=13457, r=1, bits=980, t=0, c=3, m=65536 mvec=[65536], gens=[-1 5], ords=[2 4]
Computing key-independent tables...using HELIB_EXPLICIT_AUX=116

t = -1
bound on I = 12.275681
log2(aux) = 6.857981
log2(beta) = 27.928338
log2(qks) >= 36.786897, final log2(qks) = 36.786905
log2(R) >= 19.531578, final log2(R) = 19.584964
INFO: total bits = 1319.65, security level = 78.6697
deg of poly for non-power-of-p aux is 727
security=78.6697
# small primes = 6
# ctxt primes = 17
# bits in ctxt primes = 984
# special primes = 6
# bits in special primes = 335
scale=10
 done in 58.7312 seconds
  e=0, e'=0, t=26
  m = 65536, p = 13457, phi(m) = 32768
  ord(p) = 4096
  normBnd = 1
  polyNormBnd = 1
  factors = [2]
  generator -1 has order (== Z_m^*) of 2
  generator 5 has order (!= Z_m^*) of 4
  T = [ 1 5 25 125 65535 65531 65511 65411 ]
r = 1
nslots = 8
hwt = 120
ctxtPrimes = [6,7,8,9,10,11,12,13,14,15,16,17,18,19,20,21,22]
specialPrimes = [27,28,29,30,31,32]
number of bits = 1320

security level = 78.6697
Generating keys, Dim 0 has size 2, using KSS_FULL
Dim 1 has size 4, using KSS_FULL
computing key-dependent tables...Sparse boot key hwt = 26
 done in 507.067 seconds
baby step indices = 
giant step indices = 
In MatMul1D, D = 4, g = 0, native = 0, iterative = 0
MatMul1D, time: 0.292878, cap: 15.489507

baby step indices = 
giant step indices = 
In MatMul1D, D = 4, g = 0, native = 0, iterative = 0
MatMul1D, time: 0.152341, cap: 14.961050

WARNING: KS-noise-ratio = 1.00737 > 1
WARNING: KS-noise-ratio = 335456 > 1
WARNING: KS-noise-ratio = 1.02249 > 1
baby step indices = 
giant step indices = 
In MatMul1D, D = 4, g = 0, native = 0, iterative = 0
MatMul1D, time: 0.560506, cap: 14.126255

baby step indices = 
giant step indices = 
In MatMul1D, D = 4, g = 0, native = 0, iterative = 0
MatMul1D, time: 1.136297, cap: 15.767301

WARNING: KS-noise-ratio = 58.8324 > 1
baby step indices = 
giant step indices = 
In MatMul1D, D = 4, g = 0, native = 0, iterative = 0
MatMul1D, time: 0.493122, cap: 14.126232

baby step indices = 
giant step indices = 
In MatMul1D, D = 4, g = 0, native = 0, iterative = 0
MatMul1D, time: 1.075683, cap: 15.767301

HELIB_AUX_ORDER4_EVAL enabled: deg(P)=727, terms(P)=183, deg(Q)=181, terms(Q)=182
time for linear1 = 0.445267, linear2 = 8.939714, extract = 13.403225, total = 23.233282
bits for linear1 = 30.450557, linear2 = 47.782400, extract = 312.978970, min cap = 8.858567, after cap = 584.323814, after prod = 945.085184
cap / time = 23.458360
baby step indices = 
giant step indices = 
In MatMul1D, D = 4, g = 0, native = 0, iterative = 0
MatMul1D, time: 0.267302, cap: 15.489499

baby step indices = 
giant step indices = 
In MatMul1D, D = 4, g = 0, native = 0, iterative = 0
MatMul1D, time: 0.147880, cap: 14.961045

WARNING: KS-noise-ratio = 332642 > 1
baby step indices = 
giant step indices = 
In MatMul1D, D = 4, g = 0, native = 0, iterative = 0
MatMul1D, time: 0.483712, cap: 14.126250

baby step indices = 
giant step indices = 
In MatMul1D, D = 4, g = 0, native = 0, iterative = 0
MatMul1D, time: 1.013395, cap: 15.767301

WARNING: KS-noise-ratio = 72.089 > 1
baby step indices = 
giant step indices = 
In MatMul1D, D = 4, g = 0, native = 0, iterative = 0
MatMul1D, time: 0.485271, cap: 14.126229

baby step indices = 
giant step indices = 
In MatMul1D, D = 4, g = 0, native = 0, iterative = 0
MatMul1D, time: 1.017045, cap: 15.767301

time for linear1 = 0.415214, linear2 = 8.388704, extract = 13.400023, total = 22.706541
bits for linear1 = 30.450545, linear2 = 48.109269, extract = 313.303755, min cap = 8.858567, after cap = 584.009879, after prod = 945.422903
cap / time = 23.988717
baby step indices = 
giant step indices = 
In MatMul1D, D = 4, g = 0, native = 0, iterative = 0
MatMul1D, time: 0.271251, cap: 15.489491

baby step indices = 
giant step indices = 
In MatMul1D, D = 4, g = 0, native = 0, iterative = 0
MatMul1D, time: 0.149703, cap: 14.961047

WARNING: KS-noise-ratio = 341764 > 1
WARNING: KS-noise-ratio = 1.1038 > 1
baby step indices = 
giant step indices = 
In MatMul1D, D = 4, g = 0, native = 0, iterative = 0
MatMul1D, time: 0.480243, cap: 14.126259

baby step indices = 
giant step indices = 
In MatMul1D, D = 4, g = 0, native = 0, iterative = 0
MatMul1D, time: 1.014620, cap: 15.767301

WARNING: KS-noise-ratio = 68.3323 > 1
WARNING: KS-noise-ratio = 1.03549 > 1
baby step indices = 
giant step indices = 
In MatMul1D, D = 4, g = 0, native = 0, iterative = 0
MatMul1D, time: 0.481996, cap: 14.126251

baby step indices = 
giant step indices = 
In MatMul1D, D = 4, g = 0, native = 0, iterative = 0
MatMul1D, time: 1.014607, cap: 15.767301

time for linear1 = 0.420987, linear2 = 8.374621, extract = 13.439733, total = 22.738076
bits for linear1 = 30.450538, linear2 = 48.039656, extract = 313.074270, min cap = 8.858567, after cap = 584.287267, after prod = 945.401194
cap / time = 23.967646

### summary over 3 test
time for linear1 = 0.427156, linear2 = 8.567680, extract = 13.414327, total = 22.892633
bits for linear1 = 30.450547, linear2 = 47.977109, extract = 313.118998, min cap = 8.858567, after cap = 584.206987, after prod = 945.303094
cap / time = 23.802324


### bts finished, everything ok ###

  AAA_bootKeySwitch: 14.2278 / 3 = 4.74261   [/home/luck/xzy/0424project/worktrees/HElib_ntt/src/recryption.cpp:2536]
  AAA_coeffToSlot: 12.5452 / 3 = 4.18172   [/home/luck/xzy/0424project/worktrees/HElib_ntt/src/recryption.cpp:2910]
  AAA_embeddingLargest: 0.188568 / 659 = 0.000286143   [/home/luck/xzy/0424project/worktrees/HElib_ntt/src/norms.cpp:250]
  AAA_embeddingLargest_x2: 0.200633 / 382 = 0.000525217   [/home/luck/xzy/0424project/worktrees/HElib_ntt/src/norms.cpp:423]
  AAA_extractDigitsThin: 40.2425 / 3 = 13.4142   [/home/luck/xzy/0424project/worktrees/HElib_ntt/src/recryption.cpp:2953]
  AAA_modDownEnbeddings: 0.216294 / 382 = 0.000566215   [/home/luck/xzy/0424project/worktrees/HElib_ntt/src/Ctxt.cpp:506]
  AAA_slotToCoeff: 1.28146 / 3 = 0.427154   [/home/luck/xzy/0424project/worktrees/HElib_ntt/src/recryption.cpp:2519]
  BasicAutomorphPrecon: 1.31905 / 18 = 0.0732807   [/home/luck/xzy/0424project/worktrees/HElib_ntt/src/matmul.cpp:70]
  Decrypt: 0.143168 / 3 = 0.0477227   [/home/luck/xzy/0424project/worktrees/HElib_ntt/src/keys.cpp:1350]
  DoubleCRT: 12.4986 / 841 = 0.0148616   [/home/luck/xzy/0424project/worktrees/HElib_ntt/src/DoubleCRT.cpp:718]
  FFT: 9.9345 / 21386 = 0.000464533   [/home/luck/xzy/0424project/worktrees/HElib_ntt/src/CModulus.cpp:479]
  FFT: 22.0765 / 1420 = 0.0155468   [/home/luck/xzy/0424project/worktrees/HElib_ntt/src/DoubleCRT.cpp:70]
  FFT: 22.0689 / 21386 = 0.00103193   [/home/luck/xzy/0424project/worktrees/HElib_ntt/src/CModulus.cpp:448]
  FFT_aux: 9.92361 / 21386 = 0.000464024   [/home/luck/xzy/0424project/worktrees/HElib_ntt/src/CModulus.cpp:360]
  FFT_remainder: 12.1217 / 21386 = 0.000566805   [/home/luck/xzy/0424project/worktrees/HElib_ntt/src/CModulus.cpp:455]
  KS_loop: 8.00929 / 609 = 0.0131515   [/home/luck/xzy/0424project/worktrees/HElib_ntt/src/Ctxt.cpp:219]
  KS_loop_1: 1.3716 / 609 = 0.00225222   [/home/luck/xzy/0424project/worktrees/HElib_ntt/src/Ctxt.cpp:227]
  KS_loop_2: 0.792751 / 609 = 0.00130173   [/home/luck/xzy/0424project/worktrees/HElib_ntt/src/Ctxt.cpp:231]
  KS_loop_3: 1.6196 / 609 = 0.00265944   [/home/luck/xzy/0424project/worktrees/HElib_ntt/src/Ctxt.cpp:236]
  KS_loop_4: 0.473775 / 609 = 0.000777956   [/home/luck/xzy/0424project/worktrees/HElib_ntt/src/Ctxt.cpp:240]
  NORM_VAL: 1.0521 / 579 = 0.00181709   [/home/luck/xzy/0424project/worktrees/HElib_ntt/src/DoubleCRT.cpp:541]
  addConstant: 0.152915 / 48 = 0.00318573   [/home/luck/xzy/0424project/worktrees/HElib_ntt/src/Ctxt.cpp:2197]
  addCtxt: 6.81569 / 738 = 0.00923536   [/home/luck/xzy/0424project/worktrees/HElib_ntt/src/Ctxt.cpp:1458]
  addPart: 1.83719 / 1572 = 0.00116869   [/home/luck/xzy/0424project/worktrees/HElib_ntt/src/Ctxt.cpp:905]
  addPrimes: 16.5833 / 582 = 0.0284936   [/home/luck/xzy/0424project/worktrees/HElib_ntt/src/DoubleCRT.cpp:625]
  addPrimes_5: 18.2428 / 579 = 0.0315075   [/home/luck/xzy/0424project/worktrees/HElib_ntt/src/DoubleCRT.cpp:518]
  automorph: 0.350704 / 108 = 0.00324726   [/home/luck/xzy/0424project/worktrees/HElib_ntt/src/Ctxt.cpp:2489]
  automorph: 1.17257 / 45 = 0.026057   [/home/luck/xzy/0424project/worktrees/HElib_ntt/src/matmul.cpp:118]
  breakIntoDigits: 18.4931 / 207 = 0.0893389   [/home/luck/xzy/0424project/worktrees/HElib_ntt/src/DoubleCRT.cpp:481]
  decode: 0.053989 / 3 = 0.0179963   [/home/luck/xzy/0424project/worktrees/HElib_ntt/src/EncryptedArray.cpp:375]
  do_mul: 3.89517 / 1785 = 0.00218217   [/home/luck/xzy/0424project/worktrees/HElib_ntt/src/DoubleCRT.cpp:280]
  extractDigitsThin: 40.2425 / 3 = 13.4142   [/home/luck/xzy/0424project/worktrees/HElib_ntt/src/recryption.cpp:2162]
  iFFT: 4.73788 / 8722 = 0.000543211   [/home/luck/xzy/0424project/worktrees/HElib_ntt/src/CModulus.cpp:488]
  keySwitchPart: 24.5726 / 192 = 0.127982   [/home/luck/xzy/0424project/worktrees/HElib_ntt/src/Ctxt.cpp:836]
  modDownToSet: 29.2134 / 402 = 0.0726702   [/home/luck/xzy/0424project/worktrees/HElib_ntt/src/Ctxt.cpp:409]
  mul_MatMul1DExec: 10.5386 / 18 = 0.585478   [/home/luck/xzy/0424project/worktrees/HElib_ntt/src/matmul.cpp:1285]
  multByConstant: 0.343973 / 84 = 0.00409492   [/home/luck/xzy/0424project/worktrees/HElib_ntt/src/Ctxt.cpp:1884]
  multByConstant: 0.059201 / 3 = 0.0197337   [/home/luck/xzy/0424project/worktrees/HElib_ntt/src/Ctxt.cpp:1910]
  multLowLvl: 15.8686 / 99 = 0.160289   [/home/luck/xzy/0424project/worktrees/HElib_ntt/src/Ctxt.cpp:1733]
  multiplyBy: 18.4228 / 54 = 0.341163   [/home/luck/xzy/0424project/worktrees/HElib_ntt/src/Ctxt.cpp:1809]
  privateAssign: 2.00448 / 1047 = 0.0019145   [/home/luck/xzy/0424project/worktrees/HElib_ntt/src/Ctxt.cpp:329]
  randomize: 3.18268 / 609 = 0.00522608   [/home/luck/xzy/0424project/worktrees/HElib_ntt/src/DoubleCRT.cpp:1318]
  randomize_stream: 1.78291 / 1842825 = 9.6749e-07   [/home/luck/xzy/0424project/worktrees/HElib_ntt/src/DoubleCRT.cpp:1348]
  reLinearize: 39.0699 / 267 = 0.146329   [/home/luck/xzy/0424project/worktrees/HElib_ntt/src/Ctxt.cpp:736]
  smartAutomorph: 22.5732 / 108 = 0.209011   [/home/luck/xzy/0424project/worktrees/HElib_ntt/src/Ctxt.cpp:2514]
  thinReCrypt: 68.6856 / 3 = 22.8952   [/home/luck/xzy/0424project/worktrees/HElib_ntt/src/recryption.cpp:2437]
  toPoly: 15.9217 / 1420 = 0.0112125   [/home/luck/xzy/0424project/worktrees/HElib_ntt/src/DoubleCRT.cpp:985]
  toPoly_CRT: 8.2433 / 1420 = 0.00580514   [/home/luck/xzy/0424project/worktrees/HElib_ntt/src/DoubleCRT.cpp:1052]
  toPoly_FFT: 7.07178 / 1420 = 0.00498013   [/home/luck/xzy/0424project/worktrees/HElib_ntt/src/DoubleCRT.cpp:1030]
  rusage.ru_maxrss=75167224
||||| stats |||||
KS-noise-ratio ave=5260.8 max=341764
KS-noise-ratio-hoist ave=8.26379e-05 max=0.000262762
break-into-digits-ratio ave=0.315129 max=0.39536
excess-ctxtPrimes ave=4.49181 max=4.49181
excess-specialPrimes ave=4.93397 max=4.93397
mod-switch-added-noise ave=0.317551 max=0.416666
ptxt_rat_sk ave=0.0103792 max=0.0103792
ptxt_rat_sk ave=0.00234268 max=0.00234268
raw-mod-switch-noise ave=0.314315 max=0.319401
window1-nchoices ave=5.6 max=9
window1-out ave=0 max=0
window2-nchoices ave=4.46429 max=9
window2-out ave=0 max=0
||||| stats |||||
KS-noise-ratio ave=5260.8 max=341764
KS-noise-ratio-hoist ave=8.26379e-05 max=0.000262762
break-into-digits-ratio ave=0.315129 max=0.39536
excess-ctxtPrimes ave=4.49181 max=4.49181
excess-specialPrimes ave=4.93397 max=4.93397
mod-switch-added-noise ave=0.317551 max=0.416666
ptxt_rat_sk ave=0.0103792 max=0.0103792
ptxt_rat_sk ave=0.00234268 max=0.00234268
raw-mod-switch-noise ave=0.314315 max=0.319401
window1-nchoices ave=5.6 max=9
window1-out ave=0 max=0
window2-nchoices ave=4.46429 max=9
window2-out ave=0 max=0
