chosen idx = 11
encapHwt = 26
t for new bts is -1
new bts ? 1
new ks ? 1
thick bts ?0
s2cFirst ? 0
toy ? 0
repeat times = 3
### partition is 0 2 4 
*** GTestFatboot: p=13457, r=1, bits=980, t=0, c=3, m=65536 mvec=[65536], gens=[-1 5], ords=[2 4]
Computing key-independent tables...using HELIB_EXPLICIT_AUX=116

t = -1
bound on I = 12.275681
log2(aux) = 6.857981
log2(beta) = 27.928338
log2(qks) >= 36.786897, final log2(qks) = 36.786905
log2(R) >= 19.531578, final log2(R) = 19.584964
INFO: total bits = 1319.65, security level = 78.6697
deg of poly for non-power-of-p aux is 727
security=78.6697
# small primes = 6
# ctxt primes = 17
# bits in ctxt primes = 984
# special primes = 6
# bits in special primes = 335
scale=10
 done in 58.4403 seconds
  e=0, e'=0, t=26
  m = 65536, p = 13457, phi(m) = 32768
  ord(p) = 4096
  normBnd = 1
  polyNormBnd = 1
  factors = [2]
  generator -1 has order (== Z_m^*) of 2
  generator 5 has order (!= Z_m^*) of 4
  T = [ 1 5 25 125 65535 65531 65511 65411 ]
r = 1
nslots = 8
hwt = 120
ctxtPrimes = [6,7,8,9,10,11,12,13,14,15,16,17,18,19,20,21,22]
specialPrimes = [27,28,29,30,31,32]
number of bits = 1320

security level = 78.6697
Generating keys, Dim 0 has size 2, using KSS_FULL
Dim 1 has size 4, using KSS_FULL
computing key-dependent tables...Sparse boot key hwt = 26
 done in 506.339 seconds
baby step indices = 
giant step indices = 
In MatMul1D, D = 4, g = 0, native = 0, iterative = 0
MatMul1D, time: 0.292180, cap: 15.489498

baby step indices = 
giant step indices = 
In MatMul1D, D = 4, g = 0, native = 0, iterative = 0
MatMul1D, time: 0.155053, cap: 14.961053

WARNING: KS-noise-ratio = 355462 > 1
WARNING: KS-noise-ratio = 1.01003 > 1
baby step indices = 
giant step indices = 
In MatMul1D, D = 4, g = 0, native = 0, iterative = 0
MatMul1D, time: 0.564454, cap: 14.126249

baby step indices = 
giant step indices = 
In MatMul1D, D = 4, g = 0, native = 0, iterative = 0
MatMul1D, time: 1.152131, cap: 15.767301

WARNING: KS-noise-ratio = 69.5706 > 1
baby step indices = 
giant step indices = 
In MatMul1D, D = 4, g = 0, native = 0, iterative = 0
MatMul1D, time: 0.493138, cap: 14.126222

baby step indices = 
giant step indices = 
In MatMul1D, D = 4, g = 0, native = 0, iterative = 0
MatMul1D, time: 1.070026, cap: 15.767301

time for linear1 = 0.447281, linear2 = 9.003133, extract = 23.360702, total = 33.259935
bits for linear1 = 30.450551, linear2 = 48.038218, extract = 286.176723, min cap = 8.858567, after cap = 611.086846, after prod = 945.301787
cap / time = 17.191186
baby step indices = 
giant step indices = 
In MatMul1D, D = 4, g = 0, native = 0, iterative = 0
MatMul1D, time: 0.268612, cap: 15.489502

baby step indices = 
giant step indices = 
In MatMul1D, D = 4, g = 0, native = 0, iterative = 0
MatMul1D, time: 0.149665, cap: 14.961048

WARNING: KS-noise-ratio = 363234 > 1
baby step indices = 
giant step indices = 
In MatMul1D, D = 4, g = 0, native = 0, iterative = 0
MatMul1D, time: 0.483827, cap: 14.126232

baby step indices = 
giant step indices = 
In MatMul1D, D = 4, g = 0, native = 0, iterative = 0
MatMul1D, time: 1.011476, cap: 15.767301

WARNING: KS-noise-ratio = 76.3782 > 1
baby step indices = 
giant step indices = 
In MatMul1D, D = 4, g = 0, native = 0, iterative = 0
MatMul1D, time: 0.479878, cap: 14.126236

baby step indices = 
giant step indices = 
In MatMul1D, D = 4, g = 0, native = 0, iterative = 0
MatMul1D, time: 1.016817, cap: 15.767301

time for linear1 = 0.418317, linear2 = 8.371918, extract = 21.745151, total = 31.038347
bits for linear1 = 30.450550, linear2 = 48.076591, extract = 283.846396, min cap = 8.858567, after cap = 613.392443, after prod = 945.315430
cap / time = 18.495937
baby step indices = 
giant step indices = 
In MatMul1D, D = 4, g = 0, native = 0, iterative = 0
MatMul1D, time: 0.268020, cap: 15.489496

baby step indices = 
giant step indices = 
In MatMul1D, D = 4, g = 0, native = 0, iterative = 0
MatMul1D, time: 0.148687, cap: 14.961053

WARNING: KS-noise-ratio = 1.01303 > 1
WARNING: KS-noise-ratio = 343679 > 1
WARNING: KS-noise-ratio = 1.09699 > 1
baby step indices = 
giant step indices = 
In MatMul1D, D = 4, g = 0, native = 0, iterative = 0
MatMul1D, time: 0.481611, cap: 14.126252

baby step indices = 
giant step indices = 
In MatMul1D, D = 4, g = 0, native = 0, iterative = 0
MatMul1D, time: 1.007430, cap: 15.767301

WARNING: KS-noise-ratio = 70.8818 > 1
WARNING: KS-noise-ratio = 1.05294 > 1
baby step indices = 
giant step indices = 
In MatMul1D, D = 4, g = 0, native = 0, iterative = 0
MatMul1D, time: 0.483524, cap: 14.126226

baby step indices = 
giant step indices = 
In MatMul1D, D = 4, g = 0, native = 0, iterative = 0
MatMul1D, time: 1.016244, cap: 15.767301

time for linear1 = 0.416738, linear2 = 8.379613, extract = 22.702183, total = 32.005275
bits for linear1 = 30.450550, linear2 = 48.084430, extract = 284.573301, min cap = 8.858567, after cap = 612.731392, after prod = 945.389123
cap / time = 17.916492

### summary over 3 test
time for linear1 = 0.427446, linear2 = 8.584888, extract = 22.602679, total = 32.101186
bits for linear1 = 30.450550, linear2 = 48.066413, extract = 284.865473, min cap = 8.858567, after cap = 612.403560, after prod = 945.335447
cap / time = 17.852750


### bts finished, everything ok ###

  AAA_bootKeySwitch: 14.2874 / 3 = 4.76246   [/home/user/experiments/worktrees/HElib_ntt/src/recryption.cpp:2536]
  AAA_coeffToSlot: 12.5446 / 3 = 4.18152   [/home/user/experiments/worktrees/HElib_ntt/src/recryption.cpp:2910]
  AAA_embeddingLargest: 0.249295 / 864 = 0.000288536   [/home/user/experiments/worktrees/HElib_ntt/src/norms.cpp:250]
  AAA_embeddingLargest_x2: 0.29763 / 572 = 0.000520332   [/home/user/experiments/worktrees/HElib_ntt/src/norms.cpp:423]
  AAA_extractDigitsThin: 67.8071 / 3 = 22.6024   [/home/user/experiments/worktrees/HElib_ntt/src/recryption.cpp:2953]
  AAA_modDownEnbeddings: 0.325249 / 572 = 0.000568617   [/home/user/experiments/worktrees/HElib_ntt/src/Ctxt.cpp:506]
  AAA_slotToCoeff: 1.28232 / 3 = 0.427441   [/home/user/experiments/worktrees/HElib_ntt/src/recryption.cpp:2519]
  BasicAutomorphPrecon: 1.32546 / 18 = 0.0736368   [/home/user/experiments/worktrees/HElib_ntt/src/matmul.cpp:70]
  Decrypt: 0.143816 / 3 = 0.0479387   [/home/user/experiments/worktrees/HElib_ntt/src/keys.cpp:1350]
  DoubleCRT: 19.3705 / 1270 = 0.0152523   [/home/user/experiments/worktrees/HElib_ntt/src/DoubleCRT.cpp:718]
  FFT: 31.531 / 30374 = 0.00103809   [/home/user/experiments/worktrees/HElib_ntt/src/CModulus.cpp:448]
  FFT: 31.543 / 2008 = 0.0157087   [/home/user/experiments/worktrees/HElib_ntt/src/DoubleCRT.cpp:70]
  FFT: 14.0411 / 30374 = 0.000462273   [/home/user/experiments/worktrees/HElib_ntt/src/CModulus.cpp:479]
  FFT_aux: 14.0249 / 30374 = 0.00046174   [/home/user/experiments/worktrees/HElib_ntt/src/CModulus.cpp:360]
  FFT_remainder: 17.4707 / 30374 = 0.000575186   [/home/user/experiments/worktrees/HElib_ntt/src/CModulus.cpp:455]
  KS_loop: 9.92278 / 765 = 0.012971   [/home/user/experiments/worktrees/HElib_ntt/src/Ctxt.cpp:219]
  KS_loop_1: 1.71971 / 765 = 0.00224798   [/home/user/experiments/worktrees/HElib_ntt/src/Ctxt.cpp:227]
  KS_loop_2: 0.889515 / 765 = 0.00116276   [/home/user/experiments/worktrees/HElib_ntt/src/Ctxt.cpp:231]
  KS_loop_3: 1.98842 / 765 = 0.00259924   [/home/user/experiments/worktrees/HElib_ntt/src/Ctxt.cpp:236]
  KS_loop_4: 0.590101 / 765 = 0.000771374   [/home/user/experiments/worktrees/HElib_ntt/src/Ctxt.cpp:240]
  NORM_VAL: 1.34742 / 735 = 0.00183322   [/home/user/experiments/worktrees/HElib_ntt/src/DoubleCRT.cpp:541]
  addCtxt: 7.5676 / 2289 = 0.00330607   [/home/user/experiments/worktrees/HElib_ntt/src/Ctxt.cpp:1458]
  addPart: 2.24889 / 1938 = 0.00116042   [/home/user/experiments/worktrees/HElib_ntt/src/Ctxt.cpp:905]
  addPrimes: 21.1052 / 738 = 0.0285979   [/home/user/experiments/worktrees/HElib_ntt/src/DoubleCRT.cpp:625]
  addPrimes_5: 23.2175 / 735 = 0.0315884   [/home/user/experiments/worktrees/HElib_ntt/src/DoubleCRT.cpp:518]
  automorph: 0.354414 / 108 = 0.00328161   [/home/user/experiments/worktrees/HElib_ntt/src/Ctxt.cpp:2489]
  automorph: 1.16585 / 45 = 0.0259078   [/home/user/experiments/worktrees/HElib_ntt/src/matmul.cpp:118]
  breakIntoDigits: 23.5346 / 258 = 0.0912193   [/home/user/experiments/worktrees/HElib_ntt/src/DoubleCRT.cpp:481]
  decode: 0.053801 / 3 = 0.0179337   [/home/user/experiments/worktrees/HElib_ntt/src/EncryptedArray.cpp:375]
  do_mul: 5.02788 / 2373 = 0.00211879   [/home/user/experiments/worktrees/HElib_ntt/src/DoubleCRT.cpp:280]
  extractDigitsThin: 67.8071 / 3 = 22.6024   [/home/user/experiments/worktrees/HElib_ntt/src/recryption.cpp:2162]
  iFFT: 6.85005 / 12566 = 0.000545126   [/home/user/experiments/worktrees/HElib_ntt/src/CModulus.cpp:488]
  keySwitchPart: 31.6229 / 243 = 0.130136   [/home/user/experiments/worktrees/HElib_ntt/src/Ctxt.cpp:836]
  modDownToSet: 45.2351 / 594 = 0.0761534   [/home/user/experiments/worktrees/HElib_ntt/src/Ctxt.cpp:409]
  mul_MatMul1DExec: 10.5435 / 18 = 0.585751   [/home/user/experiments/worktrees/HElib_ntt/src/matmul.cpp:1285]
  multByConstant: 0.060077 / 3 = 0.0200257   [/home/user/experiments/worktrees/HElib_ntt/src/Ctxt.cpp:1910]
  multByConstant: 0.340465 / 84 = 0.00405315   [/home/user/experiments/worktrees/HElib_ntt/src/Ctxt.cpp:1884]
  multLowLvl: 28.6949 / 168 = 0.170803   [/home/user/experiments/worktrees/HElib_ntt/src/Ctxt.cpp:1733]
  multiplyBy: 31.6483 / 87 = 0.363773   [/home/user/experiments/worktrees/HElib_ntt/src/Ctxt.cpp:1809]
  privateAssign: 2.28916 / 1293 = 0.00177043   [/home/user/experiments/worktrees/HElib_ntt/src/Ctxt.cpp:329]
  randomize: 4.02008 / 765 = 0.005255   [/home/user/experiments/worktrees/HElib_ntt/src/DoubleCRT.cpp:1318]
  randomize_stream: 2.2514 / 2321718 = 9.69712e-07   [/home/user/experiments/worktrees/HElib_ntt/src/DoubleCRT.cpp:1348]
  reLinearize: 51.3375 / 324 = 0.158449   [/home/user/experiments/worktrees/HElib_ntt/src/Ctxt.cpp:736]
  smartAutomorph: 22.6362 / 108 = 0.209595   [/home/user/experiments/worktrees/HElib_ntt/src/Ctxt.cpp:2514]
  thinReCrypt: 96.3104 / 3 = 32.1035   [/home/user/experiments/worktrees/HElib_ntt/src/recryption.cpp:2437]
  toPoly: 22.9483 / 2005 = 0.0114455   [/home/user/experiments/worktrees/HElib_ntt/src/DoubleCRT.cpp:985]
  toPoly_CRT: 11.8526 / 2005 = 0.00591151   [/home/user/experiments/worktrees/HElib_ntt/src/DoubleCRT.cpp:1052]
  toPoly_FFT: 10.1976 / 2005 = 0.00508609   [/home/user/experiments/worktrees/HElib_ntt/src/DoubleCRT.cpp:1030]
  rusage.ru_maxrss=75294376
||||| stats |||||
KS-noise-ratio ave=4372.85 max=363234
KS-noise-ratio-hoist ave=7.90484e-05 max=0.000254309
break-into-digits-ratio ave=0.315539 max=0.410799
excess-ctxtPrimes ave=4.49181 max=4.49181
excess-specialPrimes ave=4.93397 max=4.93397
mod-switch-added-noise ave=0.31997 max=0.3824
ptxt_rat_sk ave=0.00966242 max=0.00966242
ptxt_rat_sk ave=0.00284706 max=0.00284706
raw-mod-switch-noise ave=0.310098 max=0.319537
window1-nchoices ave=4.75 max=9
window1-out ave=0 max=0
window2-nchoices ave=4.98718 max=9
window2-out ave=0 max=0
||||| stats |||||
KS-noise-ratio ave=4372.85 max=363234
KS-noise-ratio-hoist ave=7.90484e-05 max=0.000254309
break-into-digits-ratio ave=0.315539 max=0.410799
excess-ctxtPrimes ave=4.49181 max=4.49181
excess-specialPrimes ave=4.93397 max=4.93397
mod-switch-added-noise ave=0.31997 max=0.3824
ptxt_rat_sk ave=0.00966242 max=0.00966242
ptxt_rat_sk ave=0.00284706 max=0.00284706
raw-mod-switch-noise ave=0.310098 max=0.319537
window1-nchoices ave=4.75 max=9
window1-out ave=0 max=0
window2-nchoices ave=4.98718 max=9
window2-out ave=0 max=0
