chosen idx = 7
encapHwt = 26
t for new bts is -1
new bts ? 1
new ks ? 1
thick bts ?0
s2cFirst ? 0
toy ? 0
repeat times = 3
### partition is 0 3 6 
*** GTestFatboot: p=14401, r=1, bits=980, t=0, c=3, m=65536 mvec=[65536], gens=[-1 5], ords=[2 16]
Computing key-independent tables...using HELIB_EXPLICIT_AUX=120

t = -1
bound on I = 12.275681
log2(aux) = 6.906891
log2(beta) = 28.026150
log2(qks) >= 36.933619, final log2(qks) = 36.933635
log2(R) >= 19.580487, final log2(R) = 19.584964
INFO: total bits = 1319.65, security level = 78.6697
deg of poly for non-power-of-p aux is 727
security=78.6697
# small primes = 6
# ctxt primes = 17
# bits in ctxt primes = 984
# special primes = 6
# bits in special primes = 335
scale=10
 done in 33.672 seconds
  e=0, e'=0, t=26
  m = 65536, p = 14401, phi(m) = 32768
  ord(p) = 1024
  normBnd = 1
  polyNormBnd = 1
  factors = [2]
  generator -1 has order (== Z_m^*) of 2
  generator 5 has order (!= Z_m^*) of 16
  T = [ 1 5 25 125 625 3125 15625 12589 62945 52581 761 3805 19025 29589 16873 18829 65535 65531 65511 65411 64911 62411 49911 52947 2591 12955 64775 61731 46511 35947 48663 46707 ]
r = 1
nslots = 32
hwt = 120
ctxtPrimes = [6,7,8,9,10,11,12,13,14,15,16,17,18,19,20,21,22]
specialPrimes = [27,28,29,30,31,32]
number of bits = 1320

security level = 78.6697
Generating keys, Dim 0 has size 2, using KSS_FULL
Dim 1 has size 16, using KSS_FULL
computing key-dependent tables...Sparse boot key hwt = 26
 done in 130.387 seconds
baby step indices = 
giant step indices = 
In MatMul1D, D = 16, g = 0, native = 0, iterative = 0
MatMul1D, time: 0.395321, cap: 17.637788

baby step indices = 
giant step indices = 
In MatMul1D, D = 16, g = 0, native = 0, iterative = 0
MatMul1D, time: 0.201233, cap: 18.358997

WARNING: KS-noise-ratio = 330988 > 1
WARNING: KS-noise-ratio = 1.07341 > 1
baby step indices = 
giant step indices = 
In MatMul1D, D = 16, g = 0, native = 0, iterative = 0
MatMul1D, time: 0.776374, cap: 18.045345

baby step indices = 
giant step indices = 
In MatMul1D, D = 16, g = 0, native = 0, iterative = 0
MatMul1D, time: 1.568760, cap: 17.534494

WARNING: KS-noise-ratio = 54.0741 > 1
baby step indices = 
giant step indices = 
In MatMul1D, D = 16, g = 0, native = 0, iterative = 0
MatMul1D, time: 0.648643, cap: 18.045360

baby step indices = 
giant step indices = 
In MatMul1D, D = 16, g = 0, native = 0, iterative = 0
MatMul1D, time: 1.422584, cap: 17.534494

HELIB_AUX_ORDER4_EVAL enabled: deg(P)=727, terms(P)=183, deg(Q)=181, terms(Q)=182
time for linear1 = 0.596592, linear2 = 9.140603, extract = 14.166129, total = 24.353719
bits for linear1 = 35.996785, linear2 = 51.353872, extract = 318.711107, min cap = 8.907485, after cap = 574.872998, after prod = 944.937977
cap / time = 21.761306
baby step indices = 
giant step indices = 
In MatMul1D, D = 16, g = 0, native = 0, iterative = 0
MatMul1D, time: 0.336798, cap: 17.637788

baby step indices = 
giant step indices = 
In MatMul1D, D = 16, g = 0, native = 0, iterative = 0
MatMul1D, time: 0.182515, cap: 18.358998

WARNING: KS-noise-ratio = 310351 > 1
baby step indices = 
giant step indices = 
In MatMul1D, D = 16, g = 0, native = 0, iterative = 0
MatMul1D, time: 0.626499, cap: 18.045220

baby step indices = 
giant step indices = 
In MatMul1D, D = 16, g = 0, native = 0, iterative = 0
MatMul1D, time: 1.295487, cap: 17.534494

WARNING: KS-noise-ratio = 59.5342 > 1
baby step indices = 
giant step indices = 
In MatMul1D, D = 16, g = 0, native = 0, iterative = 0
MatMul1D, time: 0.619629, cap: 18.045205

baby step indices = 
giant step indices = 
In MatMul1D, D = 16, g = 0, native = 0, iterative = 0
MatMul1D, time: 1.296923, cap: 17.534494

time for linear1 = 0.519623, linear2 = 8.348482, extract = 13.950060, total = 23.323162
bits for linear1 = 35.996786, linear2 = 51.488973, extract = 318.607713, min cap = 8.907485, after cap = 574.935606, after prod = 945.032291
cap / time = 22.725535
baby step indices = 
giant step indices = 
In MatMul1D, D = 16, g = 0, native = 0, iterative = 0
MatMul1D, time: 0.334339, cap: 17.637787

baby step indices = 
giant step indices = 
In MatMul1D, D = 16, g = 0, native = 0, iterative = 0
MatMul1D, time: 0.183751, cap: 18.358998

WARNING: KS-noise-ratio = 1.16468 > 1
WARNING: KS-noise-ratio = 343174 > 1
WARNING: KS-noise-ratio = 1.03369 > 1
baby step indices = 
giant step indices = 
In MatMul1D, D = 16, g = 0, native = 0, iterative = 0
MatMul1D, time: 0.646394, cap: 18.045244

baby step indices = 
giant step indices = 
In MatMul1D, D = 16, g = 0, native = 0, iterative = 0
MatMul1D, time: 1.379417, cap: 17.534494

WARNING: KS-noise-ratio = 59.4893 > 1
WARNING: KS-noise-ratio = 1.009 > 1
baby step indices = 
giant step indices = 
In MatMul1D, D = 16, g = 0, native = 0, iterative = 0
MatMul1D, time: 0.664071, cap: 18.045126

baby step indices = 
giant step indices = 
In MatMul1D, D = 16, g = 0, native = 0, iterative = 0
MatMul1D, time: 1.441748, cap: 17.534494

time for linear1 = 0.518133, linear2 = 8.621825, extract = 14.135385, total = 23.782057
bits for linear1 = 35.996784, linear2 = 51.510009, extract = 318.777700, min cap = 8.907485, after cap = 574.736147, after prod = 945.023855
cap / time = 22.278639

### summary over 3 test
time for linear1 = 0.544783, linear2 = 8.703637, extract = 14.083858, total = 23.819646
bits for linear1 = 35.996785, linear2 = 51.450951, extract = 318.698840, min cap = 8.907485, after cap = 574.848250, after prod = 944.998041
cap / time = 22.248189


### bts finished, everything ok ###

  AAA_bootKeySwitch: 14.4331 / 3 = 4.81102   [/home/user/experiments/worktrees/HElib_ntt/src/recryption.cpp:2536]
  AAA_coeffToSlot: 12.7547 / 3 = 4.25158   [/home/user/experiments/worktrees/HElib_ntt/src/recryption.cpp:2910]
  AAA_embeddingLargest: 0.193924 / 636 = 0.000304912   [/home/user/experiments/worktrees/HElib_ntt/src/norms.cpp:250]
  AAA_embeddingLargest_x2: 0.201575 / 383 = 0.000526305   [/home/user/experiments/worktrees/HElib_ntt/src/norms.cpp:423]
  AAA_extractDigitsThin: 42.2505 / 3 = 14.0835   [/home/user/experiments/worktrees/HElib_ntt/src/recryption.cpp:2953]
  AAA_modDownEnbeddings: 0.22054 / 383 = 0.000575822   [/home/user/experiments/worktrees/HElib_ntt/src/Ctxt.cpp:506]
  AAA_slotToCoeff: 1.63432 / 3 = 0.544774   [/home/user/experiments/worktrees/HElib_ntt/src/recryption.cpp:2519]
  BasicAutomorphPrecon: 1.3203 / 18 = 0.0733498   [/home/user/experiments/worktrees/HElib_ntt/src/matmul.cpp:70]
  Decrypt: 0.14624 / 3 = 0.0487467   [/home/user/experiments/worktrees/HElib_ntt/src/keys.cpp:1350]
  DoubleCRT: 12.7056 / 856 = 0.014843   [/home/user/experiments/worktrees/HElib_ntt/src/DoubleCRT.cpp:718]
  FFT: 9.74732 / 20894 = 0.000466513   [/home/user/experiments/worktrees/HElib_ntt/src/CModulus.cpp:479]
  FFT: 21.703 / 1402 = 0.01548   [/home/user/experiments/worktrees/HElib_ntt/src/DoubleCRT.cpp:70]
  FFT: 21.6953 / 20894 = 0.00103835   [/home/user/experiments/worktrees/HElib_ntt/src/CModulus.cpp:448]
  FFT_aux: 9.73554 / 20894 = 0.000465949   [/home/user/experiments/worktrees/HElib_ntt/src/CModulus.cpp:360]
  FFT_remainder: 11.934 / 20894 = 0.000571169   [/home/user/experiments/worktrees/HElib_ntt/src/CModulus.cpp:455]
  KS_loop: 9.44977 / 699 = 0.013519   [/home/user/experiments/worktrees/HElib_ntt/src/Ctxt.cpp:219]
  KS_loop_1: 1.56951 / 699 = 0.00224537   [/home/user/experiments/worktrees/HElib_ntt/src/Ctxt.cpp:227]
  KS_loop_2: 1.12043 / 699 = 0.0016029   [/home/user/experiments/worktrees/HElib_ntt/src/Ctxt.cpp:231]
  KS_loop_3: 1.82127 / 699 = 0.00260554   [/home/user/experiments/worktrees/HElib_ntt/src/Ctxt.cpp:236]
  KS_loop_4: 0.530463 / 699 = 0.000758888   [/home/user/experiments/worktrees/HElib_ntt/src/Ctxt.cpp:240]
  NORM_VAL: 1.00368 / 543 = 0.00184841   [/home/user/experiments/worktrees/HElib_ntt/src/DoubleCRT.cpp:541]
  addConstant: 0.167123 / 48 = 0.00348173   [/home/user/experiments/worktrees/HElib_ntt/src/Ctxt.cpp:2197]
  addCtxt: 7.10136 / 834 = 0.00851482   [/home/user/experiments/worktrees/HElib_ntt/src/Ctxt.cpp:1458]
  addPart: 2.37307 / 1794 = 0.00132278   [/home/user/experiments/worktrees/HElib_ntt/src/Ctxt.cpp:905]
  addPrimes: 15.6048 / 546 = 0.0285802   [/home/user/experiments/worktrees/HElib_ntt/src/DoubleCRT.cpp:625]
  addPrimes_5: 17.178 / 543 = 0.0316353   [/home/user/experiments/worktrees/HElib_ntt/src/DoubleCRT.cpp:518]
  automorph: 0.319453 / 96 = 0.00332764   [/home/user/experiments/worktrees/HElib_ntt/src/Ctxt.cpp:2489]
  automorph: 3.73355 / 99 = 0.0377126   [/home/user/experiments/worktrees/HElib_ntt/src/matmul.cpp:118]
  breakIntoDigits: 17.4182 / 195 = 0.0893241   [/home/user/experiments/worktrees/HElib_ntt/src/DoubleCRT.cpp:481]
  decode: 0.195616 / 3 = 0.0652053   [/home/user/experiments/worktrees/HElib_ntt/src/EncryptedArray.cpp:375]
  do_mul: 4.79783 / 2181 = 0.00219983   [/home/user/experiments/worktrees/HElib_ntt/src/DoubleCRT.cpp:280]
  extractDigitsThin: 42.2505 / 3 = 14.0835   [/home/user/experiments/worktrees/HElib_ntt/src/recryption.cpp:2162]
  iFFT: 4.63907 / 8499 = 0.000545838   [/home/user/experiments/worktrees/HElib_ntt/src/CModulus.cpp:488]
  keySwitchPart: 23.1032 / 180 = 0.128351   [/home/user/experiments/worktrees/HElib_ntt/src/Ctxt.cpp:836]
  modDownToSet: 29.6403 / 390 = 0.0760007   [/home/user/experiments/worktrees/HElib_ntt/src/Ctxt.cpp:409]
  mul_MatMul1DExec: 14.0213 / 18 = 0.778963   [/home/user/experiments/worktrees/HElib_ntt/src/matmul.cpp:1285]
  multByConstant: 0.837411 / 192 = 0.00436152   [/home/user/experiments/worktrees/HElib_ntt/src/Ctxt.cpp:1884]
  multByConstant: 0.059526 / 3 = 0.019842   [/home/user/experiments/worktrees/HElib_ntt/src/Ctxt.cpp:1910]
  multLowLvl: 16.4285 / 99 = 0.165945   [/home/user/experiments/worktrees/HElib_ntt/src/Ctxt.cpp:1733]
  multiplyBy: 19.8623 / 54 = 0.36782   [/home/user/experiments/worktrees/HElib_ntt/src/Ctxt.cpp:1809]
  privateAssign: 2.17146 / 1023 = 0.00212264   [/home/user/experiments/worktrees/HElib_ntt/src/Ctxt.cpp:329]
  randomize: 3.68344 / 699 = 0.00526959   [/home/user/experiments/worktrees/HElib_ntt/src/DoubleCRT.cpp:1318]
  randomize_stream: 2.0702 / 2119227 = 9.76865e-07   [/home/user/experiments/worktrees/HElib_ntt/src/DoubleCRT.cpp:1348]
  reLinearize: 37.7934 / 255 = 0.148209   [/home/user/experiments/worktrees/HElib_ntt/src/Ctxt.cpp:736]
  smartAutomorph: 20.0456 / 96 = 0.208808   [/home/user/experiments/worktrees/HElib_ntt/src/Ctxt.cpp:2514]
  thinReCrypt: 71.4699 / 3 = 23.8233   [/home/user/experiments/worktrees/HElib_ntt/src/recryption.cpp:2437]
  toPoly: 15.6597 / 1399 = 0.0111935   [/home/user/experiments/worktrees/HElib_ntt/src/DoubleCRT.cpp:985]
  toPoly_CRT: 8.08789 / 1399 = 0.0057812   [/home/user/experiments/worktrees/HElib_ntt/src/DoubleCRT.cpp:1052]
  toPoly_FFT: 6.96381 / 1399 = 0.00497771   [/home/user/experiments/worktrees/HElib_ntt/src/DoubleCRT.cpp:1030]
  rusage.ru_maxrss=19678460
||||| stats |||||
KS-noise-ratio ave=5470.56 max=343174
KS-noise-ratio-hoist ave=0.000326528 max=0.00107059
break-into-digits-ratio ave=0.313602 max=0.395003
excess-ctxtPrimes ave=4.49181 max=4.49181
excess-specialPrimes ave=5.03179 max=5.03179
mod-switch-added-noise ave=0.320174 max=0.411107
ptxt_rat_sk ave=0.00622368 max=0.00622368
ptxt_rat_sk ave=0.00669657 max=0.00669657
raw-mod-switch-noise ave=0.32225 max=0.3395
window1-nchoices ave=4.2 max=5
window1-out ave=0 max=0
window2-nchoices ave=4.32143 max=6
window2-out ave=0 max=0
||||| stats |||||
KS-noise-ratio ave=5470.56 max=343174
KS-noise-ratio-hoist ave=0.000326528 max=0.00107059
break-into-digits-ratio ave=0.313602 max=0.395003
excess-ctxtPrimes ave=4.49181 max=4.49181
excess-specialPrimes ave=5.03179 max=5.03179
mod-switch-added-noise ave=0.320174 max=0.411107
ptxt_rat_sk ave=0.00622368 max=0.00622368
ptxt_rat_sk ave=0.00669657 max=0.00669657
raw-mod-switch-noise ave=0.32225 max=0.3395
window1-nchoices ave=4.2 max=5
window1-out ave=0 max=0
window2-nchoices ave=4.32143 max=6
window2-out ave=0 max=0
