chosen idx = 12
encapHwt = 26
t for new bts is -1
new bts ? 1
new ks ? 1
thick bts ?0
s2cFirst ? 0
toy ? 0
repeat times = 3
### partition is 0 2 4 
*** GTestFatboot: p=15377, r=1, bits=980, t=0, c=3, m=65536 mvec=[65536], gens=[-1 5], ords=[2 4]
Computing key-independent tables...using HELIB_EXPLICIT_AUX=124

t = -1
bound on I = 12.275681
log2(aux) = 6.954196
log2(beta) = 28.120755
log2(qks) >= 37.075530, final log2(qks) = 37.075531
log2(R) >= 19.627787, final log2(R) = 20.169926
INFO: total bits = 1319.65, security level = 78.6697
deg of poly for non-power-of-p aux is 727
security=78.6697
# small primes = 6
# ctxt primes = 17
# bits in ctxt primes = 984
# special primes = 6
# bits in special primes = 335
scale=10
 done in 62.4891 seconds
  e=0, e'=0, t=26
  m = 65536, p = 15377, phi(m) = 32768
  ord(p) = 4096
  normBnd = 1
  polyNormBnd = 1
  factors = [2]
  generator -1 has order (== Z_m^*) of 2
  generator 5 has order (!= Z_m^*) of 4
  T = [ 1 5 25 125 65535 65531 65511 65411 ]
r = 1
nslots = 8
hwt = 120
ctxtPrimes = [6,7,8,9,10,11,12,13,14,15,16,17,18,19,20,21,22]
specialPrimes = [27,28,29,30,31,32]
number of bits = 1320

security level = 78.6697
Generating keys, Dim 0 has size 2, using KSS_FULL
Dim 1 has size 4, using KSS_FULL
computing key-dependent tables...Sparse boot key hwt = 26
 done in 507.678 seconds
baby step indices = 
giant step indices = 
In MatMul1D, D = 4, g = 0, native = 0, iterative = 0
MatMul1D, time: 0.296223, cap: 15.974642

baby step indices = 
giant step indices = 
In MatMul1D, D = 4, g = 0, native = 0, iterative = 0
MatMul1D, time: 0.153819, cap: 15.254980

WARNING: KS-noise-ratio = 350205 > 1
baby step indices = 
giant step indices = 
In MatMul1D, D = 4, g = 0, native = 0, iterative = 0
MatMul1D, time: 0.563624, cap: 14.250497

baby step indices = 
giant step indices = 
In MatMul1D, D = 4, g = 0, native = 0, iterative = 0
MatMul1D, time: 1.140483, cap: 15.843548

WARNING: KS-noise-ratio = 64.0998 > 1
WARNING: KS-noise-ratio = 1.03747 > 1
baby step indices = 
giant step indices = 
In MatMul1D, D = 4, g = 0, native = 0, iterative = 0
MatMul1D, time: 0.490931, cap: 14.250492

baby step indices = 
giant step indices = 
In MatMul1D, D = 4, g = 0, native = 0, iterative = 0
MatMul1D, time: 1.068348, cap: 15.843548

HELIB_AUX_ORDER4_EVAL enabled: deg(P)=727, terms(P)=183, deg(Q)=181, terms(Q)=182
time for linear1 = 0.450087, linear2 = 8.963354, extract = 13.721026, total = 23.580911
bits for linear1 = 31.229622, linear2 = 48.145575, extract = 313.209401, min cap = 8.954776, after cap = 583.786745, after prod = 945.141721
cap / time = 23.052644
baby step indices = 
giant step indices = 
In MatMul1D, D = 4, g = 0, native = 0, iterative = 0
MatMul1D, time: 0.268170, cap: 15.974645

baby step indices = 
giant step indices = 
In MatMul1D, D = 4, g = 0, native = 0, iterative = 0
MatMul1D, time: 0.148533, cap: 15.254978

WARNING: KS-noise-ratio = 336275 > 1
WARNING: KS-noise-ratio = 1.05628 > 1
baby step indices = 
giant step indices = 
In MatMul1D, D = 4, g = 0, native = 0, iterative = 0
MatMul1D, time: 0.481472, cap: 14.250494

baby step indices = 
giant step indices = 
In MatMul1D, D = 4, g = 0, native = 0, iterative = 0
MatMul1D, time: 1.006695, cap: 15.843548

WARNING: KS-noise-ratio = 63.2277 > 1
baby step indices = 
giant step indices = 
In MatMul1D, D = 4, g = 0, native = 0, iterative = 0
MatMul1D, time: 0.481246, cap: 14.250475

baby step indices = 
giant step indices = 
In MatMul1D, D = 4, g = 0, native = 0, iterative = 0
MatMul1D, time: 1.009801, cap: 15.843548

time for linear1 = 0.416737, linear2 = 8.363798, extract = 13.517713, total = 22.802155
bits for linear1 = 31.229623, linear2 = 48.076745, extract = 313.425412, min cap = 8.954776, after cap = 583.544225, after prod = 945.046382
cap / time = 23.829319
baby step indices = 
giant step indices = 
In MatMul1D, D = 4, g = 0, native = 0, iterative = 0
MatMul1D, time: 0.266702, cap: 15.974650

baby step indices = 
giant step indices = 
In MatMul1D, D = 4, g = 0, native = 0, iterative = 0
MatMul1D, time: 0.148574, cap: 15.254978

WARNING: KS-noise-ratio = 370549 > 1
baby step indices = 
giant step indices = 
In MatMul1D, D = 4, g = 0, native = 0, iterative = 0
MatMul1D, time: 0.482427, cap: 14.250477

baby step indices = 
giant step indices = 
In MatMul1D, D = 4, g = 0, native = 0, iterative = 0
MatMul1D, time: 1.007316, cap: 15.843548

WARNING: KS-noise-ratio = 61.1007 > 1
WARNING: KS-noise-ratio = 1.01461 > 1
baby step indices = 
giant step indices = 
In MatMul1D, D = 4, g = 0, native = 0, iterative = 0
MatMul1D, time: 0.483121, cap: 14.250476

baby step indices = 
giant step indices = 
In MatMul1D, D = 4, g = 0, native = 0, iterative = 0
MatMul1D, time: 1.010912, cap: 15.843548

time for linear1 = 0.415311, linear2 = 8.343950, extract = 13.529388, total = 22.793062
bits for linear1 = 31.229629, linear2 = 48.070051, extract = 313.852641, min cap = 8.954776, after cap = 583.130399, after prod = 945.053090
cap / time = 23.820669

### summary over 3 test
time for linear1 = 0.427378, linear2 = 8.557034, extract = 13.589376, total = 23.058710
bits for linear1 = 31.229624, linear2 = 48.097457, extract = 313.495818, min cap = 8.954776, after cap = 583.487123, after prod = 945.080397
cap / time = 23.561714


### bts finished, everything ok ###

  AAA_bootKeySwitch: 14.2341 / 3 = 4.7447   [/home/user/experiments/worktrees/HElib_ntt/src/recryption.cpp:2536]
  AAA_coeffToSlot: 12.5103 / 3 = 4.1701   [/home/user/experiments/worktrees/HElib_ntt/src/recryption.cpp:2910]
  AAA_embeddingLargest: 0.188656 / 663 = 0.000284549   [/home/user/experiments/worktrees/HElib_ntt/src/norms.cpp:250]
  AAA_embeddingLargest_x2: 0.19954 / 386 = 0.000516943   [/home/user/experiments/worktrees/HElib_ntt/src/norms.cpp:423]
  AAA_extractDigitsThin: 40.7676 / 3 = 13.5892   [/home/user/experiments/worktrees/HElib_ntt/src/recryption.cpp:2953]
  AAA_modDownEnbeddings: 0.216147 / 386 = 0.000559966   [/home/user/experiments/worktrees/HElib_ntt/src/Ctxt.cpp:506]
  AAA_slotToCoeff: 1.28212 / 3 = 0.427375   [/home/user/experiments/worktrees/HElib_ntt/src/recryption.cpp:2519]
  BasicAutomorphPrecon: 1.32108 / 18 = 0.0733935   [/home/user/experiments/worktrees/HElib_ntt/src/matmul.cpp:70]
  Decrypt: 0.14299 / 3 = 0.0476633   [/home/user/experiments/worktrees/HElib_ntt/src/keys.cpp:1350]
  DoubleCRT: 12.6073 / 853 = 0.01478   [/home/user/experiments/worktrees/HElib_ntt/src/DoubleCRT.cpp:718]
  FFT: 9.90033 / 21554 = 0.000459327   [/home/user/experiments/worktrees/HElib_ntt/src/CModulus.cpp:479]
  FFT: 22.119 / 1432 = 0.0154462   [/home/user/experiments/worktrees/HElib_ntt/src/DoubleCRT.cpp:70]
  FFT: 22.1112 / 21554 = 0.00102585   [/home/user/experiments/worktrees/HElib_ntt/src/CModulus.cpp:448]
  FFT_aux: 9.88979 / 21554 = 0.000458838   [/home/user/experiments/worktrees/HElib_ntt/src/CModulus.cpp:360]
  FFT_remainder: 12.1983 / 21554 = 0.000565943   [/home/user/experiments/worktrees/HElib_ntt/src/CModulus.cpp:455]
  KS_loop: 8.01128 / 609 = 0.0131548   [/home/user/experiments/worktrees/HElib_ntt/src/Ctxt.cpp:219]
  KS_loop_1: 1.36751 / 609 = 0.00224551   [/home/user/experiments/worktrees/HElib_ntt/src/Ctxt.cpp:227]
  KS_loop_2: 0.797418 / 609 = 0.00130939   [/home/user/experiments/worktrees/HElib_ntt/src/Ctxt.cpp:231]
  KS_loop_3: 1.61238 / 609 = 0.00264759   [/home/user/experiments/worktrees/HElib_ntt/src/Ctxt.cpp:236]
  KS_loop_4: 0.471396 / 609 = 0.000774049   [/home/user/experiments/worktrees/HElib_ntt/src/Ctxt.cpp:240]
  NORM_VAL: 1.05935 / 579 = 0.00182962   [/home/user/experiments/worktrees/HElib_ntt/src/DoubleCRT.cpp:541]
  addConstant: 0.162989 / 48 = 0.0033956   [/home/user/experiments/worktrees/HElib_ntt/src/Ctxt.cpp:2197]
  addCtxt: 6.98936 / 738 = 0.00947067   [/home/user/experiments/worktrees/HElib_ntt/src/Ctxt.cpp:1458]
  addPart: 1.85546 / 1572 = 0.00118032   [/home/user/experiments/worktrees/HElib_ntt/src/Ctxt.cpp:905]
  addPrimes: 16.534 / 582 = 0.0284089   [/home/user/experiments/worktrees/HElib_ntt/src/DoubleCRT.cpp:625]
  addPrimes_5: 18.2082 / 579 = 0.0314476   [/home/user/experiments/worktrees/HElib_ntt/src/DoubleCRT.cpp:518]
  automorph: 0.356753 / 108 = 0.00330327   [/home/user/experiments/worktrees/HElib_ntt/src/Ctxt.cpp:2489]
  automorph: 1.17204 / 45 = 0.0260453   [/home/user/experiments/worktrees/HElib_ntt/src/matmul.cpp:118]
  breakIntoDigits: 18.4605 / 207 = 0.0891813   [/home/user/experiments/worktrees/HElib_ntt/src/DoubleCRT.cpp:481]
  decode: 0.053902 / 3 = 0.0179673   [/home/user/experiments/worktrees/HElib_ntt/src/EncryptedArray.cpp:375]
  do_mul: 3.88195 / 1785 = 0.00217476   [/home/user/experiments/worktrees/HElib_ntt/src/DoubleCRT.cpp:280]
  extractDigitsThin: 40.7676 / 3 = 13.5892   [/home/user/experiments/worktrees/HElib_ntt/src/recryption.cpp:2162]
  iFFT: 4.742 / 8754 = 0.000541695   [/home/user/experiments/worktrees/HElib_ntt/src/CModulus.cpp:488]
  keySwitchPart: 24.5489 / 192 = 0.127859   [/home/user/experiments/worktrees/HElib_ntt/src/Ctxt.cpp:836]
  modDownToSet: 29.4819 / 402 = 0.073338   [/home/user/experiments/worktrees/HElib_ntt/src/Ctxt.cpp:409]
  mul_MatMul1DExec: 10.5089 / 18 = 0.583826   [/home/user/experiments/worktrees/HElib_ntt/src/matmul.cpp:1285]
  multByConstant: 0.341612 / 84 = 0.00406681   [/home/user/experiments/worktrees/HElib_ntt/src/Ctxt.cpp:1884]
  multByConstant: 0.059266 / 3 = 0.0197553   [/home/user/experiments/worktrees/HElib_ntt/src/Ctxt.cpp:1910]
  multLowLvl: 15.9782 / 99 = 0.161396   [/home/user/experiments/worktrees/HElib_ntt/src/Ctxt.cpp:1733]
  multiplyBy: 18.7539 / 54 = 0.347295   [/home/user/experiments/worktrees/HElib_ntt/src/Ctxt.cpp:1809]
  privateAssign: 2.16812 / 1047 = 0.00207079   [/home/user/experiments/worktrees/HElib_ntt/src/Ctxt.cpp:329]
  randomize: 3.18794 / 609 = 0.00523471   [/home/user/experiments/worktrees/HElib_ntt/src/DoubleCRT.cpp:1318]
  randomize_stream: 1.78196 / 1843617 = 9.66559e-07   [/home/user/experiments/worktrees/HElib_ntt/src/DoubleCRT.cpp:1348]
  reLinearize: 39.275 / 267 = 0.147097   [/home/user/experiments/worktrees/HElib_ntt/src/Ctxt.cpp:736]
  smartAutomorph: 22.56 / 108 = 0.208889   [/home/user/experiments/worktrees/HElib_ntt/src/Ctxt.cpp:2514]
  thinReCrypt: 69.1834 / 3 = 23.0611   [/home/user/experiments/worktrees/HElib_ntt/src/recryption.cpp:2437]
  toPoly: 15.9973 / 1432 = 0.0111713   [/home/user/experiments/worktrees/HElib_ntt/src/DoubleCRT.cpp:985]
  toPoly_CRT: 8.30382 / 1432 = 0.00579875   [/home/user/experiments/worktrees/HElib_ntt/src/DoubleCRT.cpp:1052]
  toPoly_FFT: 7.07904 / 1432 = 0.00494346   [/home/user/experiments/worktrees/HElib_ntt/src/DoubleCRT.cpp:1030]
  rusage.ru_maxrss=75166360
||||| stats |||||
KS-noise-ratio ave=5506.4 max=370549
KS-noise-ratio-hoist ave=7.98319e-05 max=0.000252404
break-into-digits-ratio ave=0.31366 max=0.395587
excess-ctxtPrimes ave=4.49181 max=4.49181
excess-specialPrimes ave=5.12639 max=5.12639
mod-switch-added-noise ave=0.317658 max=0.389871
ptxt_rat_sk ave=0.0128146 max=0.0128146
ptxt_rat_sk ave=0.00235476 max=0.00235476
raw-mod-switch-noise ave=0.266961 max=0.278265
window1-nchoices ave=5 max=9
window1-out ave=0 max=0
window2-nchoices ave=4.79762 max=9
window2-out ave=0 max=0
||||| stats |||||
KS-noise-ratio ave=5506.4 max=370549
KS-noise-ratio-hoist ave=7.98319e-05 max=0.000252404
break-into-digits-ratio ave=0.31366 max=0.395587
excess-ctxtPrimes ave=4.49181 max=4.49181
excess-specialPrimes ave=5.12639 max=5.12639
mod-switch-added-noise ave=0.317658 max=0.389871
ptxt_rat_sk ave=0.0128146 max=0.0128146
ptxt_rat_sk ave=0.00235476 max=0.00235476
raw-mod-switch-noise ave=0.266961 max=0.278265
window1-nchoices ave=5 max=9
window1-out ave=0 max=0
window2-nchoices ave=4.79762 max=9
window2-out ave=0 max=0
