chosen idx = 13
encapHwt = 26
t for new bts is -1
new bts ? 1
new ks ? 1
thick bts ?0
s2cFirst ? 0
toy ? 0
repeat times = 3
### partition is 0 1 3 
*** GTestFatboot: p=2521, r=1, bits=980, t=0, c=3, m=65536 mvec=[65536], gens=[-1 5], ords=[2 2]
Computing key-independent tables...using HELIB_EXPLICIT_AUX=71

t = -1
bound on I = 12.275681
log2(aux) = 6.149747
log2(beta) = 25.512049
log2(qks) >= 33.662374, final log2(qks) = 33.662383
log2(R) >= 18.490071, final log2(R) = 19.584964
INFO: total bits = 1319.65, security level = 78.6697
deg of poly for non-power-of-p aux is 727
security=78.6697
# small primes = 6
# ctxt primes = 17
# bits in ctxt primes = 984
# special primes = 6
# bits in special primes = 335
scale=10
 done in 92.461 seconds
  e=0, e'=0, t=26
  m = 65536, p = 2521, phi(m) = 32768
  ord(p) = 8192
  normBnd = 1
  polyNormBnd = 1
  factors = [2]
  generator -1 has order (== Z_m^*) of 2
  generator 5 has order (!= Z_m^*) of 2
  T = [ 1 5 65535 65531 ]
r = 1
nslots = 4
hwt = 120
ctxtPrimes = [6,7,8,9,10,11,12,13,14,15,16,17,18,19,20,21,22]
specialPrimes = [27,28,29,30,31,32]
number of bits = 1320

security level = 78.6697
Generating keys, Dim 0 has size 2, using KSS_FULL
Dim 1 has size 2, using KSS_FULL
computing key-dependent tables...Sparse boot key hwt = 26
 done in 1024.28 seconds
baby step indices = 
giant step indices = 
In MatMul1D, D = 2, g = 0, native = 0, iterative = 0
MatMul1D, time: 0.268545, cap: 13.550098

baby step indices = 
giant step indices = 
In MatMul1D, D = 2, g = 0, native = 0, iterative = 0
MatMul1D, time: 0.057611, cap: 0.000127

WARNING: KS-noise-ratio = 319942 > 1
WARNING: KS-noise-ratio = 1.12841 > 1
baby step indices = 
giant step indices = 
In MatMul1D, D = 2, g = 0, native = 0, iterative = 0
MatMul1D, time: 0.202688, cap: 0.000000

baby step indices = 
giant step indices = 
In MatMul1D, D = 2, g = 0, native = 0, iterative = 0
MatMul1D, time: 0.974933, cap: 13.769956

WARNING: KS-noise-ratio = 119.432 > 1
WARNING: KS-noise-ratio = 1.08791 > 1
baby step indices = 
giant step indices = 
In MatMul1D, D = 2, g = 0, native = 0, iterative = 0
MatMul1D, time: 0.189893, cap: 0.000000

baby step indices = 
giant step indices = 
In MatMul1D, D = 2, g = 0, native = 0, iterative = 0
MatMul1D, time: 0.910960, cap: 13.769948

WARNING: KS-noise-ratio = 29.2406 > 1
WARNING: KS-noise-ratio = 40.5541 > 1
WARNING: KS-noise-ratio = 44.5349 > 1
WARNING: KS-noise-ratio = 40.0427 > 1
WARNING: KS-noise-ratio = 43.8592 > 1
WARNING: KS-noise-ratio = 49.064 > 1
WARNING: KS-noise-ratio = 51.5219 > 1
WARNING: KS-noise-ratio = 42.5472 > 1
WARNING: KS-noise-ratio = 52.9826 > 1
WARNING: KS-noise-ratio = 54.1946 > 1
WARNING: KS-noise-ratio = 52.4559 > 1
WARNING: KS-noise-ratio = 53.1486 > 1
WARNING: KS-noise-ratio = 54.851 > 1
WARNING: KS-noise-ratio = 51.2866 > 1
WARNING: KS-noise-ratio = 55.1461 > 1
WARNING: KS-noise-ratio = 50.6877 > 1
WARNING: KS-noise-ratio = 47.1451 > 1
time for linear1 = 0.326182, linear2 = 8.402836, extract = 23.402001, total = 32.550849
bits for linear1 = 13.550225, linear2 = 33.711826, extract = 287.739212, min cap = 8.150334, after cap = 627.088067, after prod = 948.539105
cap / time = 18.598210
baby step indices = 
giant step indices = 
In MatMul1D, D = 2, g = 0, native = 0, iterative = 0
MatMul1D, time: 0.251828, cap: 13.550068

baby step indices = 
giant step indices = 
In MatMul1D, D = 2, g = 0, native = 0, iterative = 0
MatMul1D, time: 0.057752, cap: 0.000133

WARNING: KS-noise-ratio = 351009 > 1
WARNING: KS-noise-ratio = 1.02129 > 1
baby step indices = 
giant step indices = 
In MatMul1D, D = 2, g = 0, native = 0, iterative = 0
MatMul1D, time: 0.186203, cap: 0.000000

baby step indices = 
giant step indices = 
In MatMul1D, D = 2, g = 0, native = 0, iterative = 0
MatMul1D, time: 0.877765, cap: 13.769949

WARNING: KS-noise-ratio = 102.33 > 1
baby step indices = 
giant step indices = 
In MatMul1D, D = 2, g = 0, native = 0, iterative = 0
MatMul1D, time: 0.182097, cap: 0.000000

baby step indices = 
giant step indices = 
In MatMul1D, D = 2, g = 0, native = 0, iterative = 0
MatMul1D, time: 0.875432, cap: 13.769954

WARNING: KS-noise-ratio = 34.1506 > 1
WARNING: KS-noise-ratio = 43.0788 > 1
WARNING: KS-noise-ratio = 48.4724 > 1
WARNING: KS-noise-ratio = 40.5122 > 1
WARNING: KS-noise-ratio = 52.2426 > 1
WARNING: KS-noise-ratio = 50.5424 > 1
WARNING: KS-noise-ratio = 50.0712 > 1
WARNING: KS-noise-ratio = 49.3067 > 1
WARNING: KS-noise-ratio = 52.266 > 1
WARNING: KS-noise-ratio = 60.5348 > 1
WARNING: KS-noise-ratio = 46.9318 > 1
WARNING: KS-noise-ratio = 50.1221 > 1
WARNING: KS-noise-ratio = 41.5744 > 1
WARNING: KS-noise-ratio = 56.9273 > 1
WARNING: KS-noise-ratio = 58.3888 > 1
WARNING: KS-noise-ratio = 55.4734 > 1
WARNING: KS-noise-ratio = 48.0787 > 1
time for linear1 = 0.309626, linear2 = 7.923417, extract = 23.111863, total = 31.816965
bits for linear1 = 13.550201, linear2 = 33.476748, extract = 287.811875, min cap = 8.150334, after cap = 627.102946, after prod = 948.391568
cap / time = 19.027661
baby step indices = 
giant step indices = 
In MatMul1D, D = 2, g = 0, native = 0, iterative = 0
MatMul1D, time: 0.255492, cap: 13.550058

baby step indices = 
giant step indices = 
In MatMul1D, D = 2, g = 0, native = 0, iterative = 0
MatMul1D, time: 0.058653, cap: 0.000112

WARNING: KS-noise-ratio = 319050 > 1
WARNING: KS-noise-ratio = 1.03697 > 1
baby step indices = 
giant step indices = 
In MatMul1D, D = 2, g = 0, native = 0, iterative = 0
MatMul1D, time: 0.185684, cap: 0.000000

baby step indices = 
giant step indices = 
In MatMul1D, D = 2, g = 0, native = 0, iterative = 0
MatMul1D, time: 0.886040, cap: 13.769976

WARNING: KS-noise-ratio = 106.506 > 1
baby step indices = 
giant step indices = 
In MatMul1D, D = 2, g = 0, native = 0, iterative = 0
MatMul1D, time: 0.185816, cap: 0.000000

baby step indices = 
giant step indices = 
In MatMul1D, D = 2, g = 0, native = 0, iterative = 0
MatMul1D, time: 0.886351, cap: 13.769952

WARNING: KS-noise-ratio = 35.5731 > 1
WARNING: KS-noise-ratio = 46.3586 > 1
WARNING: KS-noise-ratio = 47.3233 > 1
WARNING: KS-noise-ratio = 41.6463 > 1
WARNING: KS-noise-ratio = 37.0504 > 1
WARNING: KS-noise-ratio = 51.4584 > 1
WARNING: KS-noise-ratio = 56.5403 > 1
WARNING: KS-noise-ratio = 53.033 > 1
WARNING: KS-noise-ratio = 49.956 > 1
WARNING: KS-noise-ratio = 51.6068 > 1
WARNING: KS-noise-ratio = 53.2978 > 1
WARNING: KS-noise-ratio = 52.6971 > 1
WARNING: KS-noise-ratio = 52.4072 > 1
WARNING: KS-noise-ratio = 57.4484 > 1
WARNING: KS-noise-ratio = 52.0107 > 1
WARNING: KS-noise-ratio = 52.7303 > 1
WARNING: KS-noise-ratio = 45.8126 > 1
time for linear1 = 0.314179, linear2 = 7.987517, extract = 23.056457, total = 31.836092
bits for linear1 = 13.550170, linear2 = 33.499132, extract = 287.714611, min cap = 8.150334, after cap = 627.137051, after prod = 948.350795
cap / time = 19.017301

### summary over 3 test
time for linear1 = 0.316662, linear2 = 8.104590, extract = 23.190107, total = 32.067969
bits for linear1 = 13.550199, linear2 = 33.562569, extract = 287.755232, min cap = 8.150334, after cap = 627.109355, after prod = 948.427156
cap / time = 18.878927


### bts finished, everything ok ###

  AAA_bootKeySwitch: 13.4559 / 3 = 4.48529   [/home/luck/xzy/0424project/worktrees/HElib_ntt/src/recryption.cpp:2536]
  AAA_coeffToSlot: 11.8554 / 3 = 3.95179   [/home/luck/xzy/0424project/worktrees/HElib_ntt/src/recryption.cpp:2910]
  AAA_embeddingLargest: 0.249849 / 876 = 0.000285216   [/home/luck/xzy/0424project/worktrees/HElib_ntt/src/norms.cpp:250]
  AAA_embeddingLargest_x2: 0.293192 / 578 = 0.000507253   [/home/luck/xzy/0424project/worktrees/HElib_ntt/src/norms.cpp:423]
  AAA_extractDigitsThin: 69.5695 / 3 = 23.1898   [/home/luck/xzy/0424project/worktrees/HElib_ntt/src/recryption.cpp:2953]
  AAA_modDownEnbeddings: 0.324462 / 578 = 0.000561353   [/home/luck/xzy/0424project/worktrees/HElib_ntt/src/Ctxt.cpp:506]
  AAA_slotToCoeff: 0.949982 / 3 = 0.316661   [/home/luck/xzy/0424project/worktrees/HElib_ntt/src/recryption.cpp:2519]
  BasicAutomorphPrecon: 1.33543 / 18 = 0.0741908   [/home/luck/xzy/0424project/worktrees/HElib_ntt/src/matmul.cpp:70]
  Decrypt: 0.14197 / 3 = 0.0473233   [/home/luck/xzy/0424project/worktrees/HElib_ntt/src/keys.cpp:1350]
  DoubleCRT: 19.966 / 1297 = 0.015394   [/home/luck/xzy/0424project/worktrees/HElib_ntt/src/DoubleCRT.cpp:718]
  FFT: 32.038 / 31040 = 0.00103215   [/home/luck/xzy/0424project/worktrees/HElib_ntt/src/CModulus.cpp:448]
  FFT: 32.049 / 2032 = 0.0157721   [/home/luck/xzy/0424project/worktrees/HElib_ntt/src/DoubleCRT.cpp:70]
  FFT: 14.2969 / 31040 = 0.000460595   [/home/luck/xzy/0424project/worktrees/HElib_ntt/src/CModulus.cpp:479]
  FFT_aux: 14.2813 / 31040 = 0.000460093   [/home/luck/xzy/0424project/worktrees/HElib_ntt/src/CModulus.cpp:360]
  FFT_remainder: 17.7246 / 31040 = 0.000571024   [/home/luck/xzy/0424project/worktrees/HElib_ntt/src/CModulus.cpp:455]
  KS_loop: 9.17005 / 720 = 0.0127362   [/home/luck/xzy/0424project/worktrees/HElib_ntt/src/Ctxt.cpp:219]
  KS_loop_1: 1.59717 / 720 = 0.00221829   [/home/luck/xzy/0424project/worktrees/HElib_ntt/src/Ctxt.cpp:227]
  KS_loop_2: 0.808567 / 720 = 0.00112301   [/home/luck/xzy/0424project/worktrees/HElib_ntt/src/Ctxt.cpp:231]
  KS_loop_3: 1.7791 / 720 = 0.00247097   [/home/luck/xzy/0424project/worktrees/HElib_ntt/src/Ctxt.cpp:236]
  KS_loop_4: 0.555427 / 720 = 0.000771426   [/home/luck/xzy/0424project/worktrees/HElib_ntt/src/Ctxt.cpp:240]
  NORM_VAL: 1.3209 / 732 = 0.00180451   [/home/luck/xzy/0424project/worktrees/HElib_ntt/src/DoubleCRT.cpp:541]
  addCtxt: 7.6234 / 2277 = 0.003348   [/home/luck/xzy/0424project/worktrees/HElib_ntt/src/Ctxt.cpp:1458]
  addPart: 2.09972 / 1827 = 0.00114927   [/home/luck/xzy/0424project/worktrees/HElib_ntt/src/Ctxt.cpp:905]
  addPrimes: 20.8838 / 735 = 0.0284134   [/home/luck/xzy/0424project/worktrees/HElib_ntt/src/DoubleCRT.cpp:625]
  addPrimes_5: 22.9543 / 732 = 0.0313583   [/home/luck/xzy/0424project/worktrees/HElib_ntt/src/DoubleCRT.cpp:518]
  automorph: 0.358122 / 105 = 0.00341069   [/home/luck/xzy/0424project/worktrees/HElib_ntt/src/Ctxt.cpp:2489]
  automorph: 0.388433 / 27 = 0.0143864   [/home/luck/xzy/0424project/worktrees/HElib_ntt/src/matmul.cpp:118]
  breakIntoDigits: 23.269 / 255 = 0.0912509   [/home/luck/xzy/0424project/worktrees/HElib_ntt/src/DoubleCRT.cpp:481]
  decode: 0.046107 / 3 = 0.015369   [/home/luck/xzy/0424project/worktrees/HElib_ntt/src/EncryptedArray.cpp:375]
  do_mul: 4.59869 / 2247 = 0.00204659   [/home/luck/xzy/0424project/worktrees/HElib_ntt/src/DoubleCRT.cpp:280]
  extractDigitsThin: 69.5695 / 3 = 23.1898   [/home/luck/xzy/0424project/worktrees/HElib_ntt/src/recryption.cpp:2162]
  iFFT: 6.98434 / 12901 = 0.00054138   [/home/luck/xzy/0424project/worktrees/HElib_ntt/src/CModulus.cpp:488]
  keySwitchPart: 31.2269 / 240 = 0.130112   [/home/luck/xzy/0424project/worktrees/HElib_ntt/src/Ctxt.cpp:836]
  modDownToSet: 46.1176 / 585 = 0.0788335   [/home/luck/xzy/0424project/worktrees/HElib_ntt/src/Ctxt.cpp:409]
  mul_MatMul1DExec: 7.49418 / 18 = 0.416344   [/home/luck/xzy/0424project/worktrees/HElib_ntt/src/matmul.cpp:1285]
  multByConstant: 0.06086 / 3 = 0.0202867   [/home/luck/xzy/0424project/worktrees/HElib_ntt/src/Ctxt.cpp:1910]
  multByConstant: 0.223753 / 66 = 0.0033902   [/home/luck/xzy/0424project/worktrees/HElib_ntt/src/Ctxt.cpp:1884]
  multLowLvl: 29.1946 / 168 = 0.173778   [/home/luck/xzy/0424project/worktrees/HElib_ntt/src/Ctxt.cpp:1733]
  multiplyBy: 33.0484 / 87 = 0.379867   [/home/luck/xzy/0424project/worktrees/HElib_ntt/src/Ctxt.cpp:1809]
  privateAssign: 2.41813 / 1284 = 0.00188328   [/home/luck/xzy/0424project/worktrees/HElib_ntt/src/Ctxt.cpp:329]
  randomize: 3.75145 / 720 = 0.00521034   [/home/luck/xzy/0424project/worktrees/HElib_ntt/src/DoubleCRT.cpp:1318]
  randomize_stream: 2.10522 / 2183376 = 9.64205e-07   [/home/luck/xzy/0424project/worktrees/HElib_ntt/src/DoubleCRT.cpp:1348]
  reLinearize: 52.0948 / 321 = 0.162289   [/home/luck/xzy/0424project/worktrees/HElib_ntt/src/Ctxt.cpp:736]
  smartAutomorph: 22.2513 / 114 = 0.195187   [/home/luck/xzy/0424project/worktrees/HElib_ntt/src/Ctxt.cpp:2514]
  thinReCrypt: 96.2111 / 3 = 32.0704   [/home/luck/xzy/0424project/worktrees/HElib_ntt/src/recryption.cpp:2437]
  toPoly: 23.0927 / 2029 = 0.0113813   [/home/luck/xzy/0424project/worktrees/HElib_ntt/src/DoubleCRT.cpp:985]
  toPoly_CRT: 11.9575 / 2029 = 0.00589328   [/home/luck/xzy/0424project/worktrees/HElib_ntt/src/DoubleCRT.cpp:1052]
  toPoly_FFT: 10.2767 / 2029 = 0.00506491   [/home/luck/xzy/0424project/worktrees/HElib_ntt/src/DoubleCRT.cpp:1030]
  rusage.ru_maxrss=149711348
||||| stats |||||
KS-noise-ratio ave=4136.79 max=351009
KS-noise-ratio-hoist ave=7.9958e-05 max=0.000141012
break-into-digits-ratio ave=0.315625 max=0.416056
excess-ctxtPrimes ave=4.49181 max=4.49181
excess-specialPrimes ave=2.51768 max=2.51768
mod-switch-added-noise ave=0.318615 max=0.382481
ptxt_rat_sk ave=0.00314216 max=0.00314216
ptxt_rat_sk ave=0.00107395 max=0.00107395
raw-mod-switch-noise ave=0.231936 max=0.236214
window1-nchoices ave=5 max=6
window1-out ave=0 max=0
window2-nchoices ave=4.84615 max=9
window2-out ave=0 max=0
||||| stats |||||
KS-noise-ratio ave=4136.79 max=351009
KS-noise-ratio-hoist ave=7.9958e-05 max=0.000141012
break-into-digits-ratio ave=0.315625 max=0.416056
excess-ctxtPrimes ave=4.49181 max=4.49181
excess-specialPrimes ave=2.51768 max=2.51768
mod-switch-added-noise ave=0.318615 max=0.382481
ptxt_rat_sk ave=0.00314216 max=0.00314216
ptxt_rat_sk ave=0.00107395 max=0.00107395
raw-mod-switch-noise ave=0.231936 max=0.236214
window1-nchoices ave=5 max=6
window1-out ave=0 max=0
window2-nchoices ave=4.84615 max=9
window2-out ave=0 max=0
