chosen idx = 6
encapHwt = 26
t for new bts is -1
new bts ? 1
new ks ? 1
thick bts ?0
s2cFirst ? 0
toy ? 0
repeat times = 3
### partition is 0 3 6 
*** GTestFatboot: p=3137, r=1, bits=980, t=0, c=3, m=65536 mvec=[65536], gens=[-1 5], ords=[2 16]
Computing key-independent tables...using HELIB_EXPLICIT_AUX=56

t = -1
bound on I = 12.275681
log2(aux) = 5.807355
log2(beta) = 25.827438
log2(qks) >= 33.635372, final log2(qks) = 33.635470
log2(R) >= 18.481102, final log2(R) = 19.584964
INFO: total bits = 1319.65, security level = 78.6697
deg of poly for non-power-of-p aux is 727
security=78.6697
# small primes = 6
# ctxt primes = 17
# bits in ctxt primes = 984
# special primes = 6
# bits in special primes = 335
scale=10
 done in 35.5869 seconds
  e=0, e'=0, t=26
  m = 65536, p = 3137, phi(m) = 32768
  ord(p) = 1024
  normBnd = 1
  polyNormBnd = 1
  factors = [2]
  generator -1 has order (== Z_m^*) of 2
  generator 5 has order (!= Z_m^*) of 16
  T = [ 1 5 25 125 625 3125 15625 12589 62945 52581 761 3805 19025 29589 16873 18829 65535 65531 65511 65411 64911 62411 49911 52947 2591 12955 64775 61731 46511 35947 48663 46707 ]
r = 1
nslots = 32
hwt = 120
ctxtPrimes = [6,7,8,9,10,11,12,13,14,15,16,17,18,19,20,21,22]
specialPrimes = [27,28,29,30,31,32]
number of bits = 1320

security level = 78.6697
Generating keys, Dim 0 has size 2, using KSS_FULL
Dim 1 has size 16, using KSS_FULL
computing key-dependent tables...Sparse boot key hwt = 26
 done in 128.736 seconds
baby step indices = 
giant step indices = 
In MatMul1D, D = 16, g = 0, native = 0, iterative = 0
MatMul1D, time: 0.358878, cap: 15.306022

baby step indices = 
giant step indices = 
In MatMul1D, D = 16, g = 0, native = 0, iterative = 0
MatMul1D, time: 0.185387, cap: 16.040411

WARNING: KS-noise-ratio = 358830 > 1
baby step indices = 
giant step indices = 
In MatMul1D, D = 16, g = 0, native = 0, iterative = 0
MatMul1D, time: 0.707936, cap: 16.110134

baby step indices = 
giant step indices = 
In MatMul1D, D = 16, g = 0, native = 0, iterative = 0
MatMul1D, time: 1.455292, cap: 15.524335

WARNING: KS-noise-ratio = 104.688 > 1
baby step indices = 
giant step indices = 
In MatMul1D, D = 16, g = 0, native = 0, iterative = 0
MatMul1D, time: 0.674412, cap: 16.110113

baby step indices = 
giant step indices = 
In MatMul1D, D = 16, g = 0, native = 0, iterative = 0
MatMul1D, time: 1.439931, cap: 15.524335

WARNING: KS-noise-ratio = 13.8471 > 1
WARNING: KS-noise-ratio = 32.8011 > 1
time for linear1 = 0.544296, linear2 = 8.956573, extract = 23.625953, total = 33.573234
bits for linear1 = 31.346433, linear2 = 48.370833, extract = 273.298289, min cap = 7.808032, after cap = 626.443924, after prod = 948.113046
cap / time = 17.492788
baby step indices = 
giant step indices = 
In MatMul1D, D = 16, g = 0, native = 0, iterative = 0
MatMul1D, time: 0.333333, cap: 15.306024

baby step indices = 
giant step indices = 
In MatMul1D, D = 16, g = 0, native = 0, iterative = 0
MatMul1D, time: 0.180715, cap: 16.040411

WARNING: KS-noise-ratio = 366171 > 1
baby step indices = 
giant step indices = 
In MatMul1D, D = 16, g = 0, native = 0, iterative = 0
MatMul1D, time: 0.627592, cap: 16.110063

baby step indices = 
giant step indices = 
In MatMul1D, D = 16, g = 0, native = 0, iterative = 0
MatMul1D, time: 1.362078, cap: 15.524335

WARNING: KS-noise-ratio = 111.884 > 1
baby step indices = 
giant step indices = 
In MatMul1D, D = 16, g = 0, native = 0, iterative = 0
MatMul1D, time: 0.638639, cap: 16.110139

baby step indices = 
giant step indices = 
In MatMul1D, D = 16, g = 0, native = 0, iterative = 0
MatMul1D, time: 1.372552, cap: 15.524335

WARNING: KS-noise-ratio = 15.887 > 1
WARNING: KS-noise-ratio = 34.9432 > 1
time for linear1 = 0.514107, linear2 = 8.509333, extract = 23.494056, total = 33.025051
bits for linear1 = 31.346435, linear2 = 48.426421, extract = 273.200965, min cap = 7.808032, after cap = 626.510884, after prod = 948.138269
cap / time = 17.785178
baby step indices = 
giant step indices = 
In MatMul1D, D = 16, g = 0, native = 0, iterative = 0
MatMul1D, time: 0.337946, cap: 15.306020

baby step indices = 
giant step indices = 
In MatMul1D, D = 16, g = 0, native = 0, iterative = 0
MatMul1D, time: 0.184490, cap: 16.040413

WARNING: KS-noise-ratio = 347845 > 1
baby step indices = 
giant step indices = 
In MatMul1D, D = 16, g = 0, native = 0, iterative = 0
MatMul1D, time: 0.624843, cap: 16.110015

baby step indices = 
giant step indices = 
In MatMul1D, D = 16, g = 0, native = 0, iterative = 0
MatMul1D, time: 1.346522, cap: 15.524335

WARNING: KS-noise-ratio = 144.74 > 1
baby step indices = 
giant step indices = 
In MatMul1D, D = 16, g = 0, native = 0, iterative = 0
MatMul1D, time: 0.640006, cap: 16.109949

baby step indices = 
giant step indices = 
In MatMul1D, D = 16, g = 0, native = 0, iterative = 0
MatMul1D, time: 1.370945, cap: 15.524335

WARNING: KS-noise-ratio = 15.3304 > 1
WARNING: KS-noise-ratio = 29.4511 > 1
time for linear1 = 0.522476, linear2 = 8.482552, extract = 23.489142, total = 33.005216
bits for linear1 = 31.346433, linear2 = 48.753429, extract = 273.274763, min cap = 7.808032, after cap = 626.358431, after prod = 948.386623
cap / time = 17.791247

### summary over 3 test
time for linear1 = 0.526960, linear2 = 8.649486, extract = 23.536384, total = 33.201167
bits for linear1 = 31.346433, linear2 = 48.516894, extract = 273.258006, min cap = 7.808032, after cap = 626.437746, after prod = 948.212646
cap / time = 17.688634


### bts finished, everything ok ###

  AAA_bootKeySwitch: 14.2623 / 3 = 4.7541   [/home/luck/xzy/0424project/worktrees/HElib_ntt/src/recryption.cpp:2536]
  AAA_coeffToSlot: 12.7671 / 3 = 4.2557   [/home/luck/xzy/0424project/worktrees/HElib_ntt/src/recryption.cpp:2910]
  AAA_embeddingLargest: 0.259037 / 831 = 0.000311717   [/home/luck/xzy/0424project/worktrees/HElib_ntt/src/norms.cpp:250]
  AAA_embeddingLargest_x2: 0.29433 / 563 = 0.000522789   [/home/luck/xzy/0424project/worktrees/HElib_ntt/src/norms.cpp:423]
  AAA_extractDigitsThin: 70.6084 / 3 = 23.5361   [/home/luck/xzy/0424project/worktrees/HElib_ntt/src/recryption.cpp:2953]
  AAA_modDownEnbeddings: 0.323064 / 563 = 0.000573826   [/home/luck/xzy/0424project/worktrees/HElib_ntt/src/Ctxt.cpp:506]
  AAA_slotToCoeff: 1.58087 / 3 = 0.526956   [/home/luck/xzy/0424project/worktrees/HElib_ntt/src/recryption.cpp:2519]
  BasicAutomorphPrecon: 1.33155 / 18 = 0.0739748   [/home/luck/xzy/0424project/worktrees/HElib_ntt/src/matmul.cpp:70]
  Decrypt: 0.16162 / 3 = 0.0538733   [/home/luck/xzy/0424project/worktrees/HElib_ntt/src/keys.cpp:1350]
  DoubleCRT: 19.5743 / 1255 = 0.015597   [/home/luck/xzy/0424project/worktrees/HElib_ntt/src/DoubleCRT.cpp:718]
  FFT: 31.223 / 29600 = 0.00105483   [/home/luck/xzy/0424project/worktrees/HElib_ntt/src/CModulus.cpp:448]
  FFT: 31.2347 / 1957 = 0.0159605   [/home/luck/xzy/0424project/worktrees/HElib_ntt/src/DoubleCRT.cpp:70]
  FFT: 13.8321 / 29600 = 0.000467299   [/home/luck/xzy/0424project/worktrees/HElib_ntt/src/CModulus.cpp:479]
  FFT_aux: 13.8162 / 29600 = 0.000466765   [/home/luck/xzy/0424project/worktrees/HElib_ntt/src/CModulus.cpp:360]
  FFT_remainder: 17.3718 / 29600 = 0.000586884   [/home/luck/xzy/0424project/worktrees/HElib_ntt/src/CModulus.cpp:455]
  KS_loop: 11.2468 / 855 = 0.0131542   [/home/luck/xzy/0424project/worktrees/HElib_ntt/src/Ctxt.cpp:219]
  KS_loop_1: 1.91511 / 855 = 0.0022399   [/home/luck/xzy/0424project/worktrees/HElib_ntt/src/Ctxt.cpp:227]
  KS_loop_2: 1.27845 / 855 = 0.00149526   [/home/luck/xzy/0424project/worktrees/HElib_ntt/src/Ctxt.cpp:231]
  KS_loop_3: 1.98243 / 855 = 0.00231863   [/home/luck/xzy/0424project/worktrees/HElib_ntt/src/Ctxt.cpp:236]
  KS_loop_4: 0.636703 / 855 = 0.000744682   [/home/luck/xzy/0424project/worktrees/HElib_ntt/src/Ctxt.cpp:240]
  NORM_VAL: 1.30401 / 699 = 0.00186554   [/home/luck/xzy/0424project/worktrees/HElib_ntt/src/DoubleCRT.cpp:541]
  addCtxt: 7.93193 / 2385 = 0.00332576   [/home/luck/xzy/0424project/worktrees/HElib_ntt/src/Ctxt.cpp:1458]
  addPart: 2.84406 / 2160 = 0.00131669   [/home/luck/xzy/0424project/worktrees/HElib_ntt/src/Ctxt.cpp:905]
  addPrimes: 20.1732 / 702 = 0.0287367   [/home/luck/xzy/0424project/worktrees/HElib_ntt/src/DoubleCRT.cpp:625]
  addPrimes_5: 22.1989 / 699 = 0.031758   [/home/luck/xzy/0424project/worktrees/HElib_ntt/src/DoubleCRT.cpp:518]
  automorph: 0.309014 / 96 = 0.0032189   [/home/luck/xzy/0424project/worktrees/HElib_ntt/src/Ctxt.cpp:2489]
  automorph: 3.63061 / 99 = 0.0366728   [/home/luck/xzy/0424project/worktrees/HElib_ntt/src/matmul.cpp:118]
  breakIntoDigits: 22.5009 / 246 = 0.091467   [/home/luck/xzy/0424project/worktrees/HElib_ntt/src/DoubleCRT.cpp:481]
  decode: 0.195646 / 3 = 0.0652153   [/home/luck/xzy/0424project/worktrees/HElib_ntt/src/EncryptedArray.cpp:375]
  do_mul: 5.61957 / 2769 = 0.00202946   [/home/luck/xzy/0424project/worktrees/HElib_ntt/src/DoubleCRT.cpp:280]
  extractDigitsThin: 70.6083 / 3 = 23.5361   [/home/luck/xzy/0424project/worktrees/HElib_ntt/src/recryption.cpp:2162]
  iFFT: 6.92847 / 12741 = 0.000543793   [/home/luck/xzy/0424project/worktrees/HElib_ntt/src/CModulus.cpp:488]
  keySwitchPart: 30.2418 / 231 = 0.130917   [/home/luck/xzy/0424project/worktrees/HElib_ntt/src/Ctxt.cpp:836]
  modDownToSet: 45.8978 / 582 = 0.0788621   [/home/luck/xzy/0424project/worktrees/HElib_ntt/src/Ctxt.cpp:409]
  mul_MatMul1DExec: 13.842 / 18 = 0.769   [/home/luck/xzy/0424project/worktrees/HElib_ntt/src/matmul.cpp:1285]
  multByConstant: 0.059908 / 3 = 0.0199693   [/home/luck/xzy/0424project/worktrees/HElib_ntt/src/Ctxt.cpp:1910]
  multByConstant: 0.72282 / 192 = 0.00376469   [/home/luck/xzy/0424project/worktrees/HElib_ntt/src/Ctxt.cpp:1884]
  multLowLvl: 29.9741 / 168 = 0.178417   [/home/luck/xzy/0424project/worktrees/HElib_ntt/src/Ctxt.cpp:1733]
  multiplyBy: 33.9371 / 87 = 0.390082   [/home/luck/xzy/0424project/worktrees/HElib_ntt/src/Ctxt.cpp:1809]
  privateAssign: 2.50645 / 1269 = 0.00197514   [/home/luck/xzy/0424project/worktrees/HElib_ntt/src/Ctxt.cpp:329]
  randomize: 4.49965 / 855 = 0.00526275   [/home/luck/xzy/0424project/worktrees/HElib_ntt/src/DoubleCRT.cpp:1318]
  randomize_stream: 2.52004 / 2597766 = 9.70079e-07   [/home/luck/xzy/0424project/worktrees/HElib_ntt/src/DoubleCRT.cpp:1348]
  reLinearize: 49.9719 / 312 = 0.160166   [/home/luck/xzy/0424project/worktrees/HElib_ntt/src/Ctxt.cpp:736]
  smartAutomorph: 20.0418 / 96 = 0.208769   [/home/luck/xzy/0424project/worktrees/HElib_ntt/src/Ctxt.cpp:2514]
  thinReCrypt: 99.6108 / 3 = 33.2036   [/home/luck/xzy/0424project/worktrees/HElib_ntt/src/recryption.cpp:2437]
  toPoly: 23.135 / 1954 = 0.0118398   [/home/luck/xzy/0424project/worktrees/HElib_ntt/src/DoubleCRT.cpp:985]
  toPoly_CRT: 12.0022 / 1954 = 0.00614236   [/home/luck/xzy/0424project/worktrees/HElib_ntt/src/DoubleCRT.cpp:1052]
  toPoly_FFT: 10.2992 / 1954 = 0.00527084   [/home/luck/xzy/0424project/worktrees/HElib_ntt/src/DoubleCRT.cpp:1030]
  rusage.ru_maxrss=19810788
||||| stats |||||
KS-noise-ratio ave=4646.66 max=366171
KS-noise-ratio-hoist ave=0.000323583 max=0.00102644
break-into-digits-ratio ave=0.315952 max=0.398849
excess-ctxtPrimes ave=4.49181 max=4.49181
excess-specialPrimes ave=2.83307 max=2.83307
mod-switch-added-noise ave=0.321608 max=0.424849
ptxt_rat_sk ave=0.00550912 max=0.00550912
ptxt_rat_sk ave=0.00439918 max=0.00439918
raw-mod-switch-noise ave=0.239132 max=0.241277
window1-nchoices ave=5 max=6
window1-out ave=0 max=0
window2-nchoices ave=4.50641 max=9
window2-out ave=0 max=0
||||| stats |||||
KS-noise-ratio ave=4646.66 max=366171
KS-noise-ratio-hoist ave=0.000323583 max=0.00102644
break-into-digits-ratio ave=0.315952 max=0.398849
excess-ctxtPrimes ave=4.49181 max=4.49181
excess-specialPrimes ave=2.83307 max=2.83307
mod-switch-added-noise ave=0.321608 max=0.424849
ptxt_rat_sk ave=0.00550912 max=0.00550912
ptxt_rat_sk ave=0.00439918 max=0.00439918
raw-mod-switch-noise ave=0.239132 max=0.241277
window1-nchoices ave=5 max=6
window1-out ave=0 max=0
window2-nchoices ave=4.50641 max=9
window2-out ave=0 max=0
