chosen idx = 8
encapHwt = 26
t for new bts is -1
new bts ? 1
new ks ? 1
thick bts ?0
s2cFirst ? 0
toy ? 0
repeat times = 3
### partition is 0 2 5 
*** GTestFatboot: p=4513, r=1, bits=980, t=0, c=3, m=65536 mvec=[65536], gens=[-1 5], ords=[2 8]
Computing key-independent tables...using HELIB_EXPLICIT_AUX=95

t = -1
bound on I = 12.275681
log2(aux) = 6.569856
log2(beta) = 26.352140
log2(qks) >= 34.922574, final log2(qks) = 34.922602
log2(R) >= 18.910145, final log2(R) = 19.584964
INFO: total bits = 1319.65, security level = 78.6697
deg of poly for non-power-of-p aux is 727
security=78.6697
# small primes = 6
# ctxt primes = 17
# bits in ctxt primes = 984
# special primes = 6
# bits in special primes = 335
scale=10
 done in 46.0154 seconds
  e=0, e'=0, t=26
  m = 65536, p = 4513, phi(m) = 32768
  ord(p) = 2048
  normBnd = 1
  polyNormBnd = 1
  factors = [2]
  generator -1 has order (== Z_m^*) of 2
  generator 5 has order (!= Z_m^*) of 8
  T = [ 1 5 25 125 625 3125 15625 12589 65535 65531 65511 65411 64911 62411 49911 52947 ]
r = 1
nslots = 16
hwt = 120
ctxtPrimes = [6,7,8,9,10,11,12,13,14,15,16,17,18,19,20,21,22]
specialPrimes = [27,28,29,30,31,32]
number of bits = 1320

security level = 78.6697
Generating keys, Dim 0 has size 2, using KSS_FULL
Dim 1 has size 8, using KSS_FULL
computing key-dependent tables...Sparse boot key hwt = 26
 done in 253.227 seconds
baby step indices = 
giant step indices = 
In MatMul1D, D = 8, g = 0, native = 0, iterative = 0
MatMul1D, time: 0.392741, cap: 16.122449

baby step indices = 
giant step indices = 
In MatMul1D, D = 8, g = 0, native = 0, iterative = 0
MatMul1D, time: 0.153519, cap: 14.660303

WARNING: KS-noise-ratio = 353287 > 1
WARNING: KS-noise-ratio = 1.11215 > 1
baby step indices = 
giant step indices = 
In MatMul1D, D = 8, g = 0, native = 0, iterative = 0
MatMul1D, time: 0.567737, cap: 14.949735

baby step indices = 
giant step indices = 
In MatMul1D, D = 8, g = 0, native = 0, iterative = 0
MatMul1D, time: 1.574269, cap: 16.367544

WARNING: KS-noise-ratio = 84.9539 > 1
WARNING: KS-noise-ratio = 1.01779 > 1
baby step indices = 
giant step indices = 
In MatMul1D, D = 8, g = 0, native = 0, iterative = 0
MatMul1D, time: 0.497919, cap: 14.949743

baby step indices = 
giant step indices = 
In MatMul1D, D = 8, g = 0, native = 0, iterative = 0
MatMul1D, time: 1.413588, cap: 16.367544

WARNING: KS-noise-ratio = 1.75064 > 1
WARNING: KS-noise-ratio = 13.3534 > 1
time for linear1 = 0.546318, linear2 = 9.274226, extract = 23.333791, total = 33.600991
bits for linear1 = 30.782752, linear2 = 48.757589, extract = 273.094795, min cap = 8.570462, after cap = 625.328324, after prod = 947.180708
cap / time = 17.439221
baby step indices = 
giant step indices = 
In MatMul1D, D = 8, g = 0, native = 0, iterative = 0
MatMul1D, time: 0.336484, cap: 16.122445

baby step indices = 
giant step indices = 
In MatMul1D, D = 8, g = 0, native = 0, iterative = 0
MatMul1D, time: 0.151594, cap: 14.660306

WARNING: KS-noise-ratio = 318786 > 1
WARNING: KS-noise-ratio = 1.14335 > 1
baby step indices = 
giant step indices = 
In MatMul1D, D = 8, g = 0, native = 0, iterative = 0
MatMul1D, time: 0.483804, cap: 14.949749

baby step indices = 
giant step indices = 
In MatMul1D, D = 8, g = 0, native = 0, iterative = 0
MatMul1D, time: 1.344642, cap: 16.367544

WARNING: KS-noise-ratio = 78.8469 > 1
baby step indices = 
giant step indices = 
In MatMul1D, D = 8, g = 0, native = 0, iterative = 0
MatMul1D, time: 0.488241, cap: 14.949767

baby step indices = 
giant step indices = 
In MatMul1D, D = 8, g = 0, native = 0, iterative = 0
MatMul1D, time: 1.366544, cap: 16.367544

WARNING: KS-noise-ratio = 2.16882 > 1
WARNING: KS-noise-ratio = 13.2497 > 1
time for linear1 = 0.488174, linear2 = 8.642452, extract = 23.361405, total = 33.004841
bits for linear1 = 30.782750, linear2 = 48.607871, extract = 273.042007, min cap = 8.570462, after cap = 625.449206, after prod = 947.099084
cap / time = 17.757880
baby step indices = 
giant step indices = 
In MatMul1D, D = 8, g = 0, native = 0, iterative = 0
MatMul1D, time: 0.332727, cap: 16.122451

baby step indices = 
giant step indices = 
In MatMul1D, D = 8, g = 0, native = 0, iterative = 0
MatMul1D, time: 0.150748, cap: 14.660302

WARNING: KS-noise-ratio = 351528 > 1
WARNING: KS-noise-ratio = 1.0046 > 1
baby step indices = 
giant step indices = 
In MatMul1D, D = 8, g = 0, native = 0, iterative = 0
MatMul1D, time: 0.487672, cap: 14.949779

baby step indices = 
giant step indices = 
In MatMul1D, D = 8, g = 0, native = 0, iterative = 0
MatMul1D, time: 1.352423, cap: 16.367544

WARNING: KS-noise-ratio = 77.0018 > 1
WARNING: KS-noise-ratio = 1.01887 > 1
baby step indices = 
giant step indices = 
In MatMul1D, D = 8, g = 0, native = 0, iterative = 0
MatMul1D, time: 0.493618, cap: 14.949750

baby step indices = 
giant step indices = 
In MatMul1D, D = 8, g = 0, native = 0, iterative = 0
MatMul1D, time: 1.369534, cap: 16.367544

WARNING: KS-noise-ratio = 3.06484 > 1
WARNING: KS-noise-ratio = 14.3318 > 1
time for linear1 = 0.483520, linear2 = 8.649064, extract = 23.520919, total = 33.159000
bits for linear1 = 30.782753, linear2 = 48.632143, extract = 273.381352, min cap = 8.570462, after cap = 625.146179, after prod = 947.159674
cap / time = 17.666183

### summary over 3 test
time for linear1 = 0.506004, linear2 = 8.855247, extract = 23.405372, total = 33.254944
bits for linear1 = 30.782752, linear2 = 48.665868, extract = 273.172718, min cap = 8.570462, after cap = 625.307903, after prod = 947.146489
cap / time = 17.620077


### bts finished, everything ok ###

  AAA_bootKeySwitch: 14.7013 / 3 = 4.90045   [/home/luck/xzy/0424project/worktrees/HElib_ntt/src/recryption.cpp:2536]
  AAA_coeffToSlot: 12.9462 / 3 = 4.31541   [/home/luck/xzy/0424project/worktrees/HElib_ntt/src/recryption.cpp:2910]
  AAA_embeddingLargest: 0.259392 / 849 = 0.000305527   [/home/luck/xzy/0424project/worktrees/HElib_ntt/src/norms.cpp:250]
  AAA_embeddingLargest_x2: 0.2998 / 569 = 0.000526889   [/home/luck/xzy/0424project/worktrees/HElib_ntt/src/norms.cpp:423]
  AAA_extractDigitsThin: 70.2142 / 3 = 23.4047   [/home/luck/xzy/0424project/worktrees/HElib_ntt/src/recryption.cpp:2953]
  AAA_modDownEnbeddings: 0.328617 / 569 = 0.000577534   [/home/luck/xzy/0424project/worktrees/HElib_ntt/src/Ctxt.cpp:506]
  AAA_slotToCoeff: 1.51798 / 3 = 0.505993   [/home/luck/xzy/0424project/worktrees/HElib_ntt/src/recryption.cpp:2519]
  BasicAutomorphPrecon: 1.33175 / 18 = 0.073986   [/home/luck/xzy/0424project/worktrees/HElib_ntt/src/matmul.cpp:70]
  Decrypt: 0.172333 / 3 = 0.0574443   [/home/luck/xzy/0424project/worktrees/HElib_ntt/src/keys.cpp:1350]
  DoubleCRT: 19.5734 / 1267 = 0.0154486   [/home/luck/xzy/0424project/worktrees/HElib_ntt/src/DoubleCRT.cpp:718]
  FFT: 31.4873 / 30088 = 0.00104651   [/home/luck/xzy/0424project/worktrees/HElib_ntt/src/CModulus.cpp:448]
  FFT: 31.4992 / 1987 = 0.0158526   [/home/luck/xzy/0424project/worktrees/HElib_ntt/src/DoubleCRT.cpp:70]
  FFT: 14.0475 / 30088 = 0.000466881   [/home/luck/xzy/0424project/worktrees/HElib_ntt/src/CModulus.cpp:479]
  FFT_aux: 14.0308 / 30088 = 0.000466326   [/home/luck/xzy/0424project/worktrees/HElib_ntt/src/CModulus.cpp:360]
  FFT_remainder: 17.4184 / 30088 = 0.000578916   [/home/luck/xzy/0424project/worktrees/HElib_ntt/src/CModulus.cpp:455]
  KS_loop: 11.0972 / 831 = 0.0133541   [/home/luck/xzy/0424project/worktrees/HElib_ntt/src/Ctxt.cpp:219]
  KS_loop_1: 1.86146 / 831 = 0.00224003   [/home/luck/xzy/0424project/worktrees/HElib_ntt/src/Ctxt.cpp:227]
  KS_loop_2: 1.20584 / 831 = 0.00145107   [/home/luck/xzy/0424project/worktrees/HElib_ntt/src/Ctxt.cpp:231]
  KS_loop_3: 2.12118 / 831 = 0.00255256   [/home/luck/xzy/0424project/worktrees/HElib_ntt/src/Ctxt.cpp:236]
  KS_loop_4: 0.634167 / 831 = 0.000763137   [/home/luck/xzy/0424project/worktrees/HElib_ntt/src/Ctxt.cpp:240]
  NORM_VAL: 1.32675 / 717 = 0.00185041   [/home/luck/xzy/0424project/worktrees/HElib_ntt/src/DoubleCRT.cpp:541]
  addCtxt: 7.9082 / 2355 = 0.00335805   [/home/luck/xzy/0424project/worktrees/HElib_ntt/src/Ctxt.cpp:1458]
  addPart: 2.75579 / 2100 = 0.00131228   [/home/luck/xzy/0424project/worktrees/HElib_ntt/src/Ctxt.cpp:905]
  addPrimes: 20.6327 / 720 = 0.0286565   [/home/luck/xzy/0424project/worktrees/HElib_ntt/src/DoubleCRT.cpp:625]
  addPrimes_5: 22.7065 / 717 = 0.0316687   [/home/luck/xzy/0424project/worktrees/HElib_ntt/src/DoubleCRT.cpp:518]
  automorph: 0.333132 / 102 = 0.003266   [/home/luck/xzy/0424project/worktrees/HElib_ntt/src/Ctxt.cpp:2489]
  automorph: 2.89995 / 81 = 0.0358019   [/home/luck/xzy/0424project/worktrees/HElib_ntt/src/matmul.cpp:118]
  breakIntoDigits: 23.0243 / 252 = 0.0913665   [/home/luck/xzy/0424project/worktrees/HElib_ntt/src/DoubleCRT.cpp:481]
  decode: 0.104203 / 3 = 0.0347343   [/home/luck/xzy/0424project/worktrees/HElib_ntt/src/EncryptedArray.cpp:375]
  do_mul: 5.65468 / 2649 = 0.00213465   [/home/luck/xzy/0424project/worktrees/HElib_ntt/src/DoubleCRT.cpp:280]
  extractDigitsThin: 70.2142 / 3 = 23.4047   [/home/luck/xzy/0424project/worktrees/HElib_ntt/src/recryption.cpp:2162]
  iFFT: 6.99068 / 12777 = 0.00054713   [/home/luck/xzy/0424project/worktrees/HElib_ntt/src/CModulus.cpp:488]
  keySwitchPart: 31.1181 / 237 = 0.1313   [/home/luck/xzy/0424project/worktrees/HElib_ntt/src/Ctxt.cpp:836]
  modDownToSet: 45.9366 / 588 = 0.0781234   [/home/luck/xzy/0424project/worktrees/HElib_ntt/src/Ctxt.cpp:409]
  mul_MatMul1DExec: 12.9585 / 18 = 0.719918   [/home/luck/xzy/0424project/worktrees/HElib_ntt/src/matmul.cpp:1285]
  multByConstant: 0.059363 / 3 = 0.0197877   [/home/luck/xzy/0424project/worktrees/HElib_ntt/src/Ctxt.cpp:1910]
  multByConstant: 0.671838 / 156 = 0.00430665   [/home/luck/xzy/0424project/worktrees/HElib_ntt/src/Ctxt.cpp:1884]
  multLowLvl: 29.6957 / 168 = 0.17676   [/home/luck/xzy/0424project/worktrees/HElib_ntt/src/Ctxt.cpp:1733]
  multiplyBy: 33.8352 / 87 = 0.388911   [/home/luck/xzy/0424project/worktrees/HElib_ntt/src/Ctxt.cpp:1809]
  privateAssign: 2.53804 / 1281 = 0.0019813   [/home/luck/xzy/0424project/worktrees/HElib_ntt/src/Ctxt.cpp:329]
  randomize: 4.35984 / 831 = 0.0052465   [/home/luck/xzy/0424project/worktrees/HElib_ntt/src/DoubleCRT.cpp:1318]
  randomize_stream: 2.44276 / 2524482 = 9.6763e-07   [/home/luck/xzy/0424project/worktrees/HElib_ntt/src/DoubleCRT.cpp:1348]
  reLinearize: 51.1615 / 318 = 0.160885   [/home/luck/xzy/0424project/worktrees/HElib_ntt/src/Ctxt.cpp:736]
  smartAutomorph: 21.4263 / 102 = 0.210062   [/home/luck/xzy/0424project/worktrees/HElib_ntt/src/Ctxt.cpp:2514]
  thinReCrypt: 99.7704 / 3 = 33.2568   [/home/luck/xzy/0424project/worktrees/HElib_ntt/src/recryption.cpp:2437]
  toPoly: 23.2765 / 1984 = 0.0117321   [/home/luck/xzy/0424project/worktrees/HElib_ntt/src/DoubleCRT.cpp:985]
  toPoly_CRT: 11.9933 / 1984 = 0.00604502   [/home/luck/xzy/0424project/worktrees/HElib_ntt/src/DoubleCRT.cpp:1052]
  toPoly_FFT: 10.4067 / 1984 = 0.00524529   [/home/luck/xzy/0424project/worktrees/HElib_ntt/src/DoubleCRT.cpp:1030]
  rusage.ru_maxrss=38227092
||||| stats |||||
KS-noise-ratio ave=4320.29 max=353287
KS-noise-ratio-hoist ave=0.000159282 max=0.000510946
break-into-digits-ratio ave=0.317572 max=0.414051
excess-ctxtPrimes ave=4.49181 max=4.49181
excess-specialPrimes ave=3.35778 max=3.35778
mod-switch-added-noise ave=0.320421 max=0.428582
ptxt_rat_sk ave=0.00358276 max=0.00358276
ptxt_rat_sk ave=0.00318153 max=0.00318153
raw-mod-switch-noise ave=0.257079 max=0.264291
window1-nchoices ave=5.25 max=6
window1-out ave=0 max=0
window2-nchoices ave=4.87179 max=9
window2-out ave=0 max=0
||||| stats |||||
KS-noise-ratio ave=4320.29 max=353287
KS-noise-ratio-hoist ave=0.000159282 max=0.000510946
break-into-digits-ratio ave=0.317572 max=0.414051
excess-ctxtPrimes ave=4.49181 max=4.49181
excess-specialPrimes ave=3.35778 max=3.35778
mod-switch-added-noise ave=0.320421 max=0.428582
ptxt_rat_sk ave=0.00358276 max=0.00358276
ptxt_rat_sk ave=0.00318153 max=0.00318153
raw-mod-switch-noise ave=0.257079 max=0.264291
window1-nchoices ave=5.25 max=6
window1-out ave=0 max=0
window2-nchoices ave=4.87179 max=9
window2-out ave=0 max=0
