chosen idx = 8
encapHwt = 26
t for new bts is -1
new bts ? 1
new ks ? 1
thick bts ?0
s2cFirst ? 0
toy ? 0
repeat times = 3
### partition is 0 2 5 
*** GTestFatboot: p=4513, r=1, bits=980, t=0, c=3, m=65536 mvec=[65536], gens=[-1 5], ords=[2 8]
Computing key-independent tables...using HELIB_EXPLICIT_AUX=95

t = -1
bound on I = 12.275681
log2(aux) = 6.569856
log2(beta) = 26.352140
log2(qks) >= 34.922574, final log2(qks) = 34.922602
log2(R) >= 18.910145, final log2(R) = 19.584964
INFO: total bits = 1319.65, security level = 78.6697
deg of poly for non-power-of-p aux is 727
security=78.6697
# small primes = 6
# ctxt primes = 17
# bits in ctxt primes = 984
# special primes = 6
# bits in special primes = 335
scale=10
 done in 47.097 seconds
  e=0, e'=0, t=26
  m = 65536, p = 4513, phi(m) = 32768
  ord(p) = 2048
  normBnd = 1
  polyNormBnd = 1
  factors = [2]
  generator -1 has order (== Z_m^*) of 2
  generator 5 has order (!= Z_m^*) of 8
  T = [ 1 5 25 125 625 3125 15625 12589 65535 65531 65511 65411 64911 62411 49911 52947 ]
r = 1
nslots = 16
hwt = 120
ctxtPrimes = [6,7,8,9,10,11,12,13,14,15,16,17,18,19,20,21,22]
specialPrimes = [27,28,29,30,31,32]
number of bits = 1320

security level = 78.6697
Generating keys, Dim 0 has size 2, using KSS_FULL
Dim 1 has size 8, using KSS_FULL
computing key-dependent tables...Sparse boot key hwt = 26
 done in 253.545 seconds
baby step indices = 
giant step indices = 
In MatMul1D, D = 8, g = 0, native = 0, iterative = 0
MatMul1D, time: 0.364553, cap: 16.122440

baby step indices = 
giant step indices = 
In MatMul1D, D = 8, g = 0, native = 0, iterative = 0
MatMul1D, time: 0.149202, cap: 14.660302

WARNING: KS-noise-ratio = 332664 > 1
WARNING: KS-noise-ratio = 1.0896 > 1
baby step indices = 
giant step indices = 
In MatMul1D, D = 8, g = 0, native = 0, iterative = 0
MatMul1D, time: 0.528567, cap: 14.949743

baby step indices = 
giant step indices = 
In MatMul1D, D = 8, g = 0, native = 0, iterative = 0
MatMul1D, time: 1.446992, cap: 16.367544

WARNING: KS-noise-ratio = 73.496 > 1
WARNING: KS-noise-ratio = 1.06612 > 1
baby step indices = 
giant step indices = 
In MatMul1D, D = 8, g = 0, native = 0, iterative = 0
MatMul1D, time: 0.494864, cap: 14.949756

baby step indices = 
giant step indices = 
In MatMul1D, D = 8, g = 0, native = 0, iterative = 0
MatMul1D, time: 1.421587, cap: 16.367544

WARNING: KS-noise-ratio = 9.34461 > 1
WARNING: KS-noise-ratio = 19.8376 > 1
WARNING: KS-noise-ratio = 17.225 > 1
HELIB_AUX_ORDER4_EVAL enabled: deg(P)=727, terms(P)=183, deg(Q)=181, terms(Q)=182
time for linear1 = 0.513798, linear2 = 9.043517, extract = 14.165037, total = 24.173072
bits for linear1 = 30.782742, linear2 = 48.593814, extract = 304.350684, min cap = 8.570462, after cap = 594.150575, after prod = 947.095073
cap / time = 22.951050
baby step indices = 
giant step indices = 
In MatMul1D, D = 8, g = 0, native = 0, iterative = 0
MatMul1D, time: 0.339151, cap: 16.122443

baby step indices = 
giant step indices = 
In MatMul1D, D = 8, g = 0, native = 0, iterative = 0
MatMul1D, time: 0.149700, cap: 14.660302

WARNING: KS-noise-ratio = 363010 > 1
baby step indices = 
giant step indices = 
In MatMul1D, D = 8, g = 0, native = 0, iterative = 0
MatMul1D, time: 0.497703, cap: 14.949746

baby step indices = 
giant step indices = 
In MatMul1D, D = 8, g = 0, native = 0, iterative = 0
MatMul1D, time: 1.324227, cap: 16.367544

WARNING: KS-noise-ratio = 73.4527 > 1
baby step indices = 
giant step indices = 
In MatMul1D, D = 8, g = 0, native = 0, iterative = 0
MatMul1D, time: 0.487132, cap: 14.949759

baby step indices = 
giant step indices = 
In MatMul1D, D = 8, g = 0, native = 0, iterative = 0
MatMul1D, time: 1.348743, cap: 16.367544

WARNING: KS-noise-ratio = 2.86639 > 1
WARNING: KS-noise-ratio = 15.0761 > 1
WARNING: KS-noise-ratio = 15.0708 > 1
time for linear1 = 0.488947, linear2 = 8.658074, extract = 14.050579, total = 23.705252
bits for linear1 = 30.782744, linear2 = 48.551392, extract = 304.297856, min cap = 8.570462, after cap = 594.227937, after prod = 947.077186
cap / time = 23.407249
baby step indices = 
giant step indices = 
In MatMul1D, D = 8, g = 0, native = 0, iterative = 0
MatMul1D, time: 0.339319, cap: 16.122443

baby step indices = 
giant step indices = 
In MatMul1D, D = 8, g = 0, native = 0, iterative = 0
MatMul1D, time: 0.148995, cap: 14.660301

WARNING: KS-noise-ratio = 369508 > 1
baby step indices = 
giant step indices = 
In MatMul1D, D = 8, g = 0, native = 0, iterative = 0
MatMul1D, time: 0.482218, cap: 14.949758

baby step indices = 
giant step indices = 
In MatMul1D, D = 8, g = 0, native = 0, iterative = 0
MatMul1D, time: 1.327575, cap: 16.367544

WARNING: KS-noise-ratio = 85.8247 > 1
baby step indices = 
giant step indices = 
In MatMul1D, D = 8, g = 0, native = 0, iterative = 0
MatMul1D, time: 0.484826, cap: 14.949749

baby step indices = 
giant step indices = 
In MatMul1D, D = 8, g = 0, native = 0, iterative = 0
MatMul1D, time: 1.351652, cap: 16.367544

WARNING: KS-noise-ratio = 3.34299 > 1
WARNING: KS-noise-ratio = 16.0257 > 1
WARNING: KS-noise-ratio = 16.6524 > 1
time for linear1 = 0.488473, linear2 = 8.610467, extract = 14.045203, total = 23.654119
bits for linear1 = 30.782744, linear2 = 48.753204, extract = 304.304814, min cap = 8.570462, after cap = 594.173160, after prod = 947.231177
cap / time = 23.455533

### summary over 3 test
time for linear1 = 0.497072, linear2 = 8.770686, extract = 14.086940, total = 23.844147
bits for linear1 = 30.782744, linear2 = 48.632803, extract = 304.317785, min cap = 8.570462, after cap = 594.183891, after prod = 947.134479
cap / time = 23.269051


### bts finished, everything ok ###

  AAA_bootKeySwitch: 14.4594 / 3 = 4.81979   [/home/luck/xzy/0424project/worktrees/HElib_ntt/src/recryption.cpp:2536]
  AAA_coeffToSlot: 12.9359 / 3 = 4.31197   [/home/luck/xzy/0424project/worktrees/HElib_ntt/src/recryption.cpp:2910]
  AAA_embeddingLargest: 0.19915 / 651 = 0.000305914   [/home/luck/xzy/0424project/worktrees/HElib_ntt/src/norms.cpp:250]
  AAA_embeddingLargest_x2: 0.202394 / 386 = 0.000524337   [/home/luck/xzy/0424project/worktrees/HElib_ntt/src/norms.cpp:423]
  AAA_extractDigitsThin: 42.2599 / 3 = 14.0866   [/home/luck/xzy/0424project/worktrees/HElib_ntt/src/recryption.cpp:2953]
  AAA_modDownEnbeddings: 0.220696 / 386 = 0.000571751   [/home/luck/xzy/0424project/worktrees/HElib_ntt/src/Ctxt.cpp:506]
  AAA_slotToCoeff: 1.49119 / 3 = 0.497064   [/home/luck/xzy/0424project/worktrees/HElib_ntt/src/recryption.cpp:2519]
  BasicAutomorphPrecon: 1.33044 / 18 = 0.0739131   [/home/luck/xzy/0424project/worktrees/HElib_ntt/src/matmul.cpp:70]
  Decrypt: 0.144396 / 3 = 0.048132   [/home/luck/xzy/0424project/worktrees/HElib_ntt/src/keys.cpp:1350]
  DoubleCRT: 12.8687 / 859 = 0.014981   [/home/luck/xzy/0424project/worktrees/HElib_ntt/src/DoubleCRT.cpp:718]
  FFT: 9.95694 / 21243 = 0.000468716   [/home/luck/xzy/0424project/worktrees/HElib_ntt/src/CModulus.cpp:479]
  FFT: 22.2233 / 1414 = 0.0157166   [/home/luck/xzy/0424project/worktrees/HElib_ntt/src/DoubleCRT.cpp:70]
  FFT: 22.2151 / 21243 = 0.00104576   [/home/luck/xzy/0424project/worktrees/HElib_ntt/src/CModulus.cpp:448]
  FFT_aux: 9.94515 / 21243 = 0.000468161   [/home/luck/xzy/0424project/worktrees/HElib_ntt/src/CModulus.cpp:360]
  FFT_remainder: 12.244 / 21243 = 0.000576379   [/home/luck/xzy/0424project/worktrees/HElib_ntt/src/CModulus.cpp:455]
  KS_loop: 8.89415 / 675 = 0.0131765   [/home/luck/xzy/0424project/worktrees/HElib_ntt/src/Ctxt.cpp:219]
  KS_loop_1: 1.51531 / 675 = 0.00224491   [/home/luck/xzy/0424project/worktrees/HElib_ntt/src/Ctxt.cpp:227]
  KS_loop_2: 1.05083 / 675 = 0.00155679   [/home/luck/xzy/0424project/worktrees/HElib_ntt/src/Ctxt.cpp:231]
  KS_loop_3: 1.57445 / 675 = 0.00233252   [/home/luck/xzy/0424project/worktrees/HElib_ntt/src/Ctxt.cpp:236]
  KS_loop_4: 0.519834 / 675 = 0.000770124   [/home/luck/xzy/0424project/worktrees/HElib_ntt/src/Ctxt.cpp:240]
  NORM_VAL: 1.03836 / 561 = 0.0018509   [/home/luck/xzy/0424project/worktrees/HElib_ntt/src/DoubleCRT.cpp:541]
  addConstant: 0.167093 / 48 = 0.0034811   [/home/luck/xzy/0424project/worktrees/HElib_ntt/src/Ctxt.cpp:2197]
  addCtxt: 7.00924 / 804 = 0.00871796   [/home/luck/xzy/0424project/worktrees/HElib_ntt/src/Ctxt.cpp:1458]
  addPart: 2.25897 / 1734 = 0.00130275   [/home/luck/xzy/0424project/worktrees/HElib_ntt/src/Ctxt.cpp:905]
  addPrimes: 16.2154 / 564 = 0.0287506   [/home/luck/xzy/0424project/worktrees/HElib_ntt/src/DoubleCRT.cpp:625]
  addPrimes_5: 17.8504 / 561 = 0.031819   [/home/luck/xzy/0424project/worktrees/HElib_ntt/src/DoubleCRT.cpp:518]
  automorph: 0.348708 / 102 = 0.00341871   [/home/luck/xzy/0424project/worktrees/HElib_ntt/src/Ctxt.cpp:2489]
  automorph: 2.76481 / 81 = 0.0341335   [/home/luck/xzy/0424project/worktrees/HElib_ntt/src/matmul.cpp:118]
  breakIntoDigits: 18.0977 / 201 = 0.0900384   [/home/luck/xzy/0424project/worktrees/HElib_ntt/src/DoubleCRT.cpp:481]
  decode: 0.103404 / 3 = 0.034468   [/home/luck/xzy/0424project/worktrees/HElib_ntt/src/EncryptedArray.cpp:375]
  do_mul: 4.24676 / 2061 = 0.00206054   [/home/luck/xzy/0424project/worktrees/HElib_ntt/src/DoubleCRT.cpp:280]
  extractDigitsThin: 42.2599 / 3 = 14.0866   [/home/luck/xzy/0424project/worktrees/HElib_ntt/src/recryption.cpp:2162]
  iFFT: 4.82844 / 8835 = 0.000546513   [/home/luck/xzy/0424project/worktrees/HElib_ntt/src/CModulus.cpp:488]
  keySwitchPart: 23.9561 / 186 = 0.128796   [/home/luck/xzy/0424project/worktrees/HElib_ntt/src/Ctxt.cpp:836]
  modDownToSet: 30.1546 / 396 = 0.0761479   [/home/luck/xzy/0424project/worktrees/HElib_ntt/src/Ctxt.cpp:409]
  mul_MatMul1DExec: 12.6877 / 18 = 0.704872   [/home/luck/xzy/0424project/worktrees/HElib_ntt/src/matmul.cpp:1285]
  multByConstant: 0.583018 / 156 = 0.00373729   [/home/luck/xzy/0424project/worktrees/HElib_ntt/src/Ctxt.cpp:1884]
  multByConstant: 0.060438 / 3 = 0.020146   [/home/luck/xzy/0424project/worktrees/HElib_ntt/src/Ctxt.cpp:1910]
  multLowLvl: 16.5653 / 99 = 0.167326   [/home/luck/xzy/0424project/worktrees/HElib_ntt/src/Ctxt.cpp:1733]
  multiplyBy: 20.2806 / 54 = 0.375567   [/home/luck/xzy/0424project/worktrees/HElib_ntt/src/Ctxt.cpp:1809]
  privateAssign: 2.22055 / 1035 = 0.00214546   [/home/luck/xzy/0424project/worktrees/HElib_ntt/src/Ctxt.cpp:329]
  randomize: 3.53823 / 675 = 0.00524182   [/home/luck/xzy/0424project/worktrees/HElib_ntt/src/DoubleCRT.cpp:1318]
  randomize_stream: 1.98081 / 2045442 = 9.68404e-07   [/home/luck/xzy/0424project/worktrees/HElib_ntt/src/DoubleCRT.cpp:1348]
  reLinearize: 39.0101 / 261 = 0.149464   [/home/luck/xzy/0424project/worktrees/HElib_ntt/src/Ctxt.cpp:736]
  smartAutomorph: 21.3768 / 102 = 0.209577   [/home/luck/xzy/0424project/worktrees/HElib_ntt/src/Ctxt.cpp:2514]
  thinReCrypt: 71.5395 / 3 = 23.8465   [/home/luck/xzy/0424project/worktrees/HElib_ntt/src/recryption.cpp:2437]
  toPoly: 16.2805 / 1420 = 0.0114652   [/home/luck/xzy/0424project/worktrees/HElib_ntt/src/DoubleCRT.cpp:985]
  toPoly_CRT: 8.35669 / 1420 = 0.00588499   [/home/luck/xzy/0424project/worktrees/HElib_ntt/src/DoubleCRT.cpp:1052]
  toPoly_FFT: 7.30234 / 1420 = 0.00514249   [/home/luck/xzy/0424project/worktrees/HElib_ntt/src/DoubleCRT.cpp:1030]
  rusage.ru_maxrss=38101892
||||| stats |||||
KS-noise-ratio ave=5728.73 max=369508
KS-noise-ratio-hoist ave=0.000158554 max=0.000484623
break-into-digits-ratio ave=0.315826 max=0.42442
excess-ctxtPrimes ave=4.49181 max=4.49181
excess-specialPrimes ave=3.35778 max=3.35778
mod-switch-added-noise ave=0.312012 max=0.401795
ptxt_rat_sk ave=0.00339387 max=0.00339387
ptxt_rat_sk ave=0.00388786 max=0.00388786
raw-mod-switch-noise ave=0.268116 max=0.274024
window1-nchoices ave=4.86667 max=6
window1-out ave=0 max=0
window2-nchoices ave=4.63095 max=7
window2-out ave=0 max=0
||||| stats |||||
KS-noise-ratio ave=5728.73 max=369508
KS-noise-ratio-hoist ave=0.000158554 max=0.000484623
break-into-digits-ratio ave=0.315826 max=0.42442
excess-ctxtPrimes ave=4.49181 max=4.49181
excess-specialPrimes ave=3.35778 max=3.35778
mod-switch-added-noise ave=0.312012 max=0.401795
ptxt_rat_sk ave=0.00339387 max=0.00339387
ptxt_rat_sk ave=0.00388786 max=0.00388786
raw-mod-switch-noise ave=0.268116 max=0.274024
window1-nchoices ave=4.86667 max=6
window1-out ave=0 max=0
window2-nchoices ave=4.63095 max=7
window2-out ave=0 max=0
