chosen idx = 10
encapHwt = 26
t for new bts is -1
new bts ? 1
new ks ? 1
thick bts ?0
s2cFirst ? 0
toy ? 0
repeat times = 3
### partition is 0 2 4 
*** GTestFatboot: p=7057, r=1, bits=980, t=0, c=3, m=65536 mvec=[65536], gens=[-1 5], ords=[2 4]
Computing key-independent tables...using HELIB_EXPLICIT_AUX=84

t = -1
bound on I = 12.275681
log2(aux) = 6.392317
log2(beta) = 26.997108
log2(qks) >= 35.390004, final log2(qks) = 35.390045
log2(R) >= 19.065958, final log2(R) = 19.584964
INFO: total bits = 1319.65, security level = 78.6697
deg of poly for non-power-of-p aux is 727
security=78.6697
# small primes = 6
# ctxt primes = 17
# bits in ctxt primes = 984
# special primes = 6
# bits in special primes = 335
scale=10
 done in 61.7307 seconds
  e=0, e'=0, t=26
  m = 65536, p = 7057, phi(m) = 32768
  ord(p) = 4096
  normBnd = 1
  polyNormBnd = 1
  factors = [2]
  generator -1 has order (== Z_m^*) of 2
  generator 5 has order (!= Z_m^*) of 4
  T = [ 1 5 25 125 65535 65531 65511 65411 ]
r = 1
nslots = 8
hwt = 120
ctxtPrimes = [6,7,8,9,10,11,12,13,14,15,16,17,18,19,20,21,22]
specialPrimes = [27,28,29,30,31,32]
number of bits = 1320

security level = 78.6697
Generating keys, Dim 0 has size 2, using KSS_FULL
Dim 1 has size 4, using KSS_FULL
computing key-dependent tables...Sparse boot key hwt = 26
 done in 509.23 seconds
baby step indices = 
giant step indices = 
In MatMul1D, D = 4, g = 0, native = 0, iterative = 0
MatMul1D, time: 0.300178, cap: 14.807217

baby step indices = 
giant step indices = 
In MatMul1D, D = 4, g = 0, native = 0, iterative = 0
MatMul1D, time: 0.153273, cap: 14.508510

WARNING: KS-noise-ratio = 337021 > 1
baby step indices = 
giant step indices = 
In MatMul1D, D = 4, g = 0, native = 0, iterative = 0
MatMul1D, time: 0.578985, cap: 14.478802

baby step indices = 
giant step indices = 
In MatMul1D, D = 4, g = 0, native = 0, iterative = 0
MatMul1D, time: 1.192196, cap: 14.825533

WARNING: KS-noise-ratio = 86.821 > 1
WARNING: KS-noise-ratio = 1.0718 > 1
baby step indices = 
giant step indices = 
In MatMul1D, D = 4, g = 0, native = 0, iterative = 0
MatMul1D, time: 0.539079, cap: 14.478780

baby step indices = 
giant step indices = 
In MatMul1D, D = 4, g = 0, native = 0, iterative = 0
MatMul1D, time: 1.187994, cap: 14.825533

WARNING: KS-noise-ratio = 1.35355 > 1
WARNING: KS-noise-ratio = 5.31055 > 1
HELIB_AUX_ORDER4_EVAL enabled: deg(P)=727, terms(P)=183, deg(Q)=181, terms(Q)=182
time for linear1 = 0.453493, linear2 = 9.420107, extract = 14.696021, total = 25.033072
bits for linear1 = 29.315727, linear2 = 47.806378, extract = 305.491993, min cap = 8.392937, after cap = 593.383709, after prod = 946.682080
cap / time = 22.197637
baby step indices = 
giant step indices = 
In MatMul1D, D = 4, g = 0, native = 0, iterative = 0
MatMul1D, time: 0.284903, cap: 14.807195

baby step indices = 
giant step indices = 
In MatMul1D, D = 4, g = 0, native = 0, iterative = 0
MatMul1D, time: 0.156691, cap: 14.508505

WARNING: KS-noise-ratio = 385215 > 1
baby step indices = 
giant step indices = 
In MatMul1D, D = 4, g = 0, native = 0, iterative = 0
MatMul1D, time: 0.520221, cap: 14.478774

baby step indices = 
giant step indices = 
In MatMul1D, D = 4, g = 0, native = 0, iterative = 0
MatMul1D, time: 1.087849, cap: 14.825533

WARNING: KS-noise-ratio = 83.2117 > 1
baby step indices = 
giant step indices = 
In MatMul1D, D = 4, g = 0, native = 0, iterative = 0
MatMul1D, time: 0.532091, cap: 14.478764

baby step indices = 
giant step indices = 
In MatMul1D, D = 4, g = 0, native = 0, iterative = 0
MatMul1D, time: 1.095523, cap: 14.825533

WARNING: KS-noise-ratio = 1.09509 > 1
time for linear1 = 0.441634, linear2 = 8.964545, extract = 13.887082, total = 23.854401
bits for linear1 = 29.315700, linear2 = 47.671965, extract = 306.055923, min cap = 8.392937, after cap = 592.780227, after prod = 946.508116
cap / time = 23.269149
baby step indices = 
giant step indices = 
In MatMul1D, D = 4, g = 0, native = 0, iterative = 0
MatMul1D, time: 0.279398, cap: 14.807205

baby step indices = 
giant step indices = 
In MatMul1D, D = 4, g = 0, native = 0, iterative = 0
MatMul1D, time: 0.153790, cap: 14.508506

WARNING: KS-noise-ratio = 350756 > 1
baby step indices = 
giant step indices = 
In MatMul1D, D = 4, g = 0, native = 0, iterative = 0
MatMul1D, time: 0.496832, cap: 14.478776

baby step indices = 
giant step indices = 
In MatMul1D, D = 4, g = 0, native = 0, iterative = 0
MatMul1D, time: 1.034958, cap: 14.825533

WARNING: KS-noise-ratio = 85.9508 > 1
WARNING: KS-noise-ratio = 1.06878 > 1
baby step indices = 
giant step indices = 
In MatMul1D, D = 4, g = 0, native = 0, iterative = 0
MatMul1D, time: 0.490488, cap: 14.478776

baby step indices = 
giant step indices = 
In MatMul1D, D = 4, g = 0, native = 0, iterative = 0
MatMul1D, time: 1.030825, cap: 14.825533

WARNING: KS-noise-ratio = 1.59492 > 1
WARNING: KS-noise-ratio = 6.10973 > 1
time for linear1 = 0.433228, linear2 = 8.549833, extract = 14.315242, total = 23.823645
bits for linear1 = 29.315710, linear2 = 47.794179, extract = 305.380049, min cap = 8.392937, after cap = 593.501587, after prod = 946.675816
cap / time = 23.329467

### summary over 3 test
time for linear1 = 0.442785, linear2 = 8.978162, extract = 14.299448, total = 24.237039
bits for linear1 = 29.315713, linear2 = 47.757507, extract = 305.642655, min cap = 8.392937, after cap = 593.221841, after prod = 946.622004
cap / time = 22.920010


### bts finished, everything ok ###

  AAA_bootKeySwitch: 14.8513 / 3 = 4.95045   [/home/luck/xzy/0424project/worktrees/HElib_ntt/src/recryption.cpp:2536]
  AAA_coeffToSlot: 13.2088 / 3 = 4.40294   [/home/luck/xzy/0424project/worktrees/HElib_ntt/src/recryption.cpp:2910]
  AAA_embeddingLargest: 0.210024 / 665 = 0.000315826   [/home/luck/xzy/0424project/worktrees/HElib_ntt/src/norms.cpp:250]
  AAA_embeddingLargest_x2: 0.22255 / 388 = 0.000573582   [/home/luck/xzy/0424project/worktrees/HElib_ntt/src/norms.cpp:423]
  AAA_extractDigitsThin: 42.8977 / 3 = 14.2992   [/home/luck/xzy/0424project/worktrees/HElib_ntt/src/recryption.cpp:2953]
  AAA_modDownEnbeddings: 0.240629 / 388 = 0.000620178   [/home/luck/xzy/0424project/worktrees/HElib_ntt/src/Ctxt.cpp:506]
  AAA_slotToCoeff: 1.32834 / 3 = 0.442781   [/home/luck/xzy/0424project/worktrees/HElib_ntt/src/recryption.cpp:2519]
  BasicAutomorphPrecon: 1.38992 / 18 = 0.0772176   [/home/luck/xzy/0424project/worktrees/HElib_ntt/src/matmul.cpp:70]
  Decrypt: 0.157619 / 3 = 0.0525397   [/home/luck/xzy/0424project/worktrees/HElib_ntt/src/keys.cpp:1350]
  DoubleCRT: 13.2825 / 859 = 0.0154628   [/home/luck/xzy/0424project/worktrees/HElib_ntt/src/DoubleCRT.cpp:718]
  FFT: 10.5195 / 21703 = 0.000484701   [/home/luck/xzy/0424project/worktrees/HElib_ntt/src/CModulus.cpp:479]
  FFT: 23.1745 / 1441 = 0.0160822   [/home/luck/xzy/0424project/worktrees/HElib_ntt/src/DoubleCRT.cpp:70]
  FFT: 23.1659 / 21703 = 0.0010674   [/home/luck/xzy/0424project/worktrees/HElib_ntt/src/CModulus.cpp:448]
  FFT_aux: 10.5077 / 21703 = 0.000484158   [/home/luck/xzy/0424project/worktrees/HElib_ntt/src/CModulus.cpp:360]
  FFT_remainder: 12.632 / 21703 = 0.000582038   [/home/luck/xzy/0424project/worktrees/HElib_ntt/src/CModulus.cpp:455]
  KS_loop: 8.27001 / 609 = 0.0135796   [/home/luck/xzy/0424project/worktrees/HElib_ntt/src/Ctxt.cpp:219]
  KS_loop_1: 1.39004 / 609 = 0.0022825   [/home/luck/xzy/0424project/worktrees/HElib_ntt/src/Ctxt.cpp:227]
  KS_loop_2: 0.916759 / 609 = 0.00150535   [/home/luck/xzy/0424project/worktrees/HElib_ntt/src/Ctxt.cpp:231]
  KS_loop_3: 1.55958 / 609 = 0.00256089   [/home/luck/xzy/0424project/worktrees/HElib_ntt/src/Ctxt.cpp:236]
  KS_loop_4: 0.517823 / 609 = 0.000850284   [/home/luck/xzy/0424project/worktrees/HElib_ntt/src/Ctxt.cpp:240]
  NORM_VAL: 1.10153 / 579 = 0.00190247   [/home/luck/xzy/0424project/worktrees/HElib_ntt/src/DoubleCRT.cpp:541]
  addConstant: 0.165955 / 48 = 0.0034574   [/home/luck/xzy/0424project/worktrees/HElib_ntt/src/Ctxt.cpp:2197]
  addCtxt: 7.08525 / 738 = 0.00960061   [/home/luck/xzy/0424project/worktrees/HElib_ntt/src/Ctxt.cpp:1458]
  addPart: 2.10839 / 1572 = 0.00134122   [/home/luck/xzy/0424project/worktrees/HElib_ntt/src/Ctxt.cpp:905]
  addPrimes: 17.2453 / 582 = 0.0296312   [/home/luck/xzy/0424project/worktrees/HElib_ntt/src/DoubleCRT.cpp:625]
  addPrimes_5: 18.9747 / 579 = 0.0327715   [/home/luck/xzy/0424project/worktrees/HElib_ntt/src/DoubleCRT.cpp:518]
  automorph: 0.377126 / 108 = 0.00349191   [/home/luck/xzy/0424project/worktrees/HElib_ntt/src/Ctxt.cpp:2489]
  automorph: 1.2667 / 45 = 0.0281488   [/home/luck/xzy/0424project/worktrees/HElib_ntt/src/matmul.cpp:118]
  breakIntoDigits: 19.2498 / 207 = 0.0929943   [/home/luck/xzy/0424project/worktrees/HElib_ntt/src/DoubleCRT.cpp:481]
  decode: 0.055083 / 3 = 0.018361   [/home/luck/xzy/0424project/worktrees/HElib_ntt/src/EncryptedArray.cpp:375]
  do_mul: 3.86585 / 1785 = 0.00216574   [/home/luck/xzy/0424project/worktrees/HElib_ntt/src/DoubleCRT.cpp:280]
  extractDigitsThin: 42.8977 / 3 = 14.2992   [/home/luck/xzy/0424project/worktrees/HElib_ntt/src/recryption.cpp:2162]
  iFFT: 5.17351 / 9086 = 0.000569393   [/home/luck/xzy/0424project/worktrees/HElib_ntt/src/CModulus.cpp:488]
  keySwitchPart: 25.5436 / 192 = 0.13304   [/home/luck/xzy/0424project/worktrees/HElib_ntt/src/Ctxt.cpp:836]
  modDownToSet: 31.2892 / 402 = 0.0778339   [/home/luck/xzy/0424project/worktrees/HElib_ntt/src/Ctxt.cpp:409]
  mul_MatMul1DExec: 11.1157 / 18 = 0.617536   [/home/luck/xzy/0424project/worktrees/HElib_ntt/src/matmul.cpp:1285]
  multByConstant: 0.345863 / 84 = 0.00411742   [/home/luck/xzy/0424project/worktrees/HElib_ntt/src/Ctxt.cpp:1884]
  multByConstant: 0.061927 / 3 = 0.0206423   [/home/luck/xzy/0424project/worktrees/HElib_ntt/src/Ctxt.cpp:1910]
  multLowLvl: 16.864 / 99 = 0.170343   [/home/luck/xzy/0424project/worktrees/HElib_ntt/src/Ctxt.cpp:1733]
  multiplyBy: 20.0185 / 54 = 0.370713   [/home/luck/xzy/0424project/worktrees/HElib_ntt/src/Ctxt.cpp:1809]
  privateAssign: 2.30627 / 1047 = 0.00220274   [/home/luck/xzy/0424project/worktrees/HElib_ntt/src/Ctxt.cpp:329]
  randomize: 3.21729 / 609 = 0.0052829   [/home/luck/xzy/0424project/worktrees/HElib_ntt/src/DoubleCRT.cpp:1318]
  randomize_stream: 1.79578 / 1843431 = 9.74151e-07   [/home/luck/xzy/0424project/worktrees/HElib_ntt/src/DoubleCRT.cpp:1348]
  reLinearize: 41.4359 / 267 = 0.155191   [/home/luck/xzy/0424project/worktrees/HElib_ntt/src/Ctxt.cpp:736]
  smartAutomorph: 23.5651 / 108 = 0.218195   [/home/luck/xzy/0424project/worktrees/HElib_ntt/src/Ctxt.cpp:2514]
  thinReCrypt: 72.7219 / 3 = 24.2406   [/home/luck/xzy/0424project/worktrees/HElib_ntt/src/recryption.cpp:2437]
  toPoly: 17.2745 / 1438 = 0.0120129   [/home/luck/xzy/0424project/worktrees/HElib_ntt/src/DoubleCRT.cpp:985]
  toPoly_CRT: 8.72978 / 1438 = 0.00607078   [/home/luck/xzy/0424project/worktrees/HElib_ntt/src/DoubleCRT.cpp:1052]
  toPoly_FFT: 7.82467 / 1438 = 0.00544136   [/home/luck/xzy/0424project/worktrees/HElib_ntt/src/DoubleCRT.cpp:1030]
  rusage.ru_maxrss=75166568
||||| stats |||||
KS-noise-ratio ave=5589.98 max=385215
KS-noise-ratio-hoist ave=8.0322e-05 max=0.000268836
break-into-digits-ratio ave=0.315246 max=0.436051
excess-ctxtPrimes ave=4.49181 max=4.49181
excess-specialPrimes ave=4.00274 max=4.00274
mod-switch-added-noise ave=0.319112 max=0.393181
ptxt_rat_sk ave=0.00706312 max=0.00706312
ptxt_rat_sk ave=0.00195697 max=0.00195697
raw-mod-switch-noise ave=0.278202 max=0.284583
window1-nchoices ave=3.4 max=5
window1-out ave=0 max=0
window2-nchoices ave=3.65476 max=8
window2-out ave=0 max=0
||||| stats |||||
KS-noise-ratio ave=5589.98 max=385215
KS-noise-ratio-hoist ave=8.0322e-05 max=0.000268836
break-into-digits-ratio ave=0.315246 max=0.436051
excess-ctxtPrimes ave=4.49181 max=4.49181
excess-specialPrimes ave=4.00274 max=4.00274
mod-switch-added-noise ave=0.319112 max=0.393181
ptxt_rat_sk ave=0.00706312 max=0.00706312
ptxt_rat_sk ave=0.00195697 max=0.00195697
raw-mod-switch-noise ave=0.278202 max=0.284583
window1-nchoices ave=3.4 max=5
window1-out ave=0 max=0
window2-nchoices ave=3.65476 max=8
window2-out ave=0 max=0
