chosen idx = 10
encapHwt = 26
t for new bts is -1
new bts ? 1
new ks ? 1
thick bts ?0
s2cFirst ? 0
toy ? 0
repeat times = 3
### partition is 0 2 4 
*** GTestFatboot: p=7057, r=1, bits=980, t=0, c=3, m=65536 mvec=[65536], gens=[-1 5], ords=[2 4]
Computing key-independent tables...using HELIB_EXPLICIT_AUX=84

t = -1
bound on I = 12.275681
log2(aux) = 6.392317
log2(beta) = 26.997108
log2(qks) >= 35.390004, final log2(qks) = 35.390045
log2(R) >= 19.065958, final log2(R) = 19.584964
INFO: total bits = 1319.65, security level = 78.6697
deg of poly for non-power-of-p aux is 727
security=78.6697
# small primes = 6
# ctxt primes = 17
# bits in ctxt primes = 984
# special primes = 6
# bits in special primes = 335
scale=10
 done in 61.6719 seconds
  e=0, e'=0, t=26
  m = 65536, p = 7057, phi(m) = 32768
  ord(p) = 4096
  normBnd = 1
  polyNormBnd = 1
  factors = [2]
  generator -1 has order (== Z_m^*) of 2
  generator 5 has order (!= Z_m^*) of 4
  T = [ 1 5 25 125 65535 65531 65511 65411 ]
r = 1
nslots = 8
hwt = 120
ctxtPrimes = [6,7,8,9,10,11,12,13,14,15,16,17,18,19,20,21,22]
specialPrimes = [27,28,29,30,31,32]
number of bits = 1320

security level = 78.6697
Generating keys, Dim 0 has size 2, using KSS_FULL
Dim 1 has size 4, using KSS_FULL
computing key-dependent tables...Sparse boot key hwt = 26
 done in 505.284 seconds
baby step indices = 
giant step indices = 
In MatMul1D, D = 4, g = 0, native = 0, iterative = 0
MatMul1D, time: 0.299698, cap: 14.807209

baby step indices = 
giant step indices = 
In MatMul1D, D = 4, g = 0, native = 0, iterative = 0
MatMul1D, time: 0.153153, cap: 14.508511

WARNING: KS-noise-ratio = 309836 > 1
WARNING: KS-noise-ratio = 1.10362 > 1
baby step indices = 
giant step indices = 
In MatMul1D, D = 4, g = 0, native = 0, iterative = 0
MatMul1D, time: 0.564485, cap: 14.478777

baby step indices = 
giant step indices = 
In MatMul1D, D = 4, g = 0, native = 0, iterative = 0
MatMul1D, time: 1.149027, cap: 14.825533

WARNING: KS-noise-ratio = 90.3488 > 1
baby step indices = 
giant step indices = 
In MatMul1D, D = 4, g = 0, native = 0, iterative = 0
MatMul1D, time: 0.491459, cap: 14.478771

baby step indices = 
giant step indices = 
In MatMul1D, D = 4, g = 0, native = 0, iterative = 0
MatMul1D, time: 1.073585, cap: 14.825533

WARNING: KS-noise-ratio = 1.29979 > 1
time for linear1 = 0.452884, linear2 = 8.951752, extract = 23.488398, total = 33.336717
bits for linear1 = 29.315720, linear2 = 47.801249, extract = 276.347874, min cap = 8.392937, after cap = 622.502641, after prod = 946.651764
cap / time = 17.542039
baby step indices = 
giant step indices = 
In MatMul1D, D = 4, g = 0, native = 0, iterative = 0
MatMul1D, time: 0.266081, cap: 14.807202

baby step indices = 
giant step indices = 
In MatMul1D, D = 4, g = 0, native = 0, iterative = 0
MatMul1D, time: 0.147228, cap: 14.508513

WARNING: KS-noise-ratio = 338211 > 1
baby step indices = 
giant step indices = 
In MatMul1D, D = 4, g = 0, native = 0, iterative = 0
MatMul1D, time: 0.482812, cap: 14.478798

baby step indices = 
giant step indices = 
In MatMul1D, D = 4, g = 0, native = 0, iterative = 0
MatMul1D, time: 1.009752, cap: 14.825533

WARNING: KS-noise-ratio = 94.4127 > 1
baby step indices = 
giant step indices = 
In MatMul1D, D = 4, g = 0, native = 0, iterative = 0
MatMul1D, time: 0.480425, cap: 14.478792

baby step indices = 
giant step indices = 
In MatMul1D, D = 4, g = 0, native = 0, iterative = 0
MatMul1D, time: 1.012716, cap: 14.825533

WARNING: KS-noise-ratio = 1.27066 > 1
time for linear1 = 0.413341, linear2 = 8.343586, extract = 23.381642, total = 32.641034
bits for linear1 = 29.315715, linear2 = 47.867076, extract = 276.426454, min cap = 8.392937, after cap = 622.444146, after prod = 946.737676
cap / time = 17.914123
baby step indices = 
giant step indices = 
In MatMul1D, D = 4, g = 0, native = 0, iterative = 0
MatMul1D, time: 0.268943, cap: 14.807217

baby step indices = 
giant step indices = 
In MatMul1D, D = 4, g = 0, native = 0, iterative = 0
MatMul1D, time: 0.148420, cap: 14.508515

WARNING: KS-noise-ratio = 397837 > 1
baby step indices = 
giant step indices = 
In MatMul1D, D = 4, g = 0, native = 0, iterative = 0
MatMul1D, time: 0.481214, cap: 14.478767

baby step indices = 
giant step indices = 
In MatMul1D, D = 4, g = 0, native = 0, iterative = 0
MatMul1D, time: 1.007637, cap: 14.825533

WARNING: KS-noise-ratio = 81.7635 > 1
baby step indices = 
giant step indices = 
In MatMul1D, D = 4, g = 0, native = 0, iterative = 0
MatMul1D, time: 0.481577, cap: 14.478778

baby step indices = 
giant step indices = 
In MatMul1D, D = 4, g = 0, native = 0, iterative = 0
MatMul1D, time: 1.012753, cap: 14.825533

WARNING: KS-noise-ratio = 1.21927 > 1
time for linear1 = 0.417423, linear2 = 8.353152, extract = 23.326109, total = 32.597900
bits for linear1 = 29.315731, linear2 = 47.688075, extract = 276.612661, min cap = 8.392937, after cap = 622.315013, after prod = 946.615749
cap / time = 17.933865

### summary over 3 test
time for linear1 = 0.427883, linear2 = 8.549497, extract = 23.398716, total = 32.858550
bits for linear1 = 29.315722, linear2 = 47.785466, extract = 276.462330, min cap = 8.392937, after cap = 622.420600, after prod = 946.668396
cap / time = 17.794818


### bts finished, everything ok ###

  AAA_bootKeySwitch: 14.2156 / 3 = 4.73852   [/home/luck/xzy/0424project/worktrees/HElib_ntt/src/recryption.cpp:2536]
  AAA_coeffToSlot: 12.5012 / 3 = 4.16705   [/home/luck/xzy/0424project/worktrees/HElib_ntt/src/recryption.cpp:2910]
  AAA_embeddingLargest: 0.255691 / 867 = 0.000294915   [/home/luck/xzy/0424project/worktrees/HElib_ntt/src/norms.cpp:250]
  AAA_embeddingLargest_x2: 0.296797 / 575 = 0.000516169   [/home/luck/xzy/0424project/worktrees/HElib_ntt/src/norms.cpp:423]
  AAA_extractDigitsThin: 70.1953 / 3 = 23.3984   [/home/luck/xzy/0424project/worktrees/HElib_ntt/src/recryption.cpp:2953]
  AAA_modDownEnbeddings: 0.325039 / 575 = 0.000565285   [/home/luck/xzy/0424project/worktrees/HElib_ntt/src/Ctxt.cpp:506]
  AAA_slotToCoeff: 1.28364 / 3 = 0.427879   [/home/luck/xzy/0424project/worktrees/HElib_ntt/src/recryption.cpp:2519]
  BasicAutomorphPrecon: 1.32177 / 18 = 0.0734317   [/home/luck/xzy/0424project/worktrees/HElib_ntt/src/matmul.cpp:70]
  Decrypt: 0.155421 / 3 = 0.051807   [/home/luck/xzy/0424project/worktrees/HElib_ntt/src/keys.cpp:1350]
  DoubleCRT: 19.6356 / 1279 = 0.0153523   [/home/luck/xzy/0424project/worktrees/HElib_ntt/src/DoubleCRT.cpp:718]
  FFT: 31.7821 / 30584 = 0.00103917   [/home/luck/xzy/0424project/worktrees/HElib_ntt/src/CModulus.cpp:448]
  FFT: 31.792 / 2017 = 0.015762   [/home/luck/xzy/0424project/worktrees/HElib_ntt/src/DoubleCRT.cpp:70]
  FFT: 14.1298 / 30584 = 0.000462001   [/home/luck/xzy/0424project/worktrees/HElib_ntt/src/CModulus.cpp:479]
  FFT_aux: 14.1159 / 30584 = 0.000461544   [/home/luck/xzy/0424project/worktrees/HElib_ntt/src/CModulus.cpp:360]
  FFT_remainder: 17.6364 / 30584 = 0.000576656   [/home/luck/xzy/0424project/worktrees/HElib_ntt/src/CModulus.cpp:455]
  KS_loop: 9.96092 / 765 = 0.0130208   [/home/luck/xzy/0424project/worktrees/HElib_ntt/src/Ctxt.cpp:219]
  KS_loop_1: 1.71534 / 765 = 0.00224228   [/home/luck/xzy/0424project/worktrees/HElib_ntt/src/Ctxt.cpp:227]
  KS_loop_2: 0.890524 / 765 = 0.00116408   [/home/luck/xzy/0424project/worktrees/HElib_ntt/src/Ctxt.cpp:231]
  KS_loop_3: 1.96418 / 765 = 0.00256756   [/home/luck/xzy/0424project/worktrees/HElib_ntt/src/Ctxt.cpp:236]
  KS_loop_4: 0.594777 / 765 = 0.000777486   [/home/luck/xzy/0424project/worktrees/HElib_ntt/src/Ctxt.cpp:240]
  NORM_VAL: 1.3473 / 735 = 0.00183306   [/home/luck/xzy/0424project/worktrees/HElib_ntt/src/DoubleCRT.cpp:541]
  addCtxt: 7.92529 / 2289 = 0.00346234   [/home/luck/xzy/0424project/worktrees/HElib_ntt/src/Ctxt.cpp:1458]
  addPart: 2.30742 / 1938 = 0.00119062   [/home/luck/xzy/0424project/worktrees/HElib_ntt/src/Ctxt.cpp:905]
  addPrimes: 21.0267 / 738 = 0.0284914   [/home/luck/xzy/0424project/worktrees/HElib_ntt/src/DoubleCRT.cpp:625]
  addPrimes_5: 23.1354 / 735 = 0.0314767   [/home/luck/xzy/0424project/worktrees/HElib_ntt/src/DoubleCRT.cpp:518]
  automorph: 0.35367 / 108 = 0.00327472   [/home/luck/xzy/0424project/worktrees/HElib_ntt/src/Ctxt.cpp:2489]
  automorph: 1.17591 / 45 = 0.0261313   [/home/luck/xzy/0424project/worktrees/HElib_ntt/src/matmul.cpp:118]
  breakIntoDigits: 23.452 / 258 = 0.0908993   [/home/luck/xzy/0424project/worktrees/HElib_ntt/src/DoubleCRT.cpp:481]
  decode: 0.053345 / 3 = 0.0177817   [/home/luck/xzy/0424project/worktrees/HElib_ntt/src/EncryptedArray.cpp:375]
  do_mul: 5.01581 / 2373 = 0.0021137   [/home/luck/xzy/0424project/worktrees/HElib_ntt/src/DoubleCRT.cpp:280]
  extractDigitsThin: 70.1952 / 3 = 23.3984   [/home/luck/xzy/0424project/worktrees/HElib_ntt/src/recryption.cpp:2162]
  iFFT: 7.2093 / 13275 = 0.000543074   [/home/luck/xzy/0424project/worktrees/HElib_ntt/src/CModulus.cpp:488]
  keySwitchPart: 31.6634 / 243 = 0.130302   [/home/luck/xzy/0424project/worktrees/HElib_ntt/src/Ctxt.cpp:836]
  modDownToSet: 46.4587 / 594 = 0.0782132   [/home/luck/xzy/0424project/worktrees/HElib_ntt/src/Ctxt.cpp:409]
  mul_MatMul1DExec: 10.5316 / 18 = 0.585087   [/home/luck/xzy/0424project/worktrees/HElib_ntt/src/matmul.cpp:1285]
  multByConstant: 0.05941 / 3 = 0.0198033   [/home/luck/xzy/0424project/worktrees/HElib_ntt/src/Ctxt.cpp:1910]
  multByConstant: 0.348008 / 84 = 0.00414295   [/home/luck/xzy/0424project/worktrees/HElib_ntt/src/Ctxt.cpp:1884]
  multLowLvl: 29.6313 / 168 = 0.176377   [/home/luck/xzy/0424project/worktrees/HElib_ntt/src/Ctxt.cpp:1733]
  multiplyBy: 33.4736 / 87 = 0.384754   [/home/luck/xzy/0424project/worktrees/HElib_ntt/src/Ctxt.cpp:1809]
  privateAssign: 2.54013 / 1293 = 0.00196453   [/home/luck/xzy/0424project/worktrees/HElib_ntt/src/Ctxt.cpp:329]
  randomize: 4.01021 / 765 = 0.00524211   [/home/luck/xzy/0424project/worktrees/HElib_ntt/src/DoubleCRT.cpp:1318]
  randomize_stream: 2.25263 / 2321853 = 9.70187e-07   [/home/luck/xzy/0424project/worktrees/HElib_ntt/src/DoubleCRT.cpp:1348]
  reLinearize: 52.2143 / 324 = 0.161155   [/home/luck/xzy/0424project/worktrees/HElib_ntt/src/Ctxt.cpp:736]
  smartAutomorph: 22.5229 / 108 = 0.208546   [/home/luck/xzy/0424project/worktrees/HElib_ntt/src/Ctxt.cpp:2514]
  thinReCrypt: 98.5828 / 3 = 32.8609   [/home/luck/xzy/0424project/worktrees/HElib_ntt/src/recryption.cpp:2437]
  toPoly: 23.8116 / 2014 = 0.0118231   [/home/luck/xzy/0424project/worktrees/HElib_ntt/src/DoubleCRT.cpp:985]
  toPoly_CRT: 12.3134 / 2014 = 0.00611392   [/home/luck/xzy/0424project/worktrees/HElib_ntt/src/DoubleCRT.cpp:1052]
  toPoly_FFT: 10.645 / 2014 = 0.00528549   [/home/luck/xzy/0424project/worktrees/HElib_ntt/src/DoubleCRT.cpp:1030]
  rusage.ru_maxrss=75295820
||||| stats |||||
KS-noise-ratio ave=4305.21 max=397837
KS-noise-ratio-hoist ave=8.08768e-05 max=0.000263788
break-into-digits-ratio ave=0.316582 max=0.423242
excess-ctxtPrimes ave=4.49181 max=4.49181
excess-specialPrimes ave=4.00274 max=4.00274
mod-switch-added-noise ave=0.321328 max=0.377995
ptxt_rat_sk ave=0.00706468 max=0.00706468
ptxt_rat_sk ave=0.00159948 max=0.00159948
raw-mod-switch-noise ave=0.278026 max=0.278929
window1-nchoices ave=3.83333 max=6
window1-out ave=0 max=0
window2-nchoices ave=4.04487 max=8
window2-out ave=0 max=0
||||| stats |||||
KS-noise-ratio ave=4305.21 max=397837
KS-noise-ratio-hoist ave=8.08768e-05 max=0.000263788
break-into-digits-ratio ave=0.316582 max=0.423242
excess-ctxtPrimes ave=4.49181 max=4.49181
excess-specialPrimes ave=4.00274 max=4.00274
mod-switch-added-noise ave=0.321328 max=0.377995
ptxt_rat_sk ave=0.00706468 max=0.00706468
ptxt_rat_sk ave=0.00159948 max=0.00159948
raw-mod-switch-noise ave=0.278026 max=0.278929
window1-nchoices ave=3.83333 max=6
window1-out ave=0 max=0
window2-nchoices ave=4.04487 max=8
window2-out ave=0 max=0
