chosen idx = 0
encapHwt = 26
t for new bts is -1
new bts ? 1
new ks ? 1
thick bts ?0
s2cFirst ? 0
toy ? 0
repeat times = 3
### partition is 0 6 12 16 
*** GTestFatboot: p=65537, r=1, bits=980, t=0, c=3, m=65536 mvec=[65536], gens=[-1 5], ords=[2 16384]
Computing key-independent tables...using HELIB_EXPLICIT_AUX=256

t = -1
bound on I = 12.275681
log2(aux) = 8.000000
log2(beta) = 30.212291
log2(qks) >= 40.212869, final log2(qks) = 40.212872
log2(R) >= 20.673566, final log2(R) = 20.754888
INFO: total bits = 1313.73, security level = 78.939
deg of poly for non-power-of-p aux is 727
security=78.939
# small primes = 6
# ctxt primes = 17
# bits in ctxt primes = 984
# special primes = 6
# bits in special primes = 329
scale=10
 done in 391.961 seconds
  e=0, e'=0, t=26
  m = 65536, p = 65537, phi(m) = 32768
  ord(p) = 1
  normBnd = 1
  polyNormBnd = 1
  factors = [2]
  generator -1 has order (== Z_m^*) of 2
  generator 5 has order (== Z_m^*) of 16384
r = 1
nslots = 32768
hwt = 120
ctxtPrimes = [6,7,8,9,10,11,12,13,14,15,16,17,18,19,20,21,22]
specialPrimes = [27,28,29,30,31,32]
number of bits = 1314

security level = 78.939
Generating keys, Dim 0 has size 2, using KSS_FULL
Dim 1 has size 16384, using KSS_BSGS
computing key-dependent tables...Sparse boot key hwt = 26
 done in 31.0905 seconds
baby step indices = 0 1 2 3 4 5 6 7 121 122 123 124 125 126 127 
giant step indices = 0 127 
In MatMul1D, D = 16384, g = 128, native = 1, iterative = 0
MatMul1D, time: 0.962078, cap: 22.643393

baby step indices = 0 8 16 24 32 40 48 56 64 72 80 88 96 104 112 120 
giant step indices = 0 1 2 3 124 125 126 127 
In MatMul1D, D = 16384, g = 128, native = 1, iterative = 0
MatMul1D, time: 1.206711, cap: 27.584939

baby step indices = 0 
giant step indices = 0 4 8 12 16 20 24 28 32 36 40 44 48 52 56 60 64 68 72 76 80 84 88 92 96 100 104 108 112 116 120 124 
In MatMul1D, D = 16384, g = 128, native = 1, iterative = 0
MatMul1D, time: 1.756569, cap: 28.400592

WARNING: KS-noise-ratio = 1.01232 > 1
baby step indices = 0 
giant step indices = 0 4 8 12 16 20 24 28 32 36 40 44 48 52 56 60 64 68 72 76 80 84 88 92 96 100 104 108 112 116 120 124 
In MatMul1D, D = 16384, g = 128, native = 1, iterative = 0
MatMul1D, time: 4.436502, cap: 54.220079

baby step indices = 0 8 16 24 32 40 48 56 64 72 80 88 96 104 112 120 
giant step indices = 0 1 2 3 124 125 126 127 
In MatMul1D, D = 16384, g = 128, native = 1, iterative = 0
MatMul1D, time: 3.832168, cap: 27.596435

baby step indices = 0 1 2 3 4 5 6 7 121 122 123 124 125 126 127 
giant step indices = 0 127 
In MatMul1D, D = 16384, g = 128, native = 1, iterative = 0
MatMul1D, time: 2.681364, cap: 21.726262

baby step indices = 0 
giant step indices = 0 4 8 12 16 20 24 28 32 36 40 44 48 52 56 60 64 68 72 76 80 84 88 92 96 100 104 108 112 116 120 124 
In MatMul1D, D = 16384, g = 128, native = 1, iterative = 0
MatMul1D, time: 4.292704, cap: 39.181794

baby step indices = 0 8 16 24 32 40 48 56 64 72 80 88 96 104 112 120 
giant step indices = 0 1 2 3 124 125 126 127 
In MatMul1D, D = 16384, g = 128, native = 1, iterative = 0
MatMul1D, time: 3.826500, cap: 27.596435

baby step indices = 0 1 2 3 4 5 6 7 121 122 123 124 125 126 127 
giant step indices = 0 127 
In MatMul1D, D = 16384, g = 128, native = 1, iterative = 0
MatMul1D, time: 2.686985, cap: 21.726262

WARNING: KS-noise-ratio = 208.06 > 1
HELIB_AUX_ORDER4_EVAL enabled: deg(P)=727, terms(P)=183, deg(Q)=181, terms(Q)=182
time for linear1 = 3.925542, linear2 = 21.758181, extract = 13.428708, total = 39.538540
bits for linear1 = 78.628924, linear2 = 88.504491, extract = 344.609284, min cap = 10.000581, after cap = 508.782216, after prod = 941.895991
cap / time = 10.626409
baby step indices = 0 1 2 3 4 5 6 7 121 122 123 124 125 126 127 
giant step indices = 0 127 
In MatMul1D, D = 16384, g = 128, native = 1, iterative = 0
MatMul1D, time: 0.933437, cap: 22.711153

baby step indices = 0 8 16 24 32 40 48 56 64 72 80 88 96 104 112 120 
giant step indices = 0 1 2 3 124 125 126 127 
In MatMul1D, D = 16384, g = 128, native = 1, iterative = 0
MatMul1D, time: 1.201416, cap: 27.584939

baby step indices = 0 
giant step indices = 0 4 8 12 16 20 24 28 32 36 40 44 48 52 56 60 64 68 72 76 80 84 88 92 96 100 104 108 112 116 120 124 
In MatMul1D, D = 16384, g = 128, native = 1, iterative = 0
MatMul1D, time: 1.754978, cap: 28.400592

WARNING: KS-noise-ratio = 1.00734 > 1
baby step indices = 0 
giant step indices = 0 4 8 12 16 20 24 28 32 36 40 44 48 52 56 60 64 68 72 76 80 84 88 92 96 100 104 108 112 116 120 124 
In MatMul1D, D = 16384, g = 128, native = 1, iterative = 0
MatMul1D, time: 4.366478, cap: 54.368175

baby step indices = 0 8 16 24 32 40 48 56 64 72 80 88 96 104 112 120 
giant step indices = 0 1 2 3 124 125 126 127 
In MatMul1D, D = 16384, g = 128, native = 1, iterative = 0
MatMul1D, time: 3.827418, cap: 27.596435

baby step indices = 0 1 2 3 4 5 6 7 121 122 123 124 125 126 127 
giant step indices = 0 127 
In MatMul1D, D = 16384, g = 128, native = 1, iterative = 0
MatMul1D, time: 2.693605, cap: 21.726262

baby step indices = 0 
giant step indices = 0 4 8 12 16 20 24 28 32 36 40 44 48 52 56 60 64 68 72 76 80 84 88 92 96 100 104 108 112 116 120 124 
In MatMul1D, D = 16384, g = 128, native = 1, iterative = 0
MatMul1D, time: 4.298608, cap: 39.321652

baby step indices = 0 8 16 24 32 40 48 56 64 72 80 88 96 104 112 120 
giant step indices = 0 1 2 3 124 125 126 127 
In MatMul1D, D = 16384, g = 128, native = 1, iterative = 0
MatMul1D, time: 3.852929, cap: 27.596435

baby step indices = 0 1 2 3 4 5 6 7 121 122 123 124 125 126 127 
giant step indices = 0 127 
In MatMul1D, D = 16384, g = 128, native = 1, iterative = 0
MatMul1D, time: 2.690199, cap: 21.726262

WARNING: KS-noise-ratio = 225.652 > 1
time for linear1 = 3.890099, linear2 = 21.731829, extract = 13.424121, total = 39.532382
bits for linear1 = 78.696684, linear2 = 88.644350, extract = 344.617228, min cap = 10.000581, after cap = 508.774405, after prod = 942.035983
cap / time = 10.626153
baby step indices = 0 1 2 3 4 5 6 7 121 122 123 124 125 126 127 
giant step indices = 0 127 
In MatMul1D, D = 16384, g = 128, native = 1, iterative = 0
MatMul1D, time: 0.934810, cap: 22.691839

baby step indices = 0 8 16 24 32 40 48 56 64 72 80 88 96 104 112 120 
giant step indices = 0 1 2 3 124 125 126 127 
In MatMul1D, D = 16384, g = 128, native = 1, iterative = 0
MatMul1D, time: 1.198297, cap: 27.584939

baby step indices = 0 
giant step indices = 0 4 8 12 16 20 24 28 32 36 40 44 48 52 56 60 64 68 72 76 80 84 88 92 96 100 104 108 112 116 120 124 
In MatMul1D, D = 16384, g = 128, native = 1, iterative = 0
MatMul1D, time: 1.764787, cap: 28.400592

baby step indices = 0 
giant step indices = 0 4 8 12 16 20 24 28 32 36 40 44 48 52 56 60 64 68 72 76 80 84 88 92 96 100 104 108 112 116 120 124 
In MatMul1D, D = 16384, g = 128, native = 1, iterative = 0
MatMul1D, time: 4.389734, cap: 54.139065

baby step indices = 0 8 16 24 32 40 48 56 64 72 80 88 96 104 112 120 
giant step indices = 0 1 2 3 124 125 126 127 
In MatMul1D, D = 16384, g = 128, native = 1, iterative = 0
MatMul1D, time: 3.916127, cap: 27.596435

baby step indices = 0 1 2 3 4 5 6 7 121 122 123 124 125 126 127 
giant step indices = 0 127 
In MatMul1D, D = 16384, g = 128, native = 1, iterative = 0
MatMul1D, time: 2.758434, cap: 21.726262

baby step indices = 0 
giant step indices = 0 4 8 12 16 20 24 28 32 36 40 44 48 52 56 60 64 68 72 76 80 84 88 92 96 100 104 108 112 116 120 124 
In MatMul1D, D = 16384, g = 128, native = 1, iterative = 0
MatMul1D, time: 4.313774, cap: 39.140847

baby step indices = 0 8 16 24 32 40 48 56 64 72 80 88 96 104 112 120 
giant step indices = 0 1 2 3 124 125 126 127 
In MatMul1D, D = 16384, g = 128, native = 1, iterative = 0
MatMul1D, time: 3.858854, cap: 27.596435

baby step indices = 0 1 2 3 4 5 6 7 121 122 123 124 125 126 127 
giant step indices = 0 127 
In MatMul1D, D = 16384, g = 128, native = 1, iterative = 0
MatMul1D, time: 2.677867, cap: 21.726262

WARNING: KS-noise-ratio = 211.768 > 1
time for linear1 = 3.898193, linear2 = 21.917409, extract = 13.467864, total = 39.770772
bits for linear1 = 78.677370, linear2 = 88.463545, extract = 344.664879, min cap = 10.000581, after cap = 508.795175, after prod = 941.923599
cap / time = 10.563467

### summary over 3 test
time for linear1 = 3.904611, linear2 = 21.802473, extract = 13.440231, total = 39.613898
bits for linear1 = 78.667660, linear2 = 88.537462, extract = 344.630464, min cap = 10.000581, after cap = 508.783932, after prod = 941.951857
cap / time = 10.605260


### bts finished, everything ok ###

  AAA_bootKeySwitch: 33.9225 / 3 = 11.3075   [/home/luck/xzy/0424project/worktrees/HElib_ntt/src/recryption.cpp:2536]
  AAA_coeffToSlot: 32.5018 / 3 = 10.8339   [/home/luck/xzy/0424project/worktrees/HElib_ntt/src/recryption.cpp:2910]
  AAA_embeddingLargest: 0.167992 / 594 = 0.000282815   [/home/luck/xzy/0424project/worktrees/HElib_ntt/src/norms.cpp:250]
  AAA_embeddingLargest_x2: 0.434161 / 836 = 0.000519331   [/home/luck/xzy/0424project/worktrees/HElib_ntt/src/norms.cpp:423]
  AAA_extractDigitsThin: 40.3201 / 3 = 13.44   [/home/luck/xzy/0424project/worktrees/HElib_ntt/src/recryption.cpp:2953]
  AAA_modDownEnbeddings: 0.452892 / 836 = 0.000541737   [/home/luck/xzy/0424project/worktrees/HElib_ntt/src/Ctxt.cpp:506]
  AAA_slotToCoeff: 11.7137 / 3 = 3.90456   [/home/luck/xzy/0424project/worktrees/HElib_ntt/src/recryption.cpp:2519]
  BasicAutomorphPrecon: 2.02361 / 27 = 0.0749486   [/home/luck/xzy/0424project/worktrees/HElib_ntt/src/matmul.cpp:70]
  Decrypt: 0.147065 / 3 = 0.0490217   [/home/luck/xzy/0424project/worktrees/HElib_ntt/src/keys.cpp:1350]
  DoubleCRT: 22.4488 / 1759 = 0.0127623   [/home/luck/xzy/0424project/worktrees/HElib_ntt/src/DoubleCRT.cpp:718]
  FFT: 13.7671 / 29738 = 0.000462945   [/home/luck/xzy/0424project/worktrees/HElib_ntt/src/CModulus.cpp:479]
  FFT: 30.0612 / 2266 = 0.0132662   [/home/luck/xzy/0424project/worktrees/HElib_ntt/src/DoubleCRT.cpp:70]
  FFT: 30.051 / 29738 = 0.00101053   [/home/luck/xzy/0424project/worktrees/HElib_ntt/src/CModulus.cpp:448]
  FFT_aux: 13.7551 / 29738 = 0.000462543   [/home/luck/xzy/0424project/worktrees/HElib_ntt/src/CModulus.cpp:360]
  FFT_remainder: 16.2654 / 29738 = 0.000546956   [/home/luck/xzy/0424project/worktrees/HElib_ntt/src/CModulus.cpp:455]
  KS_loop: 22.3372 / 1710 = 0.0130627   [/home/luck/xzy/0424project/worktrees/HElib_ntt/src/Ctxt.cpp:219]
  KS_loop_1: 4.01305 / 1710 = 0.00234681   [/home/luck/xzy/0424project/worktrees/HElib_ntt/src/Ctxt.cpp:227]
  KS_loop_2: 2.61933 / 1710 = 0.00153177   [/home/luck/xzy/0424project/worktrees/HElib_ntt/src/Ctxt.cpp:231]
  KS_loop_3: 4.1196 / 1710 = 0.00240912   [/home/luck/xzy/0424project/worktrees/HElib_ntt/src/Ctxt.cpp:236]
  KS_loop_4: 1.22804 / 1710 = 0.000718153   [/home/luck/xzy/0424project/worktrees/HElib_ntt/src/Ctxt.cpp:240]
  NORM_VAL: 0.934527 / 504 = 0.00185422   [/home/luck/xzy/0424project/worktrees/HElib_ntt/src/DoubleCRT.cpp:541]
  addConstant: 0.15748 / 48 = 0.00328083   [/home/luck/xzy/0424project/worktrees/HElib_ntt/src/Ctxt.cpp:2197]
  addCtxt: 7.98272 / 2376 = 0.00335973   [/home/luck/xzy/0424project/worktrees/HElib_ntt/src/Ctxt.cpp:1458]
  addPart: 5.00767 / 4269 = 0.00117303   [/home/luck/xzy/0424project/worktrees/HElib_ntt/src/Ctxt.cpp:905]
  addPrimes: 13.7232 / 507 = 0.0270674   [/home/luck/xzy/0424project/worktrees/HElib_ntt/src/DoubleCRT.cpp:625]
  addPrimes_5: 15.1368 / 504 = 0.0300333   [/home/luck/xzy/0424project/worktrees/HElib_ntt/src/DoubleCRT.cpp:518]
  automorph: 0.181483 / 90 = 0.00201648   [/home/luck/xzy/0424project/worktrees/HElib_ntt/src/Ctxt.cpp:2489]
  automorph: 22.241 / 567 = 0.0392257   [/home/luck/xzy/0424project/worktrees/HElib_ntt/src/matmul.cpp:118]
  breakIntoDigits: 15.3322 / 198 = 0.0774356   [/home/luck/xzy/0424project/worktrees/HElib_ntt/src/DoubleCRT.cpp:481]
  decode: 49.9892 / 3 = 16.6631   [/home/luck/xzy/0424project/worktrees/HElib_ntt/src/EncryptedArray.cpp:375]
  do_mul: 13.4564 / 7227 = 0.00186196   [/home/luck/xzy/0424project/worktrees/HElib_ntt/src/DoubleCRT.cpp:280]
  extractDigitsThin: 40.3201 / 3 = 13.44   [/home/luck/xzy/0424project/worktrees/HElib_ntt/src/recryption.cpp:2162]
  iFFT: 7.68816 / 13751 = 0.000559098   [/home/luck/xzy/0424project/worktrees/HElib_ntt/src/CModulus.cpp:488]
  keySwitchPart: 19.1972 / 174 = 0.110329   [/home/luck/xzy/0424project/worktrees/HElib_ntt/src/Ctxt.cpp:836]
  modDownToSet: 56.5675 / 924 = 0.0612202   [/home/luck/xzy/0424project/worktrees/HElib_ntt/src/Ctxt.cpp:409]
  mul_MatMul1DExec: 77.1201 / 27 = 2.8563   [/home/luck/xzy/0424project/worktrees/HElib_ntt/src/matmul.cpp:1285]
  multByConstant: 4.77177 / 1704 = 0.00280033   [/home/luck/xzy/0424project/worktrees/HElib_ntt/src/Ctxt.cpp:1884]
  multByConstant: 0.059418 / 3 = 0.019806   [/home/luck/xzy/0424project/worktrees/HElib_ntt/src/Ctxt.cpp:1910]
  multLowLvl: 15.88 / 99 = 0.160404   [/home/luck/xzy/0424project/worktrees/HElib_ntt/src/Ctxt.cpp:1733]
  multiplyBy: 18.5476 / 54 = 0.343475   [/home/luck/xzy/0424project/worktrees/HElib_ntt/src/Ctxt.cpp:1809]
  privateAssign: 1.98683 / 1062 = 0.00187083   [/home/luck/xzy/0424project/worktrees/HElib_ntt/src/Ctxt.cpp:329]
  randomize: 9.0185 / 1710 = 0.00527398   [/home/luck/xzy/0424project/worktrees/HElib_ntt/src/DoubleCRT.cpp:1318]
  randomize_stream: 5.03959 / 5211123 = 9.67083e-07   [/home/luck/xzy/0424project/worktrees/HElib_ntt/src/DoubleCRT.cpp:1348]
  reLinearize: 27.2176 / 834 = 0.0326351   [/home/luck/xzy/0424project/worktrees/HElib_ntt/src/Ctxt.cpp:736]
  smartAutomorph: 10.5994 / 90 = 0.117771   [/home/luck/xzy/0424project/worktrees/HElib_ntt/src/Ctxt.cpp:2514]
  thinReCrypt: 118.848 / 3 = 39.6161   [/home/luck/xzy/0424project/worktrees/HElib_ntt/src/recryption.cpp:2437]
  toPoly: 25.2009 / 2263 = 0.011136   [/home/luck/xzy/0424project/worktrees/HElib_ntt/src/DoubleCRT.cpp:985]
  toPoly_CRT: 12.8472 / 2263 = 0.00567707   [/home/luck/xzy/0424project/worktrees/HElib_ntt/src/DoubleCRT.cpp:1052]
  toPoly_FFT: 11.3655 / 2263 = 0.00502232   [/home/luck/xzy/0424project/worktrees/HElib_ntt/src/DoubleCRT.cpp:1030]
  rusage.ru_maxrss=32539784
||||| stats |||||
KS-noise-ratio ave=3.72785 max=225.652
KS-noise-ratio-hoist ave=2.23788e+06 max=2.04435e+07
break-into-digits-ratio ave=0.313353 max=0.39305
excess-ctxtPrimes ave=4.49181 max=4.49181
excess-specialPrimes ave=1.29595 max=1.29595
mod-switch-added-noise ave=0.319536 max=0.406832
ptxt_rat_sk ave=0.00142455 max=0.00142455
ptxt_rat_sk ave=0.315435 max=0.315435
raw-mod-switch-noise ave=0.305143 max=0.311051
window1-nchoices ave=4.93333 max=8
window1-out ave=0 max=0
window2-nchoices ave=4.16667 max=8
window2-out ave=0 max=0
||||| stats |||||
KS-noise-ratio ave=3.72785 max=225.652
KS-noise-ratio-hoist ave=2.23788e+06 max=2.04435e+07
break-into-digits-ratio ave=0.313353 max=0.39305
excess-ctxtPrimes ave=4.49181 max=4.49181
excess-specialPrimes ave=1.29595 max=1.29595
mod-switch-added-noise ave=0.319536 max=0.406832
ptxt_rat_sk ave=0.00142455 max=0.00142455
ptxt_rat_sk ave=0.315435 max=0.315435
raw-mod-switch-noise ave=0.305143 max=0.311051
window1-nchoices ave=4.93333 max=8
window1-out ave=0 max=0
window2-nchoices ave=4.16667 max=8
window2-out ave=0 max=0
