chosen idx = 0
encapHwt = 12
t for new bts is -1
new bts ? 1
new ks ? 1
thick bts ?0
s2cFirst ? 0
toy ? 0
repeat times = 3
### partition is 0 6 12 16 
*** GTestFatboot: p=65537, r=1, bits=980, t=0, c=3, m=65536 mvec=[65536], gens=[-1 5], ords=[2 16384]
Computing key-independent tables...using HELIB_EXPLICIT_AUX=256

t = -1
bound on I = 8.500000
log2(aux) = 8.000000
log2(beta) = 30.212291
log2(qks) >= 40.212690, final log2(qks) = 40.212691
log2(R) >= 20.673506, final log2(R) = 20.754888
INFO: total bits = 1313.73, security level = 78.939
deg of poly for non-power-of-p aux is 359
security=78.939
# small primes = 6
# ctxt primes = 17
# bits in ctxt primes = 984
# special primes = 6
# bits in special primes = 329
scale=10
 done in 391.223 seconds
  e=0, e'=0, t=12
  m = 65536, p = 65537, phi(m) = 32768
  ord(p) = 1
  normBnd = 1
  polyNormBnd = 1
  factors = [2]
  generator -1 has order (== Z_m^*) of 2
  generator 5 has order (== Z_m^*) of 16384
r = 1
nslots = 32768
hwt = 120
ctxtPrimes = [6,7,8,9,10,11,12,13,14,15,16,17,18,19,20,21,22]
specialPrimes = [27,28,29,30,31,32]
number of bits = 1314

security level = 78.939
Generating keys, Dim 0 has size 2, using KSS_FULL
Dim 1 has size 16384, using KSS_BSGS
computing key-dependent tables...Sparse boot key hwt = 12
 done in 30.8292 seconds
baby step indices = 0 1 2 3 4 5 6 7 121 122 123 124 125 126 127 
giant step indices = 0 127 
In MatMul1D, D = 16384, g = 128, native = 1, iterative = 0
MatMul1D, time: 0.949373, cap: 22.672290

baby step indices = 0 8 16 24 32 40 48 56 64 72 80 88 96 104 112 120 
giant step indices = 0 1 2 3 124 125 126 127 
In MatMul1D, D = 16384, g = 128, native = 1, iterative = 0
MatMul1D, time: 1.198445, cap: 27.584939

baby step indices = 0 
giant step indices = 0 4 8 12 16 20 24 28 32 36 40 44 48 52 56 60 64 68 72 76 80 84 88 92 96 100 104 108 112 116 120 124 
In MatMul1D, D = 16384, g = 128, native = 1, iterative = 0
MatMul1D, time: 1.762549, cap: 28.400592

WARNING: KS-noise-ratio = 1.08823 > 1
baby step indices = 0 
giant step indices = 0 4 8 12 16 20 24 28 32 36 40 44 48 52 56 60 64 68 72 76 80 84 88 92 96 100 104 108 112 116 120 124 
In MatMul1D, D = 16384, g = 128, native = 1, iterative = 0
MatMul1D, time: 4.430051, cap: 54.822318

baby step indices = 0 8 16 24 32 40 48 56 64 72 80 88 96 104 112 120 
giant step indices = 0 1 2 3 124 125 126 127 
In MatMul1D, D = 16384, g = 128, native = 1, iterative = 0
MatMul1D, time: 3.848160, cap: 27.596435

baby step indices = 0 1 2 3 4 5 6 7 121 122 123 124 125 126 127 
giant step indices = 0 127 
In MatMul1D, D = 16384, g = 128, native = 1, iterative = 0
MatMul1D, time: 2.683332, cap: 21.726262

baby step indices = 0 
giant step indices = 0 4 8 12 16 20 24 28 32 36 40 44 48 52 56 60 64 68 72 76 80 84 88 92 96 100 104 108 112 116 120 124 
In MatMul1D, D = 16384, g = 128, native = 1, iterative = 0
MatMul1D, time: 4.289064, cap: 39.260751

baby step indices = 0 8 16 24 32 40 48 56 64 72 80 88 96 104 112 120 
giant step indices = 0 1 2 3 124 125 126 127 
In MatMul1D, D = 16384, g = 128, native = 1, iterative = 0
MatMul1D, time: 3.818204, cap: 27.596435

baby step indices = 0 1 2 3 4 5 6 7 121 122 123 124 125 126 127 
giant step indices = 0 127 
In MatMul1D, D = 16384, g = 128, native = 1, iterative = 0
MatMul1D, time: 2.690762, cap: 21.726262

WARNING: KS-noise-ratio = 197.943 > 1
time for linear1 = 3.910582, linear2 = 21.761782, extract = 15.398053, total = 41.496564
bits for linear1 = 78.657821, linear2 = 88.583449, extract = 285.834417, min cap = 10.000400, after cap = 567.480788, after prod = 941.898654
cap / time = 11.538848
baby step indices = 0 1 2 3 4 5 6 7 121 122 123 124 125 126 127 
giant step indices = 0 127 
In MatMul1D, D = 16384, g = 128, native = 1, iterative = 0
MatMul1D, time: 0.928627, cap: 22.696016

baby step indices = 0 8 16 24 32 40 48 56 64 72 80 88 96 104 112 120 
giant step indices = 0 1 2 3 124 125 126 127 
In MatMul1D, D = 16384, g = 128, native = 1, iterative = 0
MatMul1D, time: 1.210567, cap: 27.584939

baby step indices = 0 
giant step indices = 0 4 8 12 16 20 24 28 32 36 40 44 48 52 56 60 64 68 72 76 80 84 88 92 96 100 104 108 112 116 120 124 
In MatMul1D, D = 16384, g = 128, native = 1, iterative = 0
MatMul1D, time: 1.774087, cap: 28.400592

WARNING: KS-noise-ratio = 1.06539 > 1
baby step indices = 0 
giant step indices = 0 4 8 12 16 20 24 28 32 36 40 44 48 52 56 60 64 68 72 76 80 84 88 92 96 100 104 108 112 116 120 124 
In MatMul1D, D = 16384, g = 128, native = 1, iterative = 0
MatMul1D, time: 4.384604, cap: 54.813729

baby step indices = 0 8 16 24 32 40 48 56 64 72 80 88 96 104 112 120 
giant step indices = 0 1 2 3 124 125 126 127 
In MatMul1D, D = 16384, g = 128, native = 1, iterative = 0
MatMul1D, time: 3.815067, cap: 27.596435

baby step indices = 0 1 2 3 4 5 6 7 121 122 123 124 125 126 127 
giant step indices = 0 127 
In MatMul1D, D = 16384, g = 128, native = 1, iterative = 0
MatMul1D, time: 2.678421, cap: 21.726262

baby step indices = 0 
giant step indices = 0 4 8 12 16 20 24 28 32 36 40 44 48 52 56 60 64 68 72 76 80 84 88 92 96 100 104 108 112 116 120 124 
In MatMul1D, D = 16384, g = 128, native = 1, iterative = 0
MatMul1D, time: 4.259255, cap: 39.141895

baby step indices = 0 8 16 24 32 40 48 56 64 72 80 88 96 104 112 120 
giant step indices = 0 1 2 3 124 125 126 127 
In MatMul1D, D = 16384, g = 128, native = 1, iterative = 0
MatMul1D, time: 3.808041, cap: 27.596435

baby step indices = 0 1 2 3 4 5 6 7 121 122 123 124 125 126 127 
giant step indices = 0 127 
In MatMul1D, D = 16384, g = 128, native = 1, iterative = 0
MatMul1D, time: 2.670238, cap: 21.726262

WARNING: KS-noise-ratio = 214.231 > 1
time for linear1 = 3.913482, linear2 = 21.619010, extract = 15.295116, total = 41.316593
bits for linear1 = 78.681547, linear2 = 88.464593, extract = 284.831700, min cap = 10.000400, after cap = 568.570539, after prod = 941.866832
cap / time = 11.614912
baby step indices = 0 1 2 3 4 5 6 7 121 122 123 124 125 126 127 
giant step indices = 0 127 
In MatMul1D, D = 16384, g = 128, native = 1, iterative = 0
MatMul1D, time: 0.933106, cap: 22.644094

baby step indices = 0 8 16 24 32 40 48 56 64 72 80 88 96 104 112 120 
giant step indices = 0 1 2 3 124 125 126 127 
In MatMul1D, D = 16384, g = 128, native = 1, iterative = 0
MatMul1D, time: 1.208633, cap: 27.584939

baby step indices = 0 
giant step indices = 0 4 8 12 16 20 24 28 32 36 40 44 48 52 56 60 64 68 72 76 80 84 88 92 96 100 104 108 112 116 120 124 
In MatMul1D, D = 16384, g = 128, native = 1, iterative = 0
MatMul1D, time: 1.772721, cap: 28.400592

WARNING: KS-noise-ratio = 1.01637 > 1
baby step indices = 0 
giant step indices = 0 4 8 12 16 20 24 28 32 36 40 44 48 52 56 60 64 68 72 76 80 84 88 92 96 100 104 108 112 116 120 124 
In MatMul1D, D = 16384, g = 128, native = 1, iterative = 0
MatMul1D, time: 4.369653, cap: 54.876829

baby step indices = 0 8 16 24 32 40 48 56 64 72 80 88 96 104 112 120 
giant step indices = 0 1 2 3 124 125 126 127 
In MatMul1D, D = 16384, g = 128, native = 1, iterative = 0
MatMul1D, time: 3.794010, cap: 27.596435

baby step indices = 0 1 2 3 4 5 6 7 121 122 123 124 125 126 127 
giant step indices = 0 127 
In MatMul1D, D = 16384, g = 128, native = 1, iterative = 0
MatMul1D, time: 2.675888, cap: 21.726262

baby step indices = 0 
giant step indices = 0 4 8 12 16 20 24 28 32 36 40 44 48 52 56 60 64 68 72 76 80 84 88 92 96 100 104 108 112 116 120 124 
In MatMul1D, D = 16384, g = 128, native = 1, iterative = 0
MatMul1D, time: 4.260162, cap: 39.057167

baby step indices = 0 8 16 24 32 40 48 56 64 72 80 88 96 104 112 120 
giant step indices = 0 1 2 3 124 125 126 127 
In MatMul1D, D = 16384, g = 128, native = 1, iterative = 0
MatMul1D, time: 3.796225, cap: 27.596435

baby step indices = 0 1 2 3 4 5 6 7 121 122 123 124 125 126 127 
giant step indices = 0 127 
In MatMul1D, D = 16384, g = 128, native = 1, iterative = 0
MatMul1D, time: 2.670638, cap: 21.726262

WARNING: KS-noise-ratio = 206.495 > 1
time for linear1 = 3.914647, linear2 = 21.569810, extract = 15.248379, total = 41.231177
bits for linear1 = 78.629625, linear2 = 88.379864, extract = 284.675156, min cap = 10.000400, after cap = 568.674097, after prod = 941.729118
cap / time = 11.642745

### summary over 3 test
time for linear1 = 3.912904, linear2 = 21.650201, extract = 15.313849, total = 41.348112
bits for linear1 = 78.656331, linear2 = 88.475969, extract = 285.113758, min cap = 10.000400, after cap = 568.241808, after prod = 941.831535
cap / time = 11.598718


### bts finished, everything ok ###

  AAA_bootKeySwitch: 33.716 / 3 = 11.2387   [/home/user/experiments/worktrees/HElib_ntt/src/recryption.cpp:2536]
  AAA_coeffToSlot: 32.2672 / 3 = 10.7557   [/home/user/experiments/worktrees/HElib_ntt/src/recryption.cpp:2910]
  AAA_embeddingLargest: 0.18312 / 639 = 0.000286573   [/home/user/experiments/worktrees/HElib_ntt/src/norms.cpp:250]
  AAA_embeddingLargest_x2: 0.47291 / 896 = 0.000527801   [/home/user/experiments/worktrees/HElib_ntt/src/norms.cpp:423]
  AAA_extractDigitsThin: 45.9409 / 3 = 15.3136   [/home/user/experiments/worktrees/HElib_ntt/src/recryption.cpp:2953]
  AAA_modDownEnbeddings: 0.492877 / 896 = 0.000550086   [/home/user/experiments/worktrees/HElib_ntt/src/Ctxt.cpp:506]
  AAA_slotToCoeff: 11.7386 / 3 = 3.91285   [/home/user/experiments/worktrees/HElib_ntt/src/recryption.cpp:2519]
  BasicAutomorphPrecon: 1.98042 / 27 = 0.073349   [/home/user/experiments/worktrees/HElib_ntt/src/matmul.cpp:70]
  Decrypt: 0.144492 / 3 = 0.048164   [/home/user/experiments/worktrees/HElib_ntt/src/keys.cpp:1350]
  DoubleCRT: 24.8898 / 1882 = 0.0132252   [/home/user/experiments/worktrees/HElib_ntt/src/DoubleCRT.cpp:718]
  FFT: 15.1569 / 32591 = 0.000465063   [/home/user/experiments/worktrees/HElib_ntt/src/CModulus.cpp:479]
  FFT: 33.1929 / 2431 = 0.013654   [/home/user/experiments/worktrees/HElib_ntt/src/DoubleCRT.cpp:70]
  FFT: 33.1828 / 32591 = 0.00101816   [/home/user/experiments/worktrees/HElib_ntt/src/CModulus.cpp:448]
  FFT_aux: 15.1429 / 32591 = 0.000464635   [/home/user/experiments/worktrees/HElib_ntt/src/CModulus.cpp:360]
  FFT_remainder: 18.0054 / 32591 = 0.000552465   [/home/user/experiments/worktrees/HElib_ntt/src/CModulus.cpp:455]
  KS_loop: 22.6771 / 1752 = 0.0129435   [/home/user/experiments/worktrees/HElib_ntt/src/Ctxt.cpp:219]
  KS_loop_1: 4.14187 / 1752 = 0.00236408   [/home/user/experiments/worktrees/HElib_ntt/src/Ctxt.cpp:227]
  KS_loop_2: 2.43976 / 1752 = 0.00139256   [/home/user/experiments/worktrees/HElib_ntt/src/Ctxt.cpp:231]
  KS_loop_3: 4.23507 / 1752 = 0.00241728   [/home/user/experiments/worktrees/HElib_ntt/src/Ctxt.cpp:236]
  KS_loop_4: 1.27663 / 1752 = 0.000728669   [/home/user/experiments/worktrees/HElib_ntt/src/Ctxt.cpp:240]
  NORM_VAL: 0.980827 / 546 = 0.00179639   [/home/user/experiments/worktrees/HElib_ntt/src/DoubleCRT.cpp:541]
  addCtxt: 5.18503 / 2829 = 0.00183281   [/home/user/experiments/worktrees/HElib_ntt/src/Ctxt.cpp:1458]
  addPart: 4.88703 / 4329 = 0.0011289   [/home/user/experiments/worktrees/HElib_ntt/src/Ctxt.cpp:905]
  addPrimes: 14.8628 / 549 = 0.0270725   [/home/user/experiments/worktrees/HElib_ntt/src/DoubleCRT.cpp:625]
  addPrimes_5: 16.3786 / 546 = 0.0299974   [/home/user/experiments/worktrees/HElib_ntt/src/DoubleCRT.cpp:518]
  automorph: 0.17622 / 90 = 0.001958   [/home/user/experiments/worktrees/HElib_ntt/src/Ctxt.cpp:2489]
  automorph: 22.0646 / 567 = 0.0389147   [/home/user/experiments/worktrees/HElib_ntt/src/matmul.cpp:118]
  breakIntoDigits: 16.5905 / 210 = 0.0790025   [/home/user/experiments/worktrees/HElib_ntt/src/DoubleCRT.cpp:481]
  decode: 49.7508 / 3 = 16.5836   [/home/user/experiments/worktrees/HElib_ntt/src/EncryptedArray.cpp:375]
  do_mul: 13.8654 / 7419 = 0.0018689   [/home/user/experiments/worktrees/HElib_ntt/src/DoubleCRT.cpp:280]
  extractDigitsThin: 45.9409 / 3 = 15.3136   [/home/user/experiments/worktrees/HElib_ntt/src/recryption.cpp:2162]
  iFFT: 8.50771 / 15246 = 0.000558029   [/home/user/experiments/worktrees/HElib_ntt/src/CModulus.cpp:488]
  keySwitchPart: 20.9819 / 186 = 0.112806   [/home/user/experiments/worktrees/HElib_ntt/src/Ctxt.cpp:836]
  modDownToSet: 62.2435 / 993 = 0.0626822   [/home/user/experiments/worktrees/HElib_ntt/src/Ctxt.cpp:409]
  mul_MatMul1DExec: 76.6881 / 27 = 2.8403   [/home/user/experiments/worktrees/HElib_ntt/src/matmul.cpp:1285]
  multByConstant: 4.74736 / 1704 = 0.00278601   [/home/user/experiments/worktrees/HElib_ntt/src/Ctxt.cpp:1884]
  multByConstant: 0.059973 / 3 = 0.019991   [/home/user/experiments/worktrees/HElib_ntt/src/Ctxt.cpp:1910]
  multLowLvl: 20.9728 / 126 = 0.166451   [/home/user/experiments/worktrees/HElib_ntt/src/Ctxt.cpp:1733]
  multiplyBy: 17.2202 / 51 = 0.337651   [/home/user/experiments/worktrees/HElib_ntt/src/Ctxt.cpp:1809]
  privateAssign: 1.41069 / 909 = 0.00155191   [/home/user/experiments/worktrees/HElib_ntt/src/Ctxt.cpp:329]
  randomize: 9.23319 / 1752 = 0.00527009   [/home/user/experiments/worktrees/HElib_ntt/src/DoubleCRT.cpp:1318]
  randomize_stream: 5.16074 / 5339460 = 9.66529e-07   [/home/user/experiments/worktrees/HElib_ntt/src/DoubleCRT.cpp:1348]
  reLinearize: 30.15 / 849 = 0.0355124   [/home/user/experiments/worktrees/HElib_ntt/src/Ctxt.cpp:736]
  smartAutomorph: 10.416 / 90 = 0.115733   [/home/user/experiments/worktrees/HElib_ntt/src/Ctxt.cpp:2514]
  thinReCrypt: 124.051 / 3 = 41.3503   [/home/user/experiments/worktrees/HElib_ntt/src/recryption.cpp:2437]
  toPoly: 27.6454 / 2428 = 0.0113861   [/home/user/experiments/worktrees/HElib_ntt/src/DoubleCRT.cpp:985]
  toPoly_CRT: 14.1026 / 2428 = 0.00580833   [/home/user/experiments/worktrees/HElib_ntt/src/DoubleCRT.cpp:1052]
  toPoly_FFT: 12.4888 / 2428 = 0.00514365   [/home/user/experiments/worktrees/HElib_ntt/src/DoubleCRT.cpp:1030]
  rusage.ru_maxrss=32539588
||||| stats |||||
KS-noise-ratio ave=3.34745 max=214.231
KS-noise-ratio-hoist ave=2.56031e+06 max=2.33708e+07
break-into-digits-ratio ave=0.316084 max=0.409601
excess-ctxtPrimes ave=4.49181 max=4.49181
excess-specialPrimes ave=1.29595 max=1.29595
mod-switch-added-noise ave=0.319633 max=0.428367
ptxt_rat_sk ave=0.000997244 max=0.000997244
ptxt_rat_sk ave=0.327899 max=0.327899
raw-mod-switch-noise ave=0.305353 max=0.308542
window1-nchoices ave=3.83333 max=6
window1-out ave=0 max=0
window2-nchoices ave=3.97368 max=7
window2-out ave=0 max=0
||||| stats |||||
KS-noise-ratio ave=3.34745 max=214.231
KS-noise-ratio-hoist ave=2.56031e+06 max=2.33708e+07
break-into-digits-ratio ave=0.316084 max=0.409601
excess-ctxtPrimes ave=4.49181 max=4.49181
excess-specialPrimes ave=1.29595 max=1.29595
mod-switch-added-noise ave=0.319633 max=0.428367
ptxt_rat_sk ave=0.000997244 max=0.000997244
ptxt_rat_sk ave=0.327899 max=0.327899
raw-mod-switch-noise ave=0.305353 max=0.308542
window1-nchoices ave=3.83333 max=6
window1-out ave=0 max=0
window2-nchoices ave=3.97368 max=7
window2-out ave=0 max=0
