chosen idx = 4
encapHwt = 18
t for new bts is -1
new bts ? 1
new ks ? 1
thick bts ?0
repeat times = 1
force bsgs = 0
force hoist = 0
*** GTestFatboot: p=65537, r=1, bits=1500, t=0, c=3, m=50731 mvec=[97 523], gens=[48117 5239], ords=[96 29]
Computing key-independent tables...using HELIB_EXPLICIT_AUX=256

t = -1
bound on I = 19.976000
log2(aux) = 8.000000
log2(beta) = 30.546816
log2(qks) >= 41.244155, final log2(qks) = 41.244156
log2(R) >= 29.148702, final log2(R) = 29.150462
INFO: total bits = 2017.44, security level = 78.8964deg of poly for non-power-of-p aux is 1679
security=78.8964
# small primes = 6
# ctxt primes = 26
# bits in ctxt primes = 1505
# special primes = 9
# bits in special primes = 512
scale=10
 done in 272.168 seconds
  e=0, e'=0, t=18
  m = 50731, p = 65537, phi(m) = 50112
  ord(p) = 18
  normBnd = 1.62099
  polyNormBnd = 5.6346
  factors = [97 523]
  generator 48117 has order (== Z_m^*) of 96
  generator 5239 has order (== Z_m^*) of 29
r = 1
nslots = 2784
hwt = 120
ctxtPrimes = [6,7,8,9,10,11,12,13,14,15,16,17,18,19,20,21,22,23,24,25,26,27,28,29,30,31]
specialPrimes = [36,37,38,39,40,41,42,43,44]
number of bits = 2018

security level = 78.8964
Generating keys, Keys generated. Now genRecryptData...
computing key-dependent tables...Sparse boot key hwt = 18
genRecryptData done. recryptKeyID=1
lcAksBsgs=0 lcAksDelayed=0
Post-key setup done.
 done in 42.6604 seconds
Encrypt succeeded.
WARNING: KS-noise-ratio = 1803.68 > 1
HELIB_AUX_ORDER4_EVAL enabled: deg(P)=1679, terms(P)=421, deg(Q)=419, terms(Q)=420
time for linear1 = 4.834506, linear2 = 44.491641, extract = 101.009322, total = 152.676842
bits for linear1 = 55.722606, linear2 = 62.203326, extract = 385.216863, min cap = 10.697340, after cap = 1007.285427, after prod = 1454.705616
cap / time = 6.162464

### summary over 1 test
time for linear1 = 4.834506, linear2 = 44.491641, extract = 101.009322, total = 152.676842
bits for linear1 = 55.722606, linear2 = 62.203326, extract = 385.216863, min cap = 10.697340, after cap = 1007.285427, after prod = 1454.705616
cap / time = 6.162464


### bts finished, everything ok ###

  AAA_bootKeySwitch: 24.4203 / 1 = 24.4203   [/home/user/order4-artifact/src/HElib_auxradix_opt/src/recryption.cpp:1968]
  AAA_coeffToSlot: 21.9484 / 1 = 21.9484   [/home/user/order4-artifact/src/HElib_auxradix_opt/src/recryption.cpp:2396]
  AAA_embeddingLargest: 0.594023 / 218 = 0.00272488   [/home/user/order4-artifact/src/HElib_auxradix_opt/src/norms.cpp:250]
  AAA_embeddingLargest_x2: 0.457497 / 170 = 0.00269116   [/home/user/order4-artifact/src/HElib_auxradix_opt/src/norms.cpp:423]
  AAA_extractDigitsThin: 101.008 / 1 = 101.008   [/home/user/order4-artifact/src/HElib_auxradix_opt/src/recryption.cpp:2447]
  AAA_modDownEnbeddings: 0.530755 / 170 = 0.00312209   [/home/user/order4-artifact/src/HElib_auxradix_opt/src/Ctxt.cpp:506]
  AAA_slotToCoeff: 4.83445 / 1 = 4.83445   [/home/user/order4-artifact/src/HElib_auxradix_opt/src/recryption.cpp:1954]
  BasicAutomorphPrecon: 4.74401 / 8 = 0.593002   [/home/user/order4-artifact/src/HElib_auxradix_opt/src/matmul.cpp:90]
  BluesteinFFT: 63.8115 / 17365 = 0.00367472   [/home/user/order4-artifact/src/HElib_auxradix_opt/src/bluestein.cpp:141]
  Decrypt: 0.638755 / 1 = 0.638755   [/home/user/order4-artifact/src/HElib_auxradix_opt/src/keys.cpp:1362]
  DoubleCRT: 38.7945 / 377 = 0.102903   [/home/user/order4-artifact/src/HElib_auxradix_opt/src/DoubleCRT.cpp:718]
  FFT: 47.275 / 12273 = 0.00385195   [/home/user/order4-artifact/src/HElib_auxradix_opt/src/CModulus.cpp:479]
  FFT: 59.2848 / 555 = 0.10682   [/home/user/order4-artifact/src/HElib_auxradix_opt/src/DoubleCRT.cpp:70]
  FFT: 59.2765 / 12273 = 0.00482983   [/home/user/order4-artifact/src/HElib_auxradix_opt/src/CModulus.cpp:448]
  FFT_aux: 47.2648 / 12273 = 0.00385112   [/home/user/order4-artifact/src/HElib_auxradix_opt/src/CModulus.cpp:360]
  FFT_remainder: 11.9928 / 12273 = 0.00097717   [/home/user/order4-artifact/src/HElib_auxradix_opt/src/CModulus.cpp:455]
  KS_loop: 16.8299 / 538 = 0.0312824   [/home/user/order4-artifact/src/HElib_auxradix_opt/src/Ctxt.cpp:219]
  KS_loop_1: 2.89828 / 538 = 0.00538713   [/home/user/order4-artifact/src/HElib_auxradix_opt/src/Ctxt.cpp:227]
  KS_loop_2: 1.88889 / 538 = 0.00351096   [/home/user/order4-artifact/src/HElib_auxradix_opt/src/Ctxt.cpp:231]
  KS_loop_3: 2.91733 / 538 = 0.00542255   [/home/user/order4-artifact/src/HElib_auxradix_opt/src/Ctxt.cpp:236]
  KS_loop_4: 1.05364 / 538 = 0.00195844   [/home/user/order4-artifact/src/HElib_auxradix_opt/src/Ctxt.cpp:240]
  NORM_VAL: 1.0893 / 180 = 0.00605168   [/home/user/order4-artifact/src/HElib_auxradix_opt/src/DoubleCRT.cpp:541]
  addConstant: 0.255512 / 30 = 0.00851707   [/home/user/order4-artifact/src/HElib_auxradix_opt/src/Ctxt.cpp:2268]
  addCtxt: 13.7549 / 854 = 0.0161064   [/home/user/order4-artifact/src/HElib_auxradix_opt/src/Ctxt.cpp:1529]
  addPart: 3.98886 / 1355 = 0.00294381   [/home/user/order4-artifact/src/HElib_auxradix_opt/src/Ctxt.cpp:976]
  addPrimes: 32.3824 / 181 = 0.178908   [/home/user/order4-artifact/src/HElib_auxradix_opt/src/DoubleCRT.cpp:625]
  addPrimes_5: 33.9453 / 180 = 0.188585   [/home/user/order4-artifact/src/HElib_auxradix_opt/src/DoubleCRT.cpp:518]
  automorph: 16.1346 / 157 = 0.102768   [/home/user/order4-artifact/src/HElib_auxradix_opt/src/matmul.cpp:148]
  automorph: 0.107367 / 21 = 0.00511271   [/home/user/order4-artifact/src/HElib_auxradix_opt/src/Ctxt.cpp:2560]
  breakIntoDigits: 34.1577 / 66 = 0.517541   [/home/user/order4-artifact/src/HElib_auxradix_opt/src/DoubleCRT.cpp:481]
  decode: 16.7003 / 1 = 16.7003   [/home/user/order4-artifact/src/HElib_auxradix_opt/src/EncryptedArray.cpp:375]
  do_mul: 9.07255 / 2029 = 0.00447144   [/home/user/order4-artifact/src/HElib_auxradix_opt/src/DoubleCRT.cpp:280]
  extractDigitsThin: 101.008 / 1 = 101.008   [/home/user/order4-artifact/src/HElib_auxradix_opt/src/recryption.cpp:1597]
  iFFT: 29.7311 / 5092 = 0.00583878   [/home/user/order4-artifact/src/HElib_auxradix_opt/src/CModulus.cpp:488]
  iFFT_division: 9.92925 / 5092 = 0.00194997   [/home/user/order4-artifact/src/HElib_auxradix_opt/src/CModulus.cpp:570]
  keySwitchPart: 35.4023 / 59 = 0.60004   [/home/user/order4-artifact/src/HElib_auxradix_opt/src/Ctxt.cpp:907]
  modDownToSet: 73.499 / 196 = 0.374995   [/home/user/order4-artifact/src/HElib_auxradix_opt/src/Ctxt.cpp:409]
  mul_MatMul1DExec: 42.5769 / 6 = 7.09615   [/home/user/order4-artifact/src/HElib_auxradix_opt/src/matmul.cpp:1155]
  multByConstant: 2.55501 / 376 = 0.00679524   [/home/user/order4-artifact/src/HElib_auxradix_opt/src/Ctxt.cpp:1955]
  multByConstant: 0.122734 / 1 = 0.122734   [/home/user/order4-artifact/src/HElib_auxradix_opt/src/Ctxt.cpp:1981]
  multLowLvl: 43.5526 / 50 = 0.871051   [/home/user/order4-artifact/src/HElib_auxradix_opt/src/Ctxt.cpp:1804]
  multiplyBy: 38.1763 / 21 = 1.81792   [/home/user/order4-artifact/src/HElib_auxradix_opt/src/Ctxt.cpp:1880]
  privateAssign: 3.36419 / 561 = 0.00599678   [/home/user/order4-artifact/src/HElib_auxradix_opt/src/Ctxt.cpp:329]
  randomize: 6.80538 / 538 = 0.0126494   [/home/user/order4-artifact/src/HElib_auxradix_opt/src/DoubleCRT.cpp:1318]
  randomize_stream: 3.82107 / 3947603 = 9.67947e-07   [/home/user/order4-artifact/src/HElib_auxradix_opt/src/DoubleCRT.cpp:1348]
  reLinearize: 53.8967 / 129 = 0.417804   [/home/user/order4-artifact/src/HElib_auxradix_opt/src/Ctxt.cpp:736]
  smartAutomorph: 11.1867 / 21 = 0.5327   [/home/user/order4-artifact/src/HElib_auxradix_opt/src/Ctxt.cpp:2585]
  thinReCrypt: 152.679 / 1 = 152.679   [/home/user/order4-artifact/src/HElib_auxradix_opt/src/recryption.cpp:1872]
  toPoly: 40.9893 / 557 = 0.0735894   [/home/user/order4-artifact/src/HElib_auxradix_opt/src/DoubleCRT.cpp:985]
  toPoly_CRT: 7.03246 / 557 = 0.0126256   [/home/user/order4-artifact/src/HElib_auxradix_opt/src/DoubleCRT.cpp:1052]
  toPoly_FFT: 33.4496 / 557 = 0.0600531   [/home/user/order4-artifact/src/HElib_auxradix_opt/src/DoubleCRT.cpp:1030]
  rusage.ru_maxrss=10194944
||||| stats |||||
KS-noise-ratio ave=30.5884 max=1803.68
KS-noise-ratio-hoist ave=1.3365e+06 max=1.0692e+07
break-into-digits-ratio ave=0.321318 max=0.408246
excess-ctxtPrimes ave=5.43078 max=5.43078
excess-specialPrimes ave=2.48795 max=2.48795
mod-switch-added-noise ave=0.321059 max=0.387051
ptxt_rat_sk ave=0.00222761 max=0.00222761
ptxt_rat_sk ave=0.321618 max=0.321618
raw-mod-switch-noise ave=0.319447 max=0.319447
window1-nchoices ave=4.66667 max=7
window1-out ave=0 max=0
window2-nchoices ave=4.20455 max=8
window2-out ave=0 max=0
||||| stats |||||
KS-noise-ratio ave=30.5884 max=1803.68
KS-noise-ratio-hoist ave=1.3365e+06 max=1.0692e+07
break-into-digits-ratio ave=0.321318 max=0.408246
excess-ctxtPrimes ave=5.43078 max=5.43078
excess-specialPrimes ave=2.48795 max=2.48795
mod-switch-added-noise ave=0.321059 max=0.387051
ptxt_rat_sk ave=0.00222761 max=0.00222761
ptxt_rat_sk ave=0.321618 max=0.321618
raw-mod-switch-noise ave=0.319447 max=0.319447
window1-nchoices ave=4.66667 max=7
window1-out ave=0 max=0
window2-nchoices ave=4.20455 max=8
window2-out ave=0 max=0
