chosen idx = 4
encapHwt = 26
t for new bts is -1
new bts ? 1
new ks ? 1
thick bts ?0
repeat times = 1
force bsgs = 0
force hoist = 0
*** GTestFatboot: p=65537, r=1, bits=1500, t=0, c=3, m=50731 mvec=[97 523], gens=[48117 5239], ords=[96 29]
Computing key-independent tables...using HELIB_EXPLICIT_AUX=256

t = -1
bound on I = 23.907239
log2(aux) = 8.000000
log2(beta) = 30.546816
log2(qks) >= 41.244246, final log2(qks) = 41.244249
log2(R) >= 29.148733, final log2(R) = 29.150462
INFO: total bits = 2017.44, security level = 78.8964deg of poly for non-power-of-p aux is 2399
security=78.8964
# small primes = 6
# ctxt primes = 26
# bits in ctxt primes = 1505
# special primes = 9
# bits in special primes = 512
scale=10
 done in 271.383 seconds
  e=0, e'=0, t=26
  m = 50731, p = 65537, phi(m) = 50112
  ord(p) = 18
  normBnd = 1.62099
  polyNormBnd = 5.6346
  factors = [97 523]
  generator 48117 has order (== Z_m^*) of 96
  generator 5239 has order (== Z_m^*) of 29
r = 1
nslots = 2784
hwt = 120
ctxtPrimes = [6,7,8,9,10,11,12,13,14,15,16,17,18,19,20,21,22,23,24,25,26,27,28,29,30,31]
specialPrimes = [36,37,38,39,40,41,42,43,44]
number of bits = 2018

security level = 78.8964
Generating keys, Keys generated. Now genRecryptData...
computing key-dependent tables...Sparse boot key hwt = 26
genRecryptData done. recryptKeyID=1
lcAksBsgs=0 lcAksDelayed=0
Post-key setup done.
 done in 41.9766 seconds
Encrypt succeeded.
WARNING: KS-noise-ratio = 2981.58 > 1
WARNING: KS-noise-ratio = 3062.14 > 1
WARNING: KS-noise-ratio = 3159.33 > 1
WARNING: KS-noise-ratio = 2851.51 > 1
HELIB_AUX_ORDER4_EVAL enabled: deg(P)=2399, terms(P)=601, deg(Q)=599, terms(Q)=600
time for linear1 = 4.786689, linear2 = 43.951551, extract = 118.278592, total = 169.341501
bits for linear1 = 55.722606, linear2 = 62.179574, extract = 417.668191, min cap = 10.697433, after cap = 974.858075, after prod = 1454.705841
cap / time = 5.364533

### summary over 1 test
time for linear1 = 4.786689, linear2 = 43.951551, extract = 118.278592, total = 169.341501
bits for linear1 = 55.722606, linear2 = 62.179574, extract = 417.668191, min cap = 10.697433, after cap = 974.858075, after prod = 1454.705841
cap / time = 5.364533


### bts finished, everything ok ###

  AAA_bootKeySwitch: 24.1217 / 1 = 24.1217   [/home/user/order4-artifact/src/HElib_auxradix_opt/src/recryption.cpp:1968]
  AAA_coeffToSlot: 21.6914 / 1 = 21.6914   [/home/user/order4-artifact/src/HElib_auxradix_opt/src/recryption.cpp:2396]
  AAA_embeddingLargest: 0.654989 / 241 = 0.0027178   [/home/user/order4-artifact/src/HElib_auxradix_opt/src/norms.cpp:250]
  AAA_embeddingLargest_x2: 0.489792 / 188 = 0.00260528   [/home/user/order4-artifact/src/HElib_auxradix_opt/src/norms.cpp:423]
  AAA_extractDigitsThin: 118.277 / 1 = 118.277   [/home/user/order4-artifact/src/HElib_auxradix_opt/src/recryption.cpp:2447]
  AAA_modDownEnbeddings: 0.572403 / 188 = 0.0030447   [/home/user/order4-artifact/src/HElib_auxradix_opt/src/Ctxt.cpp:506]
  AAA_slotToCoeff: 4.78662 / 1 = 4.78662   [/home/user/order4-artifact/src/HElib_auxradix_opt/src/recryption.cpp:1954]
  BasicAutomorphPrecon: 4.68339 / 8 = 0.585423   [/home/user/order4-artifact/src/HElib_auxradix_opt/src/matmul.cpp:90]
  BluesteinFFT: 69.6024 / 19123 = 0.00363972   [/home/user/order4-artifact/src/HElib_auxradix_opt/src/bluestein.cpp:141]
  Decrypt: 0.677355 / 1 = 0.677355   [/home/user/order4-artifact/src/HElib_auxradix_opt/src/keys.cpp:1362]
  DoubleCRT: 42.7645 / 419 = 0.102063   [/home/user/order4-artifact/src/HElib_auxradix_opt/src/DoubleCRT.cpp:718]
  FFT: 51.7302 / 13555 = 0.00381632   [/home/user/order4-artifact/src/HElib_auxradix_opt/src/CModulus.cpp:479]
  FFT: 64.7969 / 617 = 0.105019   [/home/user/order4-artifact/src/HElib_auxradix_opt/src/DoubleCRT.cpp:70]
  FFT: 64.7887 / 13555 = 0.00477969   [/home/user/order4-artifact/src/HElib_auxradix_opt/src/CModulus.cpp:448]
  FFT_aux: 51.7184 / 13555 = 0.00381545   [/home/user/order4-artifact/src/HElib_auxradix_opt/src/CModulus.cpp:360]
  FFT_remainder: 13.0494 / 13555 = 0.0009627   [/home/user/order4-artifact/src/HElib_auxradix_opt/src/CModulus.cpp:455]
  KS_loop: 17.2778 / 555 = 0.0311312   [/home/user/order4-artifact/src/HElib_auxradix_opt/src/Ctxt.cpp:219]
  KS_loop_1: 2.96182 / 555 = 0.00533662   [/home/user/order4-artifact/src/HElib_auxradix_opt/src/Ctxt.cpp:227]
  KS_loop_2: 1.97744 / 555 = 0.00356296   [/home/user/order4-artifact/src/HElib_auxradix_opt/src/Ctxt.cpp:231]
  KS_loop_3: 2.99706 / 555 = 0.0054001   [/home/user/order4-artifact/src/HElib_auxradix_opt/src/Ctxt.cpp:236]
  KS_loop_4: 1.03949 / 555 = 0.00187296   [/home/user/order4-artifact/src/HElib_auxradix_opt/src/Ctxt.cpp:240]
  NORM_VAL: 1.14884 / 197 = 0.00583166   [/home/user/order4-artifact/src/HElib_auxradix_opt/src/DoubleCRT.cpp:541]
  addConstant: 0.253517 / 30 = 0.00845057   [/home/user/order4-artifact/src/HElib_auxradix_opt/src/Ctxt.cpp:2268]
  addCtxt: 19.0367 / 1034 = 0.0184107   [/home/user/order4-artifact/src/HElib_auxradix_opt/src/Ctxt.cpp:1529]
  addPart: 4.12302 / 1401 = 0.00294291   [/home/user/order4-artifact/src/HElib_auxradix_opt/src/Ctxt.cpp:976]
  addPrimes: 34.7628 / 198 = 0.17557   [/home/user/order4-artifact/src/HElib_auxradix_opt/src/DoubleCRT.cpp:625]
  addPrimes_5: 36.4302 / 197 = 0.184925   [/home/user/order4-artifact/src/HElib_auxradix_opt/src/DoubleCRT.cpp:518]
  automorph: 16.0354 / 157 = 0.102137   [/home/user/order4-artifact/src/HElib_auxradix_opt/src/matmul.cpp:148]
  automorph: 0.124346 / 21 = 0.00592124   [/home/user/order4-artifact/src/HElib_auxradix_opt/src/Ctxt.cpp:2560]
  breakIntoDigits: 36.6523 / 72 = 0.50906   [/home/user/order4-artifact/src/HElib_auxradix_opt/src/DoubleCRT.cpp:481]
  decode: 16.6264 / 1 = 16.6264   [/home/user/order4-artifact/src/HElib_auxradix_opt/src/EncryptedArray.cpp:375]
  do_mul: 9.26948 / 2087 = 0.00444153   [/home/user/order4-artifact/src/HElib_auxradix_opt/src/DoubleCRT.cpp:280]
  extractDigitsThin: 118.277 / 1 = 118.277   [/home/user/order4-artifact/src/HElib_auxradix_opt/src/recryption.cpp:1597]
  iFFT: 32.2599 / 5568 = 0.00579381   [/home/user/order4-artifact/src/HElib_auxradix_opt/src/CModulus.cpp:488]
  iFFT_division: 10.8427 / 5568 = 0.00194732   [/home/user/order4-artifact/src/HElib_auxradix_opt/src/CModulus.cpp:570]
  keySwitchPart: 38.4684 / 65 = 0.591821   [/home/user/order4-artifact/src/HElib_auxradix_opt/src/Ctxt.cpp:907]
  modDownToSet: 80.629 / 214 = 0.376771   [/home/user/order4-artifact/src/HElib_auxradix_opt/src/Ctxt.cpp:409]
  mul_MatMul1DExec: 42.0204 / 6 = 7.0034   [/home/user/order4-artifact/src/HElib_auxradix_opt/src/matmul.cpp:1155]
  multByConstant: 2.54182 / 376 = 0.00676015   [/home/user/order4-artifact/src/HElib_auxradix_opt/src/Ctxt.cpp:1955]
  multByConstant: 0.120544 / 1 = 0.120544   [/home/user/order4-artifact/src/HElib_auxradix_opt/src/Ctxt.cpp:1981]
  multLowLvl: 48.7432 / 56 = 0.870415   [/home/user/order4-artifact/src/HElib_auxradix_opt/src/Ctxt.cpp:1804]
  multiplyBy: 49.2819 / 27 = 1.82526   [/home/user/order4-artifact/src/HElib_auxradix_opt/src/Ctxt.cpp:1880]
  privateAssign: 4.62447 / 759 = 0.00609284   [/home/user/order4-artifact/src/HElib_auxradix_opt/src/Ctxt.cpp:329]
  randomize: 7.00528 / 555 = 0.0126221   [/home/user/order4-artifact/src/HElib_auxradix_opt/src/DoubleCRT.cpp:1318]
  randomize_stream: 3.93476 / 4072933 = 9.66075e-07   [/home/user/order4-artifact/src/HElib_auxradix_opt/src/DoubleCRT.cpp:1348]
  reLinearize: 59.698 / 135 = 0.442207   [/home/user/order4-artifact/src/HElib_auxradix_opt/src/Ctxt.cpp:736]
  smartAutomorph: 11.0011 / 21 = 0.523863   [/home/user/order4-artifact/src/HElib_auxradix_opt/src/Ctxt.cpp:2585]
  thinReCrypt: 169.343 / 1 = 169.343   [/home/user/order4-artifact/src/HElib_auxradix_opt/src/recryption.cpp:1872]
  toPoly: 44.3813 / 616 = 0.0720475   [/home/user/order4-artifact/src/HElib_auxradix_opt/src/DoubleCRT.cpp:985]
  toPoly_CRT: 7.65279 / 616 = 0.0124234   [/home/user/order4-artifact/src/HElib_auxradix_opt/src/DoubleCRT.cpp:1052]
  toPoly_FFT: 36.1439 / 616 = 0.0586752   [/home/user/order4-artifact/src/HElib_auxradix_opt/src/DoubleCRT.cpp:1030]
  rusage.ru_maxrss=10336372
||||| stats |||||
KS-noise-ratio ave=185.47 max=3159.33
KS-noise-ratio-hoist ave=1.37786e+06 max=1.10229e+07
break-into-digits-ratio ave=0.322293 max=0.398026
excess-ctxtPrimes ave=5.43078 max=5.43078
excess-specialPrimes ave=2.48795 max=2.48795
mod-switch-added-noise ave=0.329334 max=0.394176
ptxt_rat_sk ave=0.00277586 max=0.00277586
ptxt_rat_sk ave=0.34328 max=0.34328
raw-mod-switch-noise ave=0.323407 max=0.323407
window1-nchoices ave=3.83333 max=5
window1-out ave=0 max=0
window2-nchoices ave=5.06 max=9
window2-out ave=0 max=0
||||| stats |||||
KS-noise-ratio ave=185.47 max=3159.33
KS-noise-ratio-hoist ave=1.37786e+06 max=1.10229e+07
break-into-digits-ratio ave=0.322293 max=0.398026
excess-ctxtPrimes ave=5.43078 max=5.43078
excess-specialPrimes ave=2.48795 max=2.48795
mod-switch-added-noise ave=0.329334 max=0.394176
ptxt_rat_sk ave=0.00277586 max=0.00277586
ptxt_rat_sk ave=0.34328 max=0.34328
raw-mod-switch-noise ave=0.323407 max=0.323407
window1-nchoices ave=3.83333 max=5
window1-out ave=0 max=0
window2-nchoices ave=5.06 max=9
window2-out ave=0 max=0
