chosen idx = 0
encapHwt = 26
t for new bts is -1
new bts ? 1
new ks ? 1
thick bts ?1
s2cFirst ? 0
toy ? 0
repeat times = 3
### partition is 0 6 12 16 
*** GTestFatboot: p=65537, r=1, bits=980, t=0, c=3, m=65536 mvec=[65536], gens=[-1 5], ords=[2 16384]
Computing key-independent tables...using HELIB_EXPLICIT_AUX=256

t = -1
bound on I = 12.275681
log2(aux) = 8.000000
log2(beta) = 30.212291
log2(qks) >= 40.212869, final log2(qks) = 40.212872
log2(R) >= 20.673566, final log2(R) = 20.754888
INFO: total bits = 1313.73, security level = 78.939
deg of poly for non-power-of-p aux is 727
security=78.939
# small primes = 6
# ctxt primes = 17
# bits in ctxt primes = 984
# special primes = 6
# bits in special primes = 329
scale=10
 done in 491.447 seconds
  e=0, e'=0, t=26
  m = 65536, p = 65537, phi(m) = 32768
  ord(p) = 1
  normBnd = 1
  polyNormBnd = 1
  factors = [2]
  generator -1 has order (== Z_m^*) of 2
  generator 5 has order (== Z_m^*) of 16384
r = 1
nslots = 32768
hwt = 120
ctxtPrimes = [6,7,8,9,10,11,12,13,14,15,16,17,18,19,20,21,22]
specialPrimes = [27,28,29,30,31,32]
number of bits = 1314

security level = 78.939
Generating keys, Dim 0 has size 2, using KSS_FULL
Dim 1 has size 16384, using KSS_BSGS
computing key-dependent tables...Sparse boot key hwt = 26
 done in 33.3014 seconds
baby step indices = 0 
giant step indices = 0 4 8 12 16 20 24 28 32 36 40 44 48 52 56 60 64 68 72 76 80 84 88 92 96 100 104 108 112 116 120 124 
In MatMul1D, D = 16384, g = 128, native = 1, iterative = 0
MatMul1D, time: 4.725094, cap: 39.310034

baby step indices = 0 8 16 24 32 40 48 56 64 72 80 88 96 104 112 120 
giant step indices = 0 1 2 3 124 125 126 127 
In MatMul1D, D = 16384, g = 128, native = 1, iterative = 0
MatMul1D, time: 4.200525, cap: 27.596435

baby step indices = 0 1 2 3 4 5 6 7 121 122 123 124 125 126 127 
giant step indices = 0 127 
In MatMul1D, D = 16384, g = 128, native = 1, iterative = 0
MatMul1D, time: 2.871467, cap: 21.726262

WARNING: KS-noise-ratio = 164.76 > 1
HELIB_AUX_ORDER4_EVAL enabled: deg(P)=727, terms(P)=183, deg(Q)=181, terms(Q)=182
baby step indices = 0 1 2 3 4 5 6 7 121 122 123 124 125 126 127 
giant step indices = 0 127 
In MatMul1D, D = 16384, g = 128, native = 1, iterative = 0
MatMul1D, time: 2.821471, cap: 21.730117

baby step indices = 0 8 16 24 32 40 48 56 64 72 80 88 96 104 112 120 
giant step indices = 0 1 2 3 124 125 126 127 
In MatMul1D, D = 16384, g = 128, native = 1, iterative = 0
MatMul1D, time: 4.070240, cap: 27.584938

baby step indices = 0 
giant step indices = 0 4 8 12 16 20 24 28 32 36 40 44 48 52 56 60 64 68 72 76 80 84 88 92 96 100 104 108 112 116 120 124 
In MatMul1D, D = 16384, g = 128, native = 1, iterative = 0
MatMul1D, time: 4.551669, cap: 28.400592

time for linear1 = 11.797430, linear2 = 11.444440, extract = 14.304512, total = 37.990812
bits for linear1 = 88.632732, linear2 = 77.715647, extract = 344.456163, min cap = 10.000581, after cap = 431.163665, after prod = 941.968208
cap / time = 11.085919
baby step indices = 0 
giant step indices = 0 4 8 12 16 20 24 28 32 36 40 44 48 52 56 60 64 68 72 76 80 84 88 92 96 100 104 108 112 116 120 124 
In MatMul1D, D = 16384, g = 128, native = 1, iterative = 0
MatMul1D, time: 4.484012, cap: 39.244462

baby step indices = 0 8 16 24 32 40 48 56 64 72 80 88 96 104 112 120 
giant step indices = 0 1 2 3 124 125 126 127 
In MatMul1D, D = 16384, g = 128, native = 1, iterative = 0
MatMul1D, time: 4.144811, cap: 27.596435

baby step indices = 0 1 2 3 4 5 6 7 121 122 123 124 125 126 127 
giant step indices = 0 127 
In MatMul1D, D = 16384, g = 128, native = 1, iterative = 0
MatMul1D, time: 2.959186, cap: 21.726262

WARNING: KS-noise-ratio = 204.351 > 1
baby step indices = 0 1 2 3 4 5 6 7 121 122 123 124 125 126 127 
giant step indices = 0 127 
In MatMul1D, D = 16384, g = 128, native = 1, iterative = 0
MatMul1D, time: 2.884678, cap: 21.730117

baby step indices = 0 8 16 24 32 40 48 56 64 72 80 88 96 104 112 120 
giant step indices = 0 1 2 3 124 125 126 127 
In MatMul1D, D = 16384, g = 128, native = 1, iterative = 0
MatMul1D, time: 4.235769, cap: 27.584938

baby step indices = 0 
giant step indices = 0 4 8 12 16 20 24 28 32 36 40 44 48 52 56 60 64 68 72 76 80 84 88 92 96 100 104 108 112 116 120 124 
In MatMul1D, D = 16384, g = 128, native = 1, iterative = 0
MatMul1D, time: 4.706142, cap: 28.400592

time for linear1 = 11.589679, linear2 = 11.827876, extract = 14.714969, total = 38.626584
bits for linear1 = 88.567159, linear2 = 77.715647, extract = 344.752789, min cap = 10.000581, after cap = 430.917488, after prod = 941.953084
cap / time = 10.897078
WARNING: KS-noise-ratio = 1.04158 > 1
baby step indices = 0 
giant step indices = 0 4 8 12 16 20 24 28 32 36 40 44 48 52 56 60 64 68 72 76 80 84 88 92 96 100 104 108 112 116 120 124 
In MatMul1D, D = 16384, g = 128, native = 1, iterative = 0
MatMul1D, time: 4.532306, cap: 39.400768

baby step indices = 0 8 16 24 32 40 48 56 64 72 80 88 96 104 112 120 
giant step indices = 0 1 2 3 124 125 126 127 
In MatMul1D, D = 16384, g = 128, native = 1, iterative = 0
MatMul1D, time: 4.005918, cap: 27.596435

baby step indices = 0 1 2 3 4 5 6 7 121 122 123 124 125 126 127 
giant step indices = 0 127 
In MatMul1D, D = 16384, g = 128, native = 1, iterative = 0
MatMul1D, time: 2.800251, cap: 21.726262

WARNING: KS-noise-ratio = 183.265 > 1
baby step indices = 0 1 2 3 4 5 6 7 121 122 123 124 125 126 127 
giant step indices = 0 127 
In MatMul1D, D = 16384, g = 128, native = 1, iterative = 0
MatMul1D, time: 2.804176, cap: 21.730117

baby step indices = 0 8 16 24 32 40 48 56 64 72 80 88 96 104 112 120 
giant step indices = 0 1 2 3 124 125 126 127 
In MatMul1D, D = 16384, g = 128, native = 1, iterative = 0
MatMul1D, time: 4.070741, cap: 27.584938

baby step indices = 0 
giant step indices = 0 4 8 12 16 20 24 28 32 36 40 44 48 52 56 60 64 68 72 76 80 84 88 92 96 100 104 108 112 116 120 124 
In MatMul1D, D = 16384, g = 128, native = 1, iterative = 0
MatMul1D, time: 4.592874, cap: 28.400592

time for linear1 = 11.340467, linear2 = 11.469063, extract = 14.194444, total = 37.486035
bits for linear1 = 88.723465, linear2 = 77.715647, extract = 344.500222, min cap = 10.000581, after cap = 431.144176, after prod = 942.083511
cap / time = 11.234680

### summary over 3 test
time for linear1 = 11.575859, linear2 = 11.580459, extract = 14.404642, total = 38.034477
bits for linear1 = 88.641119, linear2 = 77.715647, extract = 344.569725, min cap = 10.000581, after cap = 431.075110, after prod = 942.001601
cap / time = 11.070864


### bts finished, everything ok ###

  AAA_LinearTransform1: 34.7271 / 3 = 11.5757   [/home/luck/xzy/0424project/worktrees/HElib_ntt/src/recryption.cpp:1122]
  AAA_LinearTransform2: 34.7409 / 3 = 11.5803   [/home/luck/xzy/0424project/worktrees/HElib_ntt/src/recryption.cpp:1157]
  AAA_embeddingLargest: 0.16837 / 558 = 0.000301738   [/home/luck/xzy/0424project/worktrees/HElib_ntt/src/norms.cpp:250]
  AAA_embeddingLargest_x2: 0.359901 / 647 = 0.000556261   [/home/luck/xzy/0424project/worktrees/HElib_ntt/src/norms.cpp:423]
  AAA_extractDigitsPacked: 43.2141 / 3 = 14.4047   [/home/luck/xzy/0424project/worktrees/HElib_ntt/src/recryption.cpp:1138]
  AAA_modDownEnbeddings: 0.379717 / 647 = 0.000586889   [/home/luck/xzy/0424project/worktrees/HElib_ntt/src/Ctxt.cpp:506]
  AAA_preProcess: 1.22514 / 3 = 0.408381   [/home/luck/xzy/0424project/worktrees/HElib_ntt/src/recryption.cpp:792]
  BasicAutomorphPrecon: 1.92716 / 18 = 0.107064   [/home/luck/xzy/0424project/worktrees/HElib_ntt/src/matmul.cpp:70]
  Decrypt: 0.154276 / 3 = 0.0514253   [/home/luck/xzy/0424project/worktrees/HElib_ntt/src/keys.cpp:1350]
  DoubleCRT: 22.5699 / 1384 = 0.0163077   [/home/luck/xzy/0424project/worktrees/HElib_ntt/src/DoubleCRT.cpp:718]
  FFT: 13.8212 / 28454 = 0.000485739   [/home/luck/xzy/0424project/worktrees/HElib_ntt/src/CModulus.cpp:479]
  FFT: 30.3542 / 28454 = 0.00106678   [/home/luck/xzy/0424project/worktrees/HElib_ntt/src/CModulus.cpp:448]
  FFT: 30.3645 / 1849 = 0.0164221   [/home/luck/xzy/0424project/worktrees/HElib_ntt/src/DoubleCRT.cpp:70]
  FFT_aux: 13.8095 / 28454 = 0.000485326   [/home/luck/xzy/0424project/worktrees/HElib_ntt/src/CModulus.cpp:360]
  FFT_remainder: 16.5167 / 28454 = 0.000580471   [/home/luck/xzy/0424project/worktrees/HElib_ntt/src/CModulus.cpp:455]
  KS_loop: 21.6073 / 1500 = 0.0144049   [/home/luck/xzy/0424project/worktrees/HElib_ntt/src/Ctxt.cpp:219]
  KS_loop_1: 4.05519 / 1500 = 0.00270346   [/home/luck/xzy/0424project/worktrees/HElib_ntt/src/Ctxt.cpp:227]
  KS_loop_2: 2.32741 / 1500 = 0.00155161   [/home/luck/xzy/0424project/worktrees/HElib_ntt/src/Ctxt.cpp:231]
  KS_loop_3: 4.1131 / 1500 = 0.00274207   [/home/luck/xzy/0424project/worktrees/HElib_ntt/src/Ctxt.cpp:236]
  KS_loop_4: 1.28188 / 1500 = 0.00085459   [/home/luck/xzy/0424project/worktrees/HElib_ntt/src/Ctxt.cpp:240]
  NORM_VAL: 0.911738 / 465 = 0.00196073   [/home/luck/xzy/0424project/worktrees/HElib_ntt/src/DoubleCRT.cpp:541]
  addConstant: 0.180168 / 48 = 0.0037535   [/home/luck/xzy/0424project/worktrees/HElib_ntt/src/Ctxt.cpp:2197]
  addCtxt: 8.82174 / 1770 = 0.00498403   [/home/luck/xzy/0424project/worktrees/HElib_ntt/src/Ctxt.cpp:1458]
  addPart: 4.67975 / 3639 = 0.001286   [/home/luck/xzy/0424project/worktrees/HElib_ntt/src/Ctxt.cpp:905]
  addPrimes: 13.8605 / 468 = 0.0296164   [/home/luck/xzy/0424project/worktrees/HElib_ntt/src/DoubleCRT.cpp:625]
  addPrimes_5: 15.2698 / 465 = 0.0328382   [/home/luck/xzy/0424project/worktrees/HElib_ntt/src/DoubleCRT.cpp:518]
  automorph: 21.2609 / 378 = 0.0562457   [/home/luck/xzy/0424project/worktrees/HElib_ntt/src/matmul.cpp:118]
  automorph: 0.180426 / 60 = 0.0030071   [/home/luck/xzy/0424project/worktrees/HElib_ntt/src/Ctxt.cpp:2489]
  breakIntoDigits: 15.4736 / 159 = 0.0973183   [/home/luck/xzy/0424project/worktrees/HElib_ntt/src/DoubleCRT.cpp:481]
  do_mul: 13.3969 / 5679 = 0.00235903   [/home/luck/xzy/0424project/worktrees/HElib_ntt/src/DoubleCRT.cpp:280]
  extractDigitsPacked: 43.2141 / 3 = 14.4047   [/home/luck/xzy/0424project/worktrees/HElib_ntt/src/recryption.cpp:1840]
  extractDigitsThin: 42.9517 / 3 = 14.3172   [/home/luck/xzy/0424project/worktrees/HElib_ntt/src/recryption.cpp:2162]
  frobeniusAutomorph: 0 / 3 = 0   [/home/luck/xzy/0424project/worktrees/HElib_ntt/src/Ctxt.cpp:2578]
  iFFT: 6.64611 / 11406 = 0.000582686   [/home/luck/xzy/0424project/worktrees/HElib_ntt/src/CModulus.cpp:488]
  keySwitchPart: 19.3936 / 144 = 0.134678   [/home/luck/xzy/0424project/worktrees/HElib_ntt/src/Ctxt.cpp:836]
  modDownToSet: 51.7382 / 708 = 0.0730766   [/home/luck/xzy/0424project/worktrees/HElib_ntt/src/Ctxt.cpp:409]
  mul_MatMul1DExec: 69.4679 / 18 = 3.85933   [/home/luck/xzy/0424project/worktrees/HElib_ntt/src/matmul.cpp:1285]
  multByConstant: 4.64406 / 1140 = 0.00407374   [/home/luck/xzy/0424project/worktrees/HElib_ntt/src/Ctxt.cpp:1884]
  multByConstant: 0.061229 / 3 = 0.0204097   [/home/luck/xzy/0424project/worktrees/HElib_ntt/src/Ctxt.cpp:1910]
  multLowLvl: 16.8683 / 99 = 0.170387   [/home/luck/xzy/0424project/worktrees/HElib_ntt/src/Ctxt.cpp:1733]
  multiplyBy: 19.7169 / 54 = 0.365127   [/home/luck/xzy/0424project/worktrees/HElib_ntt/src/Ctxt.cpp:1809]
  privateAssign: 2.26836 / 984 = 0.00230524   [/home/luck/xzy/0424project/worktrees/HElib_ntt/src/Ctxt.cpp:329]
  randomize: 8.38961 / 1500 = 0.00559307   [/home/luck/xzy/0424project/worktrees/HElib_ntt/src/DoubleCRT.cpp:1318]
  randomize_stream: 4.68049 / 4567950 = 1.02464e-06   [/home/luck/xzy/0424project/worktrees/HElib_ntt/src/DoubleCRT.cpp:1348]
  reCrypt: 114.11 / 3 = 38.0366   [/home/luck/xzy/0424project/worktrees/HElib_ntt/src/recryption.cpp:728]
  reLinearize: 27.6976 / 603 = 0.045933   [/home/luck/xzy/0424project/worktrees/HElib_ntt/src/Ctxt.cpp:736]
  repack: 0.00565 / 3 = 0.00188333   [/home/luck/xzy/0424project/worktrees/HElib_ntt/src/recryption.cpp:1921]
  smartAutomorph: 10.0495 / 60 = 0.167492   [/home/luck/xzy/0424project/worktrees/HElib_ntt/src/Ctxt.cpp:2514]
  toPoly: 22.1534 / 1846 = 0.0120007   [/home/luck/xzy/0424project/worktrees/HElib_ntt/src/DoubleCRT.cpp:985]
  toPoly_CRT: 11.3556 / 1846 = 0.00615148   [/home/luck/xzy/0424project/worktrees/HElib_ntt/src/DoubleCRT.cpp:1052]
  toPoly_FFT: 9.90107 / 1846 = 0.00536353   [/home/luck/xzy/0424project/worktrees/HElib_ntt/src/DoubleCRT.cpp:1030]
  unpack: 0.255937 / 3 = 0.0853123   [/home/luck/xzy/0424project/worktrees/HElib_ntt/src/recryption.cpp:1845]
  unpack1: 0.001855 / 3 = 0.000618333   [/home/luck/xzy/0424project/worktrees/HElib_ntt/src/recryption.cpp:1858]
  unpack2: 0.004199 / 3 = 0.00139967   [/home/luck/xzy/0424project/worktrees/HElib_ntt/src/recryption.cpp:1869]
  unpack3: 0.014602 / 3 = 0.00486733   [/home/luck/xzy/0424project/worktrees/HElib_ntt/src/recryption.cpp:1884]
  rusage.ru_maxrss=32536848
||||| stats |||||
KS-noise-ratio ave=3.85623 max=204.351
KS-noise-ratio-hoist ave=334.883 max=2125.28
break-into-digits-ratio ave=0.31402 max=0.418179
excess-ctxtPrimes ave=4.49181 max=4.49181
excess-specialPrimes ave=1.29595 max=1.29595
mod-switch-added-noise ave=0.320581 max=0.411339
ptxt_rat_sk ave=0.155049 max=0.308687
raw-mod-switch-noise ave=0.32705 max=0.343021
window1-nchoices ave=4.93333 max=8
window1-out ave=0 max=0
window2-nchoices ave=4.08333 max=8
window2-out ave=0 max=0
||||| stats |||||
KS-noise-ratio ave=3.85623 max=204.351
KS-noise-ratio-hoist ave=334.883 max=2125.28
break-into-digits-ratio ave=0.31402 max=0.418179
excess-ctxtPrimes ave=4.49181 max=4.49181
excess-specialPrimes ave=1.29595 max=1.29595
mod-switch-added-noise ave=0.320581 max=0.411339
ptxt_rat_sk ave=0.155049 max=0.308687
raw-mod-switch-noise ave=0.32705 max=0.343021
window1-nchoices ave=4.93333 max=8
window1-out ave=0 max=0
window2-nchoices ave=4.08333 max=8
window2-out ave=0 max=0
