chosen idx = 0
encapHwt = 26
t for new bts is -1
new bts ? 1
new ks ? 1
thick bts ?1
s2cFirst ? 0
toy ? 0
repeat times = 1
### partition is 0 6 12 16 
*** GTestFatboot: p=65537, r=1, bits=980, t=0, c=3, m=65536 mvec=[65536], gens=[-1 5], ords=[2 16384]
Computing key-independent tables...using HELIB_EXPLICIT_AUX=256

t = -1
bound on I = 12.275681
log2(aux) = 8.000000
log2(beta) = 30.212291
log2(qks) >= 40.212869, final log2(qks) = 40.212872
log2(R) >= 20.673566, final log2(R) = 20.754888
INFO: total bits = 1313.73, security level = 78.939
deg of poly for non-power-of-p aux is 727
security=78.939
# small primes = 6
# ctxt primes = 17
# bits in ctxt primes = 984
# special primes = 6
# bits in special primes = 329
scale=10
 done in 819.587 seconds
  e=0, e'=0, t=26
  m = 65536, p = 65537, phi(m) = 32768
  ord(p) = 1
  normBnd = 1
  polyNormBnd = 1
  factors = [2]
  generator -1 has order (== Z_m^*) of 2
  generator 5 has order (== Z_m^*) of 16384
r = 1
nslots = 32768
hwt = 120
ctxtPrimes = [6,7,8,9,10,11,12,13,14,15,16,17,18,19,20,21,22]
specialPrimes = [27,28,29,30,31,32]
number of bits = 1314

security level = 78.939
Generating keys, Dim 0 has size 2, using KSS_FULL
Dim 1 has size 16384, using KSS_BSGS
computing key-dependent tables...Sparse boot key hwt = 26
 done in 43.0043 seconds
baby step indices = 0 
giant step indices = 0 4 8 12 16 20 24 28 32 36 40 44 48 52 56 60 64 68 72 76 80 84 88 92 96 100 104 108 112 116 120 124 
In MatMul1D, D = 16384, g = 128, native = 1, iterative = 0
MatMul1D, time: 6.208126, cap: 38.883177

baby step indices = 0 8 16 24 32 40 48 56 64 72 80 88 96 104 112 120 
giant step indices = 0 1 2 3 124 125 126 127 
In MatMul1D, D = 16384, g = 128, native = 1, iterative = 0
MatMul1D, time: 5.573863, cap: 27.596435

baby step indices = 0 1 2 3 4 5 6 7 121 122 123 124 125 126 127 
giant step indices = 0 127 
In MatMul1D, D = 16384, g = 128, native = 1, iterative = 0
MatMul1D, time: 3.886577, cap: 21.726262

WARNING: KS-noise-ratio = 211.611 > 1
HELIB_AUX_ORDER4_EVAL enabled: deg(P)=727, terms(P)=183, deg(Q)=181, terms(Q)=182
baby step indices = 0 1 2 3 4 5 6 7 121 122 123 124 125 126 127 
giant step indices = 0 127 
In MatMul1D, D = 16384, g = 128, native = 1, iterative = 0
MatMul1D, time: 3.576979, cap: 21.730117

baby step indices = 0 8 16 24 32 40 48 56 64 72 80 88 96 104 112 120 
giant step indices = 0 1 2 3 124 125 126 127 
In MatMul1D, D = 16384, g = 128, native = 1, iterative = 0
MatMul1D, time: 5.242732, cap: 27.584938

baby step indices = 0 
giant step indices = 0 4 8 12 16 20 24 28 32 36 40 44 48 52 56 60 64 68 72 76 80 84 88 92 96 100 104 108 112 116 120 124 
In MatMul1D, D = 16384, g = 128, native = 1, iterative = 0
MatMul1D, time: 5.786274, cap: 28.400592

time for linear1 = 15.669645, linear2 = 14.607926, extract = 18.325305, total = 49.203956
bits for linear1 = 88.205874, linear2 = 77.715647, extract = 344.799550, min cap = 10.000581, after cap = 430.850869, after prod = 941.571941
cap / time = 8.553180

### summary over 1 test
time for linear1 = 15.669645, linear2 = 14.607926, extract = 18.325305, total = 49.203956
bits for linear1 = 88.205874, linear2 = 77.715647, extract = 344.799550, min cap = 10.000581, after cap = 430.850869, after prod = 941.571941
cap / time = 8.553180


### bts finished, everything ok ###

  AAA_LinearTransform1: 15.6694 / 1 = 15.6694   [/home/luck/xzy/0424project/worktrees/HElib_ntt/src/recryption.cpp:1122]
  AAA_LinearTransform2: 14.6077 / 1 = 14.6077   [/home/luck/xzy/0424project/worktrees/HElib_ntt/src/recryption.cpp:1157]
  AAA_embeddingLargest: 0.072333 / 186 = 0.000388887   [/home/luck/xzy/0424project/worktrees/HElib_ntt/src/norms.cpp:250]
  AAA_embeddingLargest_x2: 0.150597 / 215 = 0.000700451   [/home/luck/xzy/0424project/worktrees/HElib_ntt/src/norms.cpp:423]
  AAA_extractDigitsPacked: 18.3251 / 1 = 18.3251   [/home/luck/xzy/0424project/worktrees/HElib_ntt/src/recryption.cpp:1138]
  AAA_modDownEnbeddings: 0.158514 / 215 = 0.000737274   [/home/luck/xzy/0424project/worktrees/HElib_ntt/src/Ctxt.cpp:506]
  AAA_preProcess: 0.586188 / 1 = 0.586188   [/home/luck/xzy/0424project/worktrees/HElib_ntt/src/recryption.cpp:792]
  BasicAutomorphPrecon: 0.869112 / 6 = 0.144852   [/home/luck/xzy/0424project/worktrees/HElib_ntt/src/matmul.cpp:70]
  Decrypt: 0.060399 / 1 = 0.060399   [/home/luck/xzy/0424project/worktrees/HElib_ntt/src/keys.cpp:1350]
  DoubleCRT: 9.7117 / 460 = 0.0211124   [/home/luck/xzy/0424project/worktrees/HElib_ntt/src/DoubleCRT.cpp:718]
  FFT: 5.8608 / 9462 = 0.000619404   [/home/luck/xzy/0424project/worktrees/HElib_ntt/src/CModulus.cpp:479]
  FFT: 12.9895 / 9462 = 0.00137281   [/home/luck/xzy/0424project/worktrees/HElib_ntt/src/CModulus.cpp:448]
  FFT: 12.9951 / 615 = 0.0211303   [/home/luck/xzy/0424project/worktrees/HElib_ntt/src/DoubleCRT.cpp:70]
  FFT_aux: 5.85449 / 9462 = 0.000618737   [/home/luck/xzy/0424project/worktrees/HElib_ntt/src/CModulus.cpp:360]
  FFT_remainder: 7.12091 / 9462 = 0.00075258   [/home/luck/xzy/0424project/worktrees/HElib_ntt/src/CModulus.cpp:455]
  KS_loop: 9.10206 / 500 = 0.0182041   [/home/luck/xzy/0424project/worktrees/HElib_ntt/src/Ctxt.cpp:219]
  KS_loop_1: 1.67806 / 500 = 0.00335612   [/home/luck/xzy/0424project/worktrees/HElib_ntt/src/Ctxt.cpp:227]
  KS_loop_2: 1.1118 / 500 = 0.0022236   [/home/luck/xzy/0424project/worktrees/HElib_ntt/src/Ctxt.cpp:231]
  KS_loop_3: 1.68246 / 500 = 0.00336493   [/home/luck/xzy/0424project/worktrees/HElib_ntt/src/Ctxt.cpp:236]
  KS_loop_4: 0.543884 / 500 = 0.00108777   [/home/luck/xzy/0424project/worktrees/HElib_ntt/src/Ctxt.cpp:240]
  NORM_VAL: 0.368551 / 155 = 0.00237775   [/home/luck/xzy/0424project/worktrees/HElib_ntt/src/DoubleCRT.cpp:541]
  addConstant: 0.082846 / 16 = 0.00517788   [/home/luck/xzy/0424project/worktrees/HElib_ntt/src/Ctxt.cpp:2197]
  addCtxt: 3.86214 / 590 = 0.006546   [/home/luck/xzy/0424project/worktrees/HElib_ntt/src/Ctxt.cpp:1458]
  addPart: 2.13283 / 1213 = 0.00175831   [/home/luck/xzy/0424project/worktrees/HElib_ntt/src/Ctxt.cpp:905]
  addPrimes: 5.93099 / 156 = 0.0380191   [/home/luck/xzy/0424project/worktrees/HElib_ntt/src/DoubleCRT.cpp:625]
  addPrimes_5: 6.51557 / 155 = 0.0420359   [/home/luck/xzy/0424project/worktrees/HElib_ntt/src/DoubleCRT.cpp:518]
  automorph: 9.03519 / 126 = 0.0717079   [/home/luck/xzy/0424project/worktrees/HElib_ntt/src/matmul.cpp:118]
  automorph: 0.081216 / 20 = 0.0040608   [/home/luck/xzy/0424project/worktrees/HElib_ntt/src/Ctxt.cpp:2489]
  breakIntoDigits: 6.61693 / 53 = 0.124848   [/home/luck/xzy/0424project/worktrees/HElib_ntt/src/DoubleCRT.cpp:481]
  do_mul: 5.55264 / 1893 = 0.00293325   [/home/luck/xzy/0424project/worktrees/HElib_ntt/src/DoubleCRT.cpp:280]
  extractDigitsPacked: 18.3251 / 1 = 18.3251   [/home/luck/xzy/0424project/worktrees/HElib_ntt/src/recryption.cpp:1840]
  extractDigitsThin: 18.2049 / 1 = 18.2049   [/home/luck/xzy/0424project/worktrees/HElib_ntt/src/recryption.cpp:2162]
  frobeniusAutomorph: 0 / 1 = 0   [/home/luck/xzy/0424project/worktrees/HElib_ntt/src/Ctxt.cpp:2578]
  iFFT: 2.78717 / 3801 = 0.000733273   [/home/luck/xzy/0424project/worktrees/HElib_ntt/src/CModulus.cpp:488]
  keySwitchPart: 8.22744 / 48 = 0.171405   [/home/luck/xzy/0424project/worktrees/HElib_ntt/src/Ctxt.cpp:836]
  modDownToSet: 22.3735 / 236 = 0.0948029   [/home/luck/xzy/0424project/worktrees/HElib_ntt/src/Ctxt.cpp:409]
  mul_MatMul1DExec: 30.2771 / 6 = 5.04618   [/home/luck/xzy/0424project/worktrees/HElib_ntt/src/matmul.cpp:1285]
  multByConstant: 1.95154 / 380 = 0.00513562   [/home/luck/xzy/0424project/worktrees/HElib_ntt/src/Ctxt.cpp:1884]
  multByConstant: 0.025913 / 1 = 0.025913   [/home/luck/xzy/0424project/worktrees/HElib_ntt/src/Ctxt.cpp:1910]
  multLowLvl: 7.23057 / 33 = 0.219108   [/home/luck/xzy/0424project/worktrees/HElib_ntt/src/Ctxt.cpp:1733]
  multiplyBy: 8.38715 / 18 = 0.465953   [/home/luck/xzy/0424project/worktrees/HElib_ntt/src/Ctxt.cpp:1809]
  privateAssign: 1.04338 / 328 = 0.00318102   [/home/luck/xzy/0424project/worktrees/HElib_ntt/src/Ctxt.cpp:329]
  randomize: 3.42678 / 500 = 0.00685357   [/home/luck/xzy/0424project/worktrees/HElib_ntt/src/DoubleCRT.cpp:1318]
  randomize_stream: 1.8838 / 1522606 = 1.23722e-06   [/home/luck/xzy/0424project/worktrees/HElib_ntt/src/DoubleCRT.cpp:1348]
  reCrypt: 49.2063 / 1 = 49.2063   [/home/luck/xzy/0424project/worktrees/HElib_ntt/src/recryption.cpp:728]
  reLinearize: 11.7276 / 201 = 0.0583463   [/home/luck/xzy/0424project/worktrees/HElib_ntt/src/Ctxt.cpp:736]
  repack: 0.002348 / 1 = 0.002348   [/home/luck/xzy/0424project/worktrees/HElib_ntt/src/recryption.cpp:1921]
  smartAutomorph: 4.3217 / 20 = 0.216085   [/home/luck/xzy/0424project/worktrees/HElib_ntt/src/Ctxt.cpp:2514]
  toPoly: 9.78754 / 614 = 0.0159406   [/home/luck/xzy/0424project/worktrees/HElib_ntt/src/DoubleCRT.cpp:985]
  toPoly_CRT: 4.85687 / 614 = 0.00791021   [/home/luck/xzy/0424project/worktrees/HElib_ntt/src/DoubleCRT.cpp:1052]
  toPoly_FFT: 4.55114 / 614 = 0.00741228   [/home/luck/xzy/0424project/worktrees/HElib_ntt/src/DoubleCRT.cpp:1030]
  unpack: 0.11775 / 1 = 0.11775   [/home/luck/xzy/0424project/worktrees/HElib_ntt/src/recryption.cpp:1845]
  unpack1: 0.00084 / 1 = 0.00084   [/home/luck/xzy/0424project/worktrees/HElib_ntt/src/recryption.cpp:1858]
  unpack2: 0.001747 / 1 = 0.001747   [/home/luck/xzy/0424project/worktrees/HElib_ntt/src/recryption.cpp:1869]
  unpack3: 0.006114 / 1 = 0.006114   [/home/luck/xzy/0424project/worktrees/HElib_ntt/src/recryption.cpp:1884]
  rusage.ru_maxrss=32531812
||||| stats |||||
KS-noise-ratio ave=4.42989 max=211.611
KS-noise-ratio-hoist ave=247.379 max=1484.27
break-into-digits-ratio ave=0.312628 max=0.379745
excess-ctxtPrimes ave=4.49181 max=4.49181
excess-specialPrimes ave=1.29595 max=1.29595
mod-switch-added-noise ave=0.322214 max=0.374948
ptxt_rat_sk ave=0.157794 max=0.314153
raw-mod-switch-noise ave=0.302272 max=0.302272
window1-nchoices ave=4.8 max=7
window1-out ave=0 max=0
window2-nchoices ave=4.14286 max=7
window2-out ave=0 max=0
||||| stats |||||
KS-noise-ratio ave=4.42989 max=211.611
KS-noise-ratio-hoist ave=247.379 max=1484.27
break-into-digits-ratio ave=0.312628 max=0.379745
excess-ctxtPrimes ave=4.49181 max=4.49181
excess-specialPrimes ave=1.29595 max=1.29595
mod-switch-added-noise ave=0.322214 max=0.374948
ptxt_rat_sk ave=0.157794 max=0.314153
raw-mod-switch-noise ave=0.302272 max=0.302272
window1-nchoices ave=4.8 max=7
window1-out ave=0 max=0
window2-nchoices ave=4.14286 max=7
window2-out ave=0 max=0
