chosen idx = 14
encapHwt = 7
t for new bts is -1
new bts ? 1
new ks ? 1
thick bts ?0
s2cFirst ? 0
toy ? 0
repeat times = 3
### partition is 0 4 8 
*** GTestFatboot: p=257, r=1, bits=980, t=0, c=3, m=65536 mvec=[65536], gens=[-1 5], ords=[2 64]
Computing key-independent tables...using HELIB_EXPLICIT_AUX=16

t = -1
bound on I = 6.610101
log2(aux) = 4.000000
log2(beta) = 22.217893
log2(qks) >= 28.218203, final log2(qks) = 28.218866
log2(R) >= 16.675571, final log2(R) = 19.584964
INFO: total bits = 1325.96, security level = 78.3855
deg of poly for non-power-of-p aux is 223
security=78.3855
# small primes = 6
# ctxt primes = 17
# bits in ctxt primes = 984
# special primes = 6
# bits in special primes = 341
scale=10
 done in 26.5548 seconds
  e=0, e'=0, t=7
  m = 65536, p = 257, phi(m) = 32768
  ord(p) = 256
  normBnd = 1
  polyNormBnd = 1
  factors = [2]
  generator -1 has order (== Z_m^*) of 2
  generator 5 has order (!= Z_m^*) of 64
r = 1
nslots = 128
hwt = 120
ctxtPrimes = [6,7,8,9,10,11,12,13,14,15,16,17,18,19,20,21,22]
specialPrimes = [27,28,29,30,31,32]
number of bits = 1326

security level = 78.3855
Generating keys, Dim 0 has size 2, using KSS_FULL
Dim 1 has size 64, using KSS_BSGS
computing key-dependent tables...Sparse boot key hwt = 7
 done in 33.48 seconds
baby step indices = 0 1 2 3 4 5 6 7 
giant step indices = 0 7 
In MatMul1D, D = 64, g = 8, native = 0, iterative = 0
MatMul1D, time: 0.571468, cap: 14.278211

baby step indices = 0 
giant step indices = 0 1 2 3 4 5 6 7 
In MatMul1D, D = 64, g = 8, native = 0, iterative = 0
MatMul1D, time: 0.349296, cap: 14.699437

WARNING: KS-noise-ratio = 4955.17 > 1
WARNING: KS-noise-ratio = 1.03371 > 1
baby step indices = 0 
giant step indices = 0 1 2 3 4 5 6 7 
In MatMul1D, D = 64, g = 8, native = 0, iterative = 0
MatMul1D, time: 1.408542, cap: 14.839077

baby step indices = 0 1 2 3 4 5 6 7 
giant step indices = 0 7 
In MatMul1D, D = 64, g = 8, native = 0, iterative = 0
MatMul1D, time: 2.208897, cap: 13.729895

WARNING: KS-noise-ratio = 1.62427 > 1
baby step indices = 0 
giant step indices = 0 1 2 3 4 5 6 7 
In MatMul1D, D = 64, g = 8, native = 0, iterative = 0
MatMul1D, time: 1.376615, cap: 14.835923

baby step indices = 0 1 2 3 4 5 6 7 
giant step indices = 0 7 
In MatMul1D, D = 64, g = 8, native = 0, iterative = 0
MatMul1D, time: 2.182258, cap: 13.729895

WARNING: KS-noise-ratio = 1.62133 > 1
time for linear1 = 0.920816, linear2 = 10.985802, extract = 12.636598, total = 24.987787
bits for linear1 = 28.977648, linear2 = 37.977952, extract = 183.314794, min cap = 6.000973, after cap = 730.719106, after prod = 952.011852
cap / time = 27.843222
baby step indices = 0 1 2 3 4 5 6 7 
giant step indices = 0 7 
In MatMul1D, D = 64, g = 8, native = 0, iterative = 0
MatMul1D, time: 0.546820, cap: 14.264199

baby step indices = 0 
giant step indices = 0 1 2 3 4 5 6 7 
In MatMul1D, D = 64, g = 8, native = 0, iterative = 0
MatMul1D, time: 0.324076, cap: 14.699429

WARNING: KS-noise-ratio = 5047 > 1
WARNING: KS-noise-ratio = 1.01049 > 1
baby step indices = 0 
giant step indices = 0 1 2 3 4 5 6 7 
In MatMul1D, D = 64, g = 8, native = 0, iterative = 0
MatMul1D, time: 1.356268, cap: 14.838806

baby step indices = 0 1 2 3 4 5 6 7 
giant step indices = 0 7 
In MatMul1D, D = 64, g = 8, native = 0, iterative = 0
MatMul1D, time: 2.156006, cap: 13.729895

WARNING: KS-noise-ratio = 1.57328 > 1
baby step indices = 0 
giant step indices = 0 1 2 3 4 5 6 7 
In MatMul1D, D = 64, g = 8, native = 0, iterative = 0
MatMul1D, time: 1.355000, cap: 14.835370

baby step indices = 0 1 2 3 4 5 6 7 
giant step indices = 0 7 
In MatMul1D, D = 64, g = 8, native = 0, iterative = 0
MatMul1D, time: 2.172531, cap: 13.729895

WARNING: KS-noise-ratio = 1.51991 > 1
time for linear1 = 0.871091, linear2 = 10.675876, extract = 12.556760, total = 24.606483
bits for linear1 = 28.963628, linear2 = 37.934793, extract = 183.398530, min cap = 6.000973, after cap = 730.583397, after prod = 951.916720
cap / time = 28.269737
baby step indices = 0 1 2 3 4 5 6 7 
giant step indices = 0 7 
In MatMul1D, D = 64, g = 8, native = 0, iterative = 0
MatMul1D, time: 0.539486, cap: 14.303835

baby step indices = 0 
giant step indices = 0 1 2 3 4 5 6 7 
In MatMul1D, D = 64, g = 8, native = 0, iterative = 0
MatMul1D, time: 0.326283, cap: 14.699447

WARNING: KS-noise-ratio = 5177.71 > 1
WARNING: KS-noise-ratio = 1.05442 > 1
baby step indices = 0 
giant step indices = 0 1 2 3 4 5 6 7 
In MatMul1D, D = 64, g = 8, native = 0, iterative = 0
MatMul1D, time: 1.339276, cap: 14.838597

baby step indices = 0 1 2 3 4 5 6 7 
giant step indices = 0 7 
In MatMul1D, D = 64, g = 8, native = 0, iterative = 0
MatMul1D, time: 2.176740, cap: 13.729895

WARNING: KS-noise-ratio = 1.59149 > 1
baby step indices = 0 
giant step indices = 0 1 2 3 4 5 6 7 
In MatMul1D, D = 64, g = 8, native = 0, iterative = 0
MatMul1D, time: 1.354188, cap: 14.836087

baby step indices = 0 1 2 3 4 5 6 7 
giant step indices = 0 7 
In MatMul1D, D = 64, g = 8, native = 0, iterative = 0
MatMul1D, time: 2.160926, cap: 13.729895

WARNING: KS-noise-ratio = 1.79695 > 1
time for linear1 = 0.865805, linear2 = 10.672095, extract = 12.521548, total = 24.566915
bits for linear1 = 29.003283, linear2 = 37.948606, extract = 183.351066, min cap = 6.000973, after cap = 730.663386, after prod = 951.963058
cap / time = 28.316911

### summary over 3 test
time for linear1 = 0.885904, linear2 = 10.777924, extract = 12.571635, total = 24.720395
bits for linear1 = 28.981519, linear2 = 37.953784, extract = 183.354797, min cap = 6.000973, after cap = 730.655296, after prod = 951.963877
cap / time = 28.141654


### bts finished, everything ok ###

  AAA_bootKeySwitch: 17.4452 / 3 = 5.81508   [/home/user/experiments/worktrees/HElib_ntt/src/recryption.cpp:2536]
  AAA_coeffToSlot: 15.9678 / 3 = 5.3226   [/home/user/experiments/worktrees/HElib_ntt/src/recryption.cpp:2910]
  AAA_embeddingLargest: 0.178773 / 603 = 0.000296473   [/home/user/experiments/worktrees/HElib_ntt/src/norms.cpp:250]
  AAA_embeddingLargest_x2: 0.185642 / 368 = 0.000504462   [/home/user/experiments/worktrees/HElib_ntt/src/norms.cpp:423]
  AAA_extractDigitsThin: 37.7144 / 3 = 12.5715   [/home/user/experiments/worktrees/HElib_ntt/src/recryption.cpp:2953]
  AAA_modDownEnbeddings: 0.202713 / 368 = 0.000550851   [/home/user/experiments/worktrees/HElib_ntt/src/Ctxt.cpp:506]
  AAA_slotToCoeff: 2.65768 / 3 = 0.885893   [/home/user/experiments/worktrees/HElib_ntt/src/recryption.cpp:2519]
  BasicAutomorphPrecon: 3.85386 / 36 = 0.107052   [/home/user/experiments/worktrees/HElib_ntt/src/matmul.cpp:70]
  Decrypt: 0.14602 / 3 = 0.0486733   [/home/user/experiments/worktrees/HElib_ntt/src/keys.cpp:1350]
  DoubleCRT: 13.2312 / 820 = 0.0161356   [/home/user/experiments/worktrees/HElib_ntt/src/DoubleCRT.cpp:718]
  FFT: 9.60703 / 20723 = 0.000463593   [/home/user/experiments/worktrees/HElib_ntt/src/CModulus.cpp:479]
  FFT: 22.2012 / 1339 = 0.0165805   [/home/user/experiments/worktrees/HElib_ntt/src/DoubleCRT.cpp:70]
  FFT: 22.1939 / 20723 = 0.00107098   [/home/user/experiments/worktrees/HElib_ntt/src/CModulus.cpp:448]
  FFT_aux: 9.59831 / 20723 = 0.000463172   [/home/user/experiments/worktrees/HElib_ntt/src/CModulus.cpp:360]
  FFT_remainder: 12.5771 / 20723 = 0.000606916   [/home/user/experiments/worktrees/HElib_ntt/src/CModulus.cpp:455]
  KS_loop: 14.3134 / 1071 = 0.0133646   [/home/user/experiments/worktrees/HElib_ntt/src/Ctxt.cpp:219]
  KS_loop_1: 2.50369 / 1071 = 0.00233771   [/home/user/experiments/worktrees/HElib_ntt/src/Ctxt.cpp:227]
  KS_loop_2: 1.84346 / 1071 = 0.00172125   [/home/user/experiments/worktrees/HElib_ntt/src/Ctxt.cpp:231]
  KS_loop_3: 2.59725 / 1071 = 0.00242507   [/home/user/experiments/worktrees/HElib_ntt/src/Ctxt.cpp:236]
  KS_loop_4: 0.74738 / 1071 = 0.000697834   [/home/user/experiments/worktrees/HElib_ntt/src/Ctxt.cpp:240]
  NORM_VAL: 0.936892 / 516 = 0.00181568   [/home/user/experiments/worktrees/HElib_ntt/src/DoubleCRT.cpp:541]
  addCtxt: 3.07285 / 1131 = 0.00271693   [/home/user/experiments/worktrees/HElib_ntt/src/Ctxt.cpp:1458]
  addPart: 3.42595 / 2646 = 0.00129477   [/home/user/experiments/worktrees/HElib_ntt/src/Ctxt.cpp:905]
  addPrimes: 15.3067 / 519 = 0.0294926   [/home/user/experiments/worktrees/HElib_ntt/src/DoubleCRT.cpp:625]
  addPrimes_5: 16.7452 / 516 = 0.032452   [/home/user/experiments/worktrees/HElib_ntt/src/DoubleCRT.cpp:518]
  automorph: 0.241616 / 75 = 0.00322155   [/home/user/experiments/worktrees/HElib_ntt/src/Ctxt.cpp:2489]
  automorph: 11.4895 / 306 = 0.0375473   [/home/user/experiments/worktrees/HElib_ntt/src/matmul.cpp:118]
  breakIntoDigits: 16.9667 / 186 = 0.0912189   [/home/user/experiments/worktrees/HElib_ntt/src/DoubleCRT.cpp:481]
  decode: 0.689859 / 3 = 0.229953   [/home/user/experiments/worktrees/HElib_ntt/src/EncryptedArray.cpp:375]
  do_mul: 7.35316 / 3333 = 0.00220617   [/home/user/experiments/worktrees/HElib_ntt/src/DoubleCRT.cpp:280]
  extractDigitsThin: 37.7144 / 3 = 12.5715   [/home/user/experiments/worktrees/HElib_ntt/src/recryption.cpp:2162]
  iFFT: 4.40577 / 8130 = 0.000541915   [/home/user/experiments/worktrees/HElib_ntt/src/CModulus.cpp:488]
  keySwitchPart: 20.2958 / 153 = 0.132652   [/home/user/experiments/worktrees/HElib_ntt/src/Ctxt.cpp:836]
  modDownToSet: 29.2347 / 375 = 0.0779591   [/home/user/experiments/worktrees/HElib_ntt/src/Ctxt.cpp:409]
  mul_MatMul1DExec: 23.9073 / 18 = 1.32818   [/home/user/experiments/worktrees/HElib_ntt/src/matmul.cpp:1285]
  multByConstant: 1.6296 / 408 = 0.00399411   [/home/user/experiments/worktrees/HElib_ntt/src/Ctxt.cpp:1884]
  multByConstant: 0.061191 / 3 = 0.020397   [/home/user/experiments/worktrees/HElib_ntt/src/Ctxt.cpp:1910]
  multLowLvl: 16.4347 / 93 = 0.176717   [/home/user/experiments/worktrees/HElib_ntt/src/Ctxt.cpp:1733]
  multiplyBy: 19.0133 / 48 = 0.39611   [/home/user/experiments/worktrees/HElib_ntt/src/Ctxt.cpp:1809]
  privateAssign: 1.19649 / 648 = 0.00184644   [/home/user/experiments/worktrees/HElib_ntt/src/Ctxt.cpp:329]
  randomize: 5.7594 / 1071 = 0.00537759   [/home/user/experiments/worktrees/HElib_ntt/src/DoubleCRT.cpp:1318]
  randomize_stream: 3.22837 / 3340185 = 9.66526e-07   [/home/user/experiments/worktrees/HElib_ntt/src/DoubleCRT.cpp:1348]
  reLinearize: 33.5006 / 234 = 0.143165   [/home/user/experiments/worktrees/HElib_ntt/src/Ctxt.cpp:736]
  smartAutomorph: 15.7253 / 75 = 0.20967   [/home/user/experiments/worktrees/HElib_ntt/src/Ctxt.cpp:2514]
  thinReCrypt: 74.1692 / 3 = 24.7231   [/home/user/experiments/worktrees/HElib_ntt/src/recryption.cpp:2437]
  toPoly: 14.9177 / 1336 = 0.0111659   [/home/user/experiments/worktrees/HElib_ntt/src/DoubleCRT.cpp:985]
  toPoly_CRT: 7.97582 / 1336 = 0.00596993   [/home/user/experiments/worktrees/HElib_ntt/src/DoubleCRT.cpp:1052]
  toPoly_FFT: 6.43179 / 1336 = 0.00481422   [/home/user/experiments/worktrees/HElib_ntt/src/DoubleCRT.cpp:1030]
  rusage.ru_maxrss=6057996
||||| stats |||||
KS-noise-ratio ave=99.3346 max=5177.71
KS-noise-ratio-hoist ave=0.00106174 max=0.00416086
break-into-digits-ratio ave=0.315307 max=0.380723
excess-ctxtPrimes ave=4.49181 max=4.49181
excess-specialPrimes ave=5.53224 max=5.53224
mod-switch-added-noise ave=0.319767 max=0.389912
ptxt_rat_sk ave=0.00218044 max=0.00218044
ptxt_rat_sk ave=0.0150286 max=0.0150286
raw-mod-switch-noise ave=0.177817 max=0.186001
window1-nchoices ave=4.44444 max=6
window1-out ave=0 max=0
window2-nchoices ave=5.40476 max=9
window2-out ave=0 max=0
||||| stats |||||
KS-noise-ratio ave=99.3346 max=5177.71
KS-noise-ratio-hoist ave=0.00106174 max=0.00416086
break-into-digits-ratio ave=0.315307 max=0.380723
excess-ctxtPrimes ave=4.49181 max=4.49181
excess-specialPrimes ave=5.53224 max=5.53224
mod-switch-added-noise ave=0.319767 max=0.389912
ptxt_rat_sk ave=0.00218044 max=0.00218044
ptxt_rat_sk ave=0.0150286 max=0.0150286
raw-mod-switch-noise ave=0.177817 max=0.186001
window1-nchoices ave=4.44444 max=6
window1-out ave=0 max=0
window2-nchoices ave=5.40476 max=9
window2-out ave=0 max=0
