chosen idx = 2
encapHwt = 12
t for new bts is 0
new bts ? 1
new ks ? 1
thick bts ?0
repeat times = 1
force bsgs = 0
force hoist = 0
*** GTestFatboot: p=257, r=2, bits=1610, t=0, c=3, m=55427 mvec=[43 1289], gens=[52850 2581], ords=[42 -46]
Computing key-independent tables...
t = 1
bound on I = 16.306724
log2(aux) = 8.005625
log2(beta) = 30.618169
log2(qks) >= 41.320520, final log2(qks) = 41.320520
log2(R) >= 29.302016, final log2(R) = 29.306401
INFO: total bits = 2175.94, security level = 78.9296degs of poly for the first row and its null poly are 513 / 105
security=78.9296
# small primes = 6
# ctxt primes = 27
# bits in ctxt primes = 1617
# special primes = 10
# bits in special primes = 559
scale=10
 done in 262.825 seconds
  e=0, e'=0, t=12
  m = 55427, p = 257, phi(m) = 54096
  ord(p) = 28
  normBnd = 1.62042
  polyNormBnd = 3.71886
  factors = [43 1289]
  generator 52850 has order (== Z_m^*) of 42
  generator 2581 has order (!!= Z_m^*) of 46
r = 2
nslots = 1932
hwt = 120
ctxtPrimes = [6,7,8,9,10,11,12,13,14,15,16,17,18,19,20,21,22,23,24,25,26,27,28,29,30,31,32]
specialPrimes = [37,38,39,40,41,42,43,44,45,46]
number of bits = 2176

security level = 78.9296
Generating keys, computing key-dependent tables...Sparse boot key hwt = 12
 done in 85.2924 seconds
WARNING: KS-noise-ratio = 1.02624 > 1
time for linear1 = 5.646077, linear2 = 31.230695, extract = 48.140396, total = 87.407564
bits for linear1 = 56.530143, linear2 = 79.413524, extract = 271.020624, min cap = 10.702351, after cap = 1230.942935, after prod = 1581.377083
cap / time = 13.313613

### summary over 1 test
time for linear1 = 5.646077, linear2 = 31.230695, extract = 48.140396, total = 87.407564
bits for linear1 = 56.530143, linear2 = 79.413524, extract = 271.020624, min cap = 10.702351, after cap = 1230.942935, after prod = 1581.377083
cap / time = 13.313613


### bts finished, everything ok ###

  AAA_bootKeySwitch: 1.88593 / 1 = 1.88593   [/home/user/experiments/worktrees/HElib_large_p/src/recryption.cpp:2563]
  AAA_coeffToSlot: 31.2303 / 1 = 31.2303   [/home/user/experiments/worktrees/HElib_large_p/src/recryption.cpp:2921]
  AAA_embeddingLargest: 0.247495 / 82 = 0.00301823   [/home/user/experiments/worktrees/HElib_large_p/src/norms.cpp:250]
  AAA_embeddingLargest_x2: 0.181538 / 64 = 0.00283653   [/home/user/experiments/worktrees/HElib_large_p/src/norms.cpp:423]
  AAA_extractDigitsThin: 48.1397 / 1 = 48.1397   [/home/user/experiments/worktrees/HElib_large_p/src/recryption.cpp:2961]
  AAA_modDownEnbeddings: 0.211485 / 64 = 0.00330445   [/home/user/experiments/worktrees/HElib_large_p/src/Ctxt.cpp:506]
  AAA_slotToCoeff: 5.64601 / 1 = 5.64601   [/home/user/experiments/worktrees/HElib_large_p/src/recryption.cpp:2549]
  BasicAutomorphPrecon: 2.87145 / 5 = 0.57429   [/home/user/experiments/worktrees/HElib_large_p/src/matmul.cpp:69]
  BluesteinFFT: 28.3007 / 7097 = 0.0039877   [/home/user/experiments/worktrees/HElib_large_p/src/bluestein.cpp:141]
  Decrypt: 0.723005 / 1 = 0.723005   [/home/user/experiments/worktrees/HElib_large_p/src/keys.cpp:1350]
  DoubleCRT: 18.2386 / 143 = 0.127542   [/home/user/experiments/worktrees/HElib_large_p/src/DoubleCRT.cpp:718]
  FFT: 27.2233 / 5046 = 0.00539502   [/home/user/experiments/worktrees/HElib_large_p/src/CModulus.cpp:448]
  FFT: 27.229 / 210 = 0.129662   [/home/user/experiments/worktrees/HElib_large_p/src/DoubleCRT.cpp:70]
  FFT: 21.4349 / 5046 = 0.00424791   [/home/user/experiments/worktrees/HElib_large_p/src/CModulus.cpp:479]
  FFT_aux: 21.4295 / 5046 = 0.00424682   [/home/user/experiments/worktrees/HElib_large_p/src/CModulus.cpp:360]
  FFT_remainder: 5.7838 / 5046 = 0.00114622   [/home/user/experiments/worktrees/HElib_large_p/src/CModulus.cpp:455]
  KS_loop: 19.2472 / 483 = 0.0398493   [/home/user/experiments/worktrees/HElib_large_p/src/Ctxt.cpp:219]
  KS_loop_1: 2.91603 / 483 = 0.00603734   [/home/user/experiments/worktrees/HElib_large_p/src/Ctxt.cpp:227]
  KS_loop_2: 3.83663 / 483 = 0.00794332   [/home/user/experiments/worktrees/HElib_large_p/src/Ctxt.cpp:231]
  KS_loop_3: 2.92186 / 483 = 0.00604941   [/home/user/experiments/worktrees/HElib_large_p/src/Ctxt.cpp:236]
  KS_loop_4: 1.00401 / 483 = 0.0020787   [/home/user/experiments/worktrees/HElib_large_p/src/Ctxt.cpp:240]
  NORM_VAL: 0.421954 / 66 = 0.00639324   [/home/user/experiments/worktrees/HElib_large_p/src/DoubleCRT.cpp:541]
  addCtxt: 3.69742 / 399 = 0.00926673   [/home/user/experiments/worktrees/HElib_large_p/src/Ctxt.cpp:1458]
  addPart: 7.03247 / 1203 = 0.00584578   [/home/user/experiments/worktrees/HElib_large_p/src/Ctxt.cpp:905]
  addPrimes: 13.997 / 67 = 0.208911   [/home/user/experiments/worktrees/HElib_large_p/src/DoubleCRT.cpp:625]
  addPrimes_5: 14.6705 / 66 = 0.22228   [/home/user/experiments/worktrees/HElib_large_p/src/DoubleCRT.cpp:518]
  automorph: 26.2888 / 203 = 0.129502   [/home/user/experiments/worktrees/HElib_large_p/src/matmul.cpp:117]
  automorph: 0.013431 / 2 = 0.0067155   [/home/user/experiments/worktrees/HElib_large_p/src/Ctxt.cpp:2489]
  breakIntoDigits: 14.7816 / 24 = 0.615901   [/home/user/experiments/worktrees/HElib_large_p/src/DoubleCRT.cpp:481]
  decode: 18.3454 / 1 = 18.3454   [/home/user/experiments/worktrees/HElib_large_p/src/EncryptedArray.cpp:375]
  do_mul: 8.69659 / 1587 = 0.00547989   [/home/user/experiments/worktrees/HElib_large_p/src/DoubleCRT.cpp:280]
  extractDigitsThin: 48.1397 / 1 = 48.1397   [/home/user/experiments/worktrees/HElib_large_p/src/recryption.cpp:1558]
  iFFT: 12.5382 / 2051 = 0.0061132   [/home/user/experiments/worktrees/HElib_large_p/src/CModulus.cpp:488]
  iFFT_division: 4.11412 / 2051 = 0.00200591   [/home/user/experiments/worktrees/HElib_large_p/src/CModulus.cpp:570]
  keySwitchPart: 14.6051 / 20 = 0.730254   [/home/user/experiments/worktrees/HElib_large_p/src/Ctxt.cpp:836]
  modDownToSet: 33.1364 / 69 = 0.480237   [/home/user/experiments/worktrees/HElib_large_p/src/Ctxt.cpp:409]
  mul_MatMul1DExec: 29.858 / 4 = 7.4645   [/home/user/experiments/worktrees/HElib_large_p/src/matmul.cpp:975]
  multByConstant: 2.44937 / 266 = 0.00920816   [/home/user/experiments/worktrees/HElib_large_p/src/Ctxt.cpp:1884]
  multLowLvl: 22.4648 / 22 = 1.02113   [/home/user/experiments/worktrees/HElib_large_p/src/Ctxt.cpp:1733]
  multiplyBy: 20.3797 / 10 = 2.03797   [/home/user/experiments/worktrees/HElib_large_p/src/Ctxt.cpp:1809]
  privateAssign: 0.872857 / 132 = 0.00661255   [/home/user/experiments/worktrees/HElib_large_p/src/Ctxt.cpp:329]
  randomize: 6.70577 / 483 = 0.0138836   [/home/user/experiments/worktrees/HElib_large_p/src/DoubleCRT.cpp:1318]
  randomize_stream: 3.7529 / 3931158 = 9.54656e-07   [/home/user/experiments/worktrees/HElib_large_p/src/DoubleCRT.cpp:1348]
  reLinearize: 24.329 / 37 = 0.65754   [/home/user/experiments/worktrees/HElib_large_p/src/Ctxt.cpp:736]
  smartAutomorph: 1.76209 / 2 = 0.881043   [/home/user/experiments/worktrees/HElib_large_p/src/Ctxt.cpp:2514]
  thinReCryptRefine: 87.4109 / 1 = 87.4109   [/home/user/experiments/worktrees/HElib_large_p/src/recryption.cpp:2465]
  toPoly: 17.6418 / 211 = 0.0836106   [/home/user/experiments/worktrees/HElib_large_p/src/DoubleCRT.cpp:985]
  toPoly_CRT: 3.11213 / 211 = 0.0147494   [/home/user/experiments/worktrees/HElib_large_p/src/DoubleCRT.cpp:1052]
  toPoly_FFT: 14.3035 / 211 = 0.067789   [/home/user/experiments/worktrees/HElib_large_p/src/DoubleCRT.cpp:1030]
  rusage.ru_maxrss=13010168
||||| stats |||||
KS-noise-ratio ave=0.051312 max=1.02624
KS-noise-ratio-hoist ave=0.00589466 max=0.0294733
break-into-digits-ratio ave=0.312982 max=0.378313
excess-ctxtPrimes ave=6.66176 max=6.66176
excess-specialPrimes ave=7.86709 max=7.86709
mod-switch-added-noise ave=0.324714 max=0.374312
ptxt_rat_sk ave=0.00267992 max=0.00267992
ptxt_rat_sk ave=0.321895 max=0.321895
raw-mod-switch-noise ave=0.321399 max=0.321399
window1-nchoices ave=6.66667 max=9
window1-out ave=0 max=0
window2-nchoices ave=6.57895 max=9
window2-out ave=0 max=0
||||| stats |||||
KS-noise-ratio ave=0.051312 max=1.02624
KS-noise-ratio-hoist ave=0.00589466 max=0.0294733
break-into-digits-ratio ave=0.312982 max=0.378313
excess-ctxtPrimes ave=6.66176 max=6.66176
excess-specialPrimes ave=7.86709 max=7.86709
mod-switch-added-noise ave=0.324714 max=0.374312
ptxt_rat_sk ave=0.00267992 max=0.00267992
ptxt_rat_sk ave=0.321895 max=0.321895
raw-mod-switch-noise ave=0.321399 max=0.321399
window1-nchoices ave=6.66667 max=9
window1-out ave=0 max=0
window2-nchoices ave=6.57895 max=9
window2-out ave=0 max=0
