chosen idx = 3
encapHwt = 12
t for new bts is -1
new bts ? 1
new ks ? 1
thick bts ?0
repeat times = 1
force bsgs = 0
force hoist = 0
*** GTestFatboot: p=8191, r=1, bits=1320, t=0, c=3, m=45193 mvec=[43 1051], gens=[26276 32595], ords=[42 75]
Computing key-independent tables...
t = -1
bound on I = 16.305335
log2(aux) = 5.129283
log2(beta) = 27.446094
log2(qks) >= 35.272146, final log2(qks) = 35.272160
log2(R) >= 26.991034, final log2(R) = 26.991289
INFO: total bits = 1786.76, security level = 78.5494deg of poly for non-power-of-p aux is 1223
security=78.5494
# small primes = 6
# ctxt primes = 23
# bits in ctxt primes = 1332
# special primes = 8
# bits in special primes = 455
scale=10
 done in 169.088 seconds
  e=0, e'=0, t=12
  m = 45193, p = 8191, phi(m) = 44100
  ord(p) = 14
  normBnd = 1.62042
  polyNormBnd = 4.65228
  factors = [43 1051]
  generator 26276 has order (== Z_m^*) of 42
  generator 32595 has order (== Z_m^*) of 75
r = 1
nslots = 3150
hwt = 120
ctxtPrimes = [6,7,8,9,10,11,12,13,14,15,16,17,18,19,20,21,22,23,24,25,26,27,28]
specialPrimes = [33,34,35,36,37,38,39,40]
number of bits = 1787

security level = 78.5494
Generating keys, computing key-dependent tables...Sparse boot key hwt = 12
 done in 37.0562 seconds
WARNING: KS-noise-ratio = 1.05523 > 1
WARNING: KS-noise-ratio = 53.6272 > 1
WARNING: KS-noise-ratio = 2.87146 > 1
WARNING: KS-noise-ratio = 2.32014 > 1
WARNING: KS-noise-ratio = 1.83736 > 1
WARNING: KS-noise-ratio = 2.00146 > 1
WARNING: KS-noise-ratio = 1.99101 > 1
WARNING: KS-noise-ratio = 97.4716 > 1
WARNING: KS-noise-ratio = 2.82166 > 1
WARNING: KS-noise-ratio = 3.12345 > 1
WARNING: KS-noise-ratio = 2.804 > 1
WARNING: KS-noise-ratio = 2.14641 > 1
WARNING: KS-noise-ratio = 2.32086 > 1
WARNING: KS-noise-ratio = 2.17456 > 1
time for linear1 = 3.525045, linear2 = 35.819470, extract = 129.200217, total = 170.470032
bits for linear1 = 51.736539, linear2 = 58.627406, extract = 321.250225, min cap = 7.826066, after cap = 907.255626, after prod = 1287.133257
cap / time = 4.972681

### summary over 1 test
time for linear1 = 3.525045, linear2 = 35.819470, extract = 129.200217, total = 170.470032
bits for linear1 = 51.736539, linear2 = 58.627406, extract = 321.250225, min cap = 7.826066, after cap = 907.255626, after prod = 1287.133257
cap / time = 4.972681


### bts finished, everything ok ###

  AAA_bootKeySwitch: 20.3683 / 1 = 20.3683   [/home/luck/xzy/0424project/worktrees/HElib_large_p/src/recryption.cpp:1929]
  AAA_coeffToSlot: 16.9992 / 1 = 16.9992   [/home/luck/xzy/0424project/worktrees/HElib_large_p/src/recryption.cpp:2299]
  AAA_embeddingLargest: 0.73236 / 300 = 0.0024412   [/home/luck/xzy/0424project/worktrees/HElib_large_p/src/norms.cpp:250]
  AAA_embeddingLargest_x2: 0.549501 / 233 = 0.00235837   [/home/luck/xzy/0424project/worktrees/HElib_large_p/src/norms.cpp:423]
  AAA_extractDigitsThin: 129.198 / 1 = 129.198   [/home/luck/xzy/0424project/worktrees/HElib_large_p/src/recryption.cpp:2339]
  AAA_modDownEnbeddings: 0.653044 / 233 = 0.00280276   [/home/luck/xzy/0424project/worktrees/HElib_large_p/src/Ctxt.cpp:506]
  AAA_slotToCoeff: 3.52498 / 1 = 3.52498   [/home/luck/xzy/0424project/worktrees/HElib_large_p/src/recryption.cpp:1915]
  BasicAutomorphPrecon: 3.76181 / 8 = 0.470226   [/home/luck/xzy/0424project/worktrees/HElib_large_p/src/matmul.cpp:69]
  BluesteinFFT: 71.2958 / 22004 = 0.00324013   [/home/luck/xzy/0424project/worktrees/HElib_large_p/src/bluestein.cpp:141]
  Decrypt: 0.520282 / 1 = 0.520282   [/home/luck/xzy/0424project/worktrees/HElib_large_p/src/keys.cpp:1350]
  DoubleCRT: 44.1499 / 524 = 0.0842556   [/home/luck/xzy/0424project/worktrees/HElib_large_p/src/DoubleCRT.cpp:718]
  FFT: 52.9498 / 15503 = 0.00341546   [/home/luck/xzy/0424project/worktrees/HElib_large_p/src/CModulus.cpp:479]
  FFT: 66.1453 / 765 = 0.0864644   [/home/luck/xzy/0424project/worktrees/HElib_large_p/src/DoubleCRT.cpp:70]
  FFT: 66.1372 / 15503 = 0.00426609   [/home/luck/xzy/0424project/worktrees/HElib_large_p/src/CModulus.cpp:448]
  FFT_aux: 52.9385 / 15503 = 0.00341473   [/home/luck/xzy/0424project/worktrees/HElib_large_p/src/CModulus.cpp:360]
  FFT_remainder: 13.178 / 15503 = 0.000850031   [/home/luck/xzy/0424project/worktrees/HElib_large_p/src/CModulus.cpp:455]
  KS_loop: 15.8643 / 645 = 0.0245958   [/home/luck/xzy/0424project/worktrees/HElib_large_p/src/Ctxt.cpp:219]
  KS_loop_1: 2.69117 / 645 = 0.00417235   [/home/luck/xzy/0424project/worktrees/HElib_large_p/src/Ctxt.cpp:227]
  KS_loop_2: 1.85843 / 645 = 0.00288128   [/home/luck/xzy/0424project/worktrees/HElib_large_p/src/Ctxt.cpp:231]
  KS_loop_3: 2.7364 / 645 = 0.00424248   [/home/luck/xzy/0424project/worktrees/HElib_large_p/src/Ctxt.cpp:236]
  KS_loop_4: 0.945365 / 645 = 0.00146568   [/home/luck/xzy/0424project/worktrees/HElib_large_p/src/Ctxt.cpp:240]
  NORM_VAL: 1.26297 / 241 = 0.00524055   [/home/luck/xzy/0424project/worktrees/HElib_large_p/src/DoubleCRT.cpp:541]
  addCtxt: 16.5413 / 1628 = 0.0101605   [/home/luck/xzy/0424project/worktrees/HElib_large_p/src/Ctxt.cpp:1458]
  addPart: 4.02128 / 1600 = 0.0025133   [/home/luck/xzy/0424project/worktrees/HElib_large_p/src/Ctxt.cpp:905]
  addPrimes: 35.1363 / 242 = 0.145191   [/home/luck/xzy/0424project/worktrees/HElib_large_p/src/DoubleCRT.cpp:625]
  addPrimes_5: 36.928 / 241 = 0.153228   [/home/luck/xzy/0424project/worktrees/HElib_large_p/src/DoubleCRT.cpp:518]
  automorph: 14.6026 / 179 = 0.0815789   [/home/luck/xzy/0424project/worktrees/HElib_large_p/src/matmul.cpp:117]
  automorph: 0.078671 / 24 = 0.00327796   [/home/luck/xzy/0424project/worktrees/HElib_large_p/src/Ctxt.cpp:2489]
  breakIntoDigits: 37.1317 / 87 = 0.426802   [/home/luck/xzy/0424project/worktrees/HElib_large_p/src/DoubleCRT.cpp:481]
  decode: 13.5832 / 1 = 13.5832   [/home/luck/xzy/0424project/worktrees/HElib_large_p/src/EncryptedArray.cpp:375]
  do_mul: 8.22763 / 2295 = 0.00358502   [/home/luck/xzy/0424project/worktrees/HElib_large_p/src/DoubleCRT.cpp:280]
  extractDigitsThin: 129.198 / 1 = 129.198   [/home/luck/xzy/0424project/worktrees/HElib_large_p/src/recryption.cpp:1558]
  iFFT: 34.9863 / 6501 = 0.00538168   [/home/luck/xzy/0424project/worktrees/HElib_large_p/src/CModulus.cpp:488]
  iFFT_division: 12.8323 / 6501 = 0.0019739   [/home/luck/xzy/0424project/worktrees/HElib_large_p/src/CModulus.cpp:570]
  keySwitchPart: 39.5944 / 80 = 0.494931   [/home/luck/xzy/0424project/worktrees/HElib_large_p/src/Ctxt.cpp:836]
  modDownToSet: 85.0584 / 259 = 0.328411   [/home/luck/xzy/0424project/worktrees/HElib_large_p/src/Ctxt.cpp:409]
  mul_MatMul1DExec: 34.9843 / 6 = 5.83071   [/home/luck/xzy/0424project/worktrees/HElib_large_p/src/matmul.cpp:975]
  multByConstant: 1.96002 / 352 = 0.00556823   [/home/luck/xzy/0424project/worktrees/HElib_large_p/src/Ctxt.cpp:1884]
  multByConstant: 0.099338 / 1 = 0.099338   [/home/luck/xzy/0424project/worktrees/HElib_large_p/src/Ctxt.cpp:1910]
  multLowLvl: 55.3623 / 75 = 0.738163   [/home/luck/xzy/0424project/worktrees/HElib_large_p/src/Ctxt.cpp:1733]
  multiplyBy: 50.6982 / 32 = 1.58432   [/home/luck/xzy/0424project/worktrees/HElib_large_p/src/Ctxt.cpp:1809]
  privateAssign: 3.73173 / 889 = 0.00419767   [/home/luck/xzy/0424project/worktrees/HElib_large_p/src/Ctxt.cpp:329]
  randomize: 6.39402 / 645 = 0.0099132   [/home/luck/xzy/0424project/worktrees/HElib_large_p/src/DoubleCRT.cpp:1318]
  randomize_stream: 3.59214 / 3698545 = 9.7123e-07   [/home/luck/xzy/0424project/worktrees/HElib_large_p/src/DoubleCRT.cpp:1348]
  reLinearize: 64.1946 / 144 = 0.445796   [/home/luck/xzy/0424project/worktrees/HElib_large_p/src/Ctxt.cpp:736]
  smartAutomorph: 9.9612 / 24 = 0.41505   [/home/luck/xzy/0424project/worktrees/HElib_large_p/src/Ctxt.cpp:2514]
  thinReCrypt: 170.471 / 1 = 170.471   [/home/luck/xzy/0424project/worktrees/HElib_large_p/src/recryption.cpp:1833]
  toPoly: 46.9577 / 765 = 0.0613826   [/home/luck/xzy/0424project/worktrees/HElib_large_p/src/DoubleCRT.cpp:985]
  toPoly_CRT: 8.11217 / 765 = 0.0106041   [/home/luck/xzy/0424project/worktrees/HElib_large_p/src/DoubleCRT.cpp:1052]
  toPoly_FFT: 38.3633 / 765 = 0.0501481   [/home/luck/xzy/0424project/worktrees/HElib_large_p/src/DoubleCRT.cpp:1030]
  rusage.ru_maxrss=8849260
||||| stats |||||
KS-noise-ratio ave=2.23208 max=97.4716
KS-noise-ratio-hoist ave=572389 max=4.5791e+06
break-into-digits-ratio ave=0.321989 max=0.391666
excess-ctxtPrimes ave=11.6528 max=11.6528
excess-specialPrimes ave=0.654405 max=0.654405
mod-switch-added-noise ave=0.326555 max=0.419567
ptxt_rat_sk ave=0.00754375 max=0.00754375
ptxt_rat_sk ave=0.303443 max=0.303443
raw-mod-switch-noise ave=0.307279 max=0.307279
window1-nchoices ave=2.4 max=3
window1-out ave=0 max=0
window2-nchoices ave=3.37143 max=6
window2-out ave=0 max=0
||||| stats |||||
KS-noise-ratio ave=2.23208 max=97.4716
KS-noise-ratio-hoist ave=572389 max=4.5791e+06
break-into-digits-ratio ave=0.321989 max=0.391666
excess-ctxtPrimes ave=11.6528 max=11.6528
excess-specialPrimes ave=0.654405 max=0.654405
mod-switch-added-noise ave=0.326555 max=0.419567
ptxt_rat_sk ave=0.00754375 max=0.00754375
ptxt_rat_sk ave=0.303443 max=0.303443
raw-mod-switch-noise ave=0.307279 max=0.307279
window1-nchoices ave=2.4 max=3
window1-out ave=0 max=0
window2-nchoices ave=3.37143 max=6
window2-out ave=0 max=0
