chosen idx = 3
encapHwt = 12
t for new bts is 0
new bts ? 1
new ks ? 1
thick bts ?0
repeat times = 1
force bsgs = 0
force hoist = 0
*** GTestFatboot: p=8191, r=1, bits=1320, t=0, c=3, m=45193 mvec=[43 1051], gens=[26276 32595], ords=[42 75]
Computing key-independent tables...
t = 1
bound on I = 16.305335
log2(aux) = 12.999824
log2(beta) = 27.446094
log2(qks) >= 43.142686, final log2(qks) = 43.142687
log2(R) >= 29.614543, final log2(R) = 29.617522
INFO: total bits = 1802.68, security level = 78.0208write file /home/luck/xzy/0424project/baselines/BGV-Boot-for-Large-p/saved_ZZX/8191_2_ZZX.txt
degs of poly for the first row and its null poly are 8191 / 70
security=78.0208
# small primes = 6
# ctxt primes = 23
# bits in ctxt primes = 1332
# special primes = 8
# bits in special primes = 471
scale=10
 done in 180.101 seconds
  e=0, e'=0, t=12
  m = 45193, p = 8191, phi(m) = 44100
  ord(p) = 14
  normBnd = 1.62042
  polyNormBnd = 4.65228
  factors = [43 1051]
  generator 26276 has order (== Z_m^*) of 42
  generator 32595 has order (== Z_m^*) of 75
r = 1
nslots = 3150
hwt = 120
ctxtPrimes = [6,7,8,9,10,11,12,13,14,15,16,17,18,19,20,21,22,23,24,25,26,27,28]
specialPrimes = [33,34,35,36,37,38,39,40]
number of bits = 1803

security level = 78.0208
Generating keys, computing key-dependent tables...Sparse boot key hwt = 12
 done in 37.2874 seconds
WARNING: KS-noise-ratio = 1.04945 > 1
time for linear1 = 3.624171, linear2 = 19.228286, extract = 28.751751, total = 53.347917
bits for linear1 = 51.772823, linear2 = 88.651131, extract = 272.746817, min cap = 15.696593, after cap = 932.865061, after prod = 1294.263009
cap / time = 16.221733

### summary over 1 test
time for linear1 = 3.624171, linear2 = 19.228286, extract = 28.751751, total = 53.347917
bits for linear1 = 51.772823, linear2 = 88.651131, extract = 272.746817, min cap = 15.696593, after cap = 932.865061, after prod = 1294.263009
cap / time = 16.221733


### bts finished, everything ok ###

  AAA_bootKeySwitch: 1.37994 / 1 = 1.37994   [/home/luck/xzy/0424project/worktrees/HElib_large_p/src/recryption.cpp:2563]
  AAA_coeffToSlot: 19.228 / 1 = 19.228   [/home/luck/xzy/0424project/worktrees/HElib_large_p/src/recryption.cpp:2921]
  AAA_embeddingLargest: 0.24912 / 105 = 0.00237257   [/home/luck/xzy/0424project/worktrees/HElib_large_p/src/norms.cpp:250]
  AAA_embeddingLargest_x2: 0.176018 / 73 = 0.00241121   [/home/luck/xzy/0424project/worktrees/HElib_large_p/src/norms.cpp:423]
  AAA_extractDigitsThin: 28.7514 / 1 = 28.7514   [/home/luck/xzy/0424project/worktrees/HElib_large_p/src/recryption.cpp:2961]
  AAA_modDownEnbeddings: 0.202638 / 73 = 0.00277586   [/home/luck/xzy/0424project/worktrees/HElib_large_p/src/Ctxt.cpp:506]
  AAA_slotToCoeff: 3.62413 / 1 = 3.62413   [/home/luck/xzy/0424project/worktrees/HElib_large_p/src/recryption.cpp:2549]
  BasicAutomorphPrecon: 1.98419 / 5 = 0.396837   [/home/luck/xzy/0424project/worktrees/HElib_large_p/src/matmul.cpp:69]
  BluesteinFFT: 22.1873 / 6799 = 0.00326331   [/home/luck/xzy/0424project/worktrees/HElib_large_p/src/bluestein.cpp:141]
  Decrypt: 0.516679 / 1 = 0.516679   [/home/luck/xzy/0424project/worktrees/HElib_large_p/src/keys.cpp:1350]
  DoubleCRT: 12.7966 / 162 = 0.0789916   [/home/luck/xzy/0424project/worktrees/HElib_large_p/src/DoubleCRT.cpp:718]
  FFT: 16.4608 / 4800 = 0.00342933   [/home/luck/xzy/0424project/worktrees/HElib_large_p/src/CModulus.cpp:479]
  FFT: 20.4218 / 251 = 0.0813617   [/home/luck/xzy/0424project/worktrees/HElib_large_p/src/DoubleCRT.cpp:70]
  FFT: 20.4174 / 4800 = 0.00425363   [/home/luck/xzy/0424project/worktrees/HElib_large_p/src/CModulus.cpp:448]
  FFT_aux: 16.4557 / 4800 = 0.00342827   [/home/luck/xzy/0424project/worktrees/HElib_large_p/src/CModulus.cpp:360]
  FFT_remainder: 3.95257 / 4800 = 0.000823452   [/home/luck/xzy/0424project/worktrees/HElib_large_p/src/CModulus.cpp:455]
  KS_loop: 7.89188 / 315 = 0.0250536   [/home/luck/xzy/0424project/worktrees/HElib_large_p/src/Ctxt.cpp:219]
  KS_loop_1: 1.24263 / 315 = 0.00394487   [/home/luck/xzy/0424project/worktrees/HElib_large_p/src/Ctxt.cpp:227]
  KS_loop_2: 1.22896 / 315 = 0.00390147   [/home/luck/xzy/0424project/worktrees/HElib_large_p/src/Ctxt.cpp:231]
  KS_loop_3: 1.25331 / 315 = 0.00397876   [/home/luck/xzy/0424project/worktrees/HElib_large_p/src/Ctxt.cpp:236]
  KS_loop_4: 0.445103 / 315 = 0.00141303   [/home/luck/xzy/0424project/worktrees/HElib_large_p/src/Ctxt.cpp:240]
  NORM_VAL: 0.440645 / 88 = 0.00500733   [/home/luck/xzy/0424project/worktrees/HElib_large_p/src/DoubleCRT.cpp:541]
  addCtxt: 1.44909 / 335 = 0.00432565   [/home/luck/xzy/0424project/worktrees/HElib_large_p/src/Ctxt.cpp:1458]
  addPart: 2.35074 / 789 = 0.00297939   [/home/luck/xzy/0424project/worktrees/HElib_large_p/src/Ctxt.cpp:905]
  addPrimes: 12.3248 / 89 = 0.138481   [/home/luck/xzy/0424project/worktrees/HElib_large_p/src/DoubleCRT.cpp:625]
  addPrimes_5: 12.9569 / 88 = 0.147237   [/home/luck/xzy/0424project/worktrees/HElib_large_p/src/DoubleCRT.cpp:518]
  automorph: 8.63136 / 115 = 0.0750553   [/home/luck/xzy/0424project/worktrees/HElib_large_p/src/matmul.cpp:117]
  automorph: 0.04332 / 16 = 0.0027075   [/home/luck/xzy/0424project/worktrees/HElib_large_p/src/Ctxt.cpp:2489]
  breakIntoDigits: 13.0375 / 36 = 0.362153   [/home/luck/xzy/0424project/worktrees/HElib_large_p/src/DoubleCRT.cpp:481]
  decode: 13.319 / 1 = 13.319   [/home/luck/xzy/0424project/worktrees/HElib_large_p/src/EncryptedArray.cpp:375]
  do_mul: 3.79468 / 1175 = 0.00322951   [/home/luck/xzy/0424project/worktrees/HElib_large_p/src/DoubleCRT.cpp:280]
  extractDigitsThin: 28.7514 / 1 = 28.7514   [/home/luck/xzy/0424project/worktrees/HElib_large_p/src/recryption.cpp:1558]
  iFFT: 10.8665 / 1999 = 0.00543594   [/home/luck/xzy/0424project/worktrees/HElib_large_p/src/CModulus.cpp:488]
  iFFT_division: 3.919 / 1999 = 0.00196048   [/home/luck/xzy/0424project/worktrees/HElib_large_p/src/CModulus.cpp:570]
  keySwitchPart: 13.3364 / 32 = 0.416764   [/home/luck/xzy/0424project/worktrees/HElib_large_p/src/Ctxt.cpp:836]
  modDownToSet: 24.8733 / 91 = 0.273333   [/home/luck/xzy/0424project/worktrees/HElib_large_p/src/Ctxt.cpp:409]
  mul_MatMul1DExec: 20.6371 / 4 = 5.15927   [/home/luck/xzy/0424project/worktrees/HElib_large_p/src/matmul.cpp:975]
  multByConstant: 1.08065 / 234 = 0.00461814   [/home/luck/xzy/0424project/worktrees/HElib_large_p/src/Ctxt.cpp:1884]
  multLowLvl: 13.1739 / 19 = 0.693362   [/home/luck/xzy/0424project/worktrees/HElib_large_p/src/Ctxt.cpp:1733]
  multiplyBy: 11.6551 / 8 = 1.45689   [/home/luck/xzy/0424project/worktrees/HElib_large_p/src/Ctxt.cpp:1809]
  privateAssign: 0.458051 / 137 = 0.00334344   [/home/luck/xzy/0424project/worktrees/HElib_large_p/src/Ctxt.cpp:329]
  randomize: 3.07457 / 315 = 0.00976055   [/home/luck/xzy/0424project/worktrees/HElib_large_p/src/DoubleCRT.cpp:1318]
  randomize_stream: 1.72762 / 1801659 = 9.58906e-07   [/home/luck/xzy/0424project/worktrees/HElib_large_p/src/DoubleCRT.cpp:1348]
  reLinearize: 19.8365 / 66 = 0.300553   [/home/luck/xzy/0424project/worktrees/HElib_large_p/src/Ctxt.cpp:736]
  smartAutomorph: 5.40877 / 16 = 0.338048   [/home/luck/xzy/0424project/worktrees/HElib_large_p/src/Ctxt.cpp:2514]
  thinReCryptRefine: 53.3512 / 1 = 53.3512   [/home/luck/xzy/0424project/worktrees/HElib_large_p/src/recryption.cpp:2465]
  toPoly: 14.9246 / 252 = 0.0592244   [/home/luck/xzy/0424project/worktrees/HElib_large_p/src/DoubleCRT.cpp:985]
  toPoly_CRT: 2.57175 / 252 = 0.0102054   [/home/luck/xzy/0424project/worktrees/HElib_large_p/src/DoubleCRT.cpp:1052]
  toPoly_FFT: 12.182 / 252 = 0.0483411   [/home/luck/xzy/0424project/worktrees/HElib_large_p/src/DoubleCRT.cpp:1030]
  rusage.ru_maxrss=8310572
||||| stats |||||
KS-noise-ratio ave=0.0333714 max=1.04945
KS-noise-ratio-hoist ave=15.7259 max=78.6297
break-into-digits-ratio ave=0.309217 max=0.372925
excess-ctxtPrimes ave=11.6528 max=11.6528
excess-specialPrimes ave=3.57505 max=3.57505
mod-switch-added-noise ave=0.326805 max=0.374663
ptxt_rat_sk ave=0.00477406 max=0.00477406
ptxt_rat_sk ave=0.332568 max=0.332568
raw-mod-switch-noise ave=0.323592 max=0.323592
window1-nchoices ave=4.33333 max=6
window1-out ave=0 max=0
window2-nchoices ave=4.75 max=6
window2-out ave=0 max=0
||||| stats |||||
KS-noise-ratio ave=0.0333714 max=1.04945
KS-noise-ratio-hoist ave=15.7259 max=78.6297
break-into-digits-ratio ave=0.309217 max=0.372925
excess-ctxtPrimes ave=11.6528 max=11.6528
excess-specialPrimes ave=3.57505 max=3.57505
mod-switch-added-noise ave=0.326805 max=0.374663
ptxt_rat_sk ave=0.00477406 max=0.00477406
ptxt_rat_sk ave=0.332568 max=0.332568
raw-mod-switch-noise ave=0.323592 max=0.323592
window1-nchoices ave=4.33333 max=6
window1-out ave=0 max=0
window2-nchoices ave=4.75 max=6
window2-out ave=0 max=0
