chosen idx = 4
encapHwt = 12
t for new bts is 0
new bts ? 1
new ks ? 1
thick bts ?0
repeat times = 1
force bsgs = 0
force hoist = 0
*** GTestFatboot: p=65537, r=1, bits=1500, t=0, c=3, m=50731 mvec=[97 523], gens=[48117 5239], ords=[96 29]
Computing key-independent tables...
t = 1
bound on I = 16.402088
log2(aux) = 16.000022
log2(beta) = 30.546816
log2(qks) >= 49.244094, final log2(qks) = 49.244094
log2(R) >= 31.815348, final log2(R) = 31.815649
INFO: total bits = 2035.46, security level = 78.3637write file /home/luck/xzy/0424project/baselines/BGV-Boot-for-Large-p/saved_ZZX/65537_2_ZZX.txt
degs of poly for the first row and its null poly are 65537 / 70
security=78.3637
# small primes = 6
# ctxt primes = 26
# bits in ctxt primes = 1505
# special primes = 9
# bits in special primes = 530
scale=10
 done in 630.248 seconds
  e=0, e'=0, t=12
  m = 50731, p = 65537, phi(m) = 50112
  ord(p) = 18
  normBnd = 1.62099
  polyNormBnd = 5.6346
  factors = [97 523]
  generator 48117 has order (== Z_m^*) of 96
  generator 5239 has order (== Z_m^*) of 29
r = 1
nslots = 2784
hwt = 120
ctxtPrimes = [6,7,8,9,10,11,12,13,14,15,16,17,18,19,20,21,22,23,24,25,26,27,28,29,30,31]
specialPrimes = [36,37,38,39,40,41,42,43,44]
number of bits = 2036

security level = 78.3637
Generating keys, computing key-dependent tables...Sparse boot key hwt = 12
 done in 41.5144 seconds
time for linear1 = 4.467879, linear2 = 22.205373, extract = 33.951467, total = 62.706173
bits for linear1 = 55.711455, linear2 = 99.166618, extract = 316.682499, min cap = 18.697278, after cap = 1046.192384, after prod = 1462.041500
cap / time = 15.497416

### summary over 1 test
time for linear1 = 4.467879, linear2 = 22.205373, extract = 33.951467, total = 62.706173
bits for linear1 = 55.711455, linear2 = 99.166618, extract = 316.682499, min cap = 18.697278, after cap = 1046.192384, after prod = 1462.041500
cap / time = 15.497416


### bts finished, everything ok ###

  AAA_bootKeySwitch: 1.64972 / 1 = 1.64972   [/home/luck/xzy/0424project/worktrees/HElib_large_p/src/recryption.cpp:2563]
  AAA_coeffToSlot: 22.205 / 1 = 22.205   [/home/luck/xzy/0424project/worktrees/HElib_large_p/src/recryption.cpp:2921]
  AAA_embeddingLargest: 0.272652 / 108 = 0.00252456   [/home/luck/xzy/0424project/worktrees/HElib_large_p/src/norms.cpp:250]
  AAA_embeddingLargest_x2: 0.19248 / 74 = 0.00260108   [/home/luck/xzy/0424project/worktrees/HElib_large_p/src/norms.cpp:423]
  AAA_extractDigitsThin: 33.951 / 1 = 33.951   [/home/luck/xzy/0424project/worktrees/HElib_large_p/src/recryption.cpp:2961]
  AAA_modDownEnbeddings: 0.219916 / 74 = 0.00297184   [/home/luck/xzy/0424project/worktrees/HElib_large_p/src/Ctxt.cpp:506]
  AAA_slotToCoeff: 4.46782 / 1 = 4.46782   [/home/luck/xzy/0424project/worktrees/HElib_large_p/src/recryption.cpp:2549]
  BasicAutomorphPrecon: 2.40851 / 5 = 0.481702   [/home/luck/xzy/0424project/worktrees/HElib_large_p/src/matmul.cpp:69]
  BluesteinFFT: 27.8583 / 7712 = 0.00361233   [/home/luck/xzy/0424project/worktrees/HElib_large_p/src/bluestein.cpp:141]
  Decrypt: 0.616347 / 1 = 0.616347   [/home/luck/xzy/0424project/worktrees/HElib_large_p/src/keys.cpp:1350]
  DoubleCRT: 15.7891 / 163 = 0.0968658   [/home/luck/xzy/0424project/worktrees/HElib_large_p/src/DoubleCRT.cpp:718]
  FFT: 25.7536 / 5469 = 0.00470901   [/home/luck/xzy/0424project/worktrees/HElib_large_p/src/CModulus.cpp:448]
  FFT: 25.7566 / 256 = 0.100612   [/home/luck/xzy/0424project/worktrees/HElib_large_p/src/DoubleCRT.cpp:70]
  FFT: 20.7216 / 5469 = 0.00378892   [/home/luck/xzy/0424project/worktrees/HElib_large_p/src/CModulus.cpp:479]
  FFT_aux: 20.7175 / 5469 = 0.00378817   [/home/luck/xzy/0424project/worktrees/HElib_large_p/src/CModulus.cpp:360]
  FFT_remainder: 5.0287 / 5469 = 0.000919492   [/home/luck/xzy/0424project/worktrees/HElib_large_p/src/CModulus.cpp:455]
  KS_loop: 8.49565 / 283 = 0.03002   [/home/luck/xzy/0424project/worktrees/HElib_large_p/src/Ctxt.cpp:219]
  KS_loop_1: 1.41915 / 283 = 0.00501465   [/home/luck/xzy/0424project/worktrees/HElib_large_p/src/Ctxt.cpp:227]
  KS_loop_2: 1.02763 / 283 = 0.00363119   [/home/luck/xzy/0424project/worktrees/HElib_large_p/src/Ctxt.cpp:231]
  KS_loop_3: 1.43269 / 283 = 0.00506252   [/home/luck/xzy/0424project/worktrees/HElib_large_p/src/Ctxt.cpp:236]
  KS_loop_4: 0.50573 / 283 = 0.00178703   [/home/luck/xzy/0424project/worktrees/HElib_large_p/src/Ctxt.cpp:240]
  NORM_VAL: 0.502604 / 92 = 0.00546309   [/home/luck/xzy/0424project/worktrees/HElib_large_p/src/DoubleCRT.cpp:541]
  addCtxt: 1.77751 / 357 = 0.00497903   [/home/luck/xzy/0424project/worktrees/HElib_large_p/src/Ctxt.cpp:1458]
  addPart: 1.99964 / 707 = 0.00282834   [/home/luck/xzy/0424project/worktrees/HElib_large_p/src/Ctxt.cpp:905]
  addPrimes: 15.6544 / 93 = 0.168327   [/home/luck/xzy/0424project/worktrees/HElib_large_p/src/DoubleCRT.cpp:625]
  addPrimes_5: 16.3761 / 92 = 0.178001   [/home/luck/xzy/0424project/worktrees/HElib_large_p/src/DoubleCRT.cpp:518]
  automorph: 8.18265 / 95 = 0.0861331   [/home/luck/xzy/0424project/worktrees/HElib_large_p/src/matmul.cpp:117]
  automorph: 0.063361 / 18 = 0.00352006   [/home/luck/xzy/0424project/worktrees/HElib_large_p/src/Ctxt.cpp:2489]
  breakIntoDigits: 16.4829 / 38 = 0.43376   [/home/luck/xzy/0424project/worktrees/HElib_large_p/src/DoubleCRT.cpp:481]
  decode: 16.2594 / 1 = 16.2594   [/home/luck/xzy/0424project/worktrees/HElib_large_p/src/EncryptedArray.cpp:375]
  do_mul: 4.46925 / 1143 = 0.00391011   [/home/luck/xzy/0424project/worktrees/HElib_large_p/src/DoubleCRT.cpp:280]
  extractDigitsThin: 33.951 / 1 = 33.951   [/home/luck/xzy/0424project/worktrees/HElib_large_p/src/recryption.cpp:1558]
  iFFT: 12.8919 / 2243 = 0.0057476   [/home/luck/xzy/0424project/worktrees/HElib_large_p/src/CModulus.cpp:488]
  iFFT_division: 4.26102 / 2243 = 0.0018997   [/home/luck/xzy/0424project/worktrees/HElib_large_p/src/CModulus.cpp:570]
  keySwitchPart: 17.07 / 34 = 0.50206   [/home/luck/xzy/0424project/worktrees/HElib_large_p/src/Ctxt.cpp:836]
  modDownToSet: 29.6606 / 95 = 0.312217   [/home/luck/xzy/0424project/worktrees/HElib_large_p/src/Ctxt.cpp:409]
  mul_MatMul1DExec: 23.39 / 4 = 5.8475   [/home/luck/xzy/0424project/worktrees/HElib_large_p/src/matmul.cpp:975]
  multByConstant: 1.34837 / 250 = 0.00539347   [/home/luck/xzy/0424project/worktrees/HElib_large_p/src/Ctxt.cpp:1884]
  multLowLvl: 15.589 / 19 = 0.820471   [/home/luck/xzy/0424project/worktrees/HElib_large_p/src/Ctxt.cpp:1733]
  multiplyBy: 13.6872 / 8 = 1.7109   [/home/luck/xzy/0424project/worktrees/HElib_large_p/src/Ctxt.cpp:1809]
  privateAssign: 0.575873 / 141 = 0.00408421   [/home/luck/xzy/0424project/worktrees/HElib_large_p/src/Ctxt.cpp:329]
  randomize: 3.50865 / 283 = 0.012398   [/home/luck/xzy/0424project/worktrees/HElib_large_p/src/DoubleCRT.cpp:1318]
  randomize_stream: 1.96824 / 2065663 = 9.52838e-07   [/home/luck/xzy/0424project/worktrees/HElib_large_p/src/DoubleCRT.cpp:1348]
  reLinearize: 24.3333 / 70 = 0.347619   [/home/luck/xzy/0424project/worktrees/HElib_large_p/src/Ctxt.cpp:736]
  smartAutomorph: 7.39671 / 18 = 0.410928   [/home/luck/xzy/0424project/worktrees/HElib_large_p/src/Ctxt.cpp:2514]
  thinReCryptRefine: 62.7097 / 1 = 62.7097   [/home/luck/xzy/0424project/worktrees/HElib_large_p/src/recryption.cpp:2465]
  toPoly: 17.4947 / 257 = 0.0680727   [/home/luck/xzy/0424project/worktrees/HElib_large_p/src/DoubleCRT.cpp:985]
  toPoly_CRT: 3.076 / 257 = 0.0119689   [/home/luck/xzy/0424project/worktrees/HElib_large_p/src/DoubleCRT.cpp:1052]
  toPoly_FFT: 14.1915 / 257 = 0.0552197   [/home/luck/xzy/0424project/worktrees/HElib_large_p/src/DoubleCRT.cpp:1030]
  rusage.ru_maxrss=9875212
||||| stats |||||
KS-noise-ratio ave=0.0287405 max=0.976839
KS-noise-ratio-hoist ave=8.01845 max=40.0923
break-into-digits-ratio ave=0.313 max=0.389077
excess-ctxtPrimes ave=5.43078 max=5.43078
excess-specialPrimes ave=4.50846 max=4.50846
mod-switch-added-noise ave=0.325833 max=0.369176
ptxt_rat_sk ave=0.00696082 max=0.00696082
ptxt_rat_sk ave=0.335959 max=0.335959
raw-mod-switch-noise ave=0.32901 max=0.32901
window1-nchoices ave=3.33333 max=4
window1-out ave=0 max=0
window2-nchoices ave=4.0625 max=7
window2-out ave=0 max=0
||||| stats |||||
KS-noise-ratio ave=0.0287405 max=0.976839
KS-noise-ratio-hoist ave=8.01845 max=40.0923
break-into-digits-ratio ave=0.313 max=0.389077
excess-ctxtPrimes ave=5.43078 max=5.43078
excess-specialPrimes ave=4.50846 max=4.50846
mod-switch-added-noise ave=0.325833 max=0.369176
ptxt_rat_sk ave=0.00696082 max=0.00696082
ptxt_rat_sk ave=0.335959 max=0.335959
raw-mod-switch-noise ave=0.32901 max=0.32901
window1-nchoices ave=3.33333 max=4
window1-out ave=0 max=0
window2-nchoices ave=4.0625 max=7
window2-out ave=0 max=0
