chosen idx = 4
encapHwt = 12
t for new bts is -1
new bts ? 1
new ks ? 1
thick bts ?0
repeat times = 1
force bsgs = 0
force hoist = 0
*** GTestFatboot: p=65537, r=1, bits=1500, t=0, c=3, m=50731 mvec=[97 523], gens=[48117 5239], ords=[96 29]
Computing key-independent tables...using HELIB_EXPLICIT_AUX=256

t = -1
bound on I = 16.402088
log2(aux) = 8.000000
log2(beta) = 30.546816
log2(qks) >= 41.244072, final log2(qks) = 41.244073
log2(R) >= 29.148675, final log2(R) = 29.150462
INFO: total bits = 2017.44, security level = 78.8964deg of poly for non-power-of-p aux is 1223
security=78.8964
# small primes = 6
# ctxt primes = 26
# bits in ctxt primes = 1505
# special primes = 9
# bits in special primes = 512
scale=10
 done in 265.345 seconds
  e=0, e'=0, t=12
  m = 50731, p = 65537, phi(m) = 50112
  ord(p) = 18
  normBnd = 1.62099
  polyNormBnd = 5.6346
  factors = [97 523]
  generator 48117 has order (== Z_m^*) of 96
  generator 5239 has order (== Z_m^*) of 29
r = 1
nslots = 2784
hwt = 120
ctxtPrimes = [6,7,8,9,10,11,12,13,14,15,16,17,18,19,20,21,22,23,24,25,26,27,28,29,30,31]
specialPrimes = [36,37,38,39,40,41,42,43,44]
number of bits = 2018

security level = 78.8964
Generating keys, computing key-dependent tables...Sparse boot key hwt = 12
 done in 41.1147 seconds
WARNING: KS-noise-ratio = 1.00199 > 1
WARNING: KS-noise-ratio = 1711.53 > 1
time for linear1 = 4.528390, linear2 = 43.702054, extract = 143.937097, total = 194.446469
bits for linear1 = 55.711455, linear2 = 62.160037, extract = 353.941076, min cap = 10.697257, after cap = 1038.540131, after prod = 1454.641244
cap / time = 4.999481

### summary over 1 test
time for linear1 = 4.528390, linear2 = 43.702054, extract = 143.937097, total = 194.446469
bits for linear1 = 55.711455, linear2 = 62.160037, extract = 353.941076, min cap = 10.697257, after cap = 1038.540131, after prod = 1454.641244
cap / time = 4.999481


### bts finished, everything ok ###

  AAA_bootKeySwitch: 24.0403 / 1 = 24.0403   [/home/user/order4-artifact/src/HElib_auxradix_opt/src/recryption.cpp:1968]
  AAA_coeffToSlot: 21.5011 / 1 = 21.5011   [/home/user/order4-artifact/src/HElib_auxradix_opt/src/recryption.cpp:2396]
  AAA_embeddingLargest: 0.811377 / 304 = 0.002669   [/home/user/order4-artifact/src/HElib_auxradix_opt/src/norms.cpp:250]
  AAA_embeddingLargest_x2: 0.6047 / 233 = 0.00259528   [/home/user/order4-artifact/src/HElib_auxradix_opt/src/norms.cpp:423]
  AAA_extractDigitsThin: 143.935 / 1 = 143.935   [/home/user/order4-artifact/src/HElib_auxradix_opt/src/recryption.cpp:2447]
  AAA_modDownEnbeddings: 0.713773 / 233 = 0.0030634   [/home/user/order4-artifact/src/HElib_auxradix_opt/src/Ctxt.cpp:506]
  AAA_slotToCoeff: 4.52833 / 1 = 4.52833   [/home/user/order4-artifact/src/HElib_auxradix_opt/src/recryption.cpp:1954]
  BasicAutomorphPrecon: 4.61804 / 8 = 0.577255   [/home/user/order4-artifact/src/HElib_auxradix_opt/src/matmul.cpp:90]
  BluesteinFFT: 89.0708 / 24570 = 0.00362518   [/home/user/order4-artifact/src/HElib_auxradix_opt/src/bluestein.cpp:141]
  Decrypt: 0.614525 / 1 = 0.614525   [/home/user/order4-artifact/src/HElib_auxradix_opt/src/keys.cpp:1362]
  DoubleCRT: 54.7881 / 521 = 0.10516   [/home/user/order4-artifact/src/HElib_auxradix_opt/src/DoubleCRT.cpp:718]
  FFT: 82.6189 / 17518 = 0.00471623   [/home/user/order4-artifact/src/HElib_auxradix_opt/src/CModulus.cpp:448]
  FFT: 82.6275 / 770 = 0.107308   [/home/user/order4-artifact/src/HElib_auxradix_opt/src/DoubleCRT.cpp:70]
  FFT: 66.1804 / 17518 = 0.00377785   [/home/user/order4-artifact/src/HElib_auxradix_opt/src/CModulus.cpp:479]
  FFT_aux: 66.1677 / 17518 = 0.00377713   [/home/user/order4-artifact/src/HElib_auxradix_opt/src/CModulus.cpp:360]
  FFT_remainder: 16.4297 / 17518 = 0.000937873   [/home/user/order4-artifact/src/HElib_auxradix_opt/src/CModulus.cpp:455]
  KS_loop: 17.952 / 592 = 0.0303243   [/home/user/order4-artifact/src/HElib_auxradix_opt/src/Ctxt.cpp:219]
  KS_loop_1: 3.10675 / 592 = 0.00524789   [/home/user/order4-artifact/src/HElib_auxradix_opt/src/Ctxt.cpp:227]
  KS_loop_2: 1.85304 / 592 = 0.00313014   [/home/user/order4-artifact/src/HElib_auxradix_opt/src/Ctxt.cpp:231]
  KS_loop_3: 3.14855 / 592 = 0.00531849   [/home/user/order4-artifact/src/HElib_auxradix_opt/src/Ctxt.cpp:236]
  KS_loop_4: 1.1139 / 592 = 0.00188158   [/home/user/order4-artifact/src/HElib_auxradix_opt/src/Ctxt.cpp:240]
  NORM_VAL: 1.41273 / 248 = 0.00569648   [/home/user/order4-artifact/src/HElib_auxradix_opt/src/DoubleCRT.cpp:541]
  addCtxt: 10.5014 / 1663 = 0.00631474   [/home/user/order4-artifact/src/HElib_auxradix_opt/src/Ctxt.cpp:1529]
  addPart: 4.13463 / 1469 = 0.00281459   [/home/user/order4-artifact/src/HElib_auxradix_opt/src/Ctxt.cpp:976]
  addPrimes: 43.6093 / 249 = 0.175138   [/home/user/order4-artifact/src/HElib_auxradix_opt/src/DoubleCRT.cpp:625]
  addPrimes_5: 45.6434 / 248 = 0.184046   [/home/user/order4-artifact/src/HElib_auxradix_opt/src/DoubleCRT.cpp:518]
  automorph: 15.0434 / 151 = 0.0996251   [/home/user/order4-artifact/src/HElib_auxradix_opt/src/matmul.cpp:148]
  automorph: 0.1203 / 27 = 0.00445556   [/home/user/order4-artifact/src/HElib_auxradix_opt/src/Ctxt.cpp:2560]
  breakIntoDigits: 45.9207 / 90 = 0.51023   [/home/user/order4-artifact/src/HElib_auxradix_opt/src/DoubleCRT.cpp:481]
  decode: 16.4861 / 1 = 16.4861   [/home/user/order4-artifact/src/HElib_auxradix_opt/src/EncryptedArray.cpp:375]
  do_mul: 9.78824 / 2237 = 0.00437561   [/home/user/order4-artifact/src/HElib_auxradix_opt/src/DoubleCRT.cpp:280]
  extractDigitsThin: 143.935 / 1 = 143.935   [/home/user/order4-artifact/src/HElib_auxradix_opt/src/recryption.cpp:1597]
  iFFT: 40.6257 / 7052 = 0.00576088   [/home/user/order4-artifact/src/HElib_auxradix_opt/src/CModulus.cpp:488]
  iFFT_division: 13.6127 / 7052 = 0.00193033   [/home/user/order4-artifact/src/HElib_auxradix_opt/src/CModulus.cpp:570]
  keySwitchPart: 49.2396 / 83 = 0.593249   [/home/user/order4-artifact/src/HElib_auxradix_opt/src/Ctxt.cpp:907]
  modDownToSet: 101.516 / 265 = 0.383078   [/home/user/order4-artifact/src/HElib_auxradix_opt/src/Ctxt.cpp:409]
  mul_MatMul1DExec: 41.7237 / 6 = 6.95395   [/home/user/order4-artifact/src/HElib_auxradix_opt/src/matmul.cpp:1155]
  multByConstant: 0.120194 / 1 = 0.120194   [/home/user/order4-artifact/src/HElib_auxradix_opt/src/Ctxt.cpp:1981]
  multByConstant: 2.47996 / 376 = 0.00659563   [/home/user/order4-artifact/src/HElib_auxradix_opt/src/Ctxt.cpp:1955]
  multLowLvl: 65.911 / 75 = 0.878813   [/home/user/order4-artifact/src/HElib_auxradix_opt/src/Ctxt.cpp:1804]
  multiplyBy: 60.1824 / 32 = 1.8807   [/home/user/order4-artifact/src/HElib_auxradix_opt/src/Ctxt.cpp:1880]
  privateAssign: 2.73414 / 547 = 0.00499843   [/home/user/order4-artifact/src/HElib_auxradix_opt/src/Ctxt.cpp:329]
  randomize: 7.38787 / 592 = 0.0124795   [/home/user/order4-artifact/src/HElib_auxradix_opt/src/DoubleCRT.cpp:1318]
  randomize_stream: 4.15002 / 4345487 = 9.55018e-07   [/home/user/order4-artifact/src/HElib_auxradix_opt/src/DoubleCRT.cpp:1348]
  reLinearize: 77.7373 / 150 = 0.518249   [/home/user/order4-artifact/src/HElib_auxradix_opt/src/Ctxt.cpp:736]
  smartAutomorph: 13.7768 / 27 = 0.510251   [/home/user/order4-artifact/src/HElib_auxradix_opt/src/Ctxt.cpp:2585]
  thinReCrypt: 194.448 / 1 = 194.448   [/home/user/order4-artifact/src/HElib_auxradix_opt/src/recryption.cpp:1872]
  toPoly: 54.5508 / 769 = 0.0709374   [/home/user/order4-artifact/src/HElib_auxradix_opt/src/DoubleCRT.cpp:985]
  toPoly_CRT: 9.40479 / 769 = 0.0122299   [/home/user/order4-artifact/src/HElib_auxradix_opt/src/DoubleCRT.cpp:1052]
  toPoly_FFT: 44.4624 / 769 = 0.0578184   [/home/user/order4-artifact/src/HElib_auxradix_opt/src/DoubleCRT.cpp:1030]
  rusage.ru_maxrss=10546608
||||| stats |||||
KS-noise-ratio ave=20.6336 max=1711.53
KS-noise-ratio-hoist ave=1.39839e+06 max=1.11871e+07
break-into-digits-ratio ave=0.323399 max=0.398476
excess-ctxtPrimes ave=5.43078 max=5.43078
excess-specialPrimes ave=2.48795 max=2.48795
mod-switch-added-noise ave=0.32518 max=0.394082
ptxt_rat_sk ave=0.00175878 max=0.00175878
ptxt_rat_sk ave=0.35295 max=0.35295
raw-mod-switch-noise ave=0.318955 max=0.318955
window1-nchoices ave=4.8 max=7
window1-out ave=0 max=0
window2-nchoices ave=4.25714 max=8
window2-out ave=0 max=0
||||| stats |||||
KS-noise-ratio ave=20.6336 max=1711.53
KS-noise-ratio-hoist ave=1.39839e+06 max=1.11871e+07
break-into-digits-ratio ave=0.323399 max=0.398476
excess-ctxtPrimes ave=5.43078 max=5.43078
excess-specialPrimes ave=2.48795 max=2.48795
mod-switch-added-noise ave=0.32518 max=0.394082
ptxt_rat_sk ave=0.00175878 max=0.00175878
ptxt_rat_sk ave=0.35295 max=0.35295
raw-mod-switch-noise ave=0.318955 max=0.318955
window1-nchoices ave=4.8 max=7
window1-out ave=0 max=0
window2-nchoices ave=4.25714 max=8
window2-out ave=0 max=0
