chosen idx = 2
encapHwt = 26
t for new bts is 0
new bts ? 1
new ks ? 1
thick bts ?0
s2cFirst ? 0
toy ? 0
repeat times = 1
### partition is 0 7 12 15 
*** GTestFatboot: p=131071, r=1, bits=980, t=0, c=3, m=65536 mvec=[65536], gens=[32769 5], ords=[2 8192]
Computing key-independent tables...
t = 1
bound on I = 12.275681
log2(aux) = 16.999989
log2(beta) = 31.212258
log2(qks) >= 50.212825, final log2(qks) = 50.212825
log2(R) >= 24.006883, final log2(R) = 24.049849
INFO: total bits = 1331.71, security level = 78.1288
DUMMY Po2IFFT!!!
Start constructing MatMul1DExec for DUMMY Po2IFFT
Start upgrading in DUMMY transform
DUMMY Po2IFFT!!!
Start constructing MatMul1DExec for DUMMY Po2IFFT
Start upgrading in DUMMY transform
read file /home/user/experiments/baselines/bgv-bootstrapping-with-homomorphic-NTT/saved_ZZX/131071_2_ZZX.txt
degs of poly for the first row and its null poly are 131071 / 54
security=78.1288
# small primes = 6
# ctxt primes = 17
# bits in ctxt primes = 984
# special primes = 6
# bits in special primes = 347
scale=10
 done in 1611.07 seconds
  e=0, e'=0, t=26
  m = 65536, p = 131071, phi(m) = 32768
  ord(p) = 2
  normBnd = 1
  polyNormBnd = 1
  factors = [2]
  generator 32769 has order (== Z_m^*) of 2
  generator 5 has order (!!= Z_m^*) of 8192
r = 1
nslots = 16384
hwt = 120
ctxtPrimes = [6,7,8,9,10,11,12,13,14,15,16,17,18,19,20,21,22]
specialPrimes = [27,28,29,30,31,32]
number of bits = 1332

security level = 78.1288
Generating keys, Dim 0 has size 2, using KSS_FULL
Dim 1 has size 8192, using KSS_BSGS
computing key-dependent tables...Sparse boot key hwt = 26
 done in 24.376 seconds
baby step indices = 0 1 2 3 4 5 6 7 8 9 10 11 12 13 14 15 16 17 18 19 20 21 22 23 24 25 26 27 28 29 30 31 32 33 34 35 36 37 38 39 40 41 42 43 44 45 46 47 48 49 50 51 52 53 54 55 56 57 58 59 60 61 62 63 64 65 66 67 68 69 70 71 72 73 74 75 76 77 78 79 80 81 82 83 84 85 86 87 88 89 90 91 92 93 94 95 96 97 98 99 100 101 102 103 104 105 106 107 108 109 110 111 112 113 114 115 116 117 118 119 120 121 122 123 124 125 126 127 
giant step indices = 0 1 2 3 4 5 6 7 8 9 10 11 12 13 14 15 16 17 18 19 20 21 22 23 24 25 26 27 28 29 30 31 32 33 34 35 36 37 38 39 40 41 42 43 44 45 46 47 48 49 50 51 52 53 54 55 56 57 58 59 60 61 62 63 
In MatMul1D, D = 8192, g = 128, native = 1, iterative = 0
MatMul1D, time: 34.248506, cap: 39.391958

WARNING: KS-noise-ratio = 84.8357 > 1
baby step indices = 0 1 2 3 4 5 6 7 8 9 10 11 12 13 14 15 16 17 18 19 20 21 22 23 24 25 26 27 28 29 30 31 32 33 34 35 36 37 38 39 40 41 42 43 44 45 46 47 48 49 50 51 52 53 54 55 56 57 58 59 60 61 62 63 64 65 66 67 68 69 70 71 72 73 74 75 76 77 78 79 80 81 82 83 84 85 86 87 88 89 90 91 92 93 94 95 96 97 98 99 100 101 102 103 104 105 106 107 108 109 110 111 112 113 114 115 116 117 118 119 120 121 122 123 124 125 126 127 
giant step indices = 0 1 2 3 4 5 6 7 8 9 10 11 12 13 14 15 16 17 18 19 20 21 22 23 24 25 26 27 28 29 30 31 32 33 34 35 36 37 38 39 40 41 42 43 44 45 46 47 48 49 50 51 52 53 54 55 56 57 58 59 60 61 62 63 
In MatMul1D, D = 8192, g = 128, native = 1, iterative = 0
MatMul1D, time: 137.325229, cap: 56.318280

time for linear1 = 34.252357, linear2 = 137.574873, extract = 5.923967, total = 178.141390
bits for linear1 = 39.391958, linear2 = 64.370864, extract = 276.548902, min cap = 19.000567, after cap = 598.100180, after prod = 939.019946
cap / time = 3.029659
warning: result not checked for dummy run

### summary over 1 test
time for linear1 = 34.252357, linear2 = 137.574873, extract = 5.923967, total = 178.141390
bits for linear1 = 39.391958, linear2 = 64.370864, extract = 276.548902, min cap = 19.000567, after cap = 598.100180, after prod = 939.019946
cap / time = 3.029659


### bts finished, everything ok ###

  AAA_bootKeySwitch: 0.319328 / 1 = 0.319328   [/home/user/experiments/worktrees/HElib_ntt/src/recryption.cpp:3167]
  AAA_coeffToSlot: 137.573 / 1 = 137.573   [/home/user/experiments/worktrees/HElib_ntt/src/recryption.cpp:3529]
  AAA_embeddingLargest: 0.155366 / 568 = 0.000273532   [/home/user/experiments/worktrees/HElib_ntt/src/norms.cpp:250]
  AAA_embeddingLargest_x2: 0.158321 / 302 = 0.000524242   [/home/user/experiments/worktrees/HElib_ntt/src/norms.cpp:423]
  AAA_extractDigitsThin: 5.92389 / 1 = 5.92389   [/home/user/experiments/worktrees/HElib_ntt/src/recryption.cpp:3572]
  AAA_modDownEnbeddings: 0.161389 / 302 = 0.000534401   [/home/user/experiments/worktrees/HElib_ntt/src/Ctxt.cpp:506]
  AAA_slotToCoeff: 34.2519 / 1 = 34.2519   [/home/user/experiments/worktrees/HElib_ntt/src/recryption.cpp:3150]
  BasicAutomorphPrecon: 0.11649 / 2 = 0.058245   [/home/user/experiments/worktrees/HElib_ntt/src/matmul.cpp:70]
  Decrypt: 0.04897 / 1 = 0.04897   [/home/user/experiments/worktrees/HElib_ntt/src/keys.cpp:1350]
  DoubleCRT: 6.86868 / 618 = 0.0111144   [/home/user/experiments/worktrees/HElib_ntt/src/DoubleCRT.cpp:718]
  FFT: 14.9339 / 1172 = 0.0127422   [/home/user/experiments/worktrees/HElib_ntt/src/DoubleCRT.cpp:70]
  FFT: 14.9283 / 14695 = 0.00101588   [/home/user/experiments/worktrees/HElib_ntt/src/CModulus.cpp:448]
  FFT: 6.7311 / 14695 = 0.000458054   [/home/user/experiments/worktrees/HElib_ntt/src/CModulus.cpp:479]
  FFT_aux: 6.72365 / 14695 = 0.000457547   [/home/user/experiments/worktrees/HElib_ntt/src/CModulus.cpp:360]
  FFT_remainder: 8.18883 / 14695 = 0.000557253   [/home/user/experiments/worktrees/HElib_ntt/src/CModulus.cpp:455]
  KS_loop: 15.0144 / 1060 = 0.0141645   [/home/user/experiments/worktrees/HElib_ntt/src/Ctxt.cpp:219]
  KS_loop_1: 2.20508 / 1060 = 0.00208026   [/home/user/experiments/worktrees/HElib_ntt/src/Ctxt.cpp:227]
  KS_loop_2: 3.02992 / 1060 = 0.00285842   [/home/user/experiments/worktrees/HElib_ntt/src/Ctxt.cpp:231]
  KS_loop_3: 2.2531 / 1060 = 0.00212556   [/home/user/experiments/worktrees/HElib_ntt/src/Ctxt.cpp:236]
  KS_loop_4: 0.7453 / 1060 = 0.000703113   [/home/user/experiments/worktrees/HElib_ntt/src/Ctxt.cpp:240]
  NORM_VAL: 0.988281 / 553 = 0.00178713   [/home/user/experiments/worktrees/HElib_ntt/src/DoubleCRT.cpp:541]
  addCtxt: 19.7804 / 33081 = 0.000597939   [/home/user/experiments/worktrees/HElib_ntt/src/Ctxt.cpp:1458]
  addPart: 4.39283 / 2657 = 0.0016533   [/home/user/experiments/worktrees/HElib_ntt/src/Ctxt.cpp:905]
  addPrimes: 14.5825 / 554 = 0.0263222   [/home/user/experiments/worktrees/HElib_ntt/src/DoubleCRT.cpp:625]
  addPrimes_5: 16.1349 / 553 = 0.029177   [/home/user/experiments/worktrees/HElib_ntt/src/DoubleCRT.cpp:518]
  automorph: 8.83395 / 256 = 0.0345076   [/home/user/experiments/worktrees/HElib_ntt/src/matmul.cpp:118]
  automorph: 0.425904 / 255 = 0.00167021   [/home/user/experiments/worktrees/HElib_ntt/src/Ctxt.cpp:2489]
  breakIntoDigits: 16.335 / 270 = 0.0604998   [/home/user/experiments/worktrees/HElib_ntt/src/DoubleCRT.cpp:481]
  decode: 9.73839 / 1 = 9.73839   [/home/user/experiments/worktrees/HElib_ntt/src/EncryptedArray.cpp:375]
  do_mul: 89.8017 / 67717 = 0.00132613   [/home/user/experiments/worktrees/HElib_ntt/src/DoubleCRT.cpp:280]
  extractDigitsThin: 5.92389 / 1 = 5.92389   [/home/user/experiments/worktrees/HElib_ntt/src/recryption.cpp:2149]
  iFFT: 3.6262 / 6631 = 0.000546855   [/home/user/experiments/worktrees/HElib_ntt/src/CModulus.cpp:488]
  keySwitchPart: 24.7735 / 269 = 0.0920947   [/home/user/experiments/worktrees/HElib_ntt/src/Ctxt.cpp:836]
  modDownToSet: 18.6035 / 556 = 0.0334596   [/home/user/experiments/worktrees/HElib_ntt/src/Ctxt.cpp:409]
  mul_MatMul1DExec: 171.594 / 2 = 85.7969   [/home/user/experiments/worktrees/HElib_ntt/src/matmul.cpp:1285]
  multByConstant: 85.2743 / 32768 = 0.00260236   [/home/user/experiments/worktrees/HElib_ntt/src/Ctxt.cpp:1884]
  multLowLvl: 2.58996 / 15 = 0.172664   [/home/user/experiments/worktrees/HElib_ntt/src/Ctxt.cpp:1733]
  multiplyBy: 3.38511 / 9 = 0.376123   [/home/user/experiments/worktrees/HElib_ntt/src/Ctxt.cpp:1809]
  privateAssign: 0.621926 / 594 = 0.00104701   [/home/user/experiments/worktrees/HElib_ntt/src/Ctxt.cpp:329]
  randomize: 5.76586 / 1060 = 0.00543949   [/home/user/experiments/worktrees/HElib_ntt/src/DoubleCRT.cpp:1318]
  randomize_stream: 3.23002 / 3348964 = 9.64484e-07   [/home/user/experiments/worktrees/HElib_ntt/src/DoubleCRT.cpp:1348]
  reLinearize: 27.2255 / 534 = 0.0509841   [/home/user/experiments/worktrees/HElib_ntt/src/Ctxt.cpp:736]
  smartAutomorph: 24.7423 / 255 = 0.0970288   [/home/user/experiments/worktrees/HElib_ntt/src/Ctxt.cpp:2514]
  thinReCryptRefine: 178.142 / 1 = 178.142   [/home/user/experiments/worktrees/HElib_ntt/src/recryption.cpp:3066]
  toPoly: 12.371 / 1173 = 0.0105464   [/home/user/experiments/worktrees/HElib_ntt/src/DoubleCRT.cpp:985]
  toPoly_CRT: 6.32236 / 1173 = 0.00538991   [/home/user/experiments/worktrees/HElib_ntt/src/DoubleCRT.cpp:1052]
  toPoly_FFT: 5.51685 / 1173 = 0.0047032   [/home/user/experiments/worktrees/HElib_ntt/src/DoubleCRT.cpp:1030]
  rusage.ru_maxrss=210468484
||||| stats |||||
KS-noise-ratio ave=0.318772 max=84.8357
KS-noise-ratio-hoist ave=0.446836 max=0.893672
break-into-digits-ratio ave=0.317672 max=0.393457
excess-ctxtPrimes ave=4.49181 max=4.49181
excess-specialPrimes ave=3.27507 max=3.27507
mod-switch-added-noise ave=0.319542 max=0.39968
ptxt_rat_sk ave=0.00516032 max=0.00516032
ptxt_rat_sk ave=0.382973 max=0.382973
raw-mod-switch-noise ave=0.320923 max=0.320923
window1-nchoices ave=5.5 max=6
window1-out ave=0 max=0
window2-nchoices ave=3.76923 max=6
window2-out ave=0 max=0
||||| stats |||||
KS-noise-ratio ave=0.318772 max=84.8357
KS-noise-ratio-hoist ave=0.446836 max=0.893672
break-into-digits-ratio ave=0.317672 max=0.393457
excess-ctxtPrimes ave=4.49181 max=4.49181
excess-specialPrimes ave=3.27507 max=3.27507
mod-switch-added-noise ave=0.319542 max=0.39968
ptxt_rat_sk ave=0.00516032 max=0.00516032
ptxt_rat_sk ave=0.382973 max=0.382973
raw-mod-switch-noise ave=0.320923 max=0.320923
window1-nchoices ave=5.5 max=6
window1-out ave=0 max=0
window2-nchoices ave=3.76923 max=6
window2-out ave=0 max=0
