chosen idx = 1
encapHwt = 24
t for new bts is 0
new bts ? 1
new ks ? 1
thick bts ?0
s2cFirst ? 0
toy ? 0
repeat times = 1
### partition is 0 6 10 13 
*** GTestFatboot: p=8191, r=1, bits=980, t=0, c=3, m=65536 mvec=[65536], gens=[5], ords=[4096]
Computing key-independent tables...
t = 1
bound on I = 11.813708
log2(aux) = 12.999824
log2(beta) = 27.212092
log2(qks) >= 42.212473, final log2(qks) = 42.212473
log2(R) >= 21.340099, final log2(R) = 21.392318
INFO: total bits = 1331.71, security level = 78.1288
frob indices = 0 1 
frob indices = 0 1 
write file /home/luck/xzy/0424project/baselines/bgv-bootstrapping-with-homomorphic-NTT/saved_ZZX/8191_2_ZZX.txt
degs of poly for the first row and its null poly are 8191 / 50
security=78.1288
# small primes = 6
# ctxt primes = 17
# bits in ctxt primes = 984
# special primes = 6
# bits in special primes = 347
scale=10
 done in 79.5516 seconds
  e=0, e'=0, t=24
  m = 65536, p = 8191, phi(m) = 32768
  ord(p) = 8
  normBnd = 1
  polyNormBnd = 1
  factors = [2]
  generator 5 has order (!= Z_m^*) of 4096
r = 1
nslots = 4096
hwt = 120
ctxtPrimes = [6,7,8,9,10,11,12,13,14,15,16,17,18,19,20,21,22]
specialPrimes = [27,28,29,30,31,32]
number of bits = 1332

security level = 78.1288
Generating keys, Dim 0 has size 4096, using KSS_BSGS
computing key-dependent tables...Sparse boot key hwt = 24
 done in 17.1834 seconds
baby step indices = 0 1 2 3 4 5 6 7 8 9 10 11 12 13 14 49 50 51 52 53 54 55 56 57 58 59 60 61 62 63 
giant step indices = 0 63 
In MatMul1D, D = 4096, g = 64, native = 0, iterative = 0
MatMul1D, time: 0.998198, cap: 20.275583

baby step indices = 0 8 16 24 32 40 48 56 
giant step indices = 0 1 2 3 60 61 62 63 
In MatMul1D, D = 4096, g = 64, native = 0, iterative = 0
MatMul1D, time: 0.972270, cap: 23.312829

baby step indices = 0 
giant step indices = 0 2 4 6 8 10 12 14 16 18 20 22 24 26 28 30 32 34 36 38 40 42 44 46 48 50 52 54 56 58 60 62 
In BlockMatMul1DExec, dim = 0, D = 4096, native = 0, strategy = 1, iter0 = 0, iter1 = 0
BlockMatMul1D time: 1.020441, cap: 26.261735
WARNING: KS-noise-ratio = 80.3656 > 1
WARNING: KS-noise-ratio = 1.06301 > 1
baby step indices = 0 
giant step indices = 0 2 4 6 8 10 12 14 16 18 20 22 24 26 28 30 32 34 36 38 40 42 44 46 48 50 52 54 56 58 60 62 
In BlockMatMul1DExec, dim = 0, D = 4096, native = 0, strategy = 1, iter0 = 0, iter1 = 0
BlockMatMul1D time: 3.606388, cap: 39.433863
baby step indices = 0 8 16 24 32 40 48 56 
giant step indices = 0 1 2 3 60 61 62 63 
In MatMul1D, D = 4096, g = 64, native = 0, iterative = 0
MatMul1D, time: 3.264491, cap: 36.286152

baby step indices = 0 1 2 3 4 5 6 7 8 9 10 11 12 13 14 15 49 50 51 52 53 54 55 56 57 58 59 60 61 62 63 
giant step indices = 0 63 
In MatMul1D, D = 4096, g = 64, native = 0, iterative = 0
MatMul1D, time: 4.397655, cap: 32.768559

time for linear1 = 2.991762, linear2 = 12.277899, extract = 5.872211, total = 21.567452
bits for linear1 = 69.850147, linear2 = 119.518198, extract = 231.499882, min cap = 15.000380, after cap = 596.044151, after prod = 947.062231
cap / time = 23.702087

### summary over 1 test
time for linear1 = 2.991762, linear2 = 12.277899, extract = 5.872211, total = 21.567452
bits for linear1 = 69.850147, linear2 = 119.518198, extract = 231.499882, min cap = 15.000380, after cap = 596.044151, after prod = 947.062231
cap / time = 23.702087


### bts finished, everything ok ###

  AAA_bootKeySwitch: 0.329214 / 1 = 0.329214   [/home/luck/xzy/0424project/worktrees/HElib_ntt/src/recryption.cpp:3167]
  AAA_coeffToSlot: 12.2778 / 1 = 12.2778   [/home/luck/xzy/0424project/worktrees/HElib_ntt/src/recryption.cpp:3529]
  AAA_embeddingLargest: 0.03725 / 129 = 0.00028876   [/home/luck/xzy/0424project/worktrees/HElib_ntt/src/norms.cpp:250]
  AAA_embeddingLargest_x2: 0.041939 / 79 = 0.000530873   [/home/luck/xzy/0424project/worktrees/HElib_ntt/src/norms.cpp:423]
  AAA_extractDigitsThin: 5.87215 / 1 = 5.87215   [/home/luck/xzy/0424project/worktrees/HElib_ntt/src/recryption.cpp:3572]
  AAA_modDownEnbeddings: 0.044875 / 79 = 0.000568038   [/home/luck/xzy/0424project/worktrees/HElib_ntt/src/Ctxt.cpp:506]
  AAA_slotToCoeff: 2.99173 / 1 = 2.99173   [/home/luck/xzy/0424project/worktrees/HElib_ntt/src/recryption.cpp:3150]
  BasicAutomorphPrecon: 0.843056 / 10 = 0.0843056   [/home/luck/xzy/0424project/worktrees/HElib_ntt/src/matmul.cpp:70]
  Decrypt: 0.048929 / 1 = 0.048929   [/home/luck/xzy/0424project/worktrees/HElib_ntt/src/keys.cpp:1350]
  DoubleCRT: 2.31529 / 172 = 0.013461   [/home/luck/xzy/0424project/worktrees/HElib_ntt/src/DoubleCRT.cpp:718]
  FFT: 4.10929 / 3876 = 0.00106019   [/home/luck/xzy/0424project/worktrees/HElib_ntt/src/CModulus.cpp:448]
  FFT: 4.11073 / 287 = 0.0143231   [/home/luck/xzy/0424project/worktrees/HElib_ntt/src/DoubleCRT.cpp:70]
  FFT: 1.95213 / 3876 = 0.000503646   [/home/luck/xzy/0424project/worktrees/HElib_ntt/src/CModulus.cpp:479]
  FFT_aux: 1.95031 / 3876 = 0.000503176   [/home/luck/xzy/0424project/worktrees/HElib_ntt/src/CModulus.cpp:360]
  FFT_remainder: 2.15464 / 3876 = 0.000555892   [/home/luck/xzy/0424project/worktrees/HElib_ntt/src/CModulus.cpp:455]
  KS_loop: 6.81912 / 523 = 0.0130385   [/home/luck/xzy/0424project/worktrees/HElib_ntt/src/Ctxt.cpp:219]
  KS_loop_1: 1.06049 / 523 = 0.00202771   [/home/luck/xzy/0424project/worktrees/HElib_ntt/src/Ctxt.cpp:227]
  KS_loop_2: 1.16435 / 523 = 0.00222629   [/home/luck/xzy/0424project/worktrees/HElib_ntt/src/Ctxt.cpp:231]
  KS_loop_3: 1.0969 / 523 = 0.00209732   [/home/luck/xzy/0424project/worktrees/HElib_ntt/src/Ctxt.cpp:236]
  KS_loop_4: 0.320357 / 523 = 0.000612537   [/home/luck/xzy/0424project/worktrees/HElib_ntt/src/Ctxt.cpp:240]
  NORM_VAL: 0.198774 / 114 = 0.00174363   [/home/luck/xzy/0424project/worktrees/HElib_ntt/src/DoubleCRT.cpp:541]
  addCtxt: 0.875568 / 521 = 0.00168055   [/home/luck/xzy/0424project/worktrees/HElib_ntt/src/Ctxt.cpp:1458]
  addPart: 1.80086 / 1312 = 0.00137261   [/home/luck/xzy/0424project/worktrees/HElib_ntt/src/Ctxt.cpp:905]
  addPrimes: 3.13482 / 115 = 0.0272593   [/home/luck/xzy/0424project/worktrees/HElib_ntt/src/DoubleCRT.cpp:625]
  addPrimes_5: 3.44458 / 114 = 0.0302156   [/home/luck/xzy/0424project/worktrees/HElib_ntt/src/DoubleCRT.cpp:518]
  automorph: 7.3966 / 222 = 0.033318   [/home/luck/xzy/0424project/worktrees/HElib_ntt/src/matmul.cpp:118]
  automorph: 0.074909 / 26 = 0.00288112   [/home/luck/xzy/0424project/worktrees/HElib_ntt/src/Ctxt.cpp:2489]
  breakIntoDigits: 3.48831 / 49 = 0.07119   [/home/luck/xzy/0424project/worktrees/HElib_ntt/src/DoubleCRT.cpp:481]
  decode: 2.69423 / 1 = 2.69423   [/home/luck/xzy/0424project/worktrees/HElib_ntt/src/EncryptedArray.cpp:375]
  do_mul: 3.67457 / 1983 = 0.00185304   [/home/luck/xzy/0424project/worktrees/HElib_ntt/src/DoubleCRT.cpp:280]
  extractDigitsThin: 5.87214 / 1 = 5.87214   [/home/luck/xzy/0424project/worktrees/HElib_ntt/src/recryption.cpp:2149]
  iFFT: 1.01448 / 1712 = 0.000592567   [/home/luck/xzy/0424project/worktrees/HElib_ntt/src/CModulus.cpp:488]
  keySwitchPart: 4.19708 / 40 = 0.104927   [/home/luck/xzy/0424project/worktrees/HElib_ntt/src/Ctxt.cpp:836]
  modDownToSet: 5.72717 / 81 = 0.0707058   [/home/luck/xzy/0424project/worktrees/HElib_ntt/src/Ctxt.cpp:409]
  mul_BlockMatMul1DExec: 4.62829 / 2 = 2.31414   [/home/luck/xzy/0424project/worktrees/HElib_ntt/src/matmul.cpp:2551]
  mul_MatMul1DExec: 9.63418 / 4 = 2.40854   [/home/luck/xzy/0424project/worktrees/HElib_ntt/src/matmul.cpp:1285]
  multByConstant: 1.43423 / 438 = 0.00327449   [/home/luck/xzy/0424project/worktrees/HElib_ntt/src/Ctxt.cpp:1884]
  multLowLvl: 2.52852 / 15 = 0.168568   [/home/luck/xzy/0424project/worktrees/HElib_ntt/src/Ctxt.cpp:1733]
  multiplyBy: 3.28565 / 9 = 0.365073   [/home/luck/xzy/0424project/worktrees/HElib_ntt/src/Ctxt.cpp:1809]
  privateAssign: 0.241967 / 145 = 0.00166874   [/home/luck/xzy/0424project/worktrees/HElib_ntt/src/Ctxt.cpp:329]
  randomize: 2.79682 / 523 = 0.00534764   [/home/luck/xzy/0424project/worktrees/HElib_ntt/src/DoubleCRT.cpp:1318]
  randomize_stream: 1.56936 / 1647844 = 9.52375e-07   [/home/luck/xzy/0424project/worktrees/HElib_ntt/src/DoubleCRT.cpp:1348]
  reLinearize: 7.11482 / 61 = 0.116636   [/home/luck/xzy/0424project/worktrees/HElib_ntt/src/Ctxt.cpp:736]
  smartAutomorph: 4.30314 / 25 = 0.172125   [/home/luck/xzy/0424project/worktrees/HElib_ntt/src/Ctxt.cpp:2514]
  thinReCryptRefine: 21.5698 / 1 = 21.5698   [/home/luck/xzy/0424project/worktrees/HElib_ntt/src/recryption.cpp:3066]
  toPoly: 3.2273 / 288 = 0.0112059   [/home/luck/xzy/0424project/worktrees/HElib_ntt/src/DoubleCRT.cpp:985]
  toPoly_CRT: 1.60459 / 288 = 0.0055715   [/home/luck/xzy/0424project/worktrees/HElib_ntt/src/DoubleCRT.cpp:1052]
  toPoly_FFT: 1.49199 / 288 = 0.00518052   [/home/luck/xzy/0424project/worktrees/HElib_ntt/src/DoubleCRT.cpp:1030]
  rusage.ru_maxrss=10190708
||||| stats |||||
KS-noise-ratio ave=2.07451 max=80.3656
KS-noise-ratio-hoist ave=0.0128764 max=0.128764
break-into-digits-ratio ave=0.313533 max=0.437221
excess-ctxtPrimes ave=4.49181 max=4.49181
excess-specialPrimes ave=3.27507 max=3.27507
mod-switch-added-noise ave=0.322952 max=0.384628
ptxt_rat_sk ave=0.00363988 max=0.00363988
ptxt_rat_sk ave=0.15322 max=0.15322
raw-mod-switch-noise ave=0.309094 max=0.309094
window1-nchoices ave=4.5 max=5
window1-out ave=0 max=0
window2-nchoices ave=4.30769 max=5
window2-out ave=0 max=0
||||| stats |||||
KS-noise-ratio ave=2.07451 max=80.3656
KS-noise-ratio-hoist ave=0.0128764 max=0.128764
break-into-digits-ratio ave=0.313533 max=0.437221
excess-ctxtPrimes ave=4.49181 max=4.49181
excess-specialPrimes ave=3.27507 max=3.27507
mod-switch-added-noise ave=0.322952 max=0.384628
ptxt_rat_sk ave=0.00363988 max=0.00363988
ptxt_rat_sk ave=0.15322 max=0.15322
raw-mod-switch-noise ave=0.309094 max=0.309094
window1-nchoices ave=4.5 max=5
window1-out ave=0 max=0
window2-nchoices ave=4.30769 max=5
window2-out ave=0 max=0
