chosen idx = 2
encapHwt = 26
t for new bts is 0
new bts ? 1
new ks ? 1
thick bts ?0
s2cFirst ? 0
toy ? 0
repeat times = 1
### partition is 0 7 12 15 
*** GTestFatboot: p=131071, r=1, bits=980, t=0, c=3, m=65536 mvec=[65536], gens=[5], ords=[16384]
Computing key-independent tables...
t = 1
bound on I = 12.275681
log2(aux) = 16.999989
log2(beta) = 31.212258
log2(qks) >= 50.212825, final log2(qks) = 50.212825
log2(R) >= 24.006883, final log2(R) = 24.049849
INFO: total bits = 1331.71, security level = 78.1288
frob indices = 0 1 
frob indices = 0 1 
write file /home/luck/xzy/0424project/baselines/bgv-bootstrapping-with-homomorphic-NTT/saved_ZZX/131071_2_ZZX.txt
degs of poly for the first row and its null poly are 131071 / 54
security=78.1288
# small primes = 6
# ctxt primes = 17
# bits in ctxt primes = 984
# special primes = 6
# bits in special primes = 347
scale=10
 done in 1770.87 seconds
  e=0, e'=0, t=26
  m = 65536, p = 131071, phi(m) = 32768
  ord(p) = 2
  normBnd = 1
  polyNormBnd = 1
  factors = [2]
  generator 5 has order (== Z_m^*) of 16384
r = 1
nslots = 16384
hwt = 120
ctxtPrimes = [6,7,8,9,10,11,12,13,14,15,16,17,18,19,20,21,22]
specialPrimes = [27,28,29,30,31,32]
number of bits = 1332

security level = 78.1288
Generating keys, Dim 0 has size 16384, using KSS_BSGS
computing key-dependent tables...Sparse boot key hwt = 26
 done in 30.1166 seconds
baby step indices = 0 1 2 3 4 5 6 7 8 9 10 11 12 13 14 113 114 115 116 117 118 119 120 121 122 123 124 125 126 127 
giant step indices = 0 127 
In MatMul1D, D = 16384, g = 128, native = 1, iterative = 0
MatMul1D, time: 1.597263, cap: 24.592991

baby step indices = 0 8 16 24 32 40 48 56 64 72 80 88 96 104 112 120 
giant step indices = 0 1 2 3 124 125 126 127 
In MatMul1D, D = 16384, g = 128, native = 1, iterative = 0
MatMul1D, time: 1.169849, cap: 28.876392

baby step indices = 0 
giant step indices = 0 2 4 6 8 10 12 14 16 18 20 22 24 26 28 30 32 34 36 38 40 42 44 46 48 50 52 54 56 58 60 62 64 66 68 70 72 74 76 78 80 82 84 86 88 90 92 94 96 98 100 102 104 106 108 110 112 114 116 118 120 122 124 126 
In BlockMatMul1DExec, dim = 0, D = 16384, native = 1, strategy = 1, iter0 = 0, iter1 = 0
BlockMatMul1D time: 1.194925, cap: 31.387433
WARNING: KS-noise-ratio = 1.02024 > 1
WARNING: KS-noise-ratio = 79.4712 > 1
baby step indices = 0 
giant step indices = 0 2 4 6 8 10 12 14 16 18 20 22 24 26 28 30 32 34 36 38 40 42 44 46 48 50 52 54 56 58 60 62 64 66 68 70 72 74 76 78 80 82 84 86 88 90 92 94 96 98 100 102 104 106 108 110 112 114 116 118 120 122 124 126 
In BlockMatMul1DExec, dim = 0, D = 16384, native = 1, strategy = 1, iter0 = 0, iter1 = 0
BlockMatMul1D time: 4.773654, cap: 49.385373
baby step indices = 0 8 16 24 32 40 48 56 64 72 80 88 96 104 112 120 
giant step indices = 0 1 2 3 124 125 126 127 
In MatMul1D, D = 16384, g = 128, native = 1, iterative = 0
MatMul1D, time: 3.775944, cap: 45.909757

baby step indices = 0 1 2 3 4 5 6 7 8 9 10 11 12 13 14 15 113 114 115 116 117 118 119 120 121 122 123 124 125 126 127 
giant step indices = 0 127 
In MatMul1D, D = 16384, g = 128, native = 1, iterative = 0
MatMul1D, time: 4.239828, cap: 40.563355

time for linear1 = 3.962181, linear2 = 13.009534, extract = 5.220187, total = 22.583598
bits for linear1 = 84.856816, linear2 = 143.789002, extract = 276.055627, min cap = 19.000567, after cap = 519.111809, after prod = 938.956438
cap / time = 18.387434

### summary over 1 test
time for linear1 = 3.962181, linear2 = 13.009534, extract = 5.220187, total = 22.583598
bits for linear1 = 84.856816, linear2 = 143.789002, extract = 276.055627, min cap = 19.000567, after cap = 519.111809, after prod = 938.956438
cap / time = 18.387434


### bts finished, everything ok ###

  AAA_bootKeySwitch: 0.325231 / 1 = 0.325231   [/home/luck/xzy/0424project/worktrees/HElib_ntt/src/recryption.cpp:3167]
  AAA_coeffToSlot: 13.0093 / 1 = 13.0093   [/home/luck/xzy/0424project/worktrees/HElib_ntt/src/recryption.cpp:3529]
  AAA_embeddingLargest: 0.02654 / 102 = 0.000260196   [/home/luck/xzy/0424project/worktrees/HElib_ntt/src/norms.cpp:250]
  AAA_embeddingLargest_x2: 0.071259 / 140 = 0.000508993   [/home/luck/xzy/0424project/worktrees/HElib_ntt/src/norms.cpp:423]
  AAA_extractDigitsThin: 5.22011 / 1 = 5.22011   [/home/luck/xzy/0424project/worktrees/HElib_ntt/src/recryption.cpp:3572]
  AAA_modDownEnbeddings: 0.073963 / 140 = 0.000528307   [/home/luck/xzy/0424project/worktrees/HElib_ntt/src/Ctxt.cpp:506]
  AAA_slotToCoeff: 3.96212 / 1 = 3.96212   [/home/luck/xzy/0424project/worktrees/HElib_ntt/src/recryption.cpp:3150]
  BasicAutomorphPrecon: 0.340551 / 6 = 0.0567585   [/home/luck/xzy/0424project/worktrees/HElib_ntt/src/matmul.cpp:70]
  Decrypt: 0.04817 / 1 = 0.04817   [/home/luck/xzy/0424project/worktrees/HElib_ntt/src/keys.cpp:1350]
  DoubleCRT: 3.29021 / 293 = 0.0112294   [/home/luck/xzy/0424project/worktrees/HElib_ntt/src/DoubleCRT.cpp:718]
  FFT: 4.53678 / 4560 = 0.000994907   [/home/luck/xzy/0424project/worktrees/HElib_ntt/src/CModulus.cpp:448]
  FFT: 4.53819 / 382 = 0.0118801   [/home/luck/xzy/0424project/worktrees/HElib_ntt/src/DoubleCRT.cpp:70]
  FFT: 2.06358 / 4560 = 0.00045254   [/home/luck/xzy/0424project/worktrees/HElib_ntt/src/CModulus.cpp:479]
  FFT_aux: 2.06143 / 4560 = 0.000452068   [/home/luck/xzy/0424project/worktrees/HElib_ntt/src/CModulus.cpp:360]
  FFT_remainder: 2.47093 / 4560 = 0.00054187   [/home/luck/xzy/0424project/worktrees/HElib_ntt/src/CModulus.cpp:455]
  KS_loop: 6.12254 / 510 = 0.012005   [/home/luck/xzy/0424project/worktrees/HElib_ntt/src/Ctxt.cpp:219]
  KS_loop_1: 1.03141 / 510 = 0.00202237   [/home/luck/xzy/0424project/worktrees/HElib_ntt/src/Ctxt.cpp:227]
  KS_loop_2: 0.632992 / 510 = 0.00124116   [/home/luck/xzy/0424project/worktrees/HElib_ntt/src/Ctxt.cpp:231]
  KS_loop_3: 1.05465 / 510 = 0.00206794   [/home/luck/xzy/0424project/worktrees/HElib_ntt/src/Ctxt.cpp:236]
  KS_loop_4: 0.351084 / 510 = 0.0006884   [/home/luck/xzy/0424project/worktrees/HElib_ntt/src/Ctxt.cpp:240]
  NORM_VAL: 0.148302 / 88 = 0.00168525   [/home/luck/xzy/0424project/worktrees/HElib_ntt/src/DoubleCRT.cpp:541]
  addCtxt: 0.797853 / 649 = 0.00122936   [/home/luck/xzy/0424project/worktrees/HElib_ntt/src/Ctxt.cpp:1458]
  addPart: 1.27393 / 1282 = 0.000993703   [/home/luck/xzy/0424project/worktrees/HElib_ntt/src/Ctxt.cpp:905]
  addPrimes: 2.23627 / 89 = 0.0251267   [/home/luck/xzy/0424project/worktrees/HElib_ntt/src/DoubleCRT.cpp:625]
  addPrimes_5: 2.46671 / 88 = 0.0280308   [/home/luck/xzy/0424project/worktrees/HElib_ntt/src/DoubleCRT.cpp:518]
  automorph: 6.98124 / 221 = 0.0315893   [/home/luck/xzy/0424project/worktrees/HElib_ntt/src/matmul.cpp:118]
  automorph: 0.03451 / 19 = 0.00181632   [/home/luck/xzy/0424project/worktrees/HElib_ntt/src/Ctxt.cpp:2489]
  breakIntoDigits: 2.49886 / 38 = 0.0657596   [/home/luck/xzy/0424project/worktrees/HElib_ntt/src/DoubleCRT.cpp:481]
  decode: 9.62299 / 1 = 9.62299   [/home/luck/xzy/0424project/worktrees/HElib_ntt/src/EncryptedArray.cpp:375]
  do_mul: 3.67406 / 2221 = 0.00165424   [/home/luck/xzy/0424project/worktrees/HElib_ntt/src/DoubleCRT.cpp:280]
  extractDigitsThin: 5.22011 / 1 = 5.22011   [/home/luck/xzy/0424project/worktrees/HElib_ntt/src/recryption.cpp:2149]
  iFFT: 1.25688 / 2290 = 0.000548858   [/home/luck/xzy/0424project/worktrees/HElib_ntt/src/CModulus.cpp:488]
  keySwitchPart: 3.1024 / 33 = 0.094012   [/home/luck/xzy/0424project/worktrees/HElib_ntt/src/Ctxt.cpp:836]
  modDownToSet: 8.76044 / 159 = 0.0550971   [/home/luck/xzy/0424project/worktrees/HElib_ntt/src/Ctxt.cpp:409]
  mul_BlockMatMul1DExec: 5.96866 / 2 = 2.98433   [/home/luck/xzy/0424project/worktrees/HElib_ntt/src/matmul.cpp:2551]
  mul_MatMul1DExec: 10.783 / 4 = 2.69575   [/home/luck/xzy/0424project/worktrees/HElib_ntt/src/matmul.cpp:1285]
  multByConstant: 1.51137 / 570 = 0.00265152   [/home/luck/xzy/0424project/worktrees/HElib_ntt/src/Ctxt.cpp:1884]
  multLowLvl: 2.29612 / 15 = 0.153075   [/home/luck/xzy/0424project/worktrees/HElib_ntt/src/Ctxt.cpp:1733]
  multiplyBy: 2.83187 / 9 = 0.314653   [/home/luck/xzy/0424project/worktrees/HElib_ntt/src/Ctxt.cpp:1809]
  privateAssign: 0.154121 / 132 = 0.00116758   [/home/luck/xzy/0424project/worktrees/HElib_ntt/src/Ctxt.cpp:329]
  randomize: 2.71737 / 510 = 0.00532817   [/home/luck/xzy/0424project/worktrees/HElib_ntt/src/DoubleCRT.cpp:1318]
  randomize_stream: 1.51076 / 1606897 = 9.40174e-07   [/home/luck/xzy/0424project/worktrees/HElib_ntt/src/DoubleCRT.cpp:1348]
  reLinearize: 4.38916 / 143 = 0.0306934   [/home/luck/xzy/0424project/worktrees/HElib_ntt/src/Ctxt.cpp:736]
  smartAutomorph: 1.89079 / 19 = 0.0995152   [/home/luck/xzy/0424project/worktrees/HElib_ntt/src/Ctxt.cpp:2514]
  thinReCryptRefine: 22.5859 / 1 = 22.5859   [/home/luck/xzy/0424project/worktrees/HElib_ntt/src/recryption.cpp:3066]
  toPoly: 4.09602 / 383 = 0.0106946   [/home/luck/xzy/0424project/worktrees/HElib_ntt/src/DoubleCRT.cpp:985]
  toPoly_CRT: 2.06102 / 383 = 0.00538126   [/home/luck/xzy/0424project/worktrees/HElib_ntt/src/DoubleCRT.cpp:1052]
  toPoly_FFT: 1.87488 / 383 = 0.00489525   [/home/luck/xzy/0424project/worktrees/HElib_ntt/src/DoubleCRT.cpp:1030]
  rusage.ru_maxrss=25264028
||||| stats |||||
KS-noise-ratio ave=2.43915 max=79.4712
KS-noise-ratio-hoist ave=0.164026 max=0.984157
break-into-digits-ratio ave=0.307939 max=0.367788
excess-ctxtPrimes ave=4.49181 max=4.49181
excess-specialPrimes ave=3.27507 max=3.27507
mod-switch-added-noise ave=0.317819 max=0.377386
ptxt_rat_sk ave=0.00504182 max=0.00504182
ptxt_rat_sk ave=0.39284 max=0.39284
raw-mod-switch-noise ave=0.297296 max=0.297296
window1-nchoices ave=3.5 max=4
window1-out ave=0 max=0
window2-nchoices ave=3.92308 max=6
window2-out ave=0 max=0
||||| stats |||||
KS-noise-ratio ave=2.43915 max=79.4712
KS-noise-ratio-hoist ave=0.164026 max=0.984157
break-into-digits-ratio ave=0.307939 max=0.367788
excess-ctxtPrimes ave=4.49181 max=4.49181
excess-specialPrimes ave=3.27507 max=3.27507
mod-switch-added-noise ave=0.317819 max=0.377386
ptxt_rat_sk ave=0.00504182 max=0.00504182
ptxt_rat_sk ave=0.39284 max=0.39284
raw-mod-switch-noise ave=0.297296 max=0.297296
window1-nchoices ave=3.5 max=4
window1-out ave=0 max=0
window2-nchoices ave=3.92308 max=6
window2-out ave=0 max=0
