chosen idx = 0
encapHwt = 26
t for new bts is 0
new bts ? 1
new ks ? 1
thick bts ?0
s2cFirst ? 0
toy ? 0
repeat times = 1
### partition is 0 6 12 16 
*** GTestFatboot: p=65537, r=1, bits=980, t=0, c=3, m=65536 mvec=[65536], gens=[-1 5], ords=[2 16384]
Computing key-independent tables...
t = 1
bound on I = 12.275681
log2(aux) = 16.000022
log2(beta) = 30.212291
log2(qks) >= 48.212891, final log2(qks) = 48.212891
log2(R) >= 23.340238, final log2(R) = 23.426265
INFO: total bits = 1331.71, security level = 78.1288
write file /home/luck/xzy/0424project/baselines/bgv-bootstrapping-with-homomorphic-NTT/saved_ZZX/65537_2_ZZX.txt
degs of poly for the first row and its null poly are 65537 / 54
security=78.1288
# small primes = 6
# ctxt primes = 17
# bits in ctxt primes = 984
# special primes = 6
# bits in special primes = 347
scale=10
 done in 712.098 seconds
  e=0, e'=0, t=26
  m = 65536, p = 65537, phi(m) = 32768
  ord(p) = 1
  normBnd = 1
  polyNormBnd = 1
  factors = [2]
  generator -1 has order (== Z_m^*) of 2
  generator 5 has order (== Z_m^*) of 16384
r = 1
nslots = 32768
hwt = 120
ctxtPrimes = [6,7,8,9,10,11,12,13,14,15,16,17,18,19,20,21,22]
specialPrimes = [27,28,29,30,31,32]
number of bits = 1332

security level = 78.1288
Generating keys, Dim 0 has size 2, using KSS_FULL
Dim 1 has size 16384, using KSS_BSGS
computing key-dependent tables...Sparse boot key hwt = 26
 done in 30.7004 seconds
baby step indices = 0 1 2 3 4 5 6 7 121 122 123 124 125 126 127 
giant step indices = 0 127 
In MatMul1D, D = 16384, g = 128, native = 1, iterative = 0
MatMul1D, time: 0.929899, cap: 22.658068

baby step indices = 0 8 16 24 32 40 48 56 64 72 80 88 96 104 112 120 
giant step indices = 0 1 2 3 124 125 126 127 
In MatMul1D, D = 16384, g = 128, native = 1, iterative = 0
MatMul1D, time: 1.184030, cap: 27.584939

baby step indices = 0 
giant step indices = 0 4 8 12 16 20 24 28 32 36 40 44 48 52 56 60 64 68 72 76 80 84 88 92 96 100 104 108 112 116 120 124 
In MatMul1D, D = 16384, g = 128, native = 1, iterative = 0
MatMul1D, time: 1.742846, cap: 28.400592

baby step indices = 0 
giant step indices = 0 4 8 12 16 20 24 28 32 36 40 44 48 52 56 60 64 68 72 76 80 84 88 92 96 100 104 108 112 116 120 124 
In MatMul1D, D = 16384, g = 128, native = 1, iterative = 0
MatMul1D, time: 4.402974, cap: 52.411439

baby step indices = 0 8 16 24 32 40 48 56 64 72 80 88 96 104 112 120 
giant step indices = 0 1 2 3 124 125 126 127 
In MatMul1D, D = 16384, g = 128, native = 1, iterative = 0
MatMul1D, time: 3.796359, cap: 43.587117

baby step indices = 0 1 2 3 4 5 6 7 121 122 123 124 125 126 127 
giant step indices = 0 127 
In MatMul1D, D = 16384, g = 128, native = 1, iterative = 0
MatMul1D, time: 2.655697, cap: 37.957812

time for linear1 = 3.856981, linear2 = 10.855472, extract = 5.471658, total = 20.564073
bits for linear1 = 78.643599, linear2 = 133.956368, extract = 264.267852, min cap = 18.000600, after cap = 542.800403, after prod = 941.024623
cap / time = 21.695906

### summary over 1 test
time for linear1 = 3.856981, linear2 = 10.855472, extract = 5.471658, total = 20.564073
bits for linear1 = 78.643599, linear2 = 133.956368, extract = 264.267852, min cap = 18.000600, after cap = 542.800403, after prod = 941.024623
cap / time = 21.695906


### bts finished, everything ok ###

  AAA_bootKeySwitch: 0.310569 / 1 = 0.310569   [/home/luck/xzy/0424project/worktrees/HElib_ntt/src/recryption.cpp:3167]
  AAA_coeffToSlot: 10.8553 / 1 = 10.8553   [/home/luck/xzy/0424project/worktrees/HElib_ntt/src/recryption.cpp:3529]
  AAA_embeddingLargest: 0.02714 / 104 = 0.000260962   [/home/luck/xzy/0424project/worktrees/HElib_ntt/src/norms.cpp:250]
  AAA_embeddingLargest_x2: 0.089653 / 170 = 0.000527371   [/home/luck/xzy/0424project/worktrees/HElib_ntt/src/norms.cpp:423]
  AAA_extractDigitsThin: 5.47159 / 1 = 5.47159   [/home/luck/xzy/0424project/worktrees/HElib_ntt/src/recryption.cpp:3572]
  AAA_modDownEnbeddings: 0.092582 / 170 = 0.0005446   [/home/luck/xzy/0424project/worktrees/HElib_ntt/src/Ctxt.cpp:506]
  AAA_slotToCoeff: 3.85693 / 1 = 3.85693   [/home/luck/xzy/0424project/worktrees/HElib_ntt/src/recryption.cpp:3150]
  BasicAutomorphPrecon: 0.363353 / 6 = 0.0605588   [/home/luck/xzy/0424project/worktrees/HElib_ntt/src/matmul.cpp:70]
  Decrypt: 0.048027 / 1 = 0.048027   [/home/luck/xzy/0424project/worktrees/HElib_ntt/src/keys.cpp:1350]
  DoubleCRT: 3.9561 / 354 = 0.0111754   [/home/luck/xzy/0424project/worktrees/HElib_ntt/src/DoubleCRT.cpp:718]
  FFT: 5.23927 / 443 = 0.0118268   [/home/luck/xzy/0424project/worktrees/HElib_ntt/src/DoubleCRT.cpp:70]
  FFT: 5.23744 / 5150 = 0.00101698   [/home/luck/xzy/0424project/worktrees/HElib_ntt/src/CModulus.cpp:448]
  FFT: 2.38856 / 5150 = 0.000463797   [/home/luck/xzy/0424project/worktrees/HElib_ntt/src/CModulus.cpp:479]
  FFT_aux: 2.38625 / 5150 = 0.000463349   [/home/luck/xzy/0424project/worktrees/HElib_ntt/src/CModulus.cpp:360]
  FFT_remainder: 2.84607 / 5150 = 0.000552636   [/home/luck/xzy/0424project/worktrees/HElib_ntt/src/CModulus.cpp:455]
  KS_loop: 4.01472 / 320 = 0.012546   [/home/luck/xzy/0424project/worktrees/HElib_ntt/src/Ctxt.cpp:219]
  KS_loop_1: 0.649923 / 320 = 0.00203101   [/home/luck/xzy/0424project/worktrees/HElib_ntt/src/Ctxt.cpp:227]
  KS_loop_2: 0.558318 / 320 = 0.00174474   [/home/luck/xzy/0424project/worktrees/HElib_ntt/src/Ctxt.cpp:231]
  KS_loop_3: 0.661568 / 320 = 0.0020674   [/home/luck/xzy/0424project/worktrees/HElib_ntt/src/Ctxt.cpp:236]
  KS_loop_4: 0.221352 / 320 = 0.000691725   [/home/luck/xzy/0424project/worktrees/HElib_ntt/src/Ctxt.cpp:240]
  NORM_VAL: 0.154849 / 89 = 0.00173988   [/home/luck/xzy/0424project/worktrees/HElib_ntt/src/DoubleCRT.cpp:541]
  addCtxt: 0.574385 / 460 = 0.00124866   [/home/luck/xzy/0424project/worktrees/HElib_ntt/src/Ctxt.cpp:1458]
  addPart: 0.998904 / 808 = 0.00123627   [/home/luck/xzy/0424project/worktrees/HElib_ntt/src/Ctxt.cpp:905]
  addPrimes: 2.32007 / 90 = 0.0257785   [/home/luck/xzy/0424project/worktrees/HElib_ntt/src/DoubleCRT.cpp:625]
  addPrimes_5: 2.56185 / 89 = 0.0287849   [/home/luck/xzy/0424project/worktrees/HElib_ntt/src/DoubleCRT.cpp:518]
  automorph: 4.10471 / 126 = 0.0325771   [/home/luck/xzy/0424project/worktrees/HElib_ntt/src/matmul.cpp:118]
  automorph: 0.033516 / 20 = 0.0016758   [/home/luck/xzy/0424project/worktrees/HElib_ntt/src/Ctxt.cpp:2489]
  breakIntoDigits: 2.59788 / 39 = 0.0666124   [/home/luck/xzy/0424project/worktrees/HElib_ntt/src/DoubleCRT.cpp:481]
  decode: 16.1819 / 1 = 16.1819   [/home/luck/xzy/0424project/worktrees/HElib_ntt/src/EncryptedArray.cpp:375]
  do_mul: 2.16364 / 1457 = 0.001485   [/home/luck/xzy/0424project/worktrees/HElib_ntt/src/DoubleCRT.cpp:280]
  extractDigitsThin: 5.47158 / 1 = 5.47158   [/home/luck/xzy/0424project/worktrees/HElib_ntt/src/recryption.cpp:2149]
  iFFT: 1.4762 / 2671 = 0.000552678   [/home/luck/xzy/0424project/worktrees/HElib_ntt/src/CModulus.cpp:488]
  keySwitchPart: 3.22886 / 34 = 0.0949665   [/home/luck/xzy/0424project/worktrees/HElib_ntt/src/Ctxt.cpp:836]
  modDownToSet: 10.6222 / 190 = 0.0559063   [/home/luck/xzy/0424project/worktrees/HElib_ntt/src/Ctxt.cpp:409]
  mul_MatMul1DExec: 14.7122 / 6 = 2.45204   [/home/luck/xzy/0424project/worktrees/HElib_ntt/src/matmul.cpp:1285]
  multByConstant: 0.772032 / 378 = 0.00204241   [/home/luck/xzy/0424project/worktrees/HElib_ntt/src/Ctxt.cpp:1884]
  multLowLvl: 2.37565 / 15 = 0.158376   [/home/luck/xzy/0424project/worktrees/HElib_ntt/src/Ctxt.cpp:1733]
  multiplyBy: 3.184 / 9 = 0.353778   [/home/luck/xzy/0424project/worktrees/HElib_ntt/src/Ctxt.cpp:1809]
  privateAssign: 0.160928 / 136 = 0.00118329   [/home/luck/xzy/0424project/worktrees/HElib_ntt/src/Ctxt.cpp:329]
  randomize: 1.68458 / 320 = 0.00526431   [/home/luck/xzy/0424project/worktrees/HElib_ntt/src/DoubleCRT.cpp:1318]
  randomize_stream: 0.94591 / 1004876 = 9.4132e-07   [/home/luck/xzy/0424project/worktrees/HElib_ntt/src/DoubleCRT.cpp:1348]
  reLinearize: 4.58144 / 177 = 0.0258838   [/home/luck/xzy/0424project/worktrees/HElib_ntt/src/Ctxt.cpp:736]
  smartAutomorph: 1.89984 / 20 = 0.0949919   [/home/luck/xzy/0424project/worktrees/HElib_ntt/src/Ctxt.cpp:2514]
  thinReCryptRefine: 20.5664 / 1 = 20.5664   [/home/luck/xzy/0424project/worktrees/HElib_ntt/src/recryption.cpp:3066]
  toPoly: 4.83381 / 445 = 0.0108625   [/home/luck/xzy/0424project/worktrees/HElib_ntt/src/DoubleCRT.cpp:985]
  toPoly_CRT: 2.38844 / 445 = 0.00536727   [/home/luck/xzy/0424project/worktrees/HElib_ntt/src/DoubleCRT.cpp:1052]
  toPoly_FFT: 2.23979 / 445 = 0.00503324   [/home/luck/xzy/0424project/worktrees/HElib_ntt/src/DoubleCRT.cpp:1030]
  rusage.ru_maxrss=32538904
||||| stats |||||
KS-noise-ratio ave=0.0292462 max=0.994269
KS-noise-ratio-hoist ave=14.1813 max=85.0879
break-into-digits-ratio ave=0.309665 max=0.407942
excess-ctxtPrimes ave=4.49181 max=4.49181
excess-specialPrimes ave=3.27507 max=3.27507
mod-switch-added-noise ave=0.317392 max=0.396279
ptxt_rat_sk ave=0.0114272 max=0.0114272
ptxt_rat_sk ave=0.324026 max=0.324026
raw-mod-switch-noise ave=0.293946 max=0.293946
window1-nchoices ave=4.5 max=5
window1-out ave=0 max=0
window2-nchoices ave=4.07692 max=6
window2-out ave=0 max=0
||||| stats |||||
KS-noise-ratio ave=0.0292462 max=0.994269
KS-noise-ratio-hoist ave=14.1813 max=85.0879
break-into-digits-ratio ave=0.309665 max=0.407942
excess-ctxtPrimes ave=4.49181 max=4.49181
excess-specialPrimes ave=3.27507 max=3.27507
mod-switch-added-noise ave=0.317392 max=0.396279
ptxt_rat_sk ave=0.0114272 max=0.0114272
ptxt_rat_sk ave=0.324026 max=0.324026
raw-mod-switch-noise ave=0.293946 max=0.293946
window1-nchoices ave=4.5 max=5
window1-out ave=0 max=0
window2-nchoices ave=4.07692 max=6
window2-out ave=0 max=0
