chosen idx = 4
encapHwt = 12
t for new bts is -1
new bts ? 1
new ks ? 1
thick bts ?0
repeat times = 3
force bsgs = 0
force hoist = 0
*** GTestFatboot: p=65537, r=1, bits=1500, t=0, c=3, m=50731 mvec=[97 523], gens=[48117 5239], ords=[96 29]
Computing key-independent tables...
t = -1
bound on I = 16.402088
log2(aux) = 5.129283
log2(beta) = 30.546816
log2(qks) >= 38.373355, final log2(qks) = 38.373361
log2(R) >= 28.191770, final log2(R) = 28.192822
INFO: total bits = 2017.44, security level = 78.8964deg of poly for non-power-of-p aux is 1223
security=78.8964
# small primes = 6
# ctxt primes = 26
# bits in ctxt primes = 1505
# special primes = 9
# bits in special primes = 512
scale=10
 done in 270.633 seconds
  e=0, e'=0, t=12
  m = 50731, p = 65537, phi(m) = 50112
  ord(p) = 18
  normBnd = 1.62099
  polyNormBnd = 5.6346
  factors = [97 523]
  generator 48117 has order (== Z_m^*) of 96
  generator 5239 has order (== Z_m^*) of 29
r = 1
nslots = 2784
hwt = 120
ctxtPrimes = [6,7,8,9,10,11,12,13,14,15,16,17,18,19,20,21,22,23,24,25,26,27,28,29,30,31]
specialPrimes = [36,37,38,39,40,41,42,43,44]
number of bits = 2018

security level = 78.8964
Generating keys, computing key-dependent tables...Sparse boot key hwt = 12
 done in 42.0531 seconds
WARNING: KS-noise-ratio = 1.07505 > 1
WARNING: KS-noise-ratio = 1789.01 > 1
time for linear1 = 4.614521, linear2 = 45.368782, extract = 160.520337, total = 212.870691
bits for linear1 = 55.711455, linear2 = 64.879938, extract = 354.228911, min cap = 7.826545, after cap = 1038.497882, after prod = 1457.606731
cap / time = 4.580057
WARNING: KS-noise-ratio = 1319.93 > 1
time for linear1 = 4.321101, linear2 = 45.314570, extract = 161.361991, total = 213.740190
bits for linear1 = 55.711455, linear2 = 64.758181, extract = 354.387734, min cap = 7.826545, after cap = 1038.360589, after prod = 1457.506504
cap / time = 4.560783
WARNING: KS-noise-ratio = 1.05623 > 1
WARNING: KS-noise-ratio = 1539.15 > 1
time for linear1 = 4.348797, linear2 = 45.123198, extract = 160.467474, total = 212.696840
bits for linear1 = 55.711455, linear2 = 64.694264, extract = 354.566097, min cap = 7.826545, after cap = 1038.146564, after prod = 1457.406924
cap / time = 4.582149

### summary over 3 test
time for linear1 = 4.428140, linear2 = 45.268850, extract = 160.783267, total = 213.102573
bits for linear1 = 55.711455, linear2 = 64.777461, extract = 354.394247, min cap = 7.826545, after cap = 1038.335012, after prod = 1457.506720
cap / time = 4.574309


### bts finished, everything ok ###

  AAA_bootKeySwitch: 74.1718 / 3 = 24.7239   [/home/luck/xzy/0424project/worktrees/HElib_large_p/src/recryption.cpp:1929]
  AAA_coeffToSlot: 67.2629 / 3 = 22.421   [/home/luck/xzy/0424project/worktrees/HElib_large_p/src/recryption.cpp:2299]
  AAA_embeddingLargest: 2.43698 / 912 = 0.00267213   [/home/luck/xzy/0424project/worktrees/HElib_large_p/src/norms.cpp:250]
  AAA_embeddingLargest_x2: 1.86295 / 701 = 0.00265756   [/home/luck/xzy/0424project/worktrees/HElib_large_p/src/norms.cpp:423]
  AAA_extractDigitsThin: 482.343 / 3 = 160.781   [/home/luck/xzy/0424project/worktrees/HElib_large_p/src/recryption.cpp:2339]
  AAA_modDownEnbeddings: 2.19205 / 701 = 0.00312703   [/home/luck/xzy/0424project/worktrees/HElib_large_p/src/Ctxt.cpp:506]
  AAA_slotToCoeff: 13.2843 / 3 = 4.42808   [/home/luck/xzy/0424project/worktrees/HElib_large_p/src/recryption.cpp:1915]
  BasicAutomorphPrecon: 14.39 / 24 = 0.599585   [/home/luck/xzy/0424project/worktrees/HElib_large_p/src/matmul.cpp:69]
  BluesteinFFT: 274.534 / 74594 = 0.00368037   [/home/luck/xzy/0424project/worktrees/HElib_large_p/src/bluestein.cpp:141]
  Decrypt: 1.92857 / 3 = 0.642855   [/home/luck/xzy/0424project/worktrees/HElib_large_p/src/keys.cpp:1350]
  DoubleCRT: 171.805 / 1567 = 0.109639   [/home/luck/xzy/0424project/worktrees/HElib_large_p/src/DoubleCRT.cpp:718]
  FFT: 259.09 / 53184 = 0.00487157   [/home/luck/xzy/0424project/worktrees/HElib_large_p/src/CModulus.cpp:448]
  FFT: 259.123 / 2314 = 0.111981   [/home/luck/xzy/0424project/worktrees/HElib_large_p/src/DoubleCRT.cpp:70]
  FFT: 205.286 / 53184 = 0.00385992   [/home/luck/xzy/0424project/worktrees/HElib_large_p/src/CModulus.cpp:479]
  FFT_aux: 205.241 / 53184 = 0.00385908   [/home/luck/xzy/0424project/worktrees/HElib_large_p/src/CModulus.cpp:360]
  FFT_remainder: 53.7681 / 53184 = 0.00101098   [/home/luck/xzy/0424project/worktrees/HElib_large_p/src/CModulus.cpp:455]
  KS_loop: 54.8368 / 1776 = 0.0308766   [/home/luck/xzy/0424project/worktrees/HElib_large_p/src/Ctxt.cpp:219]
  KS_loop_1: 9.59665 / 1776 = 0.00540352   [/home/luck/xzy/0424project/worktrees/HElib_large_p/src/Ctxt.cpp:227]
  KS_loop_2: 5.64051 / 1776 = 0.00317596   [/home/luck/xzy/0424project/worktrees/HElib_large_p/src/Ctxt.cpp:231]
  KS_loop_3: 9.66813 / 1776 = 0.00544377   [/home/luck/xzy/0424project/worktrees/HElib_large_p/src/Ctxt.cpp:236]
  KS_loop_4: 3.48363 / 1776 = 0.0019615   [/home/luck/xzy/0424project/worktrees/HElib_large_p/src/Ctxt.cpp:240]
  NORM_VAL: 4.37196 / 744 = 0.00587629   [/home/luck/xzy/0424project/worktrees/HElib_large_p/src/DoubleCRT.cpp:541]
  addCtxt: 62.48 / 4989 = 0.0125236   [/home/luck/xzy/0424project/worktrees/HElib_large_p/src/Ctxt.cpp:1458]
  addPart: 12.6865 / 4407 = 0.00287872   [/home/luck/xzy/0424project/worktrees/HElib_large_p/src/Ctxt.cpp:905]
  addPrimes: 138.044 / 747 = 0.184798   [/home/luck/xzy/0424project/worktrees/HElib_large_p/src/DoubleCRT.cpp:625]
  addPrimes_5: 144.501 / 744 = 0.194222   [/home/luck/xzy/0424project/worktrees/HElib_large_p/src/DoubleCRT.cpp:518]
  automorph: 45.8553 / 453 = 0.101226   [/home/luck/xzy/0424project/worktrees/HElib_large_p/src/matmul.cpp:117]
  automorph: 0.407136 / 81 = 0.00502637   [/home/luck/xzy/0424project/worktrees/HElib_large_p/src/Ctxt.cpp:2489]
  breakIntoDigits: 145.408 / 270 = 0.538547   [/home/luck/xzy/0424project/worktrees/HElib_large_p/src/DoubleCRT.cpp:481]
  decode: 49.7463 / 3 = 16.5821   [/home/luck/xzy/0424project/worktrees/HElib_large_p/src/EncryptedArray.cpp:375]
  do_mul: 30.1558 / 6711 = 0.00449349   [/home/luck/xzy/0424project/worktrees/HElib_large_p/src/DoubleCRT.cpp:280]
  extractDigitsThin: 482.343 / 3 = 160.781   [/home/luck/xzy/0424project/worktrees/HElib_large_p/src/recryption.cpp:1558]
  iFFT: 124.831 / 21410 = 0.00583049   [/home/luck/xzy/0424project/worktrees/HElib_large_p/src/CModulus.cpp:488]
  iFFT_division: 41.6742 / 21410 = 0.00194648   [/home/luck/xzy/0424project/worktrees/HElib_large_p/src/CModulus.cpp:570]
  keySwitchPart: 155.41 / 249 = 0.624136   [/home/luck/xzy/0424project/worktrees/HElib_large_p/src/Ctxt.cpp:836]
  modDownToSet: 319.247 / 795 = 0.401568   [/home/luck/xzy/0424project/worktrees/HElib_large_p/src/Ctxt.cpp:409]
  mul_MatMul1DExec: 128.705 / 18 = 7.15028   [/home/luck/xzy/0424project/worktrees/HElib_large_p/src/matmul.cpp:975]
  multByConstant: 0.377381 / 3 = 0.125794   [/home/luck/xzy/0424project/worktrees/HElib_large_p/src/Ctxt.cpp:1910]
  multByConstant: 7.65094 / 1128 = 0.00678275   [/home/luck/xzy/0424project/worktrees/HElib_large_p/src/Ctxt.cpp:1884]
  multLowLvl: 205.934 / 225 = 0.915262   [/home/luck/xzy/0424project/worktrees/HElib_large_p/src/Ctxt.cpp:1733]
  multiplyBy: 185.941 / 96 = 1.93689   [/home/luck/xzy/0424project/worktrees/HElib_large_p/src/Ctxt.cpp:1809]
  privateAssign: 13.431 / 2685 = 0.00500223   [/home/luck/xzy/0424project/worktrees/HElib_large_p/src/Ctxt.cpp:329]
  randomize: 22.4642 / 1776 = 0.0126488   [/home/luck/xzy/0424project/worktrees/HElib_large_p/src/DoubleCRT.cpp:1318]
  randomize_stream: 12.6083 / 13037772 = 9.67056e-07   [/home/luck/xzy/0424project/worktrees/HElib_large_p/src/DoubleCRT.cpp:1348]
  reLinearize: 245.04 / 450 = 0.544533   [/home/luck/xzy/0424project/worktrees/HElib_large_p/src/Ctxt.cpp:736]
  smartAutomorph: 43.1601 / 81 = 0.532841   [/home/luck/xzy/0424project/worktrees/HElib_large_p/src/Ctxt.cpp:2514]
  thinReCrypt: 639.313 / 3 = 213.104   [/home/luck/xzy/0424project/worktrees/HElib_large_p/src/recryption.cpp:1833]
  toPoly: 173.471 / 2311 = 0.0750633   [/home/luck/xzy/0424project/worktrees/HElib_large_p/src/DoubleCRT.cpp:985]
  toPoly_CRT: 30.6826 / 2311 = 0.0132768   [/home/luck/xzy/0424project/worktrees/HElib_large_p/src/DoubleCRT.cpp:1052]
  toPoly_FFT: 140.679 / 2311 = 0.0608739   [/home/luck/xzy/0424project/worktrees/HElib_large_p/src/DoubleCRT.cpp:1030]
  rusage.ru_maxrss=10557140
||||| stats |||||
KS-noise-ratio ave=18.6804 max=1789.01
KS-noise-ratio-hoist ave=1.49627e+06 max=1.24677e+07
break-into-digits-ratio ave=0.323098 max=0.441118
excess-ctxtPrimes ave=5.43078 max=5.43078
excess-specialPrimes ave=2.48795 max=2.48795
mod-switch-added-noise ave=0.327663 max=0.398275
ptxt_rat_sk ave=0.00178985 max=0.00178985
ptxt_rat_sk ave=0.309897 max=0.309897
raw-mod-switch-noise ave=0.328912 max=0.343651
window1-nchoices ave=4.73333 max=7
window1-out ave=0 max=0
window2-nchoices ave=4.73333 max=9
window2-out ave=0 max=0
||||| stats |||||
KS-noise-ratio ave=18.6804 max=1789.01
KS-noise-ratio-hoist ave=1.49627e+06 max=1.24677e+07
break-into-digits-ratio ave=0.323098 max=0.441118
excess-ctxtPrimes ave=5.43078 max=5.43078
excess-specialPrimes ave=2.48795 max=2.48795
mod-switch-added-noise ave=0.327663 max=0.398275
ptxt_rat_sk ave=0.00178985 max=0.00178985
ptxt_rat_sk ave=0.309897 max=0.309897
raw-mod-switch-noise ave=0.328912 max=0.343651
window1-nchoices ave=4.73333 max=7
window1-out ave=0 max=0
window2-nchoices ave=4.73333 max=9
window2-out ave=0 max=0
