chosen idx = 4
encapHwt = 12
t for new bts is -1
new bts ? 1
new ks ? 1
thick bts ?0
repeat times = 1
force bsgs = 0
force hoist = 0
*** GTestFatboot: p=65537, r=1, bits=1500, t=0, c=3, m=50731 mvec=[97 523], gens=[48117 5239], ords=[96 29]
Computing key-independent tables...
t = -1
bound on I = 16.402088
log2(aux) = 5.129283
log2(beta) = 30.546816
log2(qks) >= 38.373355, final log2(qks) = 38.373361
log2(R) >= 28.191770, final log2(R) = 28.192822
INFO: total bits = 2017.44, security level = 78.8964deg of poly for non-power-of-p aux is 1223
security=78.8964
# small primes = 6
# ctxt primes = 26
# bits in ctxt primes = 1505
# special primes = 9
# bits in special primes = 512
scale=10
 done in 262.478 seconds
  e=0, e'=0, t=12
  m = 50731, p = 65537, phi(m) = 50112
  ord(p) = 18
  normBnd = 1.62099
  polyNormBnd = 5.6346
  factors = [97 523]
  generator 48117 has order (== Z_m^*) of 96
  generator 5239 has order (== Z_m^*) of 29
r = 1
nslots = 2784
hwt = 120
ctxtPrimes = [6,7,8,9,10,11,12,13,14,15,16,17,18,19,20,21,22,23,24,25,26,27,28,29,30,31]
specialPrimes = [36,37,38,39,40,41,42,43,44]
number of bits = 2018

security level = 78.8964
Generating keys, computing key-dependent tables...Sparse boot key hwt = 12
 done in 41.9295 seconds
WARNING: KS-noise-ratio = 1.02883 > 1
WARNING: KS-noise-ratio = 1203.64 > 1
time for linear1 = 4.516382, linear2 = 44.130624, extract = 158.004735, total = 208.968779
bits for linear1 = 55.711455, linear2 = 64.873851, extract = 354.318908, min cap = 7.826545, after cap = 1038.453940, after prod = 1457.646699
cap / time = 4.665366

### summary over 1 test
time for linear1 = 4.516382, linear2 = 44.130624, extract = 158.004735, total = 208.968779
bits for linear1 = 55.711455, linear2 = 64.873851, extract = 354.318908, min cap = 7.826545, after cap = 1038.453940, after prod = 1457.646699
cap / time = 4.665366


### bts finished, everything ok ###

  AAA_bootKeySwitch: 24.3602 / 1 = 24.3602   [/home/luck/xzy/0424project/github_order4_cleaner/src/HElib_auxradix_opt/src/recryption.cpp:1968]
  AAA_coeffToSlot: 21.6179 / 1 = 21.6179   [/home/luck/xzy/0424project/github_order4_cleaner/src/HElib_auxradix_opt/src/recryption.cpp:2396]
  AAA_embeddingLargest: 0.81859 / 304 = 0.00269273   [/home/luck/xzy/0424project/github_order4_cleaner/src/HElib_auxradix_opt/src/norms.cpp:250]
  AAA_embeddingLargest_x2: 0.606176 / 233 = 0.00260161   [/home/luck/xzy/0424project/github_order4_cleaner/src/HElib_auxradix_opt/src/norms.cpp:423]
  AAA_extractDigitsThin: 158.003 / 1 = 158.003   [/home/luck/xzy/0424project/github_order4_cleaner/src/HElib_auxradix_opt/src/recryption.cpp:2447]
  AAA_modDownEnbeddings: 0.712951 / 233 = 0.00305988   [/home/luck/xzy/0424project/github_order4_cleaner/src/HElib_auxradix_opt/src/Ctxt.cpp:506]
  AAA_slotToCoeff: 4.51634 / 1 = 4.51634   [/home/luck/xzy/0424project/github_order4_cleaner/src/HElib_auxradix_opt/src/recryption.cpp:1954]
  BasicAutomorphPrecon: 4.63507 / 8 = 0.579383   [/home/luck/xzy/0424project/github_order4_cleaner/src/HElib_auxradix_opt/src/matmul.cpp:90]
  BluesteinFFT: 88.4112 / 24853 = 0.00355737   [/home/luck/xzy/0424project/github_order4_cleaner/src/HElib_auxradix_opt/src/bluestein.cpp:141]
  Decrypt: 0.679807 / 1 = 0.679807   [/home/luck/xzy/0424project/github_order4_cleaner/src/HElib_auxradix_opt/src/keys.cpp:1362]
  DoubleCRT: 55.1046 / 521 = 0.105767   [/home/luck/xzy/0424project/github_order4_cleaner/src/HElib_auxradix_opt/src/DoubleCRT.cpp:718]
  FFT: 83.114 / 17700 = 0.0046957   [/home/luck/xzy/0424project/github_order4_cleaner/src/HElib_auxradix_opt/src/CModulus.cpp:448]
  FFT: 83.1241 / 770 = 0.107953   [/home/luck/xzy/0424project/github_order4_cleaner/src/HElib_auxradix_opt/src/DoubleCRT.cpp:70]
  FFT: 65.7022 / 17700 = 0.00371199   [/home/luck/xzy/0424project/github_order4_cleaner/src/HElib_auxradix_opt/src/CModulus.cpp:479]
  FFT_aux: 65.6905 / 17700 = 0.00371133   [/home/luck/xzy/0424project/github_order4_cleaner/src/HElib_auxradix_opt/src/CModulus.cpp:360]
  FFT_remainder: 17.4021 / 17700 = 0.000983168   [/home/luck/xzy/0424project/github_order4_cleaner/src/HElib_auxradix_opt/src/CModulus.cpp:455]
  KS_loop: 18.0522 / 592 = 0.0304937   [/home/luck/xzy/0424project/github_order4_cleaner/src/HElib_auxradix_opt/src/Ctxt.cpp:219]
  KS_loop_1: 3.10053 / 592 = 0.00523737   [/home/luck/xzy/0424project/github_order4_cleaner/src/HElib_auxradix_opt/src/Ctxt.cpp:227]
  KS_loop_2: 1.98127 / 592 = 0.00334675   [/home/luck/xzy/0424project/github_order4_cleaner/src/HElib_auxradix_opt/src/Ctxt.cpp:231]
  KS_loop_3: 3.14147 / 592 = 0.00530654   [/home/luck/xzy/0424project/github_order4_cleaner/src/HElib_auxradix_opt/src/Ctxt.cpp:236]
  KS_loop_4: 1.16691 / 592 = 0.00197114   [/home/luck/xzy/0424project/github_order4_cleaner/src/HElib_auxradix_opt/src/Ctxt.cpp:240]
  NORM_VAL: 1.4488 / 248 = 0.00584193   [/home/luck/xzy/0424project/github_order4_cleaner/src/HElib_auxradix_opt/src/DoubleCRT.cpp:541]
  addCtxt: 21.2044 / 1663 = 0.0127507   [/home/luck/xzy/0424project/github_order4_cleaner/src/HElib_auxradix_opt/src/Ctxt.cpp:1529]
  addPart: 4.42202 / 1469 = 0.00301022   [/home/luck/xzy/0424project/github_order4_cleaner/src/HElib_auxradix_opt/src/Ctxt.cpp:976]
  addPrimes: 44.4239 / 249 = 0.178409   [/home/luck/xzy/0424project/github_order4_cleaner/src/HElib_auxradix_opt/src/DoubleCRT.cpp:625]
  addPrimes_5: 46.565 / 248 = 0.187762   [/home/luck/xzy/0424project/github_order4_cleaner/src/HElib_auxradix_opt/src/DoubleCRT.cpp:518]
  automorph: 15.1307 / 151 = 0.100203   [/home/luck/xzy/0424project/github_order4_cleaner/src/HElib_auxradix_opt/src/matmul.cpp:148]
  automorph: 0.121251 / 27 = 0.00449078   [/home/luck/xzy/0424project/github_order4_cleaner/src/HElib_auxradix_opt/src/Ctxt.cpp:2560]
  breakIntoDigits: 46.8711 / 90 = 0.52079   [/home/luck/xzy/0424project/github_order4_cleaner/src/HElib_auxradix_opt/src/DoubleCRT.cpp:481]
  decode: 16.2248 / 1 = 16.2248   [/home/luck/xzy/0424project/github_order4_cleaner/src/HElib_auxradix_opt/src/EncryptedArray.cpp:375]
  do_mul: 9.86048 / 2237 = 0.0044079   [/home/luck/xzy/0424project/github_order4_cleaner/src/HElib_auxradix_opt/src/DoubleCRT.cpp:280]
  extractDigitsThin: 158.003 / 1 = 158.003   [/home/luck/xzy/0424project/github_order4_cleaner/src/HElib_auxradix_opt/src/recryption.cpp:1597]
  iFFT: 40.3835 / 7153 = 0.00564568   [/home/luck/xzy/0424project/github_order4_cleaner/src/HElib_auxradix_opt/src/CModulus.cpp:488]
  iFFT_division: 13.5158 / 7153 = 0.00188953   [/home/luck/xzy/0424project/github_order4_cleaner/src/HElib_auxradix_opt/src/CModulus.cpp:570]
  keySwitchPart: 50.3264 / 83 = 0.606342   [/home/luck/xzy/0424project/github_order4_cleaner/src/HElib_auxradix_opt/src/Ctxt.cpp:907]
  modDownToSet: 103.137 / 265 = 0.389195   [/home/luck/xzy/0424project/github_order4_cleaner/src/HElib_auxradix_opt/src/Ctxt.cpp:409]
  mul_MatMul1DExec: 42.1414 / 6 = 7.02356   [/home/luck/xzy/0424project/github_order4_cleaner/src/HElib_auxradix_opt/src/matmul.cpp:1155]
  multByConstant: 0.1191 / 1 = 0.1191   [/home/luck/xzy/0424project/github_order4_cleaner/src/HElib_auxradix_opt/src/Ctxt.cpp:1981]
  multByConstant: 2.57517 / 376 = 0.00684886   [/home/luck/xzy/0424project/github_order4_cleaner/src/HElib_auxradix_opt/src/Ctxt.cpp:1955]
  multLowLvl: 67.0978 / 75 = 0.894637   [/home/luck/xzy/0424project/github_order4_cleaner/src/HElib_auxradix_opt/src/Ctxt.cpp:1804]
  multiplyBy: 60.294 / 32 = 1.88419   [/home/luck/xzy/0424project/github_order4_cleaner/src/HElib_auxradix_opt/src/Ctxt.cpp:1880]
  privateAssign: 4.959 / 895 = 0.00554078   [/home/luck/xzy/0424project/github_order4_cleaner/src/HElib_auxradix_opt/src/Ctxt.cpp:329]
  randomize: 7.2242 / 592 = 0.012203   [/home/luck/xzy/0424project/github_order4_cleaner/src/HElib_auxradix_opt/src/DoubleCRT.cpp:1318]
  randomize_stream: 4.05317 / 4345827 = 9.32658e-07   [/home/luck/xzy/0424project/github_order4_cleaner/src/HElib_auxradix_opt/src/DoubleCRT.cpp:1348]
  reLinearize: 79.4654 / 150 = 0.529769   [/home/luck/xzy/0424project/github_order4_cleaner/src/HElib_auxradix_opt/src/Ctxt.cpp:736]
  smartAutomorph: 13.8671 / 27 = 0.513598   [/home/luck/xzy/0424project/github_order4_cleaner/src/HElib_auxradix_opt/src/Ctxt.cpp:2585]
  thinReCrypt: 208.972 / 1 = 208.972   [/home/luck/xzy/0424project/github_order4_cleaner/src/HElib_auxradix_opt/src/recryption.cpp:1872]
  toPoly: 56.3711 / 769 = 0.0733044   [/home/luck/xzy/0424project/github_order4_cleaner/src/HElib_auxradix_opt/src/DoubleCRT.cpp:985]
  toPoly_CRT: 9.8995 / 769 = 0.0128732   [/home/luck/xzy/0424project/github_order4_cleaner/src/HElib_auxradix_opt/src/DoubleCRT.cpp:1052]
  toPoly_FFT: 45.693 / 769 = 0.0594187   [/home/luck/xzy/0424project/github_order4_cleaner/src/HElib_auxradix_opt/src/DoubleCRT.cpp:1030]
  rusage.ru_maxrss=10554436
||||| stats |||||
KS-noise-ratio ave=14.5147 max=1203.64
KS-noise-ratio-hoist ave=1.72151e+06 max=1.3772e+07
break-into-digits-ratio ave=0.322691 max=0.409401
excess-ctxtPrimes ave=5.43078 max=5.43078
excess-specialPrimes ave=2.48795 max=2.48795
mod-switch-added-noise ave=0.327959 max=0.392591
ptxt_rat_sk ave=0.00161533 max=0.00161533
ptxt_rat_sk ave=0.304259 max=0.304259
raw-mod-switch-noise ave=0.32905 max=0.32905
window1-nchoices ave=4.6 max=7
window1-out ave=0 max=0
window2-nchoices ave=4.81429 max=8
window2-out ave=0 max=0
||||| stats |||||
KS-noise-ratio ave=14.5147 max=1203.64
KS-noise-ratio-hoist ave=1.72151e+06 max=1.3772e+07
break-into-digits-ratio ave=0.322691 max=0.409401
excess-ctxtPrimes ave=5.43078 max=5.43078
excess-specialPrimes ave=2.48795 max=2.48795
mod-switch-added-noise ave=0.327959 max=0.392591
ptxt_rat_sk ave=0.00161533 max=0.00161533
ptxt_rat_sk ave=0.304259 max=0.304259
raw-mod-switch-noise ave=0.32905 max=0.32905
window1-nchoices ave=4.6 max=7
window1-out ave=0 max=0
window2-nchoices ave=4.81429 max=8
window2-out ave=0 max=0
