chosen idx = 4
encapHwt = 12
t for new bts is -1
new bts ? 1
new ks ? 1
thick bts ?0
repeat times = 1
force bsgs = 0
force hoist = 0
*** GTestFatboot: p=65537, r=1, bits=1500, t=0, c=3, m=50731 mvec=[97 523], gens=[48117 5239], ords=[96 29]
Computing key-independent tables...using HELIB_EXPLICIT_AUX=256

t = -1
bound on I = 16.402088
log2(aux) = 8.000000
log2(beta) = 30.546816
log2(qks) >= 41.244072, final log2(qks) = 41.244073
log2(R) >= 29.148675, final log2(R) = 29.150462
INFO: total bits = 2017.44, security level = 78.8964deg of poly for non-power-of-p aux is 1223
security=78.8964
# small primes = 6
# ctxt primes = 26
# bits in ctxt primes = 1505
# special primes = 9
# bits in special primes = 512
scale=10
 done in 269.553 seconds
  e=0, e'=0, t=12
  m = 50731, p = 65537, phi(m) = 50112
  ord(p) = 18
  normBnd = 1.62099
  polyNormBnd = 5.6346
  factors = [97 523]
  generator 48117 has order (== Z_m^*) of 96
  generator 5239 has order (== Z_m^*) of 29
r = 1
nslots = 2784
hwt = 120
ctxtPrimes = [6,7,8,9,10,11,12,13,14,15,16,17,18,19,20,21,22,23,24,25,26,27,28,29,30,31]
specialPrimes = [36,37,38,39,40,41,42,43,44]
number of bits = 2018

security level = 78.8964
Generating keys, computing key-dependent tables...Sparse boot key hwt = 12
 done in 43.6415 seconds
WARNING: KS-noise-ratio = 1645.35 > 1
HELIB_AUX_ORDER4_EVAL enabled: deg(P)=1223, terms(P)=307, deg(Q)=305, terms(Q)=306
time for linear1 = 4.687146, linear2 = 24.488292, extract = 86.199524, total = 117.776768
bits for linear1 = 55.711455, linear2 = 62.150062, extract = 384.620773, min cap = 10.697257, after cap = 1007.904036, after prod = 1454.674870
cap / time = 7.993897

### summary over 1 test
time for linear1 = 4.687146, linear2 = 24.488292, extract = 86.199524, total = 117.776768
bits for linear1 = 55.711455, linear2 = 62.150062, extract = 384.620773, min cap = 10.697257, after cap = 1007.904036, after prod = 1454.674870
cap / time = 7.993897


### bts finished, everything ok ###

  AAA_bootKeySwitch: 1.90229 / 1 = 1.90229   [/home/user/order4-artifact/src/HElib_auxradix_opt/src/recryption.cpp:1968]
  AAA_coeffToSlot: 24.488 / 1 = 24.488   [/home/user/order4-artifact/src/HElib_auxradix_opt/src/recryption.cpp:2396]
  AAA_embeddingLargest: 0.615628 / 216 = 0.00285013   [/home/user/order4-artifact/src/HElib_auxradix_opt/src/norms.cpp:250]
  AAA_embeddingLargest_x2: 0.407162 / 144 = 0.00282751   [/home/user/order4-artifact/src/HElib_auxradix_opt/src/norms.cpp:423]
  AAA_extractDigitsThin: 86.1983 / 1 = 86.1983   [/home/user/order4-artifact/src/HElib_auxradix_opt/src/recryption.cpp:2447]
  AAA_modDownEnbeddings: 0.46967 / 144 = 0.0032616   [/home/user/order4-artifact/src/HElib_auxradix_opt/src/Ctxt.cpp:506]
  AAA_slotToCoeff: 4.68709 / 1 = 4.68709   [/home/user/order4-artifact/src/HElib_auxradix_opt/src/recryption.cpp:1954]
  BasicAutomorphPrecon: 4.88485 / 8 = 0.610607   [/home/user/order4-artifact/src/HElib_auxradix_opt/src/matmul.cpp:90]
  BluesteinFFT: 57.6501 / 15643 = 0.00368536   [/home/user/order4-artifact/src/HElib_auxradix_opt/src/bluestein.cpp:141]
  Decrypt: 0.668736 / 1 = 0.668736   [/home/user/order4-artifact/src/HElib_auxradix_opt/src/keys.cpp:1362]
  DoubleCRT: 33.2781 / 321 = 0.10367   [/home/user/order4-artifact/src/HElib_auxradix_opt/src/DoubleCRT.cpp:718]
  FFT: 42.872 / 11159 = 0.00384192   [/home/user/order4-artifact/src/HElib_auxradix_opt/src/CModulus.cpp:479]
  FFT: 54.0199 / 502 = 0.107609   [/home/user/order4-artifact/src/HElib_auxradix_opt/src/DoubleCRT.cpp:70]
  FFT: 54.0111 / 11159 = 0.00484014   [/home/user/order4-artifact/src/HElib_auxradix_opt/src/CModulus.cpp:448]
  FFT_aux: 42.862 / 11159 = 0.00384103   [/home/user/order4-artifact/src/HElib_auxradix_opt/src/CModulus.cpp:360]
  FFT_remainder: 11.132 / 11159 = 0.000997576   [/home/user/order4-artifact/src/HElib_auxradix_opt/src/CModulus.cpp:455]
  KS_loop: 17.3297 / 526 = 0.0329462   [/home/user/order4-artifact/src/HElib_auxradix_opt/src/Ctxt.cpp:219]
  KS_loop_1: 2.84497 / 526 = 0.00540869   [/home/user/order4-artifact/src/HElib_auxradix_opt/src/Ctxt.cpp:227]
  KS_loop_2: 2.18389 / 526 = 0.00415188   [/home/user/order4-artifact/src/HElib_auxradix_opt/src/Ctxt.cpp:231]
  KS_loop_3: 2.93412 / 526 = 0.00557818   [/home/user/order4-artifact/src/HElib_auxradix_opt/src/Ctxt.cpp:236]
  KS_loop_4: 1.22866 / 526 = 0.00233586   [/home/user/order4-artifact/src/HElib_auxradix_opt/src/Ctxt.cpp:240]
  NORM_VAL: 1.10699 / 182 = 0.00608234   [/home/user/order4-artifact/src/HElib_auxradix_opt/src/DoubleCRT.cpp:541]
  addConstant: 0.209868 / 22 = 0.00953945   [/home/user/order4-artifact/src/HElib_auxradix_opt/src/Ctxt.cpp:2268]
  addCtxt: 11.0152 / 746 = 0.0147657   [/home/user/order4-artifact/src/HElib_auxradix_opt/src/Ctxt.cpp:1529]
  addPart: 4.58671 / 1315 = 0.00348799   [/home/user/order4-artifact/src/HElib_auxradix_opt/src/Ctxt.cpp:976]
  addPrimes: 32.9559 / 183 = 0.180087   [/home/user/order4-artifact/src/HElib_auxradix_opt/src/DoubleCRT.cpp:625]
  addPrimes_5: 34.6145 / 182 = 0.19019   [/home/user/order4-artifact/src/HElib_auxradix_opt/src/DoubleCRT.cpp:518]
  automorph: 16.8509 / 151 = 0.111596   [/home/user/order4-artifact/src/HElib_auxradix_opt/src/matmul.cpp:148]
  automorph: 0.131174 / 27 = 0.0048583   [/home/user/order4-artifact/src/HElib_auxradix_opt/src/Ctxt.cpp:2560]
  breakIntoDigits: 34.8687 / 68 = 0.512775   [/home/user/order4-artifact/src/HElib_auxradix_opt/src/DoubleCRT.cpp:481]
  decode: 16.6391 / 1 = 16.6391   [/home/user/order4-artifact/src/HElib_auxradix_opt/src/EncryptedArray.cpp:375]
  do_mul: 9.18623 / 1973 = 0.00465597   [/home/user/order4-artifact/src/HElib_auxradix_opt/src/DoubleCRT.cpp:280]
  extractDigitsThin: 86.1983 / 1 = 86.1983   [/home/user/order4-artifact/src/HElib_auxradix_opt/src/recryption.cpp:1597]
  iFFT: 26.2588 / 4484 = 0.00585612   [/home/user/order4-artifact/src/HElib_auxradix_opt/src/CModulus.cpp:488]
  iFFT_division: 8.74484 / 4484 = 0.00195023   [/home/user/order4-artifact/src/HElib_auxradix_opt/src/CModulus.cpp:570]
  keySwitchPart: 36.239 / 61 = 0.594082   [/home/user/order4-artifact/src/HElib_auxradix_opt/src/Ctxt.cpp:907]
  modDownToSet: 62.6151 / 176 = 0.355768   [/home/user/order4-artifact/src/HElib_auxradix_opt/src/Ctxt.cpp:409]
  mul_MatMul1DExec: 44.9011 / 6 = 7.48352   [/home/user/order4-artifact/src/HElib_auxradix_opt/src/matmul.cpp:1155]
  multByConstant: 2.81095 / 376 = 0.00747594   [/home/user/order4-artifact/src/HElib_auxradix_opt/src/Ctxt.cpp:1955]
  multByConstant: 0.123161 / 1 = 0.123161   [/home/user/order4-artifact/src/HElib_auxradix_opt/src/Ctxt.cpp:1981]
  multLowLvl: 36.7853 / 42 = 0.87584   [/home/user/order4-artifact/src/HElib_auxradix_opt/src/Ctxt.cpp:1804]
  multiplyBy: 38.5902 / 21 = 1.83763   [/home/user/order4-artifact/src/HElib_auxradix_opt/src/Ctxt.cpp:1880]
  privateAssign: 3.07579 / 455 = 0.00675997   [/home/user/order4-artifact/src/HElib_auxradix_opt/src/Ctxt.cpp:329]
  randomize: 6.72414 / 526 = 0.0127835   [/home/user/order4-artifact/src/HElib_auxradix_opt/src/DoubleCRT.cpp:1318]
  randomize_stream: 3.70412 / 3858866 = 9.59898e-07   [/home/user/order4-artifact/src/HElib_auxradix_opt/src/DoubleCRT.cpp:1348]
  reLinearize: 52.4153 / 121 = 0.433185   [/home/user/order4-artifact/src/HElib_auxradix_opt/src/Ctxt.cpp:736]
  smartAutomorph: 14.5953 / 27 = 0.540565   [/home/user/order4-artifact/src/HElib_auxradix_opt/src/Ctxt.cpp:2585]
  thinReCrypt: 117.797 / 1 = 117.797   [/home/user/order4-artifact/src/HElib_auxradix_opt/src/recryption.cpp:1872]
  toPoly: 36.6249 / 503 = 0.072813   [/home/user/order4-artifact/src/HElib_auxradix_opt/src/DoubleCRT.cpp:985]
  toPoly_CRT: 6.43447 / 503 = 0.0127922   [/home/user/order4-artifact/src/HElib_auxradix_opt/src/DoubleCRT.cpp:1052]
  toPoly_FFT: 29.6362 / 503 = 0.0589189   [/home/user/order4-artifact/src/HElib_auxradix_opt/src/DoubleCRT.cpp:1030]
  rusage.ru_maxrss=10488432
||||| stats |||||
KS-noise-ratio ave=26.9896 max=1645.35
KS-noise-ratio-hoist ave=1.45384e+06 max=1.16308e+07
break-into-digits-ratio ave=0.321603 max=0.408079
excess-ctxtPrimes ave=5.43078 max=5.43078
excess-specialPrimes ave=2.48795 max=2.48795
mod-switch-added-noise ave=0.324312 max=0.375129
ptxt_rat_sk ave=0.00172891 max=0.00172891
ptxt_rat_sk ave=0.302806 max=0.302806
raw-mod-switch-noise ave=0.312681 max=0.312681
window1-nchoices ave=4.5 max=7
window1-out ave=0 max=0
window2-nchoices ave=4.66667 max=9
window2-out ave=0 max=0
||||| stats |||||
KS-noise-ratio ave=26.9896 max=1645.35
KS-noise-ratio-hoist ave=1.45384e+06 max=1.16308e+07
break-into-digits-ratio ave=0.321603 max=0.408079
excess-ctxtPrimes ave=5.43078 max=5.43078
excess-specialPrimes ave=2.48795 max=2.48795
mod-switch-added-noise ave=0.324312 max=0.375129
ptxt_rat_sk ave=0.00172891 max=0.00172891
ptxt_rat_sk ave=0.302806 max=0.302806
raw-mod-switch-noise ave=0.312681 max=0.312681
window1-nchoices ave=4.5 max=7
window1-out ave=0 max=0
window2-nchoices ave=4.66667 max=9
window2-out ave=0 max=0
