chosen idx = 4
encapHwt = 12
t for new bts is -1
new bts ? 1
new ks ? 1
thick bts ?0
repeat times = 3
force bsgs = 0
force hoist = 0
*** GTestFatboot: p=65537, r=1, bits=1500, t=0, c=3, m=50731 mvec=[97 523], gens=[48117 5239], ords=[96 29]
Computing key-independent tables...using HELIB_EXPLICIT_AUX=256

t = -1
bound on I = 16.402088
log2(aux) = 8.000000
log2(beta) = 30.546816
log2(qks) >= 41.244072, final log2(qks) = 41.244073
log2(R) >= 29.148675, final log2(R) = 29.150462
INFO: total bits = 2017.44, security level = 78.8964deg of poly for non-power-of-p aux is 1223
security=78.8964
# small primes = 6
# ctxt primes = 26
# bits in ctxt primes = 1505
# special primes = 9
# bits in special primes = 512
scale=10
 done in 274.677 seconds
  e=0, e'=0, t=12
  m = 50731, p = 65537, phi(m) = 50112
  ord(p) = 18
  normBnd = 1.62099
  polyNormBnd = 5.6346
  factors = [97 523]
  generator 48117 has order (== Z_m^*) of 96
  generator 5239 has order (== Z_m^*) of 29
r = 1
nslots = 2784
hwt = 120
ctxtPrimes = [6,7,8,9,10,11,12,13,14,15,16,17,18,19,20,21,22,23,24,25,26,27,28,29,30,31]
specialPrimes = [36,37,38,39,40,41,42,43,44]
number of bits = 2018

security level = 78.8964
Generating keys, computing key-dependent tables...Sparse boot key hwt = 12
 done in 42.6484 seconds
WARNING: KS-noise-ratio = 1.03687 > 1
WARNING: KS-noise-ratio = 1264.32 > 1
time for linear1 = 4.838945, linear2 = 23.549021, extract = 150.756878, total = 181.627795
bits for linear1 = 55.711455, linear2 = 62.340709, extract = 353.984336, min cap = 10.697257, after cap = 1038.548842, after prod = 1454.873887
cap / time = 5.352375
WARNING: KS-noise-ratio = 1.16627 > 1
WARNING: KS-noise-ratio = 1473.47 > 1
time for linear1 = 4.463065, linear2 = 24.080002, extract = 151.380038, total = 182.736806
bits for linear1 = 55.711455, linear2 = 62.164268, extract = 354.001565, min cap = 10.697257, after cap = 1038.474698, after prod = 1454.640531
cap / time = 5.319487
WARNING: KS-noise-ratio = 1.09451 > 1
WARNING: KS-noise-ratio = 1524.92 > 1
time for linear1 = 4.507626, linear2 = 24.090038, extract = 151.225943, total = 182.696872
bits for linear1 = 55.711455, linear2 = 62.348945, extract = 353.826390, min cap = 10.697257, after cap = 1038.532342, after prod = 1454.707676
cap / time = 5.320965

### summary over 3 test
time for linear1 = 4.603212, linear2 = 23.906354, extract = 151.120953, total = 182.353824
bits for linear1 = 55.711455, linear2 = 62.284641, extract = 353.937430, min cap = 10.697257, after cap = 1038.518627, after prod = 1454.740698
cap / time = 5.330900


### bts finished, everything ok ###

  AAA_bootKeySwitch: 5.83781 / 3 = 1.94594   [/home/user/experiments/upload/src/HElib_auxradix_opt/src/recryption.cpp:1954]
  AAA_coeffToSlot: 71.7182 / 3 = 23.9061   [/home/user/experiments/upload/src/HElib_auxradix_opt/src/recryption.cpp:2371]
  AAA_embeddingLargest: 2.44317 / 912 = 0.00267891   [/home/user/experiments/upload/src/HElib_auxradix_opt/src/norms.cpp:250]
  AAA_embeddingLargest_x2: 1.84281 / 701 = 0.00262883   [/home/user/experiments/upload/src/HElib_auxradix_opt/src/norms.cpp:423]
  AAA_extractDigitsThin: 453.357 / 3 = 151.119   [/home/user/experiments/upload/src/HElib_auxradix_opt/src/recryption.cpp:2422]
  AAA_modDownEnbeddings: 2.17054 / 701 = 0.00309635   [/home/user/experiments/upload/src/HElib_auxradix_opt/src/Ctxt.cpp:506]
  AAA_slotToCoeff: 13.8095 / 3 = 4.60316   [/home/user/experiments/upload/src/HElib_auxradix_opt/src/recryption.cpp:1940]
  BasicAutomorphPrecon: 14.8479 / 24 = 0.618662   [/home/user/experiments/upload/src/HElib_auxradix_opt/src/matmul.cpp:69]
  BluesteinFFT: 275.874 / 73857 = 0.00373525   [/home/user/experiments/upload/src/HElib_auxradix_opt/src/bluestein.cpp:141]
  Decrypt: 2.00271 / 3 = 0.66757   [/home/user/experiments/upload/src/HElib_auxradix_opt/src/keys.cpp:1350]
  DoubleCRT: 172.775 / 1567 = 0.110259   [/home/user/experiments/upload/src/HElib_auxradix_opt/src/DoubleCRT.cpp:718]
  FFT: 260.665 / 52658 = 0.00495015   [/home/user/experiments/upload/src/HElib_auxradix_opt/src/CModulus.cpp:448]
  FFT: 260.705 / 2314 = 0.112664   [/home/user/experiments/upload/src/HElib_auxradix_opt/src/DoubleCRT.cpp:70]
  FFT: 206.087 / 52658 = 0.00391368   [/home/user/experiments/upload/src/HElib_auxradix_opt/src/CModulus.cpp:479]
  FFT_aux: 206.042 / 52658 = 0.00391284   [/home/user/experiments/upload/src/HElib_auxradix_opt/src/CModulus.cpp:360]
  FFT_remainder: 54.5438 / 52658 = 0.00103581   [/home/user/experiments/upload/src/HElib_auxradix_opt/src/CModulus.cpp:455]
  KS_loop: 57.5827 / 1776 = 0.0324227   [/home/user/experiments/upload/src/HElib_auxradix_opt/src/Ctxt.cpp:219]
  KS_loop_1: 10.3102 / 1776 = 0.0058053   [/home/user/experiments/upload/src/HElib_auxradix_opt/src/Ctxt.cpp:227]
  KS_loop_2: 5.80025 / 1776 = 0.0032659   [/home/user/experiments/upload/src/HElib_auxradix_opt/src/Ctxt.cpp:231]
  KS_loop_3: 10.9559 / 1776 = 0.00616886   [/home/user/experiments/upload/src/HElib_auxradix_opt/src/Ctxt.cpp:236]
  KS_loop_4: 3.50318 / 1776 = 0.00197251   [/home/user/experiments/upload/src/HElib_auxradix_opt/src/Ctxt.cpp:240]
  NORM_VAL: 4.30929 / 744 = 0.00579206   [/home/user/experiments/upload/src/HElib_auxradix_opt/src/DoubleCRT.cpp:541]
  addCtxt: 34.3905 / 4989 = 0.00689326   [/home/user/experiments/upload/src/HElib_auxradix_opt/src/Ctxt.cpp:1458]
  addPart: 12.9424 / 4407 = 0.00293679   [/home/user/experiments/upload/src/HElib_auxradix_opt/src/Ctxt.cpp:905]
  addPrimes: 138.509 / 747 = 0.18542   [/home/user/experiments/upload/src/HElib_auxradix_opt/src/DoubleCRT.cpp:625]
  addPrimes_5: 144.85 / 744 = 0.194691   [/home/user/experiments/upload/src/HElib_auxradix_opt/src/DoubleCRT.cpp:518]
  automorph: 48.0151 / 453 = 0.105994   [/home/user/experiments/upload/src/HElib_auxradix_opt/src/matmul.cpp:117]
  automorph: 0.353195 / 81 = 0.00436043   [/home/user/experiments/upload/src/HElib_auxradix_opt/src/Ctxt.cpp:2489]
  breakIntoDigits: 145.802 / 270 = 0.540009   [/home/user/experiments/upload/src/HElib_auxradix_opt/src/DoubleCRT.cpp:481]
  decode: 50.1716 / 3 = 16.7239   [/home/user/experiments/upload/src/HElib_auxradix_opt/src/EncryptedArray.cpp:375]
  do_mul: 33.5171 / 6711 = 0.00499435   [/home/user/experiments/upload/src/HElib_auxradix_opt/src/DoubleCRT.cpp:280]
  extractDigitsThin: 453.357 / 3 = 151.119   [/home/user/experiments/upload/src/HElib_auxradix_opt/src/recryption.cpp:1583]
  iFFT: 125.469 / 21199 = 0.00591862   [/home/user/experiments/upload/src/HElib_auxradix_opt/src/CModulus.cpp:488]
  iFFT_division: 41.8936 / 21199 = 0.00197621   [/home/user/experiments/upload/src/HElib_auxradix_opt/src/CModulus.cpp:570]
  keySwitchPart: 156.257 / 249 = 0.627537   [/home/user/experiments/upload/src/HElib_auxradix_opt/src/Ctxt.cpp:836]
  modDownToSet: 319.58 / 795 = 0.401988   [/home/user/experiments/upload/src/HElib_auxradix_opt/src/Ctxt.cpp:409]
  mul_MatMul1DExec: 134.834 / 18 = 7.49076   [/home/user/experiments/upload/src/HElib_auxradix_opt/src/matmul.cpp:1109]
  multByConstant: 0.38212 / 3 = 0.127373   [/home/user/experiments/upload/src/HElib_auxradix_opt/src/Ctxt.cpp:1910]
  multByConstant: 8.7589 / 1128 = 0.00776498   [/home/user/experiments/upload/src/HElib_auxradix_opt/src/Ctxt.cpp:1884]
  multLowLvl: 207.059 / 225 = 0.920261   [/home/user/experiments/upload/src/HElib_auxradix_opt/src/Ctxt.cpp:1733]
  multiplyBy: 188.643 / 96 = 1.96503   [/home/user/experiments/upload/src/HElib_auxradix_opt/src/Ctxt.cpp:1809]
  privateAssign: 8.75151 / 1641 = 0.00533304   [/home/user/experiments/upload/src/HElib_auxradix_opt/src/Ctxt.cpp:329]
  randomize: 22.7467 / 1776 = 0.0128078   [/home/user/experiments/upload/src/HElib_auxradix_opt/src/DoubleCRT.cpp:1318]
  randomize_stream: 12.7215 / 13037049 = 9.75794e-07   [/home/user/experiments/upload/src/HElib_auxradix_opt/src/DoubleCRT.cpp:1348]
  reLinearize: 245.685 / 450 = 0.545967   [/home/user/experiments/upload/src/HElib_auxradix_opt/src/Ctxt.cpp:736]
  smartAutomorph: 44.8487 / 81 = 0.553687   [/home/user/experiments/upload/src/HElib_auxradix_opt/src/Ctxt.cpp:2514]
  thinReCrypt: 547.092 / 3 = 182.364   [/home/user/experiments/upload/src/HElib_auxradix_opt/src/recryption.cpp:1858]
  toPoly: 172.887 / 2311 = 0.0748104   [/home/user/experiments/upload/src/HElib_auxradix_opt/src/DoubleCRT.cpp:985]
  toPoly_CRT: 30.3329 / 2311 = 0.0131255   [/home/user/experiments/upload/src/HElib_auxradix_opt/src/DoubleCRT.cpp:1052]
  toPoly_FFT: 140.519 / 2311 = 0.0608043   [/home/user/experiments/upload/src/HElib_auxradix_opt/src/DoubleCRT.cpp:1030]
  rusage.ru_maxrss=10907748
||||| stats |||||
KS-noise-ratio ave=17.1332 max=1524.92
KS-noise-ratio-hoist ave=1.5369e+06 max=1.36544e+07
break-into-digits-ratio ave=0.322716 max=0.439978
excess-ctxtPrimes ave=5.43078 max=5.43078
excess-specialPrimes ave=2.48795 max=2.48795
mod-switch-added-noise ave=0.325395 max=0.407933
ptxt_rat_sk ave=0.00167698 max=0.00167698
ptxt_rat_sk ave=0.343911 max=0.343911
raw-mod-switch-noise ave=0.32787 max=0.336397
window1-nchoices ave=4.8 max=7
window1-out ave=0 max=0
window2-nchoices ave=4.21905 max=8
window2-out ave=0 max=0
||||| stats |||||
KS-noise-ratio ave=17.1332 max=1524.92
KS-noise-ratio-hoist ave=1.5369e+06 max=1.36544e+07
break-into-digits-ratio ave=0.322716 max=0.439978
excess-ctxtPrimes ave=5.43078 max=5.43078
excess-specialPrimes ave=2.48795 max=2.48795
mod-switch-added-noise ave=0.325395 max=0.407933
ptxt_rat_sk ave=0.00167698 max=0.00167698
ptxt_rat_sk ave=0.343911 max=0.343911
raw-mod-switch-noise ave=0.32787 max=0.336397
window1-nchoices ave=4.8 max=7
window1-out ave=0 max=0
window2-nchoices ave=4.21905 max=8
window2-out ave=0 max=0
