chosen idx = 4
encapHwt = 12
t for new bts is -1
new bts ? 1
new ks ? 1
thick bts ?0
repeat times = 1
force bsgs = 0
force hoist = 0
*** GTestFatboot: p=65537, r=1, bits=1500, t=0, c=3, m=50731 mvec=[97 523], gens=[48117 5239], ords=[96 29]
Computing key-independent tables...
t = -1
bound on I = 16.402088
log2(aux) = 5.129283
log2(beta) = 30.546816
log2(qks) >= 38.373355, final log2(qks) = 38.373361
log2(R) >= 28.191770, final log2(R) = 28.192822
INFO: total bits = 2017.44, security level = 78.8964deg of poly for non-power-of-p aux is 1223
security=78.8964
# small primes = 6
# ctxt primes = 26
# bits in ctxt primes = 1505
# special primes = 9
# bits in special primes = 512
scale=10
 done in 269.703 seconds
  e=0, e'=0, t=12
  m = 50731, p = 65537, phi(m) = 50112
  ord(p) = 18
  normBnd = 1.62099
  polyNormBnd = 5.6346
  factors = [97 523]
  generator 48117 has order (== Z_m^*) of 96
  generator 5239 has order (== Z_m^*) of 29
r = 1
nslots = 2784
hwt = 120
ctxtPrimes = [6,7,8,9,10,11,12,13,14,15,16,17,18,19,20,21,22,23,24,25,26,27,28,29,30,31]
specialPrimes = [36,37,38,39,40,41,42,43,44]
number of bits = 2018

security level = 78.8964
Generating keys, computing key-dependent tables...terminate called after throwing an instance of 'helib::LogicError'
  what():  rawModSwitch scaled noise exceeds bound: 126122271856373772767063402241312962036195961545424896.000000
