chosen idx = 4
encapHwt = 12
t for new bts is -1
new bts ? 1
new ks ? 1
thick bts ?0
repeat times = 3
force bsgs = 0
force hoist = 0
*** GTestFatboot: p=65537, r=1, bits=1500, t=0, c=3, m=50731 mvec=[97 523], gens=[48117 5239], ords=[96 29]
Computing key-independent tables...
t = -1
bound on I = 16.402088
log2(aux) = 5.129283
log2(beta) = 30.546816
log2(qks) >= 38.373355, final log2(qks) = 38.373361
log2(R) >= 28.191770, final log2(R) = 28.192822
INFO: total bits = 2017.44, security level = 78.8964deg of poly for non-power-of-p aux is 1223
security=78.8964
# small primes = 6
# ctxt primes = 26
# bits in ctxt primes = 1505
# special primes = 9
# bits in special primes = 512
scale=10
 done in 268.106 seconds
  e=0, e'=0, t=12
  m = 50731, p = 65537, phi(m) = 50112
  ord(p) = 18
  normBnd = 1.62099
  polyNormBnd = 5.6346
  factors = [97 523]
  generator 48117 has order (== Z_m^*) of 96
  generator 5239 has order (== Z_m^*) of 29
r = 1
nslots = 2784
hwt = 120
ctxtPrimes = [6,7,8,9,10,11,12,13,14,15,16,17,18,19,20,21,22,23,24,25,26,27,28,29,30,31]
specialPrimes = [36,37,38,39,40,41,42,43,44]
number of bits = 2018

security level = 78.8964
Generating keys, computing key-dependent tables...Sparse boot key hwt = 12
 done in 42.0971 seconds
WARNING: KS-noise-ratio = 1700.59 > 1
time for linear1 = 4.619005, linear2 = 45.272990, extract = 159.392654, total = 211.669944
bits for linear1 = 55.711455, linear2 = 64.811045, extract = 354.177324, min cap = 7.826545, after cap = 1038.608724, after prod = 1457.597093
cap / time = 4.606562
WARNING: KS-noise-ratio = 1.03467 > 1
WARNING: KS-noise-ratio = 1817.54 > 1
time for linear1 = 4.230076, linear2 = 44.472358, extract = 159.677393, total = 211.068239
bits for linear1 = 55.711455, linear2 = 64.961752, extract = 354.115848, min cap = 7.826545, after cap = 1038.503481, after prod = 1457.581081
cap / time = 4.619196
WARNING: KS-noise-ratio = 1616.55 > 1
time for linear1 = 4.238065, linear2 = 44.406662, extract = 160.521777, total = 211.878771
bits for linear1 = 55.711455, linear2 = 64.929963, extract = 354.077629, min cap = 7.826545, after cap = 1038.599649, after prod = 1457.607242
cap / time = 4.601979

### summary over 3 test
time for linear1 = 4.362382, linear2 = 44.717337, extract = 159.863941, total = 211.538985
bits for linear1 = 55.711455, linear2 = 64.900920, extract = 354.123600, min cap = 7.826545, after cap = 1038.570618, after prod = 1457.595139
cap / time = 4.609234


### bts finished, everything ok ###

  AAA_bootKeySwitch: 73.3277 / 3 = 24.4426   [/home/user/order4-artifact/src/HElib_auxradix_opt/src/recryption.cpp:1968]
  AAA_coeffToSlot: 66.3939 / 3 = 22.1313   [/home/user/order4-artifact/src/HElib_auxradix_opt/src/recryption.cpp:2396]
  AAA_embeddingLargest: 2.43562 / 912 = 0.00267064   [/home/user/order4-artifact/src/HElib_auxradix_opt/src/norms.cpp:250]
  AAA_embeddingLargest_x2: 1.84595 / 701 = 0.00263331   [/home/user/order4-artifact/src/HElib_auxradix_opt/src/norms.cpp:423]
  AAA_extractDigitsThin: 479.587 / 3 = 159.862   [/home/user/order4-artifact/src/HElib_auxradix_opt/src/recryption.cpp:2447]
  AAA_modDownEnbeddings: 2.17535 / 701 = 0.00310321   [/home/user/order4-artifact/src/HElib_auxradix_opt/src/Ctxt.cpp:506]
  AAA_slotToCoeff: 13.087 / 3 = 4.36234   [/home/user/order4-artifact/src/HElib_auxradix_opt/src/recryption.cpp:1954]
  BasicAutomorphPrecon: 14.1677 / 24 = 0.590321   [/home/user/order4-artifact/src/HElib_auxradix_opt/src/matmul.cpp:90]
  BluesteinFFT: 268.256 / 74729 = 0.00358972   [/home/user/order4-artifact/src/HElib_auxradix_opt/src/bluestein.cpp:141]
  Decrypt: 1.98897 / 3 = 0.66299   [/home/user/order4-artifact/src/HElib_auxradix_opt/src/keys.cpp:1362]
  DoubleCRT: 168.759 / 1567 = 0.107695   [/home/user/order4-artifact/src/HElib_auxradix_opt/src/DoubleCRT.cpp:718]
  FFT: 254.301 / 53212 = 0.00477902   [/home/user/order4-artifact/src/HElib_auxradix_opt/src/CModulus.cpp:448]
  FFT: 254.336 / 2314 = 0.109912   [/home/user/order4-artifact/src/HElib_auxradix_opt/src/DoubleCRT.cpp:70]
  FFT: 199.064 / 53212 = 0.00374096   [/home/user/order4-artifact/src/HElib_auxradix_opt/src/CModulus.cpp:479]
  FFT_aux: 199.022 / 53212 = 0.00374018   [/home/user/order4-artifact/src/HElib_auxradix_opt/src/CModulus.cpp:360]
  FFT_remainder: 55.2028 / 53212 = 0.00103741   [/home/user/order4-artifact/src/HElib_auxradix_opt/src/CModulus.cpp:455]
  KS_loop: 54.4762 / 1776 = 0.0306735   [/home/user/order4-artifact/src/HElib_auxradix_opt/src/Ctxt.cpp:219]
  KS_loop_1: 9.47997 / 1776 = 0.00533782   [/home/user/order4-artifact/src/HElib_auxradix_opt/src/Ctxt.cpp:227]
  KS_loop_2: 5.6515 / 1776 = 0.00318215   [/home/user/order4-artifact/src/HElib_auxradix_opt/src/Ctxt.cpp:231]
  KS_loop_3: 9.55753 / 1776 = 0.00538149   [/home/user/order4-artifact/src/HElib_auxradix_opt/src/Ctxt.cpp:236]
  KS_loop_4: 3.54225 / 1776 = 0.00199451   [/home/user/order4-artifact/src/HElib_auxradix_opt/src/Ctxt.cpp:240]
  NORM_VAL: 4.36821 / 744 = 0.00587125   [/home/user/order4-artifact/src/HElib_auxradix_opt/src/DoubleCRT.cpp:541]
  addCtxt: 64.3186 / 4989 = 0.0128921   [/home/user/order4-artifact/src/HElib_auxradix_opt/src/Ctxt.cpp:1529]
  addPart: 12.7953 / 4407 = 0.0029034   [/home/user/order4-artifact/src/HElib_auxradix_opt/src/Ctxt.cpp:976]
  addPrimes: 135.455 / 747 = 0.181332   [/home/user/order4-artifact/src/HElib_auxradix_opt/src/DoubleCRT.cpp:625]
  addPrimes_5: 141.921 / 744 = 0.190754   [/home/user/order4-artifact/src/HElib_auxradix_opt/src/DoubleCRT.cpp:518]
  automorph: 45.5448 / 453 = 0.10054   [/home/user/order4-artifact/src/HElib_auxradix_opt/src/matmul.cpp:148]
  automorph: 0.362874 / 81 = 0.00447993   [/home/user/order4-artifact/src/HElib_auxradix_opt/src/Ctxt.cpp:2560]
  breakIntoDigits: 142.844 / 270 = 0.529051   [/home/user/order4-artifact/src/HElib_auxradix_opt/src/DoubleCRT.cpp:481]
  decode: 48.9043 / 3 = 16.3014   [/home/user/order4-artifact/src/HElib_auxradix_opt/src/EncryptedArray.cpp:375]
  do_mul: 29.7176 / 6711 = 0.00442819   [/home/user/order4-artifact/src/HElib_auxradix_opt/src/DoubleCRT.cpp:280]
  extractDigitsThin: 479.587 / 3 = 159.862   [/home/user/order4-artifact/src/HElib_auxradix_opt/src/recryption.cpp:1597]
  iFFT: 122.955 / 21517 = 0.00571433   [/home/user/order4-artifact/src/HElib_auxradix_opt/src/CModulus.cpp:488]
  iFFT_division: 41.2603 / 21517 = 0.00191757   [/home/user/order4-artifact/src/HElib_auxradix_opt/src/CModulus.cpp:570]
  keySwitchPart: 152.976 / 249 = 0.61436   [/home/user/order4-artifact/src/HElib_auxradix_opt/src/Ctxt.cpp:907]
  modDownToSet: 315.123 / 795 = 0.396381   [/home/user/order4-artifact/src/HElib_auxradix_opt/src/Ctxt.cpp:409]
  mul_MatMul1DExec: 127.123 / 18 = 7.06238   [/home/user/order4-artifact/src/HElib_auxradix_opt/src/matmul.cpp:1155]
  multByConstant: 0.363178 / 3 = 0.121059   [/home/user/order4-artifact/src/HElib_auxradix_opt/src/Ctxt.cpp:1981]
  multByConstant: 7.51323 / 1128 = 0.00666067   [/home/user/order4-artifact/src/HElib_auxradix_opt/src/Ctxt.cpp:1955]
  multLowLvl: 204.053 / 225 = 0.906902   [/home/user/order4-artifact/src/HElib_auxradix_opt/src/Ctxt.cpp:1804]
  multiplyBy: 183.184 / 96 = 1.90817   [/home/user/order4-artifact/src/HElib_auxradix_opt/src/Ctxt.cpp:1880]
  privateAssign: 15.0913 / 2685 = 0.0056206   [/home/user/order4-artifact/src/HElib_auxradix_opt/src/Ctxt.cpp:329]
  randomize: 22.0308 / 1776 = 0.0124047   [/home/user/order4-artifact/src/HElib_auxradix_opt/src/DoubleCRT.cpp:1318]
  randomize_stream: 12.3709 / 13036014 = 9.48975e-07   [/home/user/order4-artifact/src/HElib_auxradix_opt/src/DoubleCRT.cpp:1348]
  reLinearize: 241.373 / 450 = 0.536385   [/home/user/order4-artifact/src/HElib_auxradix_opt/src/Ctxt.cpp:736]
  smartAutomorph: 42.3519 / 81 = 0.522862   [/home/user/order4-artifact/src/HElib_auxradix_opt/src/Ctxt.cpp:2585]
  thinReCrypt: 634.625 / 3 = 211.542   [/home/user/order4-artifact/src/HElib_auxradix_opt/src/recryption.cpp:1872]
  toPoly: 171.413 / 2311 = 0.0741728   [/home/user/order4-artifact/src/HElib_auxradix_opt/src/DoubleCRT.cpp:985]
  toPoly_CRT: 30.1269 / 2311 = 0.0130363   [/home/user/order4-artifact/src/HElib_auxradix_opt/src/DoubleCRT.cpp:1052]
  toPoly_FFT: 139.021 / 2311 = 0.060156   [/home/user/order4-artifact/src/HElib_auxradix_opt/src/DoubleCRT.cpp:1030]
  rusage.ru_maxrss=10554208
||||| stats |||||
KS-noise-ratio ave=20.6337 max=1817.54
KS-noise-ratio-hoist ave=1.58112e+06 max=1.30009e+07
break-into-digits-ratio ave=0.322449 max=0.418374
excess-ctxtPrimes ave=5.43078 max=5.43078
excess-specialPrimes ave=2.48795 max=2.48795
mod-switch-added-noise ave=0.32527 max=0.413732
ptxt_rat_sk ave=0.00177271 max=0.00177271
ptxt_rat_sk ave=0.29766 max=0.29766
raw-mod-switch-noise ave=0.322755 max=0.329302
window1-nchoices ave=4.8 max=7
window1-out ave=0 max=0
window2-nchoices ave=4.57619 max=9
window2-out ave=0 max=0
||||| stats |||||
KS-noise-ratio ave=20.6337 max=1817.54
KS-noise-ratio-hoist ave=1.58112e+06 max=1.30009e+07
break-into-digits-ratio ave=0.322449 max=0.418374
excess-ctxtPrimes ave=5.43078 max=5.43078
excess-specialPrimes ave=2.48795 max=2.48795
mod-switch-added-noise ave=0.32527 max=0.413732
ptxt_rat_sk ave=0.00177271 max=0.00177271
ptxt_rat_sk ave=0.29766 max=0.29766
raw-mod-switch-noise ave=0.322755 max=0.329302
window1-nchoices ave=4.8 max=7
window1-out ave=0 max=0
window2-nchoices ave=4.57619 max=9
window2-out ave=0 max=0
