p=257 context, plaintext modulus 257, N=32768, slot_rank d=256, slots n=128
encrypted constant test input x=86; noise budget 808 bits
PROBE square(86): coeff0=200 expect 200 ; nonzero-count=1
    [bsgs] deg=1 bs=2 gs=1 | powers done +431ms | giant done +441ms
PROBE bsgs[P(x)=x](86): coeff0=86 expect 86
    [bsgs] deg=3 bs=2 gs=2 | powers done +411ms | giant done +852ms
PROBE bsgs[x^3](86): coeff0=238 expect 238
PROBE x^4(86): coeff0=165 expect 165
    [bsgs] deg=55 bs=8 gs=7 | powers done +4932ms | giant done +7610ms
PROBE Q(x^4=165)(86): coeff0=29
    [bsgs] deg=223 bs=15 gs=15 | powers done +11489ms | giant done +17550ms
[b] P_A direct (BSGS, deg 223): 17550 ms, 41 key-switches, noise budget 164
    [bsgs] deg=55 bs=8 gs=7 | powers done +4954ms | giant done +7619ms
[c] factored Q path (y=x^4, Q deg 55): 9148 ms, 22 key-switches, noise budget 441
correctness (i): full-plaintext (c)==(b): YES
correctness (ii): x_bench=86 expected lambda=6 ; P_A(x)=6 factored(x)=6 -> digit semantics: YES
    [bsgs] deg=223 bs=15 gs=15 | powers done +10922ms | giant done +16841ms
    [bsgs] deg=55 bs=8 gs=7 | powers done +4846ms | giant done +7493ms
  support idx 0 (eta=-7,lam=-7,x=138): P_A=250 fac=250 exp=250 OK
    [bsgs] deg=223 bs=15 gs=15 | powers done +10887ms | giant done +16787ms
    [bsgs] deg=55 bs=8 gs=7 | powers done +4846ms | giant done +7511ms
  support idx 30 (eta=-5,lam=-7,x=170): P_A=250 fac=250 exp=250 OK
    [bsgs] deg=223 bs=15 gs=15 | powers done +10994ms | giant done +16903ms
    [bsgs] deg=55 bs=8 gs=7 | powers done +4824ms | giant done +7459ms
  support idx 60 (eta=-3,lam=-7,x=202): P_A=250 fac=250 exp=250 OK
    [bsgs] deg=223 bs=15 gs=15 | powers done +10838ms | giant done +16719ms
    [bsgs] deg=55 bs=8 gs=7 | powers done +4814ms | giant done +7446ms
  support idx 112 (eta=0,lam=0,x=0): P_A=0 fac=0 exp=0 OK
    [bsgs] deg=223 bs=15 gs=15 | powers done +10825ms | giant done +16712ms
    [bsgs] deg=55 bs=8 gs=7 | powers done +4822ms | giant done +7458ms
  support idx 150 (eta=3,lam=-7,x=41): P_A=250 fac=250 exp=250 OK
    [bsgs] deg=223 bs=15 gs=15 | powers done +10842ms | giant done +16727ms
    [bsgs] deg=55 bs=8 gs=7 | powers done +4820ms | giant done +7451ms
  support idx 200 (eta=6,lam=-2,x=94): P_A=255 fac=255 exp=255 OK
    [bsgs] deg=223 bs=15 gs=15 | powers done +10844ms | giant done +16727ms
    [bsgs] deg=55 bs=8 gs=7 | powers done +4813ms | giant done +7449ms
  support idx 224 (eta=7,lam=7,x=119): P_A=7 fac=7 exp=7 OK
extra sweep: 7/7 points correct
--- reference: [18] native norm-based digit extractor (e=2 semantics) ---
[a] their native f (norm-based, deg 257): 4693 ms, 17 key-switches, noise budget 528

========== SUMMARY (p=257) ==========
eval                         |   ms   |  KS | correct
[b] P_A direct   (deg 223)   | 17550  | 41  | ref
[c] factored Q   (deg 55)    | 9148  | 22  | YES
Q needs slot rank 112-ish (deg 55 -> rank >=56, i.e. 64) vs P_A deg 223 -> rank 256.
